输入账号密码……
进入BootLoader模式 - port open,current port info:[COM35 - 115200]
输入账号密码……
boot loader done
serial is: 3456789520131413
当前端口COM35的序列号是：3456789520131413
正在写入序列号……
输入账号密码……
进入BootLoader模式 - port open,current port info:[COM35 - 115200]
输入账号密码……
boot loader done
Start MODULE upgrade for serial : 3456789520131413
MODULE upgrade done sleep 60s to wait!!!
Get specific field
输入账号密码……
输入账号密码……
正在Get specific field : [b'\r\n(none) login: \r\n(none) login: root\r\nPassword:
[   19.201973] [UACTransfer] ST_UAC_SendFrame failed:Input/output error 5\r\n\x1b[1;33m[MI WRN ]: MI_AI_GetFrame[7284]: Dev2 Chn0 Buffer(s) is lost due to slow fetching!!!\r\n\x1b[0m\x1b[1;33m[MI WRN ]: MI_AI_GetFrame[7285]: Current buf index[159], recording buf index[5].\r\n\r\n\r\n\r\n\r\nroot\r\n\r\nlogin: can\'t chdir to home directory \'/home/root\'\r\nlogin[685]: root login on \'UNKNOWN\'\r\r\n-sh: can\'t access tty; job control turned off\r\n/ # \r\n/ # \r\n/ # \r\n/ # root\r\n-sh: root: not found\r\n/ # \r\n/ # bunengshuo\r\nreb-sh: bunengshuo: not found\r\no/ # \r\n/ # reboot-bootloader\r\n\r\n\rThe system is g[   23.193523] [Main] force stop app...\r\n[   23.193523] \r\noing down NOW!\r\n\rSent SIGTERM to all processes\r\nTerminated\r\n/ # \r\n/ # \rSent SIGKILL to all processes\r\n[   24.211079] [_MI_AI_IMPL_FreeTmpBuffer:3862] free tmp buffer.\r\n\rRequesting system reboot\r\n[   24.322372] collect channel0\'s resource\r\n[   24.326819] au8SetProId[0]:0x71\r\n[   24.329799] miu_number:0,start:0x25e7c000,end:0x25fe0000,flag:0\r\n[   24.335758] --------shutdown IPU----------\r\n[   24.443000] client [676] disconnected, module:ipu\r\n[   25.251856] reboot: Restarting system\r\n1\r\nIPL 43174a3\r\nD-b7\n\rMCP32_1866_4X 6L\r\n== miu settings for 6 layer board ==\r\nmiupll_400MHz\r\n256MB\n\rBIST0_0001-OK\n\rSW ReadDQS Training\r\nSW WriteDQS Training\r\nHS on\r\n[SDMMC] NO SD!\r\nLoad IPL_CUST from SPINAND\r\n\r\n BlSize 000061e0\r\nChecksum OK\n\rJMP+++ \r\nIPL_CUST 43174a3\r\n[SDMMC] NO SD!\r\n_IPLCustSNandOp\r\nLoad BL from SPINAND\r\n  decomp_size=0x000751fc\r\n\r\n\r\nU-Boot 2015.01 (Jan 10 2022 - 01:25:37)\r\n\r\nVersion: I6E#g271a270\r\nI2C:   ready\r\nDRAM:  \r\nWARNING: Caches not enabled\r\nSPINAND_I:  SPINAND: _MDrv_SPINAND_GET_INFO: Found SPINAND INFO \r\n(0xB) (0x15) (0x0) \r\r\nSPINAND: board_nand_init: CIS contains part info\r\n128 MiB\r\nMMC:   MStar SD/MMC: 0\r\n[OTP Control] operation = 2, command = 0, data = 12e\r\n\r\n serialnumber: 3456789520131413 \r\nIn:    serial\r\nOut:   serial\r\nErr:   serial\r\nNet:   Net Initialization Skipped\r\nNo ethernet found.\r\n<USB> config miu select [70] [ef] [ef] [ef].\r\n<USB>[UDC] PULL DOWN D+.\r\n<USB>[UDC] PULL UP D+.\r\nregistered gadget driver \'msb250x_udc\'\r\n<USB>[LINK] High speed device.\r\r\n<USB>[2][EN] bulk out with maxpacket/fifo(512/1024)\r\r\n<USB>[1][EN] bulk in with maxpacket/fifo(512/8192)\r\r\nStarting download of 29872 bytes\r\n\r\ndownloading of 29872 bytes finished\r\nStarting download of 29872 bytes\r\n\r\ndownloading of 29872 bytes finished\r\nStarting download of 44064768 bytes\r\n..........................................................................\r\n..........................................................................\r\n..........................................................................\r\n..........................................................................\r\n........................................\r\ndownloading of 44064768 bytes finished\r\n\r\nNAND erase.part: device 0 offset 0x3c0000, size 0x500000\r\n\rErasing at 0x3c0000 --   2% complete.\rErasing at 0x3e0000 --   5% complete.\rErasing at 0x400000 --   7% complete.\rErasing at 0x420000 --  10% complete.\rErasing at 0x440000 --  12% complete.\rErasing at 0x460000 --  15% complete.\rErasing at 0x480000 --  17% complete.\rErasing at 0x4a0000 --  20% complete.\rErasing at 0x4c0000 --  22% complete.\rErasing at 0x4e0000 --  25% complete.\rErasing at 0x500000 --  27% complete.\rErasing at 0x520000 --  30% complete.\rErasing at 0x540000 --  32% complete.\rErasing at 0x560000 --  35% complete.\rErasing at 0x580000 --  37% complete.\rErasing at 0x5a0000 --  40% complete.\rErasing at 0x5c0000 --  42% complete.\rErasing at 0x5e0000 --  45% complete.\rErasing at 0x600000 --  47% complete.\rErasing at 0x620000 --  50% complete.\rErasing at 0x640000 --  52% complete.\rErasing at 0x660000 --  55% complete.\rErasing at 0x680000 --  57% complete.\rErasing at 0x6a0000 --  60% complete.\rErasing at 0x6c0000 --  62% complete.\rErasing at 0x6e0000 --  65% complete.\rErasing at 0x700000 --  67% complete.\rErasing at 0x720000 --  70% complete.\rErasing at 0x740000 --  72% complete.\rErasing at 0x760000 --  75% complete.\rErasing at 0x780000 --  77% complete.\rErasing at 0x7a0000 --  80% complete.\rErasing at 0x7c0000 --  82% complete.\rErasing at 0x7e0000 --  85% complete.\rErasing at 0x800000 --  87% complete.\rErasing at 0x820000 --  90% complete.\rErasing at 0x840000 --  92% complete.\rErasing at 0x860000 --  95% complete.\rErasing at 0x880000 --  97% complete.\rErasing at 0x8a0000 -- 100% complete.\r\nTime:234681 us, speed:22340 KB/s\r\nOK\r\n\r\nNAND write: device 0 offset 0x3c0000, size 0x500000\r\nTime:1419117 us, speed:3694 KB/s\r\n 5242880 bytes written: OK\r\n\r\nNAND erase.part: device 0 offset 0x8c0000, size 0x500000\r\n\rErasing at 0x8c0000 --   2% complete.\rErasing at 0x8e0000 --   5% complete.\rErasing at 0x900000 --   7% complete.\rErasing at 0x920000 --  10% complete.\rErasing at 0x940000 --  12% complete.\rErasing at 0x960000 --  15% complete.\rErasing at 0x980000 --  17% complete.\rErasing at 0x9a0000 --  20% complete.\rErasing at 0x9c0000 --  22% complete.\rErasing at 0x9e0000 --  25% complete.\rErasing at 0xa00000 --  27% complete.\rErasing at 0xa20000 --  30% complete.\rErasing at 0xa40000 --  32% complete.\rErasing at 0xa60000 --  35% complete.\rErasing at 0xa80000 --  37% complete.\rErasing at 0xaa0000 --  40% complete.\rErasing at 0xac0000 --  42% complete.\rErasing at 0xae0000 --  45% complete.\rErasing at 0xb00000 --  47% complete.\rErasing at 0xb20000 --  50% complete.\rErasing at 0xb40000 --  52% complete.\rErasing at 0xb60000 --  55% complete.\rErasing at 0xb80000 --  57% complete.\rErasing at 0xba0000 --  60% complete.\rErasing at 0xbc0000 --  62% complete.\rErasing at 0xbe0000 --  65% complete.\rErasing at 0xc00000 --  67% complete.\rErasing at 0xc20000 --  70% complete.\rErasing at 0xc40000 --  72% complete.\rErasing at 0xc60000 --  75% complete.\rErasing at 0xc80000 --  77% complete.\rErasing at 0xca0000 --  80% complete.\rErasing at 0xcc0000 --  82% complete.\rErasing at 0xce0000 --  85% complete.\rErasing at 0xd00000 --  87% complete.\rErasing at 0xd20000 --  90% complete.\rErasing at 0xd40000 --  92% complete.\rErasing at 0xd60000 --  95% complete.\rErasing at 0xd80000 --  97% complete.\rErasing at 0xda0000 -- 100% complete.\r\nTime:234025 us, speed:22403 KB/s\r\nOK\r\n\r\nNAND write: device 0 offset 0x8c0000, size 0x500000\r\nTime:1418937 us, speed:3694 KB/s\r\n 5242880 bytes written: OK\r\n\r\nNAND erase.part: device 0 offset 0xdc0000, size 0x600000\r\n\rErasing at 0xdc0000 --   2% complete.\rErasing at 0xde0000 --   4% complete.\rErasing at 0xe00000 --   6% complete.\rErasing at 0xe20000 --   8% complete.\rErasing at 0xe40000 --  10% complete.\rErasing at 0xe60000 --  12% complete.\rErasing at 0xe80000 --  14% complete.\rErasing at 0xea0000 --  16% complete.\rErasing at 0xec0000 --  18% complete.\rErasing at 0xee0000 --  20% complete.\rErasing at 0xf00000 --  22% complete.\rErasing at 0xf20000 --  25% complete.\rErasing at 0xf40000 --  27% complete.\rErasing at 0xf60000 --  29% complete.\rErasing at 0xf80000 --  31% complete.\rErasing at 0xfa0000 --  33% complete.\rErasing at 0xfc0000 --  35% complete.\rErasing at 0xfe0000 --  37% complete.\rErasing at 0x1000000 --  39% complete.\rErasing at 0x1020000 --  41% complete.\rErasing at 0x1040000 --  43% complete.\rErasing at 0x1060000 --  45% complete.\rErasing at 0x1080000 --  47% complete.\rErasing at 0x10a0000 --  50% complete.\rErasing at 0x10c0000 --  52% complete.\rErasing at 0x10e0000 --  54% complete.\rErasing at 0x1100000 --  56% complete.\rErasing at 0x1120000 --  58% complete.\rErasing at 0x1140000 --  60% complete.\rErasing at 0x1160000 --  62% complete.\rErasing at 0x1180000 --  64% complete.\rErasing at 0x11a0000 --  66% complete.\rErasing at 0x11c0000 --  68% complete.\rErasing at 0x11e0000 --  70% complete.\rErasing at 0x1200000 --  72% complete.\rErasing at 0x1220000 --  75% complete.\rErasing at 0x1240000 --  77% complete.\rErasing at 0x1260000 --  79% complete.\rErasing at 0x1280000 --  81% complete.\rErasing at 0x12a0000 --  83% complete.\rErasing at 0x12c0000 --  85% complete.\rErasing at 0x12e0000 --  87% complete.\rErasing at 0x1300000 --  89% complete.\rErasing at 0x1320000 --  91% complete.\rErasing at 0x1340000 --  93% complete.\rErasing at 0x1360000 --  95% complete.\rErasing at 0x1380000 --  97% complete.\rErasing at 0x13a0000 -- 100% complete.\r\nTime:293839 us, speed:21411 KB/s\r\nOK\r\n\r\nNAND write: device 0 offset 0xdc0000, size 0x600000\r\nTime:1775362 us, speed:3543 KB/s\r\n 6291456 bytes written: OK\r\n\r\nNAND erase.part: device 0 offset 0x1420000, size 0x6be0000\r\n\rErasing at 0x1420000 --   0% complete.\rErasing at 0x1520000 --   1% complete.\rErasing at 0x1640000 --   2% complete.\rErasing at 0x1740000 --   3% complete.\rErasing at 0x1860000 --   4% complete.\rErasing at 0x1980000 --   5% complete.\rErasing at 0x1a80000 --   6% complete.\rErasing at 0x1ba0000 --   7% complete.\rErasing at 0x1cc0000 --   8% complete.\rErasing at 0x1dc0000 --   9% complete.\rSkipping bad block at  0x01ea0000                                          \r\n\rErasing at 0x1ee0000 --  10% complete.\rErasing at 0x1fe0000 --  11% complete.\rErasing at 0x2100000 --  12% complete.\rErasing at 0x2220000 --  13% complete.\rErasing at 0x2320000 --  14% complete.\rErasing at 0x2440000 --  15% complete.\rErasing at 0x2560000 --  16% complete.\rErasing at 0x2660000 --  17% complete.\rErasing at 0x2780000 --  18% complete.\rErasing at 0x2880000 --  19% complete.\rErasing at 0x29a0000 --  20% complete.\rErasing at 0x2ac0000 --  21% complete.\rErasing at 0x2bc0000 --  22% complete.\rErasing at 0x2ce0000 --  23% complete.\rErasing at 0x2e00000 --  24% complete.\rErasing at 0x2f00000 --  25% complete.\rErasing at 0x3020000 --  26% complete.\rErasing at 0x3140000 --  27% complete.\rErasing at 0x3240000 --  28% complete.\rErasing at 0x3360000 --  29% complete.\rErasing at 0x3460000 --  30% complete.\rErasing at 0x3580000 --  31% complete.\rErasing at 0x36a0000 --  32% complete.\rSkipping bad block at  0x03700000                                          \r\n\rErasing at 0x37a0000 --  33% complete.\rErasing at 0x38c0000 --  34% complete.\rErasing at 0x39e0000 --  35% complete.\rErasing at 0x3ae0000 --  36% complete.\rErasing at 0x3c00000 --  37% complete.\rErasing at 0x3d00000 --  38% complete.\rErasing at 0x3e20000 --  39% complete.\rErasing at 0x3f40000 --  40% complete.\rErasing at 0x4040000 --  41% complete.\rErasing at 0x4160000 --  42% complete.\rErasing at 0x4280000 --  43% complete.\rErasing at 0x4380000 --  44% complete.\rErasing at 0x44a0000 --  45% complete.\rErasing at 0x45a0000 --  46% complete.\rErasing at 0x46c0000 --  47% complete.\rErasing at 0x47e0000 --  48% complete.\rErasing at 0x48e0000 --  49% complete.\rErasing at 0x4a00000 --  50% complete.\rErasing at 0x4b20000 --  51% complete.\rErasing at 0x4c20000 --  52% complete.\rErasing at 0x4d40000 --  53% complete.\rErasing at 0x4e60000 --  54% complete.\rSkipping bad block at  0x04f60000                                          \r\n\rErasing at 0x4f80000 --  55% complete.\rErasing at 0x5080000 --  56% complete.\rErasing at 0x5180000 --  57% complete.\rErasing at 0x52a0000 --  58% complete.\rErasing at 0x53c0000 --  59% complete.\rErasing at 0x54c0000 --  60% complete.\rErasing at 0x55e0000 --  61% complete.\rErasing at 0x5700000 --  62% complete.\rErasing at 0x5800000 --  63% complete.\rErasing at 0x5920000 --  64% complete.\rErasing at 0x5a20000 --  65% complete.\rErasing at 0x5b40000 --  66% complete.\rErasing at 0x5c60000 --  67% complete.\rErasing at 0x5d60000 --  68% complete.\rErasing at 0x5e80000 --  69% complete.\rErasing at 0x5fa0000 --  70% complete.\rErasing at 0x60a0000 --  71% complete.\rErasing at 0x61c0000 --  72% complete.\rErasing at 0x62c0000 --  73% complete.\rErasing at 0x63e0000 --  74% complete.\rErasing at 0x6500000 --  75% complete.\rErasing at 0x6600000 --  76% complete.\rErasing at 0x6720000 --  77% complete.\rSkipping bad block at  0x067c0000                                          \r\n\rErasing at 0x6840000 --  78% complete.\rErasing at 0x6940000 --  79% complete.\rErasing at 0x6a60000 --  80% complete.\rErasing at 0x6b80000 --  81% complete.\rErasing at 0x6c80000 --  82% complete.\rErasing at 0x6da0000 --  83% complete.\rErasing at 0x6ea0000 --  84% complete.\rErasing at 0x6fc0000 --  85% complete.\rErasing at 0x70e0000 --  86% complete.\rErasing at 0x71e0000 --  87% complete.\rErasing at 0x7300000 --  88% complete.\rErasing at 0x7420000 --  89% complete.\rErasing at 0x7520000 --  90% complete.\rErasing at 0x7640000 --  91% complete.\rErasing at 0x7740000 --  92% complete.\rErasing at 0x7860000 --  93% complete.\rErasing at 0x7980000 --  94% complete.\rErasing at 0x7a80000 --  95% complete.\rErasing at 0x7ba0000 --  96% complete.\rErasing at 0x7cc0000 --  97% complete.\rErasing at 0x7dc0000 --  98% complete.\rErasing at 0x7ee0000 --  99% complete.\rErasing at 0x7fe0000 -- 100% complete.\r\nTime:3946192 us, speed:28664 KB/s\r\nOK\r\n\r\nNAND write: device 0 offset 0x1420000, size 0x3c00000\r\nSkip bad block 0x01ea0000\r\nSkip bad block 0x03700000\r\nSkip bad block 0x04f60000\r\nTime:20811811 us, speed:3023 KB/s\r\n 62914560 bytes written: OK\r\nSaving Environment to NAND...\r\nErasing NAND...\r\n\rErasing at 0x380000 --  50% complete.\rErasing at 0x3a0000 -- 100% complete.\r\nWriting to NAND... OK\r\nresetting ...\r\n\r\nIPL 43174a3\r\nD-b7\n\rMCP32_1866_4X 6L\r\n== miu settings for 6 layer board ==\r\nmiupll_400MHz\r\n256MB\n\rBIST0_0001-OK\n\rSW ReadDQS Training\r\nSW WriteDQS Training\r\nHS on\r\n[SDMMC] NO SD!\r\nLoad IPL_CUST from SPINAND\r\n\r\n BlSize 000061e0\r\nChecksum OK\n\rJMP+++ \r\nIPL_CUST 43174a3\r\n[SDMMC] NO SD!\r\n_IPLCustSNandOp\r\nLoad BL from SPINAND\r\n  decomp_size=0x000751fc\r\n\r\n\r\nU-Boot 2015.01 (Jan 10 2022 - 01:25:37)\r\n\r\nVersion: I6E#g271a270\r\nI2C:   ready\r\nDRAM:  \r\nWARNING: Caches not enabled\r\nSPINAND_I:  SPINAND: _MDrv_SPINAND_GET_INFO: Found SPINAND INFO \r\n(0xB) (0x15) (0x0) \r\r\nSPINAND: board_nand_init: CIS contains part info\r\n128 MiB\r\nMMC:   MStar SD/MMC: 0\r\n[OTP Control] operation = 2, command = 0, data = 12e\r\n\r\n serialnumber: 3456789520131413 \r\nIn:    serial\r\nOut:   serial\r\nErr:   serial\r\nNet:   Net Initialization Skipped\r\nNo ethernet found.\r\n\r\nNAND read: device 0 offset 0x3c0000, size 0x500000\r\nTime:899443 us, speed:5829 KB/s\r\n 5242880 bytes read: OK\r\n##  Booting kernel from Legacy Image at 22000000 ...\r\n   Image Name:   MVX4##I6E#g15e9f38KL_LX409##[BR:\r\n   Image Type:   ARM Linux Kernel Image (lzma compressed)\r\n   Data Size:    1861596 Bytes = 1.8 MiB\r\n   Load Address: 20008000\r\n   Entry Point:  20008000\r\n   Verifying Checksum ... OK\r\n   Uncompressing Kernel Image ... \r\n[XZ] !!!reserved 0x21000000 length=0x 1000000 for xz!!\r\n   XZ: uncompressed size=0x3bd000, ret=7\r\nOK\r\natags:0x20000000\r\n\r\nStarting kernel ...\r\n\r\n[    0.000000] Booting Linux on physical CPU 0x0\r\n[    0.000000] Linux version 4.9.84 (@2f2350944aef) (gcc version 9.1.0 (GCC) ) #2 SMP PREEMPT Mon Feb 28 15:59:12 CST 2022\r\n[    0.000000] CPU: ARMv7 Processor [410fc075] revision 5 (ARMv7), cr=50c5387d\r\n[    0.000000] CPU: div instructions available: patching division code\r\n[    0.000000] CPU: PIPT / VIPT nonaliasing data cache, VIPT aliasing instruction cache\r\n[    0.000000] early_atags_to_fdt() success\r\n[    0.000000] OF: fdt:Machine model: INFINITY6E SSC013A-S01A\r\n[    0.000000] LXmem is 0xffe0000 PHYS_OFFSET is 0x20000000\r\n[    0.000000] Add mem start 0x20000000 size 0xffe0000!!!!\r\n[    0.000000] \r\n[    0.000000] LX_MEM  = 0x20000000, 0xffe0000\r\n[    0.000000] LX_MEM2 = 0x0, 0x0\r\n[    0.000000] LX_MEM3 = 0x0, 0x0\r\n[    0.000000] EMAC_LEN= 0x0\r\n[    0.000000] DRAM_LEN= 0x0\r\n[    0.000000] deal_with_reserve_mma_heap memblock_reserve success mma_config[0].reserved_start=\r\n[    0.000000] 0x25fe0000\r\n[    0.000000] \r\n[    0.000000] deal_with_reserve_mma_heap memblock_reserve success mma_config[1].reserved_start=\r\n[    0.000000] 0x25e7c000\r\n[    0.000000] \r\n[    0.000000] cma: Reserved 2 MiB at 0x25c00000\r\n[    0.000000] Memory policy: Data cache writealloc\r\n[    0.000000] [infinity6e_smp_init_cpus]\r\n[    0.000000] percpu: Embedded 13 pages/cpu @c5e37000 s21208 r8192 d23848 u53248\r\n[    0.000000] Built 1 zonelists in Zone order, mobility grouping on.  Total pages: 64992\r\n[    0.000000] Kernel command line: ubi.mtd=UBI,2048 root=/dev/mtdblock8 rootfstype=squashfs ro init=/linuxrc LX_MEM=0xffe0000 mma_heap=mma_heap_name0,miu=0,sz=0xA000000 mma_heap=mma_heap_ipu,miu=0,sz=0x164000 cma=2M mtdparts=nand0:768k@1280k(IPL0),384k(IPL_CUST0),384k(IPL_CUST1),384k(UBOOT0),384k(UBOOT1),256k(ENV0),0x500000(KERNEL),0x500000(RECOVERY),0x600000(rootfs),0x60000(MISC),-(UBI)\r\n[    0.000000] PID hash table entries: 1024 (order: 0, 4096 bytes)\r\n[    0.000000] Dentry cache hash table entries: 32768 (order: 5, 131072 bytes)\r\n[    0.000000] Inode-cache hash table entries: 16384 (order: 4, 65536 bytes)\r\n[    0.000000] Memory: 88196K/262016K available (2191K kernel code, 183K rwdata, 1160K rodata, 156K init, 149K bss, 171772K reserved, 2048K cma-reserved)\r\n[    0.000000] Virtual kernel memory layout:\r\n[    0.000000]     vector  : 0xffff0000 - 0xffff1000   (   4 kB)\r\n[    0.000000]     fixmap  : 0xffc00000 - 0xfff00000   (3072 kB)\r\n[    0.000000]     vmalloc : 0xd0000000 - 0xff800000   ( 760 MB)\r\n[    0.000000]     lowmem  : 0xc0000000 - 0xcffe0000   ( 255 MB)\r\n[    0.000000]     modules : 0xbf800000 - 0xc0000000   (   8 MB)\r\n[    0.000000]       .text : 0xc0008000 - 0xc022c060   (2193 kB)\r\n[    0.000000]       .init : 0xc036f000 - 0xc0396000   ( 156 kB)\r\n[    0.000000]       .data : 0xc0396000 - 0xc03c3cc8   ( 184 kB)\r\n[    0.000000]        .bss : 0xc03c5000 - 0xc03ea5b8   ( 150 kB)\r\n[    0.000000] SLUB: HWalign=64, Order=0-3, MinObjects=0, CPUs=2, Nodes=1\r\n[    0.000000] Preemptible hierarchical RCU implementation.\r\n[    0.000000] \tBuild-time adjustment of leaf fanout to 32.\r\n[    0.000000] \tRCU restricting CPUs from NR_CPUS=4 to nr_cpu_ids=2.\r\n[    0.000000] RCU: Adjusting geometry for rcu_fanout_leaf=32, nr_cpu_ids=2\r\n[    0.000000] NR_IRQS:16 nr_irqs:16 16\r\n[    0.000000] ms_init_main_intc: np->name=ms_main_intc, parent=gic\r\n[    0.000000] ms_init_pm_intc: np->name=ms_pm_intc, parent=ms_main_intc\r\n[    0.000000] ss_init_gpi_intc: np->name=ms_gpi_intc, parent=ms_main_intc\r\n[    0.000000] Find CLK_ven_pll, hook ms_venpll_ops\r\n[    0.000000] Find CLK_cpupll_clk, hook ms_cpuclk_ops\r\n[    0.000000] arm_arch_timer: Architected cp15 timer(s) running at 6.00MHz (virt).\r\n[    0.000000] clocksource: arch_sys_counter: mask: 0xffffffffffffff max_cycles: 0x1623fa770, max_idle_ns: 440795202238 ns\r\n[    0.000006] sched_clock: 56 bits at 6MHz, resolution 166ns, wraps every 4398046511055ns\r\n[    0.000021] Switching to timer-based delay loop, resolution 166ns\r\n[    0.343274] console [ttyS0] enabled\r\n[    0.346756] Calibrating delay loop (skipped), value calculated using timer frequency.. 12.00 BogoMIPS (lpj=60000)\r\n[    0.357017] pid_max: default: 4096 minimum: 301\r\n[    0.361639] Mount-cache hash table entries: 1024 (order: 0, 4096 bytes)\r\n[    0.368172] Mountpoint-cache hash table entries: 1024 (order: 0, 4096 bytes)\r\n[    0.375875] CPU: Testing write buffer coherency: ok\r\n[    0.380830] CPU0: update cpu_capacity 1024\r\n[    0.384769] CPU0: thread -1, cpu 0, socket 0, mpidr 80000000\r\n[    0.390619] Setting up static identity map for 0x20008240 - 0x20008270\r\n[    0.590789] [infinity6e_boot_secondary]\r\n[    0.594533] CPU1: update cpu_capacity 1024\r\n[    0.594540] CPU1: thread -1, cpu 1, socket 0, mpidr 80000001\r\n[    0.594630] Brought up 2 CPUs\r\n[    0.607176] SMP: Total of 2 processors activated (24.00 BogoMIPS).\r\n[    0.613352] CPU: All CPU(s) started in SVC mode.\r\n[    0.618686] devtmpfs: initialized\r\n[    0.639781] VFP support v0.3: implementor 41 architecture 2 part 30 variant 7 rev 5\r\n[    0.647721] clocksource: jiffies: mask: 0xffffffff max_cycles: 0xffffffff, max_idle_ns: 19112604462750000 ns\r\n[    0.657466] futex hash table entries: 16 (order: -2, 1024 bytes)\r\n[    0.664246] NET: Registered protocol family 16\r\n[    0.669211] DMA: preallocated 256 KiB pool for atomic coherent allocations\r\n[    0.678074] \r\n[    0.678074] \r\n[    0.678074] Version : MVX4##I6E#g15e9f38KL_LX409##[BR:HEAD]#XVM\r\n[    0.678074] \r\n[    0.705304] GPIO: probe end[    0.710830] [Padmux]reset PAD46(reg 0x103c00:60; mask0x180) t0 FUART_MODE_1 (org: EJ_MODE_1)\r\n[    0.719231] [Padmux]reset PAD56(reg 0x103c00:2c; mask0x8) t0 SD1_MODE_1 (org: GPIO)\r\n[    0.727322] hw-breakpoint: found 5 (+1 reserved) breakpoint and 4 watchpoint registers.\r\n[    0.735209] hw-breakpoint: maximum watchpoint size is 8 bytes.\r\n[    0.796183] Linux video capture interface: v2.00\r\n[    0.804509] Advanced Linux Sound Architecture Driver Initialized.\r\n[    0.811887] clocksource: Switched to clocksource arch_sys_counter\r\n[    0.820163] NET: Registered protocol family 2\r\n[    0.825158] TCP established hash table entries: 2048 (order: 1, 8192 bytes)\r\n[    0.832068] TCP bind hash table entries: 2048 (order: 3, 40960 bytes)\r\n[    0.838461] TCP: Hash tables configured (established 2048 bind 2048)\r\n[    0.844856] UDP hash table entries: 128 (order: 0, 6144 bytes)\r\n[    0.850605] UDP-Lite hash table entries: 128 (order: 0, 6144 bytes)\r\n[    0.857053] NET: Registered protocol family 1\r\n[    0.861605] hw perfevents: enabled with armv7_cortex_a7 PMU driver, 5 counters available\r\n[    0.872593] workingset: timestamp_bits=30 max_order=15 bucket_order=0\r\n[    0.889511] squashfs: version 4.0 (2009/01/31) Phillip Lougher\r\n[    0.895231] jffs2: version 2.2. \xc2\xa9 2001-2006 Red Hat, Inc.\r\n[    0.904997] io scheduler noop registered\r\n[    0.908763] io scheduler deadline registered (default)\r\n[    0.914187] Infinity6e PHY probe, base:fd2a4600\r\n[    0.929493] loop: module loaded\r\n[    0.933839] libphy: Fixed MDIO Bus: probed\r\n[    0.938033] i2c /dev entries driver\r\n[    0.942789] device-mapper: uevent: version 1.0.3\r\n[    0.947796] device-mapper: ioctl: 4.35.0-ioctl (2016-06-23) initialised: dm-devel@redhat.com\r\n[    0.956370] leds_pwm soc:pwmleds: unable to request PWM for camera: -517\r\n[    0.963307] 1f221000.uart0: ttyS0 at MMIO 0x0 (irq = 45, base_baud = 10800000) is a unknown\r\n[    0.972022] 1f221200.uart1: ttyS1 at MMIO 0x0 (irq = 47, base_baud = 10800000) is a unknown\r\n[    0.980857] 1f220400.uart2: ttyS2 at MMIO 0x0 (irq = 49, base_baud = 10800000) is a unknown\r\n[    0.989899] [MS_PM_INTC] hw:9 -> v:72\r\n[    0.993729] [MS_PM_INTC] hw:10 -> v:73\r\n[    0.998416] MSYS: DMEM request: [emac0_buff]:0x00000812\r\n[    1.003606] MSYS: DMEM request: [emac0_buff]:0x00000812 success, CPU phy:@0x25C46000, virt:@0xC5C46000\r\n[    1.013725] libphy: mdio: probed\r\n[    1.016803] mdio_bus mdio-bus@emac0: /soc/emac0/mdio-bus/ethernet-phy@0 has invalid PHY address\r\n[    1.025551] mdio_bus mdio-bus@emac0: scan phy ethernet-phy at address 0\r\n[    1.032567] mdio_bus mdio-bus@emac0: scan phy ethernet-phy at address 1\r\n[    1.039041] mdio_bus mdio-bus@emac0: scan phy ethernet-phy at address 2\r\n[    1.045705] mdio_bus mdio-bus@emac0: scan phy ethernet-phy at address 3\r\n[    1.052283] mdio_bus mdio-bus@emac0: scan phy ethernet-phy at address 4\r\n[    1.058883] mdio_bus mdio-bus@emac0: scan phy ethernet-phy at address 5\r\n[    1.065528] mdio_bus mdio-bus@emac0: scan phy ethernet-phy at address 6\r\n[    1.072132] mdio_bus mdio-bus@emac0: scan phy ethernet-phy at address 7\r\n[    1.078727] mdio_bus mdio-bus@emac0: scan phy ethernet-phy at address 8\r\n[    1.085372] mdio_bus mdio-bus@emac0: scan phy ethernet-phy at address 9\r\n[    1.091970] mdio_bus mdio-bus@emac0: scan phy ethernet-phy at address 10\r\n[    1.098658] mdio_bus mdio-bus@emac0: scan phy ethernet-phy at address 11\r\n[    1.105388] mdio_bus mdio-bus@emac0: scan phy ethernet-phy at address 12\r\n[    1.112077] mdio_bus mdio-bus@emac0: scan phy ethernet-phy at address 13\r\n[    1.118764] mdio_bus mdio-bus@emac0: scan phy ethernet-phy at address 14\r\n[    1.125502] mdio_bus mdio-bus@emac0: scan phy ethernet-phy at address 15\r\n[    1.132184] mdio_bus mdio-bus@emac0: scan phy ethernet-phy at address 16\r\n[    1.138869] mdio_bus mdio-bus@emac0: scan phy ethernet-phy at address 17\r\n[    1.145586] mdio_bus mdio-bus@emac0: scan phy ethernet-phy at address 18\r\n[    1.152287] mdio_bus mdio-bus@emac0: scan phy ethernet-phy at address 19\r\n[    1.158975] mdio_bus mdio-bus@emac0: scan phy ethernet-phy at address 20\r\n[    1.165691] mdio_bus mdio-bus@emac0: scan phy ethernet-phy at address 21\r\n[    1.172401] mdio_bus mdio-bus@emac0: scan phy ethernet-phy at address 22\r\n[    1.179081] mdio_bus mdio-bus@emac0: scan phy ethernet-phy at address 23\r\n[    1.185797] mdio_bus mdio-bus@emac0: scan phy ethernet-phy at address 24\r\n[    1.192498] mdio_bus mdio-bus@emac0: scan phy ethernet-phy at address 25\r\n[    1.199186] mdio_bus mdio-bus@emac0: scan phy ethernet-phy at address 26\r\n[    1.205902] mdio_bus mdio-bus@emac0: scan phy ethernet-phy at address 27\r\n[    1.212604] mdio_bus mdio-bus@emac0: scan phy ethernet-phy at address 28\r\n[    1.219292] mdio_bus mdio-bus@emac0: scan phy ethernet-phy at address 29\r\n[    1.226008] mdio_bus mdio-bus@emac0: scan phy ethernet-phy at address 30\r\n[    1.232710] mdio_bus mdio-bus@emac0: scan phy ethernet-phy at address 31\r\n[    1.239474] [emac_phy_connect][3328] connected mac emac0 to PHY at mdio-bus@emac0:00 [uid=11112222, driver=SStar 10/100 Ethernet Phy]\r\n[    1.253108] ms_rtcpwc 1f006800.rtcpwc: rtc core: registered 1f006800.rtcpwc as rtc0\r\n[    1.263071] [ms_cpufreq_init] Current clk=796917760\r\n[    1.268708] [i6e][pwm] use ms_pwm->group_data\r\n[    1.273180] [NOTICE]pwm-isr(62) success. If not i6e or i6b0, pls confirm it on .dtsi\r\n[    1.280984] mstar_spinand_probe: mstar_spinand enableClock\r\n[    1.286353] MSYS: DMEM request: [BDMA]:0x00000840\r\n[    1.291064] MSYS: DMEM request: [BDMA]:0x00000840 success, CPU phy:@0x25C47000, virt:@0xC5C47000\r\n[    1.300133] MDrv_SPINAND_Init: Detected ID: MID =b, DID =15\r\n[    1.305575] _dumpNandInformation:warning, Bytes / Page :  2048\r\n[    1.311376] _dumpNandInformation:warning, Pages / Block:  64\r\n[    1.317042] _dumpNandInformation:warning, Sector/ Page :  512\r\n[    1.322798] _dumpNandInformation:warning, Spare / Page :  128\r\n[    1.328523] _dumpNandInformation:warning, Current config r:1 w:1 drv:1\r\n[    1.335514] mstar_spinand_probe: Magic memcmp pass\r\n[    1.340142] mstar_spinand_probe: Get partition (Block 0 : page 1)\r\n[    1.346600] mstar_spinand_probe: CIS contains part info\r\n[    1.351664] mstar_spinand_probe: Before nand_scan()...\r\n[    1.356839] 11 cmdlinepart partitions found on MTD device nand0\r\n[    1.362744] mstar_spinand_probe: Mtd parts parse\r\n[    1.367331] Creating 11 MTD partitions on "nand0":\r\n[    1.372158] 0x000000140000-0x000000200000 : "IPL0"\r\n[    1.382751] 0x000000200000-0x000000260000 : "IPL_CUST0"\r\n[    1.392143] 0x000000260000-0x0000002c0000 : "IPL_CUST1"\r\n[    1.401451] 0x0000002c0000-0x000000320000 : "UBOOT0"\r\n[    1.410546] 0x000000320000-0x000000380000 : "UBOOT1"\r\n[    1.419664] 0x000000380000-0x0000003c0000 : "ENV0"\r\n[    1.428179] 0x0000003c0000-0x0000008c0000 : "KERNEL"\r\n[    1.454233] 0x0000008c0000-0x000000dc0000 : "RECOVERY"\r\n[    1.480409] 0x000000dc0000-0x0000013c0000 : "rootfs"\r\n[    1.530904] 0x0000013c0000-0x000001420000 : "MISC"\r\n[    1.539915] 0x000001420000-0x000008000000 : "UBI"\r\n[    1.939999] mstar notify driver install successfully\r\n[    1.945236] NET: Registered protocol family 17\r\n[    1.950249] ThumbEE CPU extension supported.\r\n[    1.954387] Registering SWP/SWPB emulation handler\r\n[    1.960248] [PWM] mstar_pwm_config duty_ns=0, period_ns=10000\r\n[    1.965887] reg=x1F203310(x1019) clk=12000000, period=x4af\r\n[    1.971322] reg=x1F203308(x1019) clk=12000000, u32Duty=x0\r\n[    1.977151] ubi0: attaching mtd10\r\n[    2.241909] [emac_phy_link_adjust] EMAC Link Down \r\n']……
正在Get specific field : [b'[']……
正在Get specific field : [b'    2.930253] ubi0: scanning is finishe']……
正在Get specific field : [b'd\r\n']……
正在Get specific field : [b'[']……
正在Get specific field : [b'    2.943651] ubi0: attached mtd10 ']……
正在Get specific field : [b'(name "UBI", size 107 M']……
正在Get specific field : [b'iB)\r\n[    2.949069] ubi0: PEB size']……
正在Get specific field : [b': 131072 bytes (128 KiB), LEB size:']……
正在Get specific field : [b' 126976 bytes\r\n[    2.955993] ubi0']……
正在Get specific field : [b': min./max. I/O unit sizes: 2048/2048, sub-pag']……
正在Get specific field : [b'e size 2048\r\n[    2.962745] ubi0: VID header o']……
正在Get specific field : [b'ffset: 2048 (aligned 2048), data o']……
正在Get specific field : [b'ffset: 4096\r\n[    2.969696] ubi0: good PEBs: 8']……
正在Get specific field : [b'59, bad PEBs: 4, corrupted PEBs: 0\r']……
正在Get specific field : [b'\n[    2.975711] ubi0: user volume: 2, internal']……
正在Get specific field : [b' volumes: 1, max. volumes count: 1']……
正在Get specific field : [b'28\r\n[    2.982936] ubi0: max/mean e']……
正在Get specific field : [b'rase counter: 1/1, WL threshold: 4096, image sequence num']……
正在Get specific field : [b'ber: 0\r\n[    2.991281] ubi0: availa']……
正在Get specific field : [b'ble PEBs: 95, total reserved PEBs: 764, PEBs ']……
正在Get specific field : [b'reserved for bad PEB handling: 16\r\n']……
正在Get specific field : [b'[    3.000609] ubi0: background thread "ubi_bg']……
正在Get specific field : [b't0d" started, PID 462\r\n']……
正在Get specific field : [b'[']……
正在Get specific field : [b'    3.047227] ms_rtcpwc 1f006800.rtcpwc']……
正在Get specific field : [b': setting system clock to 1970-01-01 00:07:00 ']……
正在Get specific field : [b'UTC (420)\r\n[    3.055759] OF: fdt:not creatin']……
正在Get specific field : [b"g '/sys/firmware/fdt': CRC check fa"]……
正在Get specific field : [b'iled\r\n[    3.062261] ALSA device list:\r\n[    3.065088]   ']……
正在Get specific field : [b'No soundcards found.\r\n']……
正在Get specific field : [b'[']……
正在Get specific field : [b'    3.086757] VFS: Mounted root (squashfs fil']……
正在Get specific field : [b'esystem) readonly on device 31:8.\r\n']……
正在Get specific field : [b'[']……
正在Get specific field : [b'    3.098331] devtmpfs: mounted\r\n[    ']……
正在Get specific field : [b'3.101154] This architecture does no']……
正在Get specific field : [b't have kernel memory protection.\r\n']……
正在Get specific field : [b'm']……
正在Get specific field : [b"ount: can't find devpts in /etc/fs"]……
正在Get specific field : [b'tab\r\n']……
正在Get specific field : [b'n']……
正在Get specific field : [b'et.core.rmem_default = 163840\r\nn']……
正在Get specific field : [b'et.core.rmem_max = 163840\r\nnet.cor']……
正在Get specific field : [b'e.wmem_default = 524288\r\nnet.core.w']……
正在Get specific field : [b'mem_max = 1048576\r\nnet.ipv4.tcp_me']……
正在Get specific field : [b'm = 924  1232  1848\r\nnet.ipv4.tcp_r']……
正在Get specific field : [b'mem = 4096  87380  325120\r\nnet.ipv']……
正在Get specific field : [b'4.tcp_wmem = 4096  131072  393216\r\n']……
正在Get specific field : [b'mount: mounting none on']……
正在Get specific field : [b' /sys failed: Device or resource b']……
正在Get specific field : [b'usy\r\nmount: mounting none on /sys/k']……
正在Get specific field : [b'ernel/debug/ failed: Device or res']……
正在Get specific field : [b'ource busy\r\n']……
正在Get specific field : [b'[']……
正在Get specific field : [b'    6.242097] UBIFS (ubi0:0):']……
正在Get specific field : [b' background thread "ubifs_bgt0_0" s']……
正在Get specific field : [b'tarted, PID 483\r\n']……
正在Get specific field : [b'[']……
正在Get specific field : [b'    6.275061] UBIFS (ubi0:0): start fixin']……
正在Get specific field : [b'g up free space\r\n']……
正在Get specific field : [b'[']……
正在Get specific field : [b'    6.588537] UBIFS (ubi0:0): free s']……
正在Get specific field : [b'pace fixup complete\r\n']……
正在Get specific field : [b'[']……
正在Get specific field : [b'    6.617399] UBIFS (ubi0:0): UBIFS: ']……
正在Get specific field : [b'mounted UBI device 0, volume 0, nam']……
正在Get specific field : [b'e "miservice"\r\n[    6.624940] UBIF']……
正在Get specific field : [b'S (ubi0:0): LEB size: 126976 bytes']……
正在Get specific field : [b' (124 KiB), min./max. I/O unit size']……
正在Get specific field : [b's: 2048 bytes/2048 bytes\r\n[    6.6']……
正在Get specific field : [b'34842] UBIFS (ubi0:0): FS size: 926']……
正在Get specific field : [b'9248 bytes (8 MiB, 73 LEBs), journ']……
正在Get specific field : [b'al size 1650688 bytes (1 MiB, 13 LE']……
正在Get specific field : [b'Bs)\r\n[    6.645020] UBI']……
正在Get specific field : [b'FS (ubi0:0): reserved for root: 0 ']……
正在Get specific field : [b'bytes (0 KiB)\r\n[    6.650845] UBIFS']……
正在Get specific field : [b' (ubi0:0): media format: w4/r0 (la']……
正在Get specific field : [b'test is w4/r0), UUID DA14D09D-A712-']……
正在Get specific field : [b'4FB0-BC52-EBB2ADD9F059, small LPT ']……
正在Get specific field : [b'model\r\n']……
正在Get specific field : [b'[']……
正在Get specific field : [b'    6.670749] UBIFS (ubi0:1): bac']……
正在Get specific field : [b'kground thread "ubifs_bgt0_1" star']……
正在Get specific field : [b'ted, PID 486\r\n']……
正在Get specific field : [b'[']……
正在Get specific field : [b'    6.722680] UBIFS (ubi0:1): star']……
正在Get specific field : [b't fixing up free space\r\n']……
正在Get specific field : [b'[']……
正在Get specific field : [b'   11.742966] UBIFS (ubi0:1): ']……
正在Get specific field : [b'free space fixup complete\r\n']……
正在Get specific field : [b'[']……
正在Get specific field : [b'   11.771849] UBIFS (ubi0:1): U']……
正在Get specific field : [b'BIFS: mounted UBI device 0, volume']……
正在Get specific field : [b' 1, name "customer"\r\n[   11.779294]']……
正在Get specific field : [b' UBIFS (ubi0:1): LEB size: 126976 ']……
正在Get specific field : [b'bytes (124 KiB), min./max. I/O unit']……
正在Get specific field : [b' sizes: 2048 bytes/2048 bytes\r\n[   ']……
正在Get specific field : [b'11.789205] UBIFS (ubi0:1): FS size']……
正在Get specific field : [b': 79613952 bytes (75 MiB, 627 LEBs)']……
正在Get specific field : [b', journal size 9023488 ']……
正在Get specific field : [b'bytes (8 MiB, 72 LEBs)\r\n[   11.799']……
正在Get specific field : [b'645] UBIFS (ubi0:1): reserved for ']……
正在Get specific field : [b'root: 0 bytes (0 KiB)\r\n[   11.80548']……
正在Get specific field : [b'0] UBIFS (ubi0:1): media format: w']……
正在Get specific field : [b'4/r0 (latest is w4/r0),']……
正在Get specific field : [b' UUID 06A46153-E321-45BA-A199-98BD9']……
正在Get specific field : [b'DE97B40, small LPT model\r\n']……
正在Get specific field : [b'f']……
正在Get specific field : [b"use: device not found, try 'modprobe f"]……
正在Get specific field : [b"use' first\r\n"]……
正在Get specific field : [b'E']……
正在Get specific field : [b'nabling support for allow_d']……
正在Get specific field : [b'iscards in dmcrypt.\r\n']……
正在Get specific field : [b'T']……
正在Get specific field : [b'he dm-crypt device is already crea']……
正在Get specific field : [b'ted, /dev/dm-0\r\n']……
正在Get specific field : [b'[']……
正在Get specific field : [b'   12.833454] [MS_PM_INT']……
正在Get specific field : [b'C] hw:2 -> v:74\r\n']……
正在Get specific field : [b'in']……
正在Get specific field : [b"smod: can't read '/config/modules/4."]……
正在Get specific field : [b"9.84/ms_notify.ko': No such file "]……
正在Get specific field : [b'or directory\r\n']……
正在Get specific field : [b'[']……
正在Get specific field : [b'   12.880371] [CSI] probe\r\n[ ']……
正在Get specific field : [b'  12.883494] Request CS']……
正在Get specific field : [b'I IRQ[0]#30\r\n[   12.886723] CSI in']……
正在Get specific field : [b'terrupt registered\r\n[   12.890755] vif dr']……
正在Get specific field : [b'iver probe\r\n[   12.894296] ']……
正在Get specific field : [b'Create device file. vif']……
正在Get specific field : [b'_ints,0\r\n']……
正在Get specific field : [b'[']……
正在Get specific field : [b'   12.903718] jpe driver probed\r']……
正在Get specific field : [b'\n[   12.907565] [Isp_Driv']……
正在Get specific field : [b'er_Init]\r\n']……
正在Get specific field : [b'[']……
正在Get specific field : [b'   12.918328] [s32CurClkI']……
正在Get specific field : [b'dx] = 0\r\n[   12.922059] [IS']……
正在Get specific field : [b'P] Request IRQ: 29, 57\r\n[   12.925844] [IspM']……
正在Get specific field : [b'id_Driver_Init]\r\n']……
正在Get specific field : [b'[   12.931502] ispsclttl']……
正在Get specific field : [b':0\r\n']……
正在Get specific field : [b'[']……
正在Get specific field : [b'   12.940302] DivpProcInit']……
正在Get specific field : [b' 526\r\n']……
正在Get specific field : [b'[']……
正在Get specific field : [b'   12.974786] module [sys] init']……
正在Get specific field : [b'\r\n']……
正在Get specific field : [b'[']……
正在Get specific field : [b'   12.995902] module [sensor] i']……
正在Get specific field : [b'nit\r\n']……
正在Get specific field : [b'[   13.003059] modul']……
正在Get specific field : [b'e [mipitx] init\r\n']……
正在Get specific field : [b'[']……
正在Get specific field : [b'   13.011071] module [ao] in']……
正在Get specific field : [b'it\r\n']……
正在Get specific field : [b'[']……
正在Get specific field : [b'   13.018771] module [rgn] init\r']……
正在Get specific field : [b'\n']……
正在Get specific field : [b'[']……
正在Get specific field : [b'   13.029523] module [l']……
正在Get specific field : [b'dc] init\r\n']……
正在Get specific field : [b'[   ']……
正在Get specific field : [b'13.039260] module [vpe] init\r\n']……
正在Get specific field : [b'[']……
正在Get specific field : [b'   13.046828] module [shadow] i']……
正在Get specific field : [b'nit\r\n']……
正在Get specific field : [b'[   13.054119] module [gyro] ']……
正在Get specific field : [b'init\r\n']……
正在Get specific field : [b'[   ']……
正在Get specific field : [b'13.062266] module [vif] init\r\n']……
正在Get specific field : [b'[']……
正在Get specific field : [b'   13.072046] module [venc] init May 13 ']……
正在Get specific field : [b'2021 15:01:54\r\n']……
正在Get specific field : [b'[  ']……
正在Get specific field : [b' 13.081352] module [panel] init\r\n']……
正在Get specific field : [b'[']……
正在Get specific field : [b'   13.091248] module [disp] init\r\n']……
正在Get specific field : [b'[']……
正在Get specific field : [b'   13.100601] module [ipu] init\r\n']……
正在Get specific field : [b'[']……
正在Get specific field : [b'   13.108666] module [divp] init\r']……
正在Get specific field : [b'\n']……
正在Get specific field : [b'[']……
正在Get specific field : [b'   13.118761] module [ai] init\r\n']……
正在Get specific field : [b'[']……
正在Get specific field : [b'   13.127012] module [vdisp] init\r\n']……
正在Get specific field : [b'[']……
正在Get specific field : [b'   13.209160] Infinity6e PHY init, d-ph']……
正在Get specific field : [b'y:1f2a4600, a-phy0:1f2a4800, a-phy']……
正在Get specific field : [b'1:1f2a4a00\r\n[   13.216']……
正在Get specific field : [b'714] -Tx cur[3]: Va1.10_Vb0.65_De_m']……
正在Get specific field : [b'3.5dB\r\n']……
正在Get specific field : [b'[']……
正在Get specific field : [b'   13.227086] IC is not Trim']……
正在Get specific field : [b', apply default setting\r\n']……
正在Get specific field : [b'[']……
正在Get specific field : [b'   13.295777] [cus_vcm_init_handle]\r\n[   13']……
正在Get specific field : [b'.298944] [cus_vcm_init_handle]\r\n']……
正在Get specific field : [b'[   13.306206] z']……
正在Get specific field : [b's02 [cus_camsensor_init_handle]\r\n[ ']……
正在Get specific field : [b'  13.310371] zs02 [cus_camsensor_i']……
正在Get specific field : [b'nit_handle]\r\n']……
正在Get specific field : [b'(']……
正在Get specific field : [b'none) login: ']……
正在Get specific field : [b'[']……
正在Get specific field : [b'   14.814283] client [678] connected,']……
正在Get specific field : [b' module:ipu\r\n']……
正在Get specific field : [b'[']……
正在Get specific field : [b'   14.929967] au8SetProId[0]:']……
正在Get specific field : [b'0x71\r\n[   14.933020] miu_number:0,s']……
正在Get specific field : [b'tart:0x25e7c000,end:0x25fe0000,fla']……
正在Get specific field : [b'g:1\r\n[   14.9406']……
正在Get specific field : [b'52] _hal_to_cpu_isr invalid isr 1\r']……
正在Get specific field : [b'\nIPU SDK version: 1.1.2_verified_']……
正在Get specific field : [b'21010811\r\nclient [678]']……
正在Get specific field : [b' Create IPU device, reference=1']……
正在Get specific field : [b'\r\nModel version: 1.1.0_']……
正在Get specific field : [b'verified_20091609\r\n']……
正在Get specific field : [b'c']……
正在Get specific field : [b'lient [678] Create IPU channel 0']……
正在Get specific field : [b'\r\n']……
正在Get specific field : [b'UV']……
正在Get specific field : [b'C Set Trace Le[   15.033919] RxDET\r\nvel: e']……
正在Get specific field : [b'rror\r\n']……
正在Get specific field : [b'[']……
正在Get specific field : [b'   15.109544] [_MI_AI_IMPL_AllocTm']……
正在Get specific field : [b'pBuffer:3844] tmp buffer addr[d1798000].\r\n']……
正在Get specific field : [b'[  ']……
正在Get specific field : [b' 15.132260] SS DIS\r\n[   15']……
正在Get specific field : [b'.135253] RxDET\r\n']……
正在Get specific field : [b' ']……
正在Get specific field : [b'_MI_AI_OpenAecLib: success\r\n']……
正在Get specific field : [b' ']……
正在Get specific field : [b'_MI_AI_OpenVqeLib: success\r\n']……
正在Get specific field : [b' ']……
正在Get specific field : [b'_MI_AI_OpenSrcLib: success\r\n']……
正在Get specific field : [b' ']……
正在Get specific field : [b'_MI_AI_OpenG711Lib: success']……
正在Get specific field : [b'\r\n _MI_AI_OpenG726Lib: success\r\n']……
正在Get specific field : [b' ']……
正在Get specific field : [b'_MI_AI_OpenAedLib: success\r\n']……
正在Get specific field : [b' ']……
正在Get specific field : [b'_MI_AI_OpenSslLib: success\r\n']……
正在Get specific field : [b' ']……
正在Get specific field : [b'_MI_AI_OpenBfLib: success\r\n']……
正在Get specific field : [b'x']……
正在Get specific field : [b'mos firmware no need for upgrade']……
xmos无需升级，等待20s后系统启动完毕
结果获取完毕：xmos firmware no need for upgrade!!!
Flash Module + XMOS Update Done
Begin getCurrentVersion
输入账号密码……
b'!!!\r\nxmos firmware no need for upgrade!!!\r\nAttempting to connect via I2C: conne[   18.484229] [PWM] mstar_pwm_config duty_ns=15, period_ns=10000\r\n[   18.490126] reg=x1F203310(x1019) clk=12000000, period=x4af\r\ncted\r\nVersion: 3[   18.495712] reg=x1F203308(x1019) clk=12000000, u32Duty=xb3\r\n[   18.502492] [PWM] mstar_pwm_enable\r\n.1.6\r\nAttempting to connect via I2C: connected\r\n\r\nRebooted\r\n[   19.188084] [PWM] mstar_pwm_config duty_ns=0, period_ns=10000\r\n[   19.194098] reg=x1F203310(x1019) clk=12000000, period=x4af\r\n[   19.199433] reg=x1F203308(x1019) clk=12000000, u32Duty=x0\r\n[   19.204858] [PWM] mstar_pwm_disable\r\n[   19.692359] [PWM] mstar_pwm_config duty_ns=15, period_ns=10000\r\n[   19.698063] reg=x1F203310(x1019) clk=12000000, period=x4af\r\n[   19.703582] reg=x1F203308(x1019) clk=12000000, u32Duty=xb3\r\n[   19.709011] [PWM] mstar_pwm_enable\r\n[   20.395951] [PWM] mstar_pwm_config duty_ns=0, period_ns=10000\r\n[   20.401568] reg=x1F203310(x1019) clk=12000000, period=x4af\r\n[   20.407274] reg=x1F203308(x1019) clk=12000000, u32Duty=x0\r\n[   20.412573] [PWM] mstar_pwm_disable\r\n[   20.899894] [PWM] mstar_pwm_config duty_ns=15, period_ns=10000\r\n[   20.905759] reg=x1F203310(x1019) clk=12000000, period=x4af\r\n[   20.911093] reg=x1F203308(x1019) clk=12000000, u32Duty=xb3\r\n[   20.916744] [PWM] mstar_pwm_enable\r\n[   21.803968] [PWM] mstar_pwm_config duty_ns=0, period_ns=10000\r\n[   21.809571] reg=x1F203310(x1019) clk=12000000, period=x4af\r\n[   21.815166] reg=x1F203308(x1019) clk=12000000, u32Duty=x0\r\n[   21.820442] [PWM] mstar_pwm_disable\r\n[   26.242032] [UACTransfer] ST_UAC_SendFrame failed:Input/output error 5\r\n\x1b[1;33m[MI WRN ]: MI_AI_GetFrame[7284]: Dev2 Chn0 Buffer(s) is lost due to slow fetching!!!\r\n\x1b[0m\x1b[1;33m[MI WRN ]: MI_AI_GetFrame[7285]: Current buf index[157], recording buf index[5].\r\n\r\n(none) login: \r\n(none) login: root\r\nPassword: '
b'\r\n\r\nuname -a\r\n\r\n'
b'uname -a\r\n\r\n'
b'uname -a\r\n\r\n'
b'uname -a\r\n\r\n'
b'uname -a\r\n\r\n'
b"uname -a\r\n\r\nlogin: can't chd"
b"ir to home directory '/"
b"home/root'\r\nlogin[686]: root login"
b" on 'UNKNOWN'\r\r\nuname -a\r\n\r\n-sh: ca"
b"n't access tty; job control turned off\r\nuname "
b'-a\r\n\r\nuname -a\r\n\r\n/ # \r\n/ # uname '
b'-a\r\nuname -a\r\n\r\nLinux (none) 4.9.8'
339版本刷机成功！
【3456789520131413】第一次旧设备刷机完成,即将开始刷机循环测试！
第1次升降级反复刷机从【Version: 3.1.6】->【Version: 3.1.7】测试
Begin XMOS version： getXmosVersion
输入账号密码……
正在获取当前XMOS版本……
b'4 #2 SMP PREEMPT Mon Feb 28 15:59:12 CST 2022 armv7l GNU/Linux\r\nu/ # \r\n/ # uname -a\r\nname -a\r\n\r\nuname -a\r\n\r\nLinux (none) 4.9.84 #2 SMP PREEMPT Mon Feb 28 15:59:12 CST 2022 armv7l GNU/Linux\r\n/ # \r\n/ # uname -a\r\nuname -a\r\n\r\nLinux (none) 4.9.84 #2 SMP PREEMPT Mon Feb 28 15:59:12 CST 2022 armv7l GNU/Linux\r\n/ # \r\n/ # uname -a\r\nLinux (none) 4.9.84 #2 SMP PREEMPT Mon Feb 28 15:59:12 CST 2022 armv7l GNU/Linux\r\n/ # \r\n/ # uname -a\r\nLinux (none) 4.9.84 #2 SMP PREEMPT Mon Feb 28 15:59:12 CST 2022 armv7l GNU/Linux\r\n/ # \r\n/ # uname -a\r\nLinux (none) 4.9.84 #2 SMP PREEMPT Mon Feb 28 15:59:12 CST 2022 armv7l GNU/Linux\r\n\r\n\r\n/ # \r\n/ # uname -a\r\nroot\r\n\r\nLinux (none) 4.9.84 #2 SMP PREEMPT Mon Feb 28 15:59:12 CST 2022 armv7l GNU/Linux\r\n/ # \r\n/ # uname -a\r\nLinux (none) 4.9.84 #2 SMP PREEMPT Mon Feb 28 15:59:12 CST 2022 armv7l GNU/Linux\r\n/ # \r\n/ # uname -a\r\nLinux (none) 4.9.84 #2 SMP PREEMPT Mon Feb 28 15:59:12 CST 2022 armv7l GNU/Linux\r\n/ # \r\n/ # uname -a\r\nLinux (none) 4.9.84 #2 SMP PREEMPT Mon Feb 28 15:59:12 CST 2022 armv7l GNU/Linux\r\n/ # \r\n/ # uname -a\r\nLinux (none) 4.9.84 #2 SMP PREEMPT Mon Feb 28 15:59:12 CST 2022 armv7l GNU/Linux\r\n/ # \r\n/ # uname -a\r\nLinux (none) 4.9.84 #2 SMP PREEMPT Mon Feb 28 15:59:12 CST 2022 armv7l GNU/Linux\r\n/ # \r\n/ # uname -a\r\nLinux (none) 4.9.84 #2 SMP PREEMPT Mon Feb 28 15:59:12 CST 2022 armv7l GNU/Linux\r\n/ # \r\n/ # \r\n/ # \r\n/ # root\r\n-sh: root: not found\r\n/ # \r\n/ # bunengshuo\r\n-sh: bunengshuo: not found\r\n/ # \r\n/ # '
正在获取当前XMOS版本……
b'dfu_i2c read_version\r\n\r\nAttempting to '
正在获取当前XMOS版本……
b'connect via I2C: connected\r\nVersion: 3.1.6\r\n/ # \r\n/ # dfu_i2c read_ve'
Xmos版本升级成功，版本匹配正确：Version: 3.1.6, 开始降升级刷机到Version 3.1.7！
输入账号密码……
进入BootLoader模式 - port open,current port info:[COM35 - 115200]
输入账号密码……
boot loader done
Start MODULE upgrade for serial : 3456789520131413
MODULE upgrade done sleep 60s to wait!!!
Get specific field
输入账号密码……
输入账号密码……
正在Get specific field : [b'rsion\r\n\r\nAttempting to connect via I2C: connected\r\nVersion: 3.1.6\r\ndfu_i/ # \r\n / # dfu_i2c read_version\r\n\r\nAttempting to connect via I2C: connected\r\nVersion: 3.1.6\r\n/ # \r\n/ # \r\n\r\n/ # \r\n/ # root\r\n\r\n-sh: root: not found\r\n/ # \r\n/ # bunengshuo\r\n-sh: bunengshuo: not found\r\n/ # \r\n/ # \r\n\r\n/ # \r\no/ # root\r\n\r\n-sh: root: not found\r\n/ # \r\n/ # bunengshuo\r\nr-sh: bunengshuo: not founde\r\n/ # \r\no/ # reboot-bootloader\r\n\r\n\rThe system is going down NOW!\r\n[   50.830381] [Main] force stop app...\r\n[   50.830381] \r\n\rSent SIGTERM to all processes\r\nTerminated\r\n/ # \r\n/ # \rSent SIGKILL to all processes\r\n[   51.839235] [_MI_AI_IMPL_FreeTmpBuffer:3862] free tmp buffer.\r\n\rRequesting system reboot\r\n[   51.952406] collect channel0\'s resource\r\n[   51.956849] au8SetProId[0]:0x71\r\n[   51.959829] miu_number:0,start:0x25e7c000,end:0x25fe0000,flag:0\r\n[   51.965788] --------shutdown IPU----------\r\n[   52.073064] client [678] disconnected, module:ipu\r\n[   52.871905] reboot: Restarting system\r\n1\r\nIPL 43174a3\r\nD-b7\n\rMCP32_1866_4X 6L\r\n== miu settings for 6 layer board ==\r\nmiupll_400MHz\r\n256MB\n\rBIST0_0001-OK\n\rSW ReadDQS Training\r\nSW WriteDQS Training\r\nHS on\r\n[SDMMC] NO SD!\r\nLoad IPL_CUST from SPINAND\r\n\r\n BlSize 000061e0\r\nChecksum OK\n\rJMP+++ \r\nIPL_CUST 43174a3\r\n[SDMMC] NO SD!\r\n_IPLCustSNandOp\r\nLoad BL from SPINAND\r\n  decomp_size=0x000751fc\r\n\r\n\r\nU-Boot 2015.01 (Jan 10 2022 - 01:25:37)\r\n\r\nVersion: I6E#g271a270\r\nI2C:   ready\r\nDRAM:  \r\nWARNING: Caches not enabled\r\nSPINAND_I:  SPINAND: _MDrv_SPINAND_GET_INFO: Found SPINAND INFO \r\n(0xB) (0x15) (0x0) \r\r\nSPINAND: board_nand_init: CIS contains part info\r\n128 MiB\r\nMMC:   MStar SD/MMC: 0\r\n[OTP Control] operation = 2, command = 0, data = 12e\r\n\r\n serialnumber: 3456789520131413 \r\nIn:    serial\r\nOut:   serial\r\nErr:   serial\r\nNet:   Net Initialization Skipped\r\nNo ethernet found.\r\n<USB> config miu select [70] [ef] [ef] [ef].\r\n<USB>[UDC] PULL DOWN D+.\r\n<USB>[UDC] PULL UP D+.\r\nregistered gadget driver \'msb250x_udc\'\r\n<USB>[UDC] PULL DOWN D+.\r\n<USB>[UDC] PULL UP D+.\r\n<USB>[LINK] High speed device.\r\r\n<USB>[2][EN] bulk out with maxpacket/fifo(512/1024)\r\r\n<USB>[1][EN] bulk in with maxpacket/fifo(512/8192)\r\r\nStarting download of 29872 bytes\r\n\r\ndownloading of 29872 bytes finished\r\nStarting download of 29872 bytes\r\n\r\ndownloading of 29872 bytes finished\r\nStarting download of 44064768 bytes\r\n..........................................................................\r\n..........................................................................\r\n..........................................................................\r\n..........................................................................\r\n........................................\r\ndownloading of 44064768 bytes finished\r\n\r\nNAND erase.part: device 0 offset 0x3c0000, size 0x500000\r\n\rErasing at 0x3c0000 --   2% complete.\rErasing at 0x3e0000 --   5% complete.\rErasing at 0x400000 --   7% complete.\rErasing at 0x420000 --  10% complete.\rErasing at 0x440000 --  12% complete.\rErasing at 0x460000 --  15% complete.\rErasing at 0x480000 --  17% complete.\rErasing at 0x4a0000 --  20% complete.\rErasing at 0x4c0000 --  22% complete.\rErasing at 0x4e0000 --  25% complete.\rErasing at 0x500000 --  27% complete.\rErasing at 0x520000 --  30% complete.\rErasing at 0x540000 --  32% complete.\rErasing at 0x560000 --  35% complete.\rErasing at 0x580000 --  37% complete.\rErasing at 0x5a0000 --  40% complete.\rErasing at 0x5c0000 --  42% complete.\rErasing at 0x5e0000 --  45% complete.\rErasing at 0x600000 --  47% complete.\rErasing at 0x620000 --  50% complete.\rErasing at 0x640000 --  52% complete.\rErasing at 0x660000 --  55% complete.\rErasing at 0x680000 --  57% complete.\rErasing at 0x6a0000 --  60% complete.\rErasing at 0x6c0000 --  62% complete.\rErasing at 0x6e0000 --  65% complete.\rErasing at 0x700000 --  67% complete.\rErasing at 0x720000 --  70% complete.\rErasing at 0x740000 --  72% complete.\rErasing at 0x760000 --  75% complete.\rErasing at 0x780000 --  77% complete.\rErasing at 0x7a0000 --  80% complete.\rErasing at 0x7c0000 --  82% complete.\rErasing at 0x7e0000 --  85% complete.\rErasing at 0x800000 --  87% complete.\rErasing at 0x820000 --  90% complete.\rErasing at 0x840000 --  92% complete.\rErasing at 0x860000 --  95% complete.\rErasing at 0x880000 --  97% complete.\rErasing at 0x8a0000 -- 100% complete.\r\nTime:234057 us, speed:22400 KB/s\r\nOK\r\n\r\nNAND write: device 0 offset 0x3c0000, size 0x500000\r\nTime:1418775 us, speed:3695 KB/s\r\n 5242880 bytes written: OK\r\n\r\nNAND erase.part: device 0 offset 0x8c0000, size 0x500000\r\n\rErasing at 0x8c0000 --   2% complete.\rErasing at 0x8e0000 --   5% complete.\rErasing at 0x900000 --   7% complete.\rErasing at 0x920000 --  10% complete.\rErasing at 0x940000 --  12% complete.\rErasing at 0x960000 --  15% complete.\rErasing at 0x980000 --  17% complete.\rErasing at 0x9a0000 --  20% complete.\rErasing at 0x9c0000 --  22% complete.\rErasing at 0x9e0000 --  25% complete.\rErasing at 0xa00000 --  27% complete.\rErasing at 0xa20000 --  30% complete.\rErasing at 0xa40000 --  32% complete.\rErasing at 0xa60000 --  35% complete.\rErasing at 0xa80000 --  37% complete.\rErasing at 0xaa0000 --  40% complete.\rErasing at 0xac0000 --  42% complete.\rErasing at 0xae0000 --  45% complete.\rErasing at 0xb00000 --  47% complete.\rErasing at 0xb20000 --  50% complete.\rErasing at 0xb40000 --  52% complete.\rErasing at 0xb60000 --  55% complete.\rErasing at 0xb80000 --  57% complete.\rErasing at 0xba0000 --  60% complete.\rErasing at 0xbc0000 --  62% complete.\rErasing at 0xbe0000 --  65% complete.\rErasing at 0xc00000 --  67% complete.\rErasing at 0xc20000 --  70% complete.\rErasing at 0xc40000 --  72% complete.\rErasing at 0xc60000 --  75% complete.\rErasing at 0xc80000 --  77% complete.\rErasing at 0xca0000 --  80% complete.\rErasing at 0xcc0000 --  82% complete.\rErasing at 0xce0000 --  85% complete.\rErasing at 0xd00000 --  87% complete.\rErasing at 0xd20000 --  90% complete.\rErasing at 0xd40000 --  92% complete.\rErasing at 0xd60000 --  95% complete.\rErasing at 0xd80000 --  97% complete.\rErasing at 0xda0000 -- 100% complete.\r\nTime:234040 us, speed:22401 KB/s\r\nOK\r\n\r\nNAND write: device 0 offset 0x8c0000, size 0x500000\r\nTime:1418727 us, speed:3695 KB/s\r\n 5242880 bytes written: OK\r\n\r\nNAND erase.part: device 0 offset 0xdc0000, size 0x600000\r\n\rErasing at 0xdc0000 --   2% complete.\rErasing at 0xde0000 --   4% complete.\rErasing at 0xe00000 --   6% complete.\rErasing at 0xe20000 --   8% complete.\rErasing at 0xe40000 --  10% complete.\rErasing at 0xe60000 --  12% complete.\rErasing at 0xe80000 --  14% complete.\rErasing at 0xea0000 --  16% complete.\rErasing at 0xec0000 --  18% complete.\rErasing at 0xee0000 --  20% complete.\rErasing at 0xf00000 --  22% complete.\rErasing at 0xf20000 --  25% complete.\rErasing at 0xf40000 --  27% complete.\rErasing at 0xf60000 --  29% complete.\rErasing at 0xf80000 --  31% complete.\rErasing at 0xfa0000 --  33% complete.\rErasing at 0xfc0000 --  35% complete.\rErasing at 0xfe0000 --  37% complete.\rErasing at 0x1000000 --  39% complete.\rErasing at 0x1020000 --  41% complete.\rErasing at 0x1040000 --  43% complete.\rErasing at 0x1060000 --  45% complete.\rErasing at 0x1080000 --  47% complete.\rErasing at 0x10a0000 --  50% complete.\rErasing at 0x10c0000 --  52% complete.\rErasing at 0x10e0000 --  54% complete.\rErasing at 0x1100000 --  56% complete.\rErasing at 0x1120000 --  58% complete.\rErasing at 0x1140000 --  60% complete.\rErasing at 0x1160000 --  62% complete.\rErasing at 0x1180000 --  64% complete.\rErasing at 0x11a0000 --  66% complete.\rErasing at 0x11c0000 --  68% complete.\rErasing at 0x11e0000 --  70% complete.\rErasing at 0x1200000 --  72% complete.\rErasing at 0x1220000 --  75% complete.\rErasing at 0x1240000 --  77% complete.\rErasing at 0x1260000 --  79% complete.\rErasing at 0x1280000 --  81% complete.\rErasing at 0x12a0000 --  83% complete.\rErasing at 0x12c0000 --  85% complete.\rErasing at 0x12e0000 --  87% complete.\rErasing at 0x1300000 --  89% complete.\rErasing at 0x1320000 --  91% complete.\rErasing at 0x1340000 --  93% complete.\rErasing at 0x1360000 --  95% complete.\rErasing at 0x1380000 --  97% complete.\rErasing at 0x13a0000 -- 100% complete.\r\nTime:295227 us, speed:21310 KB/s\r\nOK\r\n\r\nNAND write: device 0 offset 0xdc0000, size 0x600000\r\nTime:1774882 us, speed:3544 KB/s\r\n 6291456 bytes written: OK\r\n\r\nNAND erase.part: device 0 offset 0x1420000, size 0x6be0000\r\n\rErasing at 0x1420000 --   0% complete.\rErasing at 0x1520000 --   1% complete.\rErasing at 0x1640000 --   2% complete.\rErasing at 0x1740000 --   3% complete.\rErasing at 0x1860000 --   4% complete.\rErasing at 0x1980000 --   5% complete.\rErasing at 0x1a80000 --   6% complete.\rErasing at 0x1ba0000 --   7% complete.\rErasing at 0x1cc0000 --   8% complete.\rErasing at 0x1dc0000 --   9% complete.\rSkipping bad block at  0x01ea0000                                          \r\n\rErasing at 0x1ee0000 --  10% complete.\rErasing at 0x1fe0000 --  11% complete.\rErasing at 0x2100000 --  12% complete.\rErasing at 0x2220000 --  13% complete.\rErasing at 0x2320000 --  14% complete.\rErasing at 0x2440000 --  15% complete.\rErasing at 0x2560000 --  16% complete.\rErasing at 0x2660000 --  17% complete.\rErasing at 0x2780000 --  18% complete.\rErasing at 0x2880000 --  19% complete.\rErasing at 0x29a0000 --  20% complete.\rErasing at 0x2ac0000 --  21% complete.\rErasing at 0x2bc0000 --  22% complete.\rErasing at 0x2ce0000 --  23% complete.\rErasing at 0x2e00000 --  24% complete.\rErasing at 0x2f00000 --  25% complete.\rErasing at 0x3020000 --  26% complete.\rErasing at 0x3140000 --  27% complete.\rErasing at 0x3240000 --  28% complete.\rErasing at 0x3360000 --  29% complete.\rErasing at 0x3460000 --  30% complete.\rErasing at 0x3580000 --  31% complete.\rErasing at 0x36a0000 --  32% complete.\rSkipping bad block at  0x03700000                                          \r\n\rErasing at 0x37a0000 --  33% complete.\rErasing at 0x38c0000 --  34% complete.\rErasing at 0x39e0000 --  35% complete.\rErasing at 0x3ae0000 --  36% complete.\rErasing at 0x3c00000 --  37% complete.\rErasing at 0x3d00000 --  38% complete.\rErasing at 0x3e20000 --  39% complete.\rErasing at 0x3f40000 --  40% complete.\rErasing at 0x4040000 --  41% complete.\rErasing at 0x4160000 --  42% complete.\rErasing at 0x4280000 --  43% complete.\rErasing at 0x4380000 --  44% complete.\rErasing at 0x44a0000 --  45% complete.\rErasing at 0x45a0000 --  46% complete.\rErasing at 0x46c0000 --  47% complete.\rErasing at 0x47e0000 --  48% complete.\rErasing at 0x48e0000 --  49% complete.\rErasing at 0x4a00000 --  50% complete.\rErasing at 0x4b20000 --  51% complete.\rErasing at 0x4c20000 --  52% complete.\rErasing at 0x4d40000 --  53% complete.\rErasing at 0x4e60000 --  54% complete.\rSkipping bad block at  0x04f60000                                          \r\n\rErasing at 0x4f80000 --  55% complete.\rErasing at 0x5080000 --  56% complete.\rErasing at 0x5180000 --  57% complete.\rErasing at 0x52a0000 --  58% complete.\rErasing at 0x53c0000 --  59% complete.\rErasing at 0x54c0000 --  60% complete.\rErasing at 0x55e0000 --  61% complete.\rErasing at 0x5700000 --  62% complete.\rErasing at 0x5800000 --  63% complete.\rErasing at 0x5920000 --  64% complete.\rErasing at 0x5a20000 --  65% complete.\rErasing at 0x5b40000 --  66% complete.\rErasing at 0x5c60000 --  67% complete.\rErasing at 0x5d60000 --  68% complete.\rErasing at 0x5e80000 --  69% complete.\rErasing at 0x5fa0000 --  70% complete.\rErasing at 0x60a0000 --  71% complete.\rErasing at 0x61c0000 --  72% complete.\rErasing at 0x62c0000 --  73% complete.\rErasing at 0x63e0000 --  74% complete.\rErasing at 0x6500000 --  75% complete.\rErasing at 0x6600000 --  76% complete.\rErasing at 0x6720000 --  77% complete.\rSkipping bad block at  0x067c0000                                          \r\n\rErasing at 0x6840000 --  78% complete.\rErasing at 0x6940000 --  79% complete.\rErasing at 0x6a60000 --  80% complete.\rErasing at 0x6b80000 --  81% complete.\rErasing at 0x6c80000 --  82% complete.\rErasing at 0x6da0000 --  83% complete.\rErasing at 0x6ea0000 --  84% complete.\rErasing at 0x6fc0000 --  85% complete.\rErasing at 0x70e0000 --  86% complete.\rErasing at 0x71e0000 --  87% complete.\rErasing at 0x7300000 --  88% complete.\rErasing at 0x7420000 --  89% complete.\rErasing at 0x7520000 --  90% complete.\rErasing at 0x7640000 --  91% complete.\rErasing at 0x7740000 --  92% complete.\rErasing at 0x7860000 --  93% complete.\rErasing at 0x7980000 --  94% complete.\rErasing at 0x7a80000 --  95% complete.\rErasing at 0x7ba0000 --  96% complete.\rErasing at 0x7cc0000 --  97% complete.\rErasing at 0x7dc0000 --  98% complete.\rErasing at 0x7ee0000 --  99% complete.\rErasing at 0x7fe0000 -- 100% complete.\r\nTime:3948996 us, speed:28644 KB/s\r\nOK\r\n\r\nNAND write: device 0 offset 0x1420000, size 0x3c00000\r\nSkip bad block 0x01ea0000\r\nSkip bad block 0x03700000\r\nSkip bad block 0x04f60000\r\nTime:20829129 us, speed:3020 KB/s\r\n 62914560 bytes written: OK\r\nSaving Environment to NAND...\r\nErasing NAND...\r\n\rErasing at 0x380000 --  50% complete.\rErasing at 0x3a0000 -- 100% complete.\r\nWriting to NAND... OK\r\nresetting ...\r\n\r\nIPL 43174a3\r\nD-b7\n\rMCP32_1866_4X 6L\r\n== miu settings for 6 layer board ==\r\nmiupll_400MHz\r\n256MB\n\rBIST0_0001-OK\n\rSW ReadDQS Training\r\nSW WriteDQS Training\r\nHS on\r\n[SDMMC] NO SD!\r\nLoad IPL_CUST from SPINAND\r\n\r\n BlSize 000061e0\r\nChecksum OK\n\rJMP+++ \r\nIPL_CUST 43174a3\r\n[SDMMC] NO SD!\r\n_IPLCustSNandOp\r\nLoad BL from SPINAND\r\n  decomp_size=0x000751fc\r\n\r\n\r\nU-Boot 2015.01 (Jan 10 2022 - 01:25:37)\r\n\r\nVersion: I6E#g271a270\r\nI2C:   ready\r\nDRAM:  \r\nWARNING: Caches not enabled\r\nSPINAND_I:  SPINAND: _MDrv_SPINAND_GET_INFO: Found SPINAND INFO \r\n(0xB) (0x15) (0x0) \r\r\nSPINAND: board_nand_init: CIS contains part info\r\n128 MiB\r\nMMC:   MStar SD/MMC: 0\r\n[OTP Control] operation = 2, command = 0, data = 12e\r\n\r\n serialnumber: 3456789520131413 \r\nIn:    serial\r\nOut:   serial\r\nErr:   serial\r\nNet:   Net Initialization Skipped\r\nNo ethernet found.\r\n\r\nNAND read: device 0 offset 0x3c0000, size 0x500000\r\nTime:899014 us, speed:5831 KB/s\r\n 5242880 bytes read: OK\r\n##  Booting kernel from Legacy Image at 22000000 ...\r\n   Image Name:   MVX4##I6E#gbd396bcKL_LX409##[BR:\r\n   Image Type:   ARM Linux Kernel Image (lzma compressed)\r\n   Data Size:    1861376 Bytes = 1.8 MiB\r\n   Load Address: 20008000\r\n   Entry Point:  20008000\r\n   Verifying Checksum ... OK\r\n   Uncompressing Kernel Image ... \r\n[XZ] !!!reserved 0x21000000 length=0x 1000000 for xz!!\r\n   XZ: uncompressed size=0x3bd000, ret=7\r\nOK\r\natags:0x20000000\r\n\r\nStarting kernel ...\r\n\r\n[    0.000000] Booting Linux on physical CPU 0x0\r\n[    0.000000] Linux version 4.9.84 (@a63001c20623) (gcc version 9.1.0 (GCC) ) #2 SMP PREEMPT Mon Feb 28 15:38:47 CST 2022\r\n[    0.000000] CPU: ARMv7 Processor [410fc075] revision 5 (ARMv7), cr=50c5387d\r\n[    0.000000] CPU: div instructions available: patching division code\r\n[    0.000000] CPU: PIPT / VIPT nonaliasing data cache, VIPT aliasing instruction cache\r\n[    0.000000] early_atags_to_fdt() success\r\n[    0.000000] OF: fdt:Machine model: INFINITY6E SSC013A-S01A\r\n[    0.000000] LXmem is 0xffe0000 PHYS_OFFSET is 0x20000000\r\n[    0.000000] Add mem start 0x20000000 size 0xffe0000!!!!\r\n[    0.000000] \r\n[    0.000000] LX_MEM  = 0x20000000, 0xffe0000\r\n[    0.000000] LX_MEM2 = 0x0, 0x0\r\n[    0.000000] LX_MEM3 = 0x0, 0x0\r\n[    0.000000] EMAC_LEN= 0x0\r\n[    0.000000] DRAM_LEN= 0x0\r\n[    0.000000] deal_with_reserve_mma_heap memblock_reserve success mma_config[0].reserved_start=\r\n[    0.000000] 0x25fe0000\r\n[    0.000000] \r\n[    0.000000] deal_with_reserve_mma_heap memblock_reserve success mma_config[1].reserved_start=\r\n[    0.000000] 0x25e7c000\r\n[    0.000000] \r\n[    0.000000] cma: Reserved 2 MiB at 0x25c00000\r\n[    0.000000] Memory policy: Data cache writealloc\r\n[    0.000000] [infinity6e_smp_init_cpus]\r\n[    0.000000] percpu: Embedded 13 pages/cpu @c5e37000 s21208 r8192 d23848 u53248\r\n[    0.000000] Built 1 zonelists in Zone order, mobility grouping on.  Total pages: 64992\r\n[    0.000000] Kernel command line: ubi.mtd=UBI,2048 root=/dev/mtdblock8 rootfstype=squashfs ro init=/linuxrc LX_MEM=0xffe0000 mma_heap=mma_heap_name0,miu=0,sz=0xA000000 mma_heap=mma_heap_ipu,miu=0,sz=0x164000 cma=2M mtdparts=nand0:768k@1280k(IPL0),384k(IPL_CUST0),384k(IPL_CUST1),384k(UBOOT0),384k(UBOOT1),256k(ENV0),0x500000(KERNEL),0x500000(RECOVERY),0x600000(rootfs),0x60000(MISC),-(UBI)\r\n[    0.000000] PID hash table entries: 1024 (order: 0, 4096 bytes)\r\n[    0.000000] Dentry cache hash table entries: 32768 (order: 5, 131072 bytes)\r\n[    0.000000] Inode-cache hash table entries: 16384 (order: 4, 65536 bytes)\r\n[    0.000000] Memory: 88196K/262016K available (2191K kernel code, 183K rwdata, 1160K rodata, 156K init, 149K bss, 171772K reserved, 2048K cma-reserved)\r\n[    0.000000] Virtual kernel memory layout:\r\n[    0.000000]     vector  : 0xffff0000 - 0xffff1000   (   4 kB)\r\n[    0.000000]     fixmap  : 0xffc00000 - 0xfff00000   (3072 kB)\r\n[    0.000000]     vmalloc : 0xd0000000 - 0xff800000   ( 760 MB)\r\n[    0.000000]     lowmem  : 0xc0000000 - 0xcffe0000   ( 255 MB)\r\n[    0.000000]     modules : 0xbf800000 - 0xc0000000   (   8 MB)\r\n[    0.000000]       .text : 0xc0008000 - 0xc022c060   (2193 kB)\r\n[    0.000000]       .init : 0xc036f000 - 0xc0396000   ( 156 kB)\r\n[    0.000000]       .data : 0xc0396000 - 0xc03c3cc8   ( 184 kB)\r\n[    0.000000]        .bss : 0xc03c5000 - 0xc03ea5b8   ( 150 kB)\r\n[    0.000000] SLUB: HWalign=64, Order=0-3, MinObjects=0, CPUs=2, Nodes=1\r\n[    0.000000] Preemptible hierarchical RCU implementation.\r\n[    0.000000] \tBuild-time adjustment of leaf fanout to 32.\r\n[    0.000000] \tRCU restricting CPUs from NR_CPUS=4 to nr_cpu_ids=2.\r\n[    0.000000] RCU: Adjusting geometry for rcu_fanout_leaf=32, nr_cpu_ids=2\r\n[    0.000000] NR_IRQS:16 nr_irqs:16 16\r\n[    0.000000] ms_init_main_intc: np->name=ms_main_intc, parent=gic\r\n[    0.000000] ms_init_pm_intc: np->name=ms_pm_intc, parent=ms_main_intc\r\n[    0.000000] ss_init_gpi_intc: np->name=ms_gpi_intc, parent=ms_main_intc\r\n[    0.000000] Find CLK_ven_pll, hook ms_venpll_ops\r\n[    0.000000] Find CLK_cpupll_clk, hook ms_cpuclk_ops\r\n[    0.000000] arm_arch_timer: Architected cp15 timer(s) running at 6.00MHz (virt).\r\n[    0.000000] clocksource: arch_sys_counter: mask: 0xffffffffffffff max_cycles: 0x1623fa770, max_idle_ns: 440795202238 ns\r\n[    0.000006] sched_clock: 56 bits at 6MHz, resolution 166ns, wraps every 4398046511055ns\r\n[    0.000021] Switching to timer-based delay loop, resolution 166ns\r\n[    0.343273] console [ttyS0] enabled\r\n[    0.346756] Calibrating delay loop (skipped), value calculated using timer frequency.. 12.00 BogoMIPS (lpj=60000)\r\n[    0.357017] pid_max: default: 4096 minimum: 301\r\n[    0.361639] Mount-cache hash table entries: 1024 (order: 0, 4096 bytes)\r\n[    0.368173] Mountpoint-cache hash table entries: 1024 (order: 0, 4096 bytes)\r\n[    0.375870] CPU: Testing write buffer coherency: ok\r\n[    0.380818] CPU0: update cpu_capacity 1024\r\n[    0.384757] CPU0: thread -1, cpu 0, socket 0, mpidr 80000000\r\n[    0.390607] Setting up static identity map for 0x20008240 - 0x20008270\r\n[    0.590777] [infinity6e_boot_secondary]\r\n[    0.594522] CPU1: update cpu_capacity 1024\r\n[    0.594529] CPU1: thread -1, cpu 1, socket 0, mpidr 80000001\r\n[    0.594618] Brought up 2 CPUs\r\n[    0.607165] SMP: Total of 2 processors activated (24.00 BogoMIPS).\r\n[    0.613341] CPU: All CPU(s) started in SVC mode.\r\n[    0.618679] devtmpfs: initialized\r\n[    0.639773] VFP support v0.3: implementor 41 architecture 2 part 30 variant 7 rev 5\r\n[    0.647713] clocksource: jiffies: mask: 0xffffffff max_cycles: 0xffffffff, max_idle_ns: 19112604462750000 ns\r\n[    0.657455] futex hash table entries: 16 (order: -2, 1024 bytes)\r\n[    0.664242] NET: Registered protocol family 16\r\n[    0.669207] DMA: preallocated 256 KiB pool for atomic coherent allocations\r\n[    0.678067] \r\n[    0.678067] \r\n[    0.678067] Version : MVX4##I6E#gbd396bcKL_LX409##[BR:HEAD]#XVM\r\n[    0.678067] \r\n[    0.705271] GPIO: probe end[    0.710809] [Padmux]reset PAD46(reg 0x103c00:60; mask0x180) t0 FUART_MODE_1 (org: EJ_MODE_1)\r\n[    0.719209] [Padmux]reset PAD56(reg 0x103c00:2c; mask0x8) t0 SD1_MODE_1 (org: GPIO)\r\n[    0.727300] hw-breakpoint: found 5 (+1 reserved) breakpoint and 4 watchpoint registers.\r\n[    0.735185] hw-breakpoint: maximum watchpoint size is 8 bytes.\r\n[    0.796170] Linux video capture interface: v2.00\r\n[    0.804485] Advanced Linux Sound Architecture Driver Initialized.\r\n[    0.811849] clocksource: Switched to clocksource arch_sys_counter\r\n[    0.820129] NET: Registered protocol family 2\r\n[    0.825129] TCP established hash table entries: 2048 (order: 1, 8192 bytes)\r\n[    0.832040] TCP bind hash table entries: 2048 (order: 3, 40960 bytes)\r\n[    0.838433] TCP: Hash tables configured (established 2048 bind 2048)\r\n[    0.844826] UDP hash table entries: 128 (order: 0, 6144 bytes)\r\n[    0.850576] UDP-Lite hash table entries: 128 (order: 0, 6144 bytes)\r\n[    0.857030] NET: Registered protocol family 1\r\n[    0.861582] hw perfevents: enabled with armv7_cortex_a7 PMU driver, 5 counters available\r\n[    0.872559] workingset: timestamp_bits=30 max_order=15 bucket_order=0\r\n[    0.889458] squashfs: version 4.0 (2009/01/31) Phillip Lougher\r\n[    0.895177] jffs2: version 2.2. \xc2\xa9 2001-2006 Red Hat, Inc.\r\n[    0.904953] io scheduler noop registered\r\n[    0.908720] io scheduler deadline registered (default)\r\n[    0.914140] Infinity6e PHY probe, base:fd2a4600\r\n[    0.929486] loop: module loaded\r\n[    0.933841] libphy: Fixed MDIO Bus: probed\r\n[    0.938039] i2c /dev entries driver\r\n[    0.942819] device-mapper: uevent: version 1.0.3\r\n[    0.947825] device-mapper: ioctl: 4.35.0-ioctl (2016-06-23) initialised: dm-devel@redhat.com\r\n[    0.956406] leds_pwm soc:pwmleds: unable to request PWM for camera: -517\r\n[    0.963338] 1f221000.uart0: ttyS0 at MMIO 0x0 (irq = 45, base_baud = 10800000) is a unknown\r\n[    0.972058] 1f221200.uart1: ttyS1 at MMIO 0x0 (irq = 47, base_baud = 10800000) is a unknown\r\n[    0.980876] 1f220400.uart2: ttyS2 at MMIO 0x0 (irq = 49, base_baud = 10800000) is a unknown\r\n[    0.989914] [MS_PM_INTC] hw:9 -> v:72\r\n[    0.993745] [MS_PM_INTC] hw:10 -> v:73\r\n[    0.998427] MSYS: DMEM request: [emac0_buff]:0x00000812\r\n[    1.003615] MSYS: DMEM request: [emac0_buff]:0x00000812 success, CPU phy:@0x25C46000, virt:@0xC5C46000\r\n[    1.013740] libphy: mdio: probed\r\n[    1.016817] mdio_bus mdio-bus@emac0: /soc/emac0/mdio-bus/ethernet-phy@0 has invalid PHY address\r\n[    1.025565] mdio_bus mdio-bus@emac0: scan phy ethernet-phy at address 0\r\n[    1.032580] mdio_bus mdio-bus@emac0: scan phy ethernet-phy at address 1\r\n[    1.039054] mdio_bus mdio-bus@emac0: scan phy ethernet-phy at address 2\r\n[    1.045716] mdio_bus mdio-bus@emac0: scan phy ethernet-phy at address 3\r\n[    1.052297] mdio_bus mdio-bus@emac0: scan phy ethernet-phy at address 4\r\n[    1.058896] mdio_bus mdio-bus@emac0: scan phy ethernet-phy at address 5\r\n[    1.065541] mdio_bus mdio-bus@emac0: scan phy ethernet-phy at address 6\r\n[    1.072145] mdio_bus mdio-bus@emac0: scan phy ethernet-phy at address 7\r\n[    1.078741] mdio_bus mdio-bus@emac0: scan phy ethernet-phy at address 8\r\n[    1.085385] mdio_bus mdio-bus@emac0: scan phy ethernet-phy at address 9\r\n[    1.091983] mdio_bus mdio-bus@emac0: scan phy ethernet-phy at address 10\r\n[    1.098672] mdio_bus mdio-bus@emac0: scan phy ethernet-phy at address 11\r\n[    1.105402] mdio_bus mdio-bus@emac0: scan phy ethernet-phy at address 12\r\n[    1.112091] mdio_bus mdio-bus@emac0: scan phy ethernet-phy at address 13\r\n[    1.118777] mdio_bus mdio-bus@emac0: scan phy ethernet-phy at address 14\r\n[    1.125515] mdio_bus mdio-bus@emac0: scan phy ethernet-phy at address 15\r\n[    1.132198] mdio_bus mdio-bus@emac0: scan phy ethernet-phy at address 16\r\n[    1.138883] mdio_bus mdio-bus@emac0: scan phy ethernet-phy at address 17\r\n[    1.145600] mdio_bus mdio-bus@emac0: scan phy ethernet-phy at address 18\r\n[    1.152301] mdio_bus mdio-bus@emac0: scan phy ethernet-phy at address 19\r\n[    1.158989] mdio_bus mdio-bus@emac0: scan phy ethernet-phy at address 20\r\n[    1.165705] mdio_bus mdio-bus@emac0: scan phy ethernet-phy at address 21\r\n[    1.172414] mdio_bus mdio-bus@emac0: scan phy ethernet-phy at address 22\r\n[    1.179094] mdio_bus mdio-bus@emac0: scan phy ethernet-phy at address 23\r\n[    1.185811] mdio_bus mdio-bus@emac0: scan phy ethernet-phy at address 24\r\n[    1.192512] mdio_bus mdio-bus@emac0: scan phy ethernet-phy at address 25\r\n[    1.199200] mdio_bus mdio-bus@emac0: scan phy ethernet-phy at address 26\r\n[    1.205916] mdio_bus mdio-bus@emac0: scan phy ethernet-phy at address 27\r\n[    1.212618] mdio_bus mdio-bus@emac0: scan phy ethernet-phy at address 28\r\n[    1.219305] mdio_bus mdio-bus@emac0: scan phy ethernet-phy at address 29\r\n[    1.226021] mdio_bus mdio-bus@emac0: scan phy ethernet-phy at address 30\r\n[    1.232723] mdio_bus mdio-bus@emac0: scan phy ethernet-phy at address 31\r\n[    1.239490] [emac_phy_connect][3328] connected mac emac0 to PHY at mdio-bus@emac0:00 [uid=11112222, driver=SStar 10/100 Ethernet Phy]\r\n[    1.253105] ms_rtcpwc 1f006800.rtcpwc: rtc core: registered 1f006800.rtcpwc as rtc0\r\n[    1.263082] [ms_cpufreq_init] Current clk=796917760\r\n[    1.268723] [i6e][pwm] use ms_pwm->group_data\r\n[    1.273195] [NOTICE]pwm-isr(62) success. If not i6e or i6b0, pls confirm it on .dtsi\r\n[    1.281005] mstar_spinand_probe: mstar_spinand enableClock\r\n[    1.286374] MSYS: DMEM request: [BDMA]:0x00000840\r\n[    1.291083] MSYS: DMEM request: [BDMA]:0x00000840 success, CPU phy:@0x25C47000, virt:@0xC5C47000\r\n[    1.300154] MDrv_SPINAND_Init: Detected ID: MID =b, DID =15\r\n[    1.305595] _dumpNandInformation:warning, Bytes / Page :  2048\r\n[    1.311397] _dumpNandInformation:warning, Pages / Block:  64\r\n[    1.317064] _dumpNandInformation:warning, Sector/ Page :  512\r\n[    1.322818] _dumpNandInformation:warning, Spare / Page :  128\r\n[    1.328544] _dumpNandInformation:warning, Current config r:1 w:1 drv:1\r\n[    1.335535] mstar_spinand_probe: Magic memcmp pass\r\n[    1.340163] mstar_spinand_probe: Get partition (Block 0 : page 1)\r\n[    1.346620] mstar_spinand_probe: CIS contains part info\r\n[    1.351684] mstar_spinand_probe: Before nand_scan()...\r\n[    1.356858] 11 cmdlinepart partitions found on MTD device nand0\r\n[    1.362766] mstar_spinand_probe: Mtd parts parse\r\n[    1.367350] Creating 11 MTD partitions on "nand0":\r\n[    1.372176] 0x000000140000-0x000000200000 : "IPL0"\r\n[    1.382782] 0x000000200000-0x000000260000 : "IPL_CUST0"\r\n[    1.392181] 0x000000260000-0x0000002c0000 : "IPL_CUST1"\r\n[    1.401501] 0x0000002c0000-0x000000320000 : "UBOOT0"\r\n[    1.410612] 0x000000320000-0x000000380000 : "UBOOT1"\r\n[    1.419726] 0x000000380000-0x0000003c0000 : "ENV0"\r\n[    1.428249] 0x0000003c0000-0x0000008c0000 : "KERNEL"\r\n[    1.454310] 0x0000008c0000-0x000000dc0000 : "RECOVERY"\r\n[    1.480434] 0x000000dc0000-0x0000013c0000 : "rootfs"\r\n[    1.530935] 0x0000013c0000-0x000001420000 : "MISC"\r\n[    1.539907] 0x000001420000-0x000008000000 : "UBI"\r\n[    1.939908] mstar notify driver install successfully\r\n[    1.945149] NET: Registered protocol family 17\r\n[    1.950152] ThumbEE CPU extension supported.\r\n[    1.954289] Registering SWP/SWPB emulation handler\r\n[    1.960160] [PWM] mstar_pwm_config duty_ns=0, period_ns=10000\r\n[    1.965799] reg=x1F203310(x1019) clk=12000000, period=x4af\r\n[    1.971234] reg=x1F203308(x1019) clk=12000000, u32Duty=x0\r\n[    1.977064] ubi0: attaching mtd10\r\n[    2.241872] [emac_phy_link_adjust] EMAC Link Down \r\n']……
正在Get specific field : [b'[']……
正在Get specific field : [b'    2.929946] ubi0: scanning is finished\r\n']……
正在Get specific field : [b'[']……
正在Get specific field : [b'    2.943363] ubi0: attach']……
正在Get specific field : [b'ed mtd10 (name "UBI", size 107 MiB)\r\n[    2.94']……
正在Get specific field : [b'8780] ubi0: PEB size: 131072 bytes']……
正在Get specific field : [b' (128 KiB), LEB size: 1']……
正在Get specific field : [b'26976 bytes\r\n[    2.955690] ubi0: ']……
正在Get specific field : [b'min./max. I/O unit sizes: 2048/2048']……
正在Get specific field : [b', sub-page size 2048\r\n[    2.96246']……
正在Get specific field : [b'0] ubi0: VID header offset: 2048 (a']……
正在Get specific field : [b'ligned 2048), data offset: 4096\r\n[']……
正在Get specific field : [b'    2.969407] ubi0: goo']……
正在Get specific field : [b'd PEBs: 859, bad PEBs: 4, corrupted']……
正在Get specific field : [b' PEBs: 0\r\n[    2.975425] ubi0: user volume: 2,']……
正在Get specific field : [b' internal volumes: 1, max. volumes']……
正在Get specific field : [b' count: 128\r\n[    2.982650] ubi0: max/mean era']……
正在Get specific field : [b'se counter: 1/1, WL threshold: 4096']……
正在Get specific field : [b', image sequence number: 0\r\n[    2']……
正在Get specific field : [b'.990992] ubi0: available PEBs: 95, total reser']……
正在Get specific field : [b'ved PEBs: 764, PEBs reserved for bad PEB handl']……
正在Get specific field : [b'ing: 16\r\n[    3.000325] ubi0: back']……
正在Get specific field : [b'ground thread "ubi_bgt0d" started, PID 462\r\n']……
正在Get specific field : [b'[']……
正在Get specific field : [b'    3.037378] ms_rtcpwc 1f006800.rtcp']……
正在Get specific field : [b'wc: setting system clock to 1970-01-01 00:09:2']……
正在Get specific field : [b'9 UTC (569)\r\n[    3.045911] OF: f']……
正在Get specific field : [b"dt:not creating '/sys/firmware/fdt'"]……
正在Get specific field : [b': CRC check failed\r\n[    3.052394] ALSA device']……
正在Get specific field : [b' list:\r\n[    3.055239]   No soundc']……
正在Get specific field : [b'ards found.\r\n']……
正在Get specific field : [b'[']……
正在Get specific field : [b'    3.075813] VFS: Mounted root ']……
正在Get specific field : [b'(squashfs filesystem) readonly on ']……
正在Get specific field : [b'device 31:8.\r\n']……
正在Get specific field : [b'[']……
正在Get specific field : [b'    3.089268] devtmpfs: mounted\r\n[    ']……
正在Get specific field : [b'3.092128] This architecture does no']……
正在Get specific field : [b't have kernel memory protection.\r\n']……
正在Get specific field : [b'm']……
正在Get specific field : [b"ount: can't find devpts in /etc/fstab\r"]……
正在Get specific field : [b'\n']……
正在Get specific field : [b'net']……
正在Get specific field : [b'.core.rmem_default = 163840\r\nnet.']……
正在Get specific field : [b'core.rmem_max = 163840\r\nnet.core.wme']……
正在Get specific field : [b'm_default = 524288\r\nnet.core.wmem']……
正在Get specific field : [b'_max = 1048576\r\nnet.ipv4.tcp_mem =']……
正在Get specific field : [b' 924  1232  1848\r\nnet.ipv4.tcp_rmem']……
正在Get specific field : [b' = 4096  87380  325120\r\nnet.ipv4.tc']……
正在Get specific field : [b'p_wmem = 4096  131072  393216\r\nmou']……
正在Get specific field : [b'nt: mounting none on /sys failed: ']……
正在Get specific field : [b'Device or r']……
正在Get specific field : [b'esource busy\r\nmo[    6.']……
正在Get specific field : [b'210497] UBIFS (ubi0:0): background ']……
正在Get specific field : [b'thread "ubifs_bgt0_0" started, PID']……
正在Get specific field : [b' 483\r\nunt: mounting ']……
正在Get specific field : [b'none on /sys/kernel/debug/ failed:']……
正在Get specific field : [b' Device or resource busy\r\n']……
正在Get specific field : [b'[']……
正在Get specific field : [b'    6.255673] UBIFS (ubi0:0): sta']……
正在Get specific field : [b'rt fixing up free space\r\n']……
正在Get specific field : [b'[']……
正在Get specific field : [b'    6.567953] UBIFS (ubi0:0): ']……
正在Get specific field : [b'free space fixup complete\r\n']……
正在Get specific field : [b'[']……
正在Get specific field : [b'    6.596833] UBIFS (ubi0:0): U']……
正在Get specific field : [b'BIFS: mounted UBI device 0, volume']……
正在Get specific field : [b' 0, name "miservice"\r\n[    6.604373']……
正在Get specific field : [b'] UBIFS (ubi0:0): LEB size: 126976 ']……
正在Get specific field : [b'bytes (124 KiB), min./max. I/O unit ']……
正在Get specific field : [b'sizes: 2048 bytes/2048 ']……
正在Get specific field : [b'bytes\r\n[    6.614275] UBIFS (ubi']……
正在Get specific field : [b'0:0): FS size: 9269248 bytes (8 MiB']……
正在Get specific field : [b', 73 LEBs), journal size 1650688 by']……
正在Get specific field : [b'tes (1 MiB, 13 LEBs)\r\n[    6.62449']……
正在Get specific field : [b'1] UBIFS (ubi0:0): reserved for ro']……
正在Get specific field : [b'ot: 0 bytes (0 KiB)\r\n[    6.630279]']……
正在Get specific field : [b' UBIFS (ubi0:0): media ']……
正在Get specific field : [b'format: w4/r0 (latest is w4/r0), U']……
正在Get specific field : [b'UID 10ABD143-8812-4E4F-85D4-8B4CA27']……
正在Get specific field : [b'D9F76, small LPT model\r\n']……
正在Get specific field : [b'[']……
正在Get specific field : [b'    6.650145] UBIFS (ubi0:1)']……
正在Get specific field : [b': background thread "ubifs_bgt0_1"']……
正在Get specific field : [b' started, PID 486\r\n']……
正在Get specific field : [b'[ ']……
正在Get specific field : [b'   6.702084] UBIFS (ubi0:1): start fixi']……
正在Get specific field : [b'ng up free space\r\n']……
正在Get specific field : [b'[ ']……
正在Get specific field : [b'  11.716515] UBIFS (ubi0:1): free']……
正在Get specific field : [b' space fixup complete\r\n']……
正在Get specific field : [b'[ ']……
正在Get specific field : [b'  11.745314] UBIFS (ubi0:1): UBIFS: m']……
正在Get specific field : [b'ounted UBI device 0, volume 1, na']……
正在Get specific field : [b'me "customer"\r\n[   11.']……
正在Get specific field : [b'752953] UBIFS (ubi0:1): LEB size: ']……
正在Get specific field : [b'126976 bytes (124 KiB), ']……
正在Get specific field : [b'min./max. I/O unit sizes: 2048 byt']……
正在Get specific field : [b'es/2048 bytes\r\n[   11.762739] UBIFS']……
正在Get specific field : [b' (ubi0:1): FS size: 79613952 bytes']……
正在Get specific field : [b' (75 MiB, 627 LEBs), journal size ']……
正在Get specific field : [b'9023488 bytes (8 MiB, 7']……
正在Get specific field : [b'2 LEBs)\r\n[   11.773175] UBIFS (ubi0']……
正在Get specific field : [b':1): reserved for root: 0 bytes (0 KiB)\r\n[   1']……
正在Get specific field : [b'1.778999] UBIFS (ubi0:1']……
正在Get specific field : [b'): media format: w4/r0 (latest is ']……
正在Get specific field : [b'w4/r0), UUID 727E2394-205E-48EC-AA5']……
正在Get specific field : [b'8-13F218C78231, small L']……
正在Get specific field : [b'PT model\r\n']……
正在Get specific field : [b'f']……
正在Get specific field : [b"use: device not found, try 'modprob"]……
正在Get specific field : [b"e fuse' first\r\n"]……
正在Get specific field : [b'E']……
正在Get specific field : [b'nabling support for allow_discards in dmcrypt.\r\n']……
正在Get specific field : [b'T']……
正在Get specific field : [b'he dm-crypt device is already cr']……
正在Get specific field : [b'eated, /dev/dm-0\r\n']……
正在Get specific field : [b'[']……
正在Get specific field : [b'   12.743585] [MS_PM_INTC] hw:2 -']……
正在Get specific field : [b'> v:74\r\n']……
正在Get specific field : [b'i']……
正在Get specific field : [b"nsmod: can't read '/config/module"]……
正在Get specific field : [b"s/4.9.84/ms_notify.ko': No such file or direct"]……
正在Get specific field : [b'ory\r\n']……
正在Get specific field : [b'[']……
正在Get specific field : [b'   12.790578] [CSI] probe\r\n[  ']……
正在Get specific field : [b' 12.793330] Request CSI IRQ[0]#30\r']……
正在Get specific field : [b'\n[   12.796533] CSI interrupt regi']……
正在Get specific field : [b'stered\r\n[   12.800441] vif drive']……
正在Get specific field : [b'r probe\r\n[   12.803649] Create ']……
正在Get specific field : [b'device file. vif_ints,0\r\n']……
正在Get specific field : [b'[   12.809642] jpe dri']……
正在Get specific field : [b'ver probed\r\n[ ']……
正在Get specific field : [b'  12.813354] [Isp_Driver_Init]\r\n']……
正在Get specific field : [b'[']……
正在Get specific field : [b'   12.822486] [s32CurCl']……
正在Get specific field : [b'kIdx] = 0\r\n[   12.825975] [IS']……
正在Get specific field : [b'P] Request IRQ: 29, 57\r\n[   12.8']……
正在Get specific field : [b'29805] [IspMid_Driver_Init]\r\n']……
正在Get specific field : [b'[   12.833868] ispsclttl:0\r\n']……
正在Get specific field : [b'[   12.837409] DivpProcIn']……
正在Get specific field : [b'it 526\r\n']……
正在Get specific field : [b'[']……
正在Get specific field : [b'   12.868420] module [sys] init\r\n']……
正在Get specific field : [b'[']……
正在Get specific field : [b'   12.889657] module [sensor] in']……
正在Get specific field : [b'it\r\n']……
正在Get specific field : [b'[   12.897294]']……
正在Get specific field : [b' module [mipitx] init\r\n']……
正在Get specific field : [b'[']……
正在Get specific field : [b'   12.905807] module [ao] init\r']……
正在Get specific field : [b'\n']……
正在Get specific field : [b'[   12.9']……
正在Get specific field : [b'13894] module [rgn] init\r\n']……
正在Get specific field : [b'[']……
正在Get specific field : [b'   12.924864] module [ldc] ini']……
正在Get specific field : [b't\r\n']……
正在Get specific field : [b'[']……
正在Get specific field : [b'   12.934881] module [vpe] ini']……
正在Get specific field : [b't\r\n']……
正在Get specific field : [b'[']……
正在Get specific field : [b'   12.942589] module [shadow] init\r\n']……
正在Get specific field : [b'[']……
正在Get specific field : [b'   12.949828] module [gyro] in']……
正在Get specific field : [b'it\r\n']……
正在Get specific field : [b'[   ']……
正在Get specific field : [b'12.958141] module [vif] init\r\n']……
正在Get specific field : [b'[']……
正在Get specific field : [b'   12.968154] module [venc']……
正在Get specific field : [b'] init May 13 2021 15:01:54\r\n']……
正在Get specific field : [b'[']……
正在Get specific field : [b'   12.977590] module [panel] init\r\n']……
正在Get specific field : [b'[']……
正在Get specific field : [b'   12.986978] module [disp] i']……
正在Get specific field : [b'nit\r\n']……
正在Get specific field : [b'[   12.995844] modul']……
正在Get specific field : [b'e [ipu] init\r\n']……
正在Get specific field : [b'[   13.003418']……
正在Get specific field : [b'] module [divp] init\r\n']……
正在Get specific field : [b'[']……
正在Get specific field : [b'   13.012915] module [ai] ini']……
正在Get specific field : [b't\r\n']……
正在Get specific field : [b'[   13.020430']……
正在Get specific field : [b'] module [vdisp] init\r\n']……
正在Get specific field : [b'[']……
正在Get specific field : [b'   13.095070] Infinity6e PHY init, d-ph']……
正在Get specific field : [b'y:1f2a4600, a-phy0:1f2a4800, a-phy']……
正在Get specific field : [b'1:1f2a4a00\r\n[   13.102607] -Tx cur']……
正在Get specific field : [b'[3]: Va1.10_Vb0.65_De_m3.5dB\r\n']……
正在Get specific field : [b'[']……
正在Get specific field : [b'   13.112978] IC is not Trim,']……
正在Get specific field : [b' apply default setting\r\n']……
正在Get specific field : [b'[']……
正在Get specific field : [b'   13.177226] [cus_vcm_init_handle]\r\n']……
正在Get specific field : [b'[   13.180392] [cus_vcm_init_handle]\r\n']……
正在Get specific field : [b'[   13.18']……
正在Get specific field : [b'7787] zs02 [cus_camsensor_init_han']……
正在Get specific field : [b'dle]\r\n[   13.192011] zs']……
正在Get specific field : [b'02 [cus_camsensor_init_handle]\r\n']……
正在Get specific field : [b'(']……
正在Get specific field : [b'none) login: ']……
正在Get specific field : [b'[']……
正在Get specific field : [b'   14.766843] client [677] con']……
正在Get specific field : [b'nected, module:ipu\r\n']……
正在Get specific field : [b'[']……
正在Get specific field : [b'   14.883072] au8SetProId[0]:0x71\r\n[   ']……
正在Get specific field : [b'14.886056] miu_number:0,start:0x25']……
正在Get specific field : [b'e7c000,end:0x25fe0000,flag:1\r\n']……
正在Get specific field : [b'[   14.893844] _hal']……
正在Get specific field : [b'_to_cpu_isr invalid isr']……
正在Get specific field : [b' 1\r\nIPU SDK version: 1.1.2_verifi']……
正在Get specific field : [b'ed_21010811\r\nclient [677] Create IPU device, re']……
正在Get specific field : [b'ference=1\r\nModel version: 1.1.0_ve']……
正在Get specific field : [b'rified_20091609\r\n']……
正在Get specific field : [b'c']……
正在Get specific field : [b'lient [677] Create IPU channel 0\r\n']……
正在Get specific field : [b'U']……
正在Get specific field : [b'VC Set Trace Le[   14.993788] RxDET\r\n']……
正在Get specific field : [b'vel: error\r\n']……
正在Get specific field : [b'[']……
正在Get specific field : [b'   15.068665] [_MI_AI_IMPL_AllocT']……
正在Get specific field : [b'mpBuffer:3844] tmp buffer addr[d1798000].\r\n']……
正在Get specific field : [b'[']……
正在Get specific field : [b'   15.091344] SS DIS\r\n[ ']……
正在Get specific field : [b'  15.094331] RxDET\r\n _MI_AI']……
正在Get specific field : [b'_OpenAecLib: success\r\n']……
正在Get specific field : [b' _']……
正在Get specific field : [b'MI_AI_OpenVqeLib: success\r\n']……
正在Get specific field : [b' ']……
正在Get specific field : [b'_MI_AI_OpenSrcLib: success\r\n']……
正在Get specific field : [b' ']……
正在Get specific field : [b'_MI_AI_OpenG711Lib: success\r\n _M']……
正在Get specific field : [b'I_AI_OpenG726Lib: success\r\n']……
正在Get specific field : [b' ']……
正在Get specific field : [b'_MI_AI_OpenAedLib: success\r\n']……
正在Get specific field : [b' ']……
正在Get specific field : [b'_MI_AI_OpenSslLib: success\r\n']……
正在Get specific field : [b' ']……
正在Get specific field : [b'_MI_AI_OpenBfLib: success\r\n']……
正在Get specific field : [b'x']……
正在Get specific field : [b'mos firmware upgrade start!!!\r\n']……
xmos需要升级，等待获取upgrade done关键字后系统启动完毕
结果获取完毕：xmos firmware upgrade Done!!!
Flash Module + XMOS Update Done
Begin getCurrentVersion
输入账号密码……
b'\r\n(none) login: \r\n(none) login: root\r\nPassword: [   70.030163] [PWM] mstar_pwm_config duty_ns=0, period_ns=10000\r\n[   70.035819] reg=x1F203310(x1019) clk=12000000, period=x4af\r\n[   70.041252] reg=x1F203308(x1019) clk=12000000, u32Duty=x0\r\n[   70.046668] [PWM] mstar_pwm_disable\r\n[   70.534166] [PWM] mstar_pwm_config duty_ns=15, period_ns=10000\r\n[   70.539857] reg=x1F203310(x1019) clk=12000000, period=x4af\r\n[   70.546032] reg=x1F203308(x1019) clk=12000000, u32Duty=xb3\r\n[   70.551372] [PWM] mstar_pwm_enable\r\n[   71.449394] [PWM] mstar_pwm_config duty_ns=0, period_ns=10000\r\n[   71.455066] reg=x1F203310(x1019) clk=12000000, period=x4af\r\n[   71.460476] reg=x1F203308(x1019) clk=12000000, u32Duty=x0\r\n[   71.465908] [PWM] mstar_pwm_disable\r\n'
b'\r\n'
b'\r\nuname -a\r\n\r\nuname -'
b'a\r\n\r\nuname -a\r\n\r\n'
b'uname -a\r\n\r\n'
b'uname -a\r\n\r\n'
b'uname -a\r\n\r\n'
b"uname -a\r\n\r\nlogin: can't c"
b'hdir to home directory '
b"'/home/root'\r\nlogin[686]: root logi"
b"n on 'UNKNOWN'\r\r\nuname -a\r\n\r\n-sh: can't acces"
b's tty; job control turned off\r\nunam'
b'e -a\r\n\r\nuname -a\r\n\r\n/ # \r\n/ # unam'
b'e -a\r\nuname -a\r\n\r\nLinux (none) 4.9.'
339版本刷机成功！
Xmos version Flash done : to 3.1.7
Begin XMOS version： getXmosVersion
输入账号密码……
正在获取当前XMOS版本……
b'84 #2 SMP PREEMPT Mon Feb 28 15:38:47 CST 2022 armv7l GNU/Linux\r\n/ # \r\n/ # uname -a\r\nme -a\r\n\r\nuname -a\r\n\r\nLinux (none) 4.9.84 #2 SMP PREEMPT Mon Feb 28 15:38:47 CST 2022 armv7l GNU/Linux\r\n/ # \r\n/ # uname -a\r\nuname -a\r\n\r\nLinux (none) 4.9.84 #2 SMP PREEMPT Mon Feb 28 15:38:47 CST 2022 armv7l GNU/Linux\r\n/ # \r\n/ # uname -a\r\nLinux (none) 4.9.84 #2 SMP PREEMPT Mon Feb 28 15:38:47 CST 2022 armv7l GNU/Linux\r\n/ # \r\n/ # uname -a\r\nLinux (none) 4.9.84 #2 SMP PREEMPT Mon Feb 28 15:38:47 CST 2022 armv7l GNU/Linux\r\n/ # \r\n/ # uname -a\r\n\r\n\r\nroot\r\n\r\nLinux (none) 4.9.84 #2 SMP PREEMPT Mon Feb 28 15:38:47 CST 2022 armv7l GNU/Linux\r\n/ # \r\n/ # uname -a\r\nLinux (none) 4.9.84 #2 SMP PREEMPT Mon Feb 28 15:38:47 CST 2022 armv7l GNU/Linux\r\n/ # \r\n/ # uname -a\r\nLinux (none) 4.9.84 #2 SMP PREEMPT Mon Feb 28 15:38:47 CST 2022 armv7l GNU/Linux\r\n/ # \r\n/ # uname -a\r\nLinux (none) 4.9.84 #2 SMP PREEMPT Mon Feb 28 15:38:47 CST 2022 armv7l GNU/Linux\r\n/ # \r\n/ # uname -a\r\nLinux (none) 4.9.84 #2 SMP PREEMPT Mon Feb 28 15:38:47 CST 2022 armv7l GNU/Linux\r\n/ # \r\n/ # uname -a\r\nLinux (none) 4.9.84 #2 SMP PREEMPT Mon Feb 28 15:38:47 CST 2022 armv7l GNU/Linux\r\n/ # \r\n/ # uname -a\r\nLinux (none) 4.9.84 #2 SMP PREEMPT Mon Feb 28 15:38:47 CST 2022 armv7l GNU/Linux\r\n/ # \r\n/ # uname -a\r\nLinux (none) 4.9.84 #2 SMP PREEMPT Mon Feb 28 15:38:47 CST 2022 armv7l GNU/Linux\r\n/ # \r\n/ # uname -a\r\nLinux (none) 4.9.84 #2 SMP PREEMPT Mon Feb 28 15:38:47 CST 2022 armv7l GNU/Linux\r\n/ # \r\n/ # \r\n/ # \r\n/ # root\r\n-sh: root: not found\r\n/ # \r\n/ # bunengshuo\r\n-sh: bunengshuo: not '
正在获取当前XMOS版本……
b'found\r\n/ # \r\n/ # dfu_i2c read_version\r\n\r\nAttempti'
正在获取当前XMOS版本……
b'ng to connect via I2C: connected\r\nVersion: 3.1.7\r\n/ # \r\n/ # dfu_i2c read_version'
Xmos版本升级成功，版本匹配正确：Version: 3.1.7, 开始降级刷机到Version 3.1.6！
Result：【第1次测试: A->B升级成功】

第2次升降级反复刷机从【Version: 3.1.6】->【Version: 3.1.7】测试
Begin XMOS version： getXmosVersion
输入账号密码……
正在获取当前XMOS版本……
b'\r\n\r\nAttempting to connect via I2C: connected\r\nVersion: 3.1.7\r\n/ # \r\n/ # dfu_i2c read_version\r\n\r\nAttempting to connect via I2C: connected\r\nVersion: 3.1.7\r\n/ # \r\n/ # \r\n/ # \r\n/ # root\r\n-sh: root: not found\r\n/ # \r\n/ # bunengshuo\r\n-sh: bunengshuo: not found\r\n/ # \r\n/ # '
Xmos版本升级成功，版本匹配正确：Version: 3.1.7, 开始降级刷机到Version 3.1.6！
输入账号密码……
进入BootLoader模式 - port open,current port info:[COM35 - 115200]
输入账号密码……
boot loader done
Start MODULE upgrade for serial : 3456789520131413
MODULE upgrade done sleep 60s to wait!!!
Get specific field
输入账号密码……
输入账号密码……
