130|console:/ $ Chip Temperature: 71 degC(raw_data = 464)
[16822.821018] syna-isp f9100000.isp: ISP DHUB:suspend Done!
[16822.826542] reboot: Restarting system with command 'shell'
%%%%SM:Msg reset system%%%%
******enter flow ---Sysreset to Active---
soc_assert done
peripheral_deassert done
mv_sm_power_socpoweron done
soc_deassert done

bg7 a0 erom: release id 0x5cd2459, commit time Fri Apr 9 10:59:43 2021 -0700
bg7 a0 hal : release id 0x5691415, commit time Sun Oct 17 20:49:53 2021 -0700
Enter PI Command Loop...
build-in module: release id 0x954bed4, commit time Thu Mar 11 12:49:19 2021 -0800
Load sysinit
Start ACPU
init cpupll 400MHz
init mempll 3733MHz
init 4GB DDR, lib version r68332
DHL:v0p92 PT:v0p92 ID:0x23
asking BCM to load ddr phy fw.
DDR PHY firmware loading is done.
asking BCM to load ddr phy fw.
DDR PHY firmware loading is done.
asking BCM to load ddr phy fw.
DDR PHY firmware loading is done.
asking BCM to load ddr phy fw.
DDR PHY firmware loading is done.
asking BCM to load ddr phy fw.
DDR PHY firmware loading is done.
asking BCM to load ddr phy fw.
DDR PHY firmware loading is done.
asking BCM to load ddr phy fw.
DDR PHY firmware loading is done.
hw_init done
custom table done
asking BCM to load miniloader.
try to verify flash miniloader
init syspll 800MHz
Flow updatebcd:m_ tezxt ln:oa rdeerle, aseeMM iC d b0ooxet!f3
452RKdE, Kc_IoDmm i(bty ttie[m0e :T7]h)u  F= e0b 010070 20300:0590:00307 02000
 UL-T08 0(b0y
te[0:7])     = 435e989ad9900814
Chip version        = 0x01
Leakage ID = 1234
Check bootmode = 0x0 !
Check slot index = 0x0 !
VS680: bm_verify_image, cmd:0x1006, 0x4,0x160000,0x1000000,0x160000,0xbfea4,0x1 !
VS680: bm_verify_image, cmd:0x1006, 0x4,0x120000,0x1000000,0x120000,0xbfea4,0x1 !
load_tzk_boot_param to address = 0x0, size = 0x1c00 .
VS680: bm_verify_image, cmd:0x1006, 0x2,0x101000,0x1000000,0x101000,0xbfe94,0x1 !
load_tzk_oem_setting to address = 0x102c00, size = 0x2000 .
VS680: bm_verify_image, cmd:0x1006, 0x5,0x4104000,0x1000000,0x4104000,0xbfee4,0x1 !
load slot a images successfully.
Image Load done with bootmode=0x0, slot=a !
Bootloader paramater to address 0x4100000 
NOTICE:  BL31: v2.5(release):f1d5e176b
TZK: b1530905fddb0d
BOOT_REASON: reboot
**********board_version( 0x 2)
INFO: STB Revision 2.0(3'b010) Board Detected!
Vcpu is 812500uV, default setting by hardware. 
Vcore is 862500uV, default setting by hardware. 
[fastlogo]:Show Logo Start !
Boot Image Version is 4
*******S**M*:b osoarcd__tvseerns_iiodn=(1 004x,  2
)
MV_SM_BOARDVER_GET: board_version( 0x 2)
Platform VCPU default PMIC : MP886X, VCORE default PMIC: MP886X
Platform VCPU actual  PMIC : SYR837_8, VCORE actual  PMIC: SYR837_8
[     0] Start kernel at 0x04a80000
[    0.000000] Booting Linux on physical CPU 0x0000000000 [0x411fd090]
[    0.000000] Linux version 5.4.141+-ab20220816-145935 (builder@55168dd38195) (Android (6573524 based on r383902b) clang version 11.0.2 (https://android.googlesource.com/toolchain/llvm-project b397f81060ce6d701042b782172ed13bee898b79), LLD 11.0.2 (/buildbot/tmp/tmpF3FjA8 b397f81060ce6d701042b782172ed13bee898b79)) #1 SMP PREEMPT Tue Aug 16 15:17:00 CST 2022
[    0.000000] Machine model: Synaptics VS680 EVK
[    0.000000] cma: Reserved 1200 MiB at 0x0000000025c00000
[    0.000000] psci: probing for conduit method from DT.
[    0.000000] psci: PSCIv1.1 detected in firmware.
[    0.000000] psci: Using standard PSCI v0.2 function IDs
[    0.000000] psci: Trusted OS migration not required
[    0.000000] psci: SMC Calling Convention v1.0
[    0.000000] Load bootconfig: 748 bytes 42 nodes
[    0.000000] percpu: Embedded 35 pages/cpu s103128 r8192 d32040 u143360
[    0.000000] Detected VIPT I-cache on CPU0
[    0.000000] CPU features: detected: ARM erratum 858921
[    0.000000] CPU features: kernel page table isolation disabled by kernel configuration
[    0.000000] Built 1 zonelists, mobility grouping on.  Total pages: 823032
[    0.000000] Kernel command line: console=ttyS0,115200 init=/init root=/dev/ram0 firmware_class.path=/vendor/firmware loop.max_part=7 bootconfig buildvariant=userdebug  chipid=435e989ad9900814 cma=1258291200@633339904
[    0.000000] Dentry cache hash table entries: 524288 (order: 10, 4194304 bytes, linear)
[    0.000000] Inode-cache hash table entries: 262144 (order: 9, 2097152 bytes, linear)
[    0.000000] mem auto-init: stack:off, heap alloc:off, heap free:off
[    0.000000] Memory: 1988100K/3344384K available (13820K kernel code, 1208K rwdata, 9544K rodata, 1152K init, 697K bss, 127484K reserved, 1228800K cma-reserved)
[    0.000000] random: get_random_u64 called from __kmem_cache_create+0xc8/0x734 with crng_init=0
[    0.000000] SLUB: HWalign=64, Order=0-3, MinObjects=0, CPUs=4, Nodes=1
[    0.000000] rcu: Preemptible hierarchical RCU implementation.
[    0.000000] rcu:     RCU dyntick-idle grace-period acceleration is enabled.
[    0.000000]  Tasks RCU enabled.
[    0.000000] rcu: RCU calculated value of scheduler-enlistment delay is 10 jiffies.
[    0.000000] NR_IRQS: 64, nr_irqs: 64, preallocated irqs: 0
[    0.000000] GIC: Using split EOI/Deactivate mode
[    0.000000] rcu:     Offload RCU callbacks from CPUs: (none).
[    0.000000] kfence: initialized - using 2097152 bytes for 255 objects at 0x(____ptrval____)-0x(____ptrval____)
[    0.000000] arch_timer: Enabling local workaround for ARM erratum 858921
[    0.000000] arch_timer: CPU0: Trapping CNTVCT access
[    0.000000] arch_timer: cp15 timer(s) running at 25.00MHz (phys).
[    0.000000] clocksource: arch_sys_counter: mask: 0xffffffffffffff max_cycles: 0x5c40939b5, max_idle_ns: 440795202646 ns
[    0.000002] sched_clock: 56 bits at 25MHz, resolution 40ns, wraps every 4398046511100ns
[    0.000190] Calibrating delay loop (skipped), value calculated using timer frequency.. 50.00 BogoMIPS (lpj=250000)
[    0.000195] pid_max: default: 32768 minimum: 301
[    0.000255] LSM: Security Framework initializing
[    0.000274] SELinux:  Initializing.
[    0.000333] Mount-cache hash table entries: 8192 (order: 4, 65536 bytes, linear)
[    0.000343] Mountpoint-cache hash table entries: 8192 (order: 4, 65536 bytes, linear)
[    0.000975] ASID allocator initialised with 65536 entries
[    0.001004] rcu: Hierarchical SRCU implementation.
[    0.001239] smp: Bringing up secondary CPUs ...
[    0.001622] Detected VIPT I-cache on CPU1
[    0.001637] arch_timer: Enabling local workaround for ARM erratum 858921
[    0.001646] arch_timer: CPU1: Trapping CNTVCT access
[    0.001653] CPU1: Booted secondary processor 0x0000000001 [0x411fd090]
[    0.002049] Detected VIPT I-cache on CPU2
[    0.002057] arch_timer: Enabling local workaround for ARM erratum 858921
[    0.002060] arch_timer: CPU2: Trapping CNTVCT access
[    0.002064] CPU2: Booted secondary processor 0x0000000002 [0x411fd090]
[    0.002457] Detected VIPT I-cache on CPU3
[    0.002464] arch_timer: Enabling local workaround for ARM erratum 858921
[    0.002467] arch_timer: CPU3: Trapping CNTVCT access
[    0.002471] CPU3: Booted secondary processor 0x0000000003 [0x411fd090]
[    0.002502] smp: Brought up 1 node, 4 CPUs
[    0.002512] SMP: Total of 4 processors activated.
[    0.002515] CPU features: detected: 32-bit EL0 Support
[    0.002517] CPU features: detected: CRC32 instructions
[    0.004579] CPU features: emulated: Privileged Access Never (PAN) using TTBR0_EL1 switching
[    0.004581] CPU: All CPU(s) started at EL2
[    0.004591] alternatives: patching kernel code
[    0.004764] CPU3: update max cpu_capacity 1024
[    0.007230] Registered cp15_barrier emulation handler
[    0.007238] Registered setend emulation handler
[    0.007345] clocksource: jiffies: mask: 0xffffffff max_cycles: 0xffffffff, max_idle_ns: 19112604462750000 ns
[    0.007351] futex hash table entries: 1024 (order: 4, 65536 bytes, linear)
[    0.011671] CPU1: update max cpu_capacity 1024
[    0.018696] pinctrl core: initialized pinctrl subsystem
[    0.019095] NET: Registered protocol family 16
[    0.019807] DMA: preallocated 256 KiB pool for atomic allocations
[    0.019819] audit: initializing netlink subsys (disabled)
[    0.019872] audit: type=2000 audit(0.010:1): state=initialized audit_enabled=0 res=1
[    0.020022] cpuidle: using governor teo
[    0.020069] hw-breakpoint: found 6 breakpoint and 4 watchpoint registers.
[    0.020467] pstore: Registered ramoops as persistent store backend
[    0.020470] ramoops: using 0x4000@0xf901c000, ecc: 0
[    0.030789] cryptomgr_test (37) used greatest stack depth: 14640 bytes left
[    0.031184] cryptd: max_cpu_qlen set to 1000
[    0.032003] cryptomgr_test (85) used greatest stack depth: 14528 bytes left
[    0.033565] gpio-dwapb f7fc8000.gpio: no irq for port0
[    0.034168] SCSI subsystem initialized
[    0.034234] usbcore: registered new interface driver usbfs
[    0.034249] usbcore: registered new interface driver hub
[    0.034262] usbcore: registered new device driver usb
[    0.042427] gpio-394 (gpioi2c3): enforced open drain please flag it properly in DT/ACPI DSDT/board file
[    0.042443] gpio-393 (gpioi2c3): enforced open drain please flag it properly in DT/ACPI DSDT/board file
[    0.042475] i2c-gpio gpioi2c3: using lines 394 (SDA) and 393 (SCL)
[    0.044039] videodev: Linux video capture interface: v2.00
[    0.044135] Advanced Linux Sound Architecture Driver Initialized.
[    0.044325] Bluetooth: Core ver 2.22
[    0.044337] NET: Registered protocol family 31
[    0.044339] Bluetooth: HCI device and connection manager initialized
[    0.044343] Bluetooth: HCI socket layer initialized
[    0.044346] Bluetooth: L2CAP socket layer initialized
[    0.044517] clocksource: Switched to clocksource arch_sys_counter
[    0.052542] cryptomgr_test (37): highest shadow stack usage: 112 bytes
[    0.072921] VFS: Disk quotas dquot_6.6.0
[    0.072948] VFS: Dquot-cache hash table entries: 512 (order 0, 4096 bytes)
[    0.073182] thermal_sys: Registered thermal governor 'step_wise'
[    0.073249] NET: Registered protocol family 2
[    0.073348] IP idents hash table entries: 65536 (order: 7, 524288 bytes, linear)
[    0.074247] tcp_listen_portaddr_hash hash table entries: 2048 (order: 3, 32768 bytes, linear)
[    0.074273] TCP established hash table entries: 32768 (order: 6, 262144 bytes, linear)
[    0.074361] TCP bind hash table entries: 32768 (order: 7, 524288 bytes, linear)
[    0.074602] TCP: Hash tables configured (established 32768 bind 32768)
[    0.074655] UDP hash table entries: 2048 (order: 4, 65536 bytes, linear)
[    0.074696] UDP-Lite hash table entries: 2048 (order: 4, 65536 bytes, linear)
[    0.074787] NET: Registered protocol family 1
[    0.075105] Trying to unpack rootfs image as initramfs...
[    0.135393] Freeing initrd memory: 19724K
[    0.135915] hw perfevents: enabled with armv8_cortex_a73 PMU driver, 7 counters available
[    0.137595] Initialise system trusted keyrings
[    0.137652] workingset: timestamp_bits=46 max_order=20 bucket_order=0
[    0.141061] ntfs: driver 2.1.32 [Flags: R/W].
[    0.141201] fuse: init (API version 7.31)
[    0.157807] Key type asymmetric registered
[    0.157812] Asymmetric key parser 'x509' registered
[    0.157828] Block layer SCSI generic (bsg) driver version 0.4 loaded (major 251)
[    0.157831] io scheduler mq-deadline registered
[    0.157893] io scheduler bfq registered
[    0.158951] et6416 3-0020: label = et6416 base = 368 .
[    0.159488] berlin-pcie f7e40000.pcie: host bridge /soc/pcie@f7e40000 ranges:
[    0.159495] berlin-pcie f7e40000.pcie:   No bus range found for /soc/pcie@f7e40000, using [bus 00-ff]
[    0.159508] berlin-pcie f7e40000.pcie:    IO 0xe0800000..0xe0ffffff -> 0x00000000
[    0.159516] berlin-pcie f7e40000.pcie:   MEM 0xe1000000..0xe7ffffff -> 0xe1000000
[    0.304533] phy phy-f7e4a02c.phy.0: PCIe PLL is locked.
[    0.644538] berlin-pcie f7e40000.pcie: Link up
[    0.644606] berlin-pcie f7e40000.pcie: PCI host bridge to bus 0000:00
[    0.644611] pci_bus 0000:00: root bus resource [bus 00-ff]
[    0.644616] pci_bus 0000:00: root bus resource [io  0x0000-0x7fffff]
[    0.644619] pci_bus 0000:00: root bus resource [mem 0xe1000000-0xe7ffffff]
[    0.644633] pci 0000:00:00.0: [16c3:abcd] type 01 class 0x060400
[    0.644648] pci 0000:00:00.0: reg 0x38: [mem 0x00000000-0x0000ffff pref]
[    0.644674] pci 0000:00:00.0: supports D1 D2
[    0.644677] pci 0000:00:00.0: PME# supported from D0 D1 D3hot
[    0.645654] pci 0000:01:00.0: [14e4:449d] type 00 class 0x028000
[    0.645741] pci 0000:01:00.0: reg 0x10: [mem 0x00000000-0x0000ffff 64bit]
[    0.645776] pci 0000:01:00.0: reg 0x18: [mem 0x00000000-0x003fffff 64bit]
[    0.646089] pci 0000:01:00.0: supports D1 D2
[    0.646092] pci 0000:01:00.0: PME# supported from D0 D1 D2 D3hot D3cold
[    0.675357] pci 0000:00:00.0: BAR 8: assigned [mem 0xe1000000-0xe15fffff]
[    0.675361] pci 0000:00:00.0: BAR 6: assigned [mem 0xe1600000-0xe160ffff pref]
[    0.675367] pci 0000:01:00.0: BAR 2: assigned [mem 0xe1000000-0xe13fffff 64bit]
[    0.675396] pci 0000:01:00.0: BAR 0: assigned [mem 0xe1400000-0xe140ffff 64bit]
[    0.675424] pci 0000:00:00.0: PCI bridge to [bus 01-ff]
[    0.675428] pci 0000:00:00.0:   bridge window [mem 0xe1000000-0xe15fffff]
[    0.675541] pcieport 0000:00:00.0: PME: Signaling with IRQ 159
[    0.675669] lp855x 0-002c: 0-002c supply power not found, using dummy regulator
[    0.675769] lp855x 0-002c: device config err: -121
[    0.675839] lp855x: probe of 0-002c failed with error -121
[    0.675949] pwm-backlight panel0-backlight: panel0-backlight supply power not found, using dummy regulator
[    0.677458] syna-isp f9100000.isp: Initialization complete
[    0.678634] syna-isp f9100000.isp: isp_invoke_mod_probe!
[    0.678638] syna-isp f9100000.isp: [ispcore] ISP Core Sub Module intitalized
[    0.678641] syna-isp f9100000.isp: [ispcore] isp_core_mod_probe:277: probe Done
[    0.678644] syna-isp f9100000.isp: ISP_DRV:probe Done!
[    0.678654] syna-isp f9100000.isp: [ispdhub] isp_drv_dhub_config:60: irq - isp_tsb_dhub:3a
[    0.678658] syna-isp f9100000.isp: [ispdhub] isp_drv_dhub_config:70: ISP base : (____ptrval____)
[    0.678663] syna-isp f9100000.isp: [ispdhub] isp_dhub_mod_probe:788: probe Done
[    0.678666] syna-isp f9100000.isp: ISP DHUB:probe Done!
[    0.678758] syna-axi-meter f7940000.axi_meter: axi meter start
[    0.678947] VPP_ModuleInit:Normal mode, ta_flag:0
[    0.678998] vpp : register successful, mode: NORMAL
[    0.679518] syr837_8-regulator 1-0040: No cache defaults, reading back from HW
[    0.679796] vcpu: supplied by regulator-dummy
[    0.680194] syr837_8-regulator 2-0040: No cache defaults, reading back from HW
[    0.680492] vcore: supplied by regulator-dummy
[    0.680626] Serial: 8250/16550 driver, 4 ports, IRQ sharing disabled
[    0.680989] f7e81400.uart: ttyS3 at MMIO 0xf7e81400 (irq = 50, base_baud = 12500000) is a 16550A
[    0.681135] f7fcd000.uart: ttyS0 at MMIO 0xf7fcd000 (irq = 56, base_baud = 1562500) is a 16550A
[    1.759701] printk: console [ttyS0] enabled
[    1.764044] lt9611 0-003b: lt9611_probe++++++++++++++++++++++++++++++++++
[    1.770846] lt9611 0-003b: enable_gpio = 427
[    2.014517] lt9611 0-003b: reset_gpio = 493
[    2.018776] lt9611 0-003b: irq_gpio = 429
[    2.022784] lt9611 0-003b: client->irq = 140 
[    2.027555] lt9611 0-003b: LT9611 ring Chip ID = 0x17, 0x2
[    2.035604] lt9611 0-003b: LT9611_MIPI_Input_Digtal: lt9611 set mipi lanes = 0 
[    2.043594] lt9611 0-003b: LT9611_MIPI_Input_Digtal: lt9611 set mipi ports = 1 
[    2.050903] lt9611 0-003b: LT9611_MIPI_Input_Digtal: LT9611.mipi_mode = dsi 
[    2.057951] lt9611 0-003b: LT9611_PLL: set rx pll = 144000
[    2.064378] lt9611 0-003b: LT9611_PLL: pcr_m = 0x34, hdmi_post_div = 2
[    2.073643] lt9611 0-003b: LT9611_PLL: HDMI pll unlocked, reset pll
[    2.080590] lt9611 0-003b: LT9611_PLL: HDMI pll lockedA3ACband out: 0x35
[    2.087386] random: fast init done
[    2.093438] lt9611 0-003b: Audio inut = I2S 2ch 
[    2.164632] lt9611 0-003b: LT9611_load_hdcp_key: external key unvalid, using internal test key! 
[    2.173584] lt9611 0-003b: LT9611_HDMI_TX_Digital: infoFrame_en = 0x0a 
[    2.180370] lt9611 0-003b: LT9611_HDMI_TX_Digital: HMDI mode = HDMI 
[    2.188690] lt9611 0-003b: LT9611_HDMI_TX_Phy: DC couple
[    2.195709] lt9611 0-003b: LT9611_Enable_Interrupts: hpd_irq_enable
[    2.202229] lt9611 0-003b: LT9611_Enable_Interrupts: vid_chg_irq_disable
[    2.208930] lt9611 0-003b: ==========================LT9611 Initial End===============================
[    2.434774] lt9611 0-003b: LT9611_HDP_Interrupt_Handle: HPD acted!
[    2.441211] lt9611 0-003b:  LT9611_HDMI_Out_Disable
[    2.446261] lt9611 0-003b: LT9611_HDCP_Disable! 
[    2.451075] lt9611 0-003b: LT9611_HDP_Interrupt_Handle: HDMI disconnected
[    2.458123] lt9611 0-003b: LT9611_Enable_Interrupts: vid_chg_irq_disable
[    2.465338] lt9611 0-003b:  LT9611_LowPower_mode: enter low power mode 
[    2.471949] lt9611 0-003b: ==========================LT9611 Initial Finish===============================
[    2.481514] lt9611 0-003b: lt9611_probe----------------------------------
[    2.488391] lt9211 0-002d: lt9211_probe++++++++++++++++++++++++++++++++++
[    2.495189] lt9211 0-002d: enable_gpio = 427
[    2.499460] lt9211 0-002d: reset gpio request failed
[    2.504421] lt9211 0-002d: reset_gpio = 493
[    2.508607] lt9211 0-002d: irq_gpio = 429
[    2.512936] lt9211 0-002d: LT9211 Chip ID:0x1801
[    2.517670] lt9211 0-002d: LT9211 Chip ver:0xE4
[    3.045288] lt9211 0-002d: hact = 0x00000000
[    3.049555] lt9211 0-002d: vact = 0x00000000
[    3.053821] lt9211 0-002d: fmt = 0x00000000
[    3.058005] lt9211 0-002d: pa_lpn = 0x00000000
[    3.174523] lt9211 0-002d: video_none,set default video_timing_default
[    3.295797] lt9211 0-002d: LT9211_DesscPll: set rx pll = 144000.
[    3.302057] lt9211 0-002d: LT9211_DesscPll: set rx pll pcr_m = 0x17.
[    3.309464] lt9211 0-002d: LT9211_DesscPll: dessc pll locked.
[    3.344886] lt9211 0-002d: LT9211 pcr_stable_M=17.
[    3.349675] lt9211 0-002d: LT9211 OUTPUT_MODE: 
[    3.354201] lt9211 0-002d: LT9211 set to OUTPUT_LVDS
[    3.360475] lt9211 0-002d: SAWP reg8646 = 0x10 
[    3.514831] lt9211 0-002d: LT9211 tx pll lock.
[    3.519271] lt9211 0-002d: LT9211 tx pll cal done.
[    3.524058] lt9211 0-002d: system success.
[    3.844859] lt9211 0-002d: dessc pixel clock:  0x144116
[    3.852219] lt9211 0-002d: sync_polarity = 0xA
[    3.856665] lt9211 0-002d: hfp = 4094, hs =    0, hbp =    1, hact =    0, htotal = 65535 
[    3.864927] lt9211 0-002d: vfp =    0, vs =    0, vbp =    0, vact =    0, vtotal =    0
[    3.873013] lt9211 0-002d: lt9211_probe----------------------------------
[    3.882142] brd: module loaded
[    3.890359] loop: module loaded
[    3.893640] zram: Added device: zram0
[    3.897793] libphy: Fixed MDIO Bus: probed
[    3.901960] tun: Universal TUN/TAP device driver, 1.6
[    3.907237] stmmaceth f7b60000.ethernet: IRQ eth_wake_irq not found
[    3.913501] stmmaceth f7b60000.ethernet: IRQ eth_lpi not found
[    3.919382] stmmaceth f7b60000.ethernet: PTP uses main clock
[    3.925042] stmmaceth f7b60000.ethernet: no reset control found
[    3.931039] stmmaceth f7b60000.ethernet: User ID: 0x10, Synopsys ID: 0x37
[    3.937833] stmmaceth f7b60000.ethernet:     DWMAC1000
[    3.942709] stmmaceth f7b60000.ethernet: DMA HW capability register supported
[    3.949856] stmmaceth f7b60000.ethernet: RX Checksum Offload Engine supported
[    3.956990] stmmaceth f7b60000.ethernet: COE Type 2
[    3.961865] stmmaceth f7b60000.ethernet: TX Checksum insertion supported
[    3.968564] stmmaceth f7b60000.ethernet: Normal descriptors
[    3.974133] stmmaceth f7b60000.ethernet: Ring mode enabled
[    3.979617] stmmaceth f7b60000.ethernet: Enable RX Mitigation via HW Watchdog Timer
[    4.084529] libphy: stmmac: probed
[    4.088465] PPP generic driver version 2.4.2
[    4.092765] PPP BSD Compression module registered
[    4.097497] PPP Deflate Compression module registered
[    4.102560] PPP MPPE Compression module registered
[    4.107351] NET: Registered protocol family 24
[    4.111782] PPTP driver version 0.8.5
[    4.115537] usbcore: registered new interface driver r8152
[    4.121031] usbcore: registered new interface driver asix
[    4.126450] usbcore: registered new interface driver ax88179_178a
[    4.134131] dwc2 f7c00000.usb: f7c00000.usb supply vusb_d not found, using dummy regulator
[    4.142433] dwc2 f7c00000.usb: f7c00000.usb supply vusb_a not found, using dummy regulator
[    4.274546] dwc2 f7c00000.usb: EPs: 5, dedicated fifos, 4248 entries in SPRAM
[    4.281762] dwc2 f7c00000.usb: DWC OTG Controller
[    4.286476] dwc2 f7c00000.usb: new USB bus registered, assigned bus number 1
[    4.293529] dwc2 f7c00000.usb: irq 46, io mem 0xf7c00000
[    4.298894] usb usb1: New USB device found, idVendor=1d6b, idProduct=0002, bcdDevice= 5.04
[    4.307159] usb usb1: New USB device strings: Mfr=3, Product=2, SerialNumber=1
[    4.314377] usb usb1: Product: DWC OTG Controller
[    4.319081] usb usb1: Manufacturer: Linux 5.4.141+-ab20220816-145935 dwc2_hsotg
[    4.326388] usb usb1: SerialNumber: f7c00000.usb
[    4.331137] hub 1-0:1.0: USB hub found
[    4.334896] hub 1-0:1.0: 1 port detected
[    4.339119] ehci_hcd: USB 2.0 'Enhanced' Host Controller (EHCI) Driver
[    4.345807] xhci-hcd xhci-hcd.0.auto: xHCI Host Controller
[    4.351294] xhci-hcd xhci-hcd.0.auto: new USB bus registered, assigned bus number 2
[    4.359320] xhci-hcd xhci-hcd.0.auto: hcc params 0x0220fe64 hci version 0x110 quirks 0x0000000000010010
[    4.368729] xhci-hcd xhci-hcd.0.auto: irq 160, io mem 0xf7d00000
[    4.374839] usb usb2: New USB device found, idVendor=1d6b, idProduct=0002, bcdDevice= 5.04
[    4.383100] usb usb2: New USB device strings: Mfr=3, Product=2, SerialNumber=1
[    4.390332] usb usb2: Product: xHCI Host Controller
[    4.395210] usb usb2: Manufacturer: Linux 5.4.141+-ab20220816-145935 xhci-hcd
[    4.402341] usb usb2: SerialNumber: xhci-hcd.0.auto
[    4.407354] hub 2-0:1.0: USB hub found
[    4.411108] hub 2-0:1.0: 1 port detected
[    4.415138] xhci-hcd xhci-hcd.0.auto: xHCI Host Controller
[    4.420623] xhci-hcd xhci-hcd.0.auto: new USB bus registered, assigned bus number 3
[    4.428283] xhci-hcd xhci-hcd.0.auto: Host supports USB 3.0 SuperSpeed
[    4.434833] usb usb3: We don't know the algorithms for LPM for this host, disabling LPM.
[    4.442949] usb usb3: New USB device found, idVendor=1d6b, idProduct=0003, bcdDevice= 5.04
[    4.451231] usb usb3: New USB device strings: Mfr=3, Product=2, SerialNumber=1
[    4.458453] usb usb3: Product: xHCI Host Controller
[    4.463327] usb usb3: Manufacturer: Linux 5.4.141+-ab20220816-145935 xhci-hcd
[    4.470465] usb usb3: SerialNumber: xhci-hcd.0.auto
[    4.475455] hub 3-0:1.0: USB hub found
[    4.479209] hub 3-0:1.0: 1 port detected
[    4.483311] usbcore: registered new interface driver uas
[    4.488650] usbcore: registered new interface driver usb-storage
[    4.494829] input: Infra-Red as /devices/virtual/input/input0
[    4.500642] usbcore: registered new interface driver xpad
[    4.506088] usbcore: registered new interface driver usb_acecad
[    4.512018] usbcore: registered new interface driver aiptek
[    4.517627] usbcore: registered new interface driver gtco
[    4.523032] usbcore: registered new interface driver hanwang
[    4.528702] usbcore: registered new interface driver kbtab
[    4.534244] i2c /dev entries driver
[    4.537919] usbcore: registered new interface driver uvcvideo
[    4.543661] USB Video Class driver (1.1.1)
[    4.547979] device-mapper: uevent: version 1.0.3
[    4.552680] device-mapper: ioctl: 4.41.0-ioctl (2019-09-16) initialised: dm-devel@redhat.com
[    4.561419] rfkill_bluetooth_probe: rfkill_bluetooth_probe
[    4.561419] 
[    4.568393] get_dt_data: [BT] bt power gpio is 485
[    4.573226] bluetooth_set_power: bluetooth_set_power: power down = 1
[    4.573226] 
[    4.591057] bluetooth_set_power: bluetooth_set_power: onoff = 1
[    4.591057] 
[    4.599122] sdhci: Secure Digital Host Controller Interface driver
[    4.605308] sdhci: Copyright(c) Pierre Ossman
[    4.609661] sdhci-pltfm: SDHCI platform and OF driver helper
[    4.646295] mmc0: SDHCI controller on f7aa0000.sdhci [f7aa0000.sdhci] using ADMA
[    4.653751] hidraw: raw HID events driver (C) Jiri Kosina
[    4.660018] usbcore: registered new interface driver usbhid
[    4.665604] usbhid: USB HID core driver
[    4.669801] ion-berlin 71400000.ion: ion_berlin_probe 2 heaps done
[    4.676117] ashmem: initialized
[    4.679269] exFAT: Version 1.3.0
[    4.682686] usbcore: registered new interface driver snd-usb-audio
[    4.689044] berlin-pcm probe (____ptrval____)
[    4.694278] netem: version 1.3
[    4.697344] u32 classifier
[    4.700065]     input device check on
[    4.703729]     Actions configured
[    4.707150] usb 2-1: new high-speed USB device number 2 using xhci-hcd
[    4.714062] xt_time: kernel timezone is -0000
[    4.718502] gre: GRE over IPv4 demultiplexor driver
[    4.723414] IPv4 over IPsec tunneling driver
[    4.728030] Initializing XFRM netlink socket
[    4.732302] IPsec XFRM device driver
[    4.736106] NET: Registered protocol family 10
[    4.741003] Segment Routing with IPv6
[    4.744778] mip6: Mobile IPv6
[    4.748038] sit: IPv6, IPv4 and MPLS over IPv4 tunneling driver
[    4.754303] NET: Registered protocol family 17
[    4.758759] NET: Registered protocol family 15
[    4.763205] l2tp_core: L2TP core driver, V2.0
[    4.767608] l2tp_ppp: PPPoL2TP kernel driver, V2.0
[    4.772612] tz_logger_dev: created 128K log 'tzlogger'
[    4.777953] registered taskstats version 1
[    4.782055] Loading compiled-in X.509 certificates
[    4.786916] Key type ._fscrypt registered
[    4.790931] Key type .fscrypt registered
[    4.794899] Key type fscrypt-provisioning registered
[    4.800134] pstore: Using crash dump compression: zstd
[    4.806642] sdhci-dwcmshc f7aa0000.sdhci: dll-calibration result: 47
[    4.814691] [avio] avio_module:avio_sub_module_probe:107
[    4.820003] [avio] avio_module_avio_probe
[    4.824010] [avio] avio_module_drv_vpp_probe:855:
[    4.828743] [avio] avio_module:avio_sub_module_config:143
[    4.834145] sdhci-dwcmshc f7aa0000.sdhci: dll-calibration result: 42
[    4.840513] [avio] drv_vpp_config:284:
[    4.844295] mmc0: new HS400 Enhanced strobe MMC card at address 0001
[    4.850847] [avio] drv_vpp_get_mipi_rst:54 Gpio desc Fail ERR[-2]
[    4.856947] [avio] drv_vpp_read_vpp_cfg:85 - start
[    4.861788] [avio] avio_devices_vpp_enable_clocks: num:6, clk:avio_txescclk, ret:0, rate:200000000 
[    4.871002] mmcblk0: mmc0:0001 Y2P032 29.1 GiB 
[    4.875627] mmcblk0boot0: mmc0:0001 Y2P032 partition 1 4.00 MiB
[    4.881630] mmcblk0boot1: mmc0:0001 Y2P032 partition 2 4.00 MiB
[    4.887592] mmcblk0rpmb: mmc0:0001 Y2P032 partition 3 16.0 MiB, chardev (244:0)
[    4.894925] [avio] avio_devices_vpp_enable_clocks: num:7, clk:avio_vclk0, ret:0, rate:74250000 
[    4.903652] [avio] avio_devices_vpp_enable_clocks: num:8, clk:avio_dpiclk, ret:0, rate:400000000 
[    4.912541] [avio] avio_module_drv_aio_config:194: Node found syna,berlin-aio!
[    4.919845] [avio] drv_dhub_read_dhub_cfg:43: frameRate - 3c
[    4.925553] [avio] drv_dhub_read_dhub_cfg:53: irq - vpp_dhub:a1, ag_dhub:ffffffc3
[    4.933051] [avio] drv_dhub_get_dhub_cfg:80: AVIO base : f7400000/200000
[    4.939779] [avio] ioremap success: vir_addr: (____ptrval____), size: 0x200000, phy_addr: f7400000!
[    4.948839] [avio] register cdev device major [239]
[    4.953727] usb 2-1: New USB device found, idVendor=05e3, idProduct=0610, bcdDevice= 6.63
[    4.961905] usb 2-1: New USB device strings: Mfr=1, Product=2, SerialNumber=0
[    4.969041] [avio] setup cdevs device minor [0]
[    4.973599] [avio] create device sysfs [avio]
[    4.977957] [avio] avio_module:avio_sub_module_init:254
[    4.983435] [avio] aio->pbase = (____ptrval____)
[    4.988055] usb 2-1: Product: USB2.1 Hub
[    4.991975] usb 2-1: Manufacturer: GenesysLogic
[    4.996664] [avio] aio->gbl_base = (____ptrval____)
[    5.001540] [avio] avio_module_aio: init done
[    5.005897] [avio] avio_device_init ok
[    5.009639] [avio] avio_module:avio_sub_module_create_proc_file:385
[    5.015975] [avio] avio_probe OK
[    5.019919] berlin-pcm probe (____ptrval____)
[    5.024644] syna-berlin-asoc soc:vs680-asoc: ASoC: failed to init link dummy-dmic: -517
[    5.032978] dmic_pdm_probe done irqc 1,  max ch inuse 8
[    5.038616] syna-berlin-asoc soc:vs680-asoc: snd-soc-dummy-dai <-> soc:dmic-pdm mapping ok
[    5.046922] syna-berlin-asoc soc:vs680-asoc: snd-soc-dummy-dai <-> soc:i2s-mic1 mapping ok
[    5.055261] hub 2-1:1.0: USB hub found
[    5.059037] syna-berlin-asoc soc:vs680-asoc: snd-soc-dummy-dai <-> soc:i2s-spidf mapping ok
[    5.067400] hub 2-1:1.0: 4 ports detected
[    5.071437] syna-berlin-asoc soc:vs680-asoc: snd-soc-dummy-dai <-> soc:i2s-mic2 mapping ok
[    5.079717] usb 3-1: new SuperSpeed Gen 1 USB device number 2 using xhci-hcd
[    5.086791] syna-berlin-asoc soc:vs680-asoc: snd-soc-dummy-dai <-> soc:i2s_pri_lpbk mapping ok
[    5.095512] syna-berlin-asoc soc:vs680-asoc: snd-soc-dummy-dai <-> soc:i2s_hdmi_lpbk mapping ok
[    5.104232] syna-berlin-asoc soc:vs680-asoc: snd-soc-dummy-dai <-> soc:vs680-spdifi mapping ok
[    5.112868] syna-berlin-asoc soc:vs680-asoc: snd-soc-dummy-dai <-> soc:i2s-mic6 mapping ok
[    5.121414] mrvl_fb_probe: frame-rate:60, frame-size-ndx:1, frame-size:1920x1080
[    5.128895] mrvl_fb_fix.line_length:1e00
[    5.133116] cfg80211: Loading compiled-in X.509 certificates for regulatory database
[    5.138128] usb 3-1: New USB device found, idVendor=05e3, idProduct=0626, bcdDevice= 6.63
[    5.141385] cfg80211: Loaded X.509 cert 'sforshee: 00b28ddf47aef9cea7'
[    5.144532] cryptomgr_probe (151) used greatest stack depth: 13728 bytes left
[    5.149197] usb 3-1: New USB device strings: Mfr=1, Product=2, SerialNumber=0
[    5.155638] platform regulatory.0: Direct firmware load for regulatory.db failed with error -2
[    5.162741] usb 3-1: Product: USB3.1 Hub
[    5.169882] ALSA device list:
[    5.178479] usb 3-1: Manufacturer: GenesysLogic
[    5.182369]   #0: vs680-asoc
[    5.182393] cfg80211: failed to load regulatory.db
[    5.186010]  mmcblk0: p1 p2 p3 p4 p5 p6 p7 p8 p9 p10 p11 p12 p13 p14 p15 p16 p17 p18 p19 p20 p21 p22 p23 p24 p25 p26
[    5.197547] cryptomgr_probe (151): highest shadow stack usage: 176 bytes
[    5.214862] ttyS0 - failed to request DMA
[    5.219091] Freeing unused kernel memory: 1152K
[    5.219683] hub 3-1:1.0: USB hub found
[    5.228163] hub 3-1:1.0: 4 ports detected
[    5.284615] Run /init as init process
[    5.292525] init: init first stage started!
[    5.297073] init: Loading module /lib/modules/tsp.ko with args ''
[    5.365001] [tsp kernel driver]register cdev device major [238]
[    5.370925] [tsp kernel driver]setup cdevs device minor [0]
[    5.376553] [tsp kernel driver]create device sysfs [tsp]
[    5.381862] [tsp kernel driver]tsp_device_init ok
[    5.386568] [tsp kernel driver]berlin_tsp_probe OK
[    5.391555] init: Loaded kernel module /lib/modules/tsp.ko
[    5.397083] init: Loading module /lib/modules/vpu.ko with args ''
[    5.444850] [vpu kernel driver] vpu probe enter
[    5.449384] [vpu kernel driver] find vpu device h1
[    5.454188] [vpu kernel driver] request irq:21
[    5.458636] [vpu kernel driver] register space [mem 0xf7000000-0xf73fffff]
[    5.464526] usb 2-1.4: new low-speed USB device number 3 using xhci-hcd
[    5.465571] [vpu kernel driver] vpu:h1 probe ok
[    5.476713] [vpu kernel driver] vpu probe enter
[    5.481243] [vpu kernel driver] find vpu device vxg
[    5.486129] [vpu kernel driver] request irq:38
[    5.490562] [vpu kernel driver] register space [mem 0xf7600000-0xf77fffff]
[    5.497480] [vpu kernel driver] vpu:vxg probe ok
[    5.502231] init: Loaded kernel module /lib/modules/vpu.ko
[    5.507763] init: Loading module /lib/modules/shm.ko with args ''
[    5.605178] init: Loaded kernel module /lib/modules/shm.ko
[    5.610707] init: Loading module /lib/modules/aout.ko with args ''
[    5.621035] usb 2-1.4: New USB device found, idVendor=046d, idProduct=c34b, bcdDevice=62.00
[    5.629407] usb 2-1.4: New USB device strings: Mfr=1, Product=2, SerialNumber=0
[    5.636723] usb 2-1.4: Product: USB Keyboard
[    5.640994] usb 2-1.4: Manufacturer: Logitech
[    5.721516] input: Logitech USB Keyboard as /devices/platform/soc/soc:xhci@f7d00000/f7d00000.dwc3/xhci-hcd.0.auto/usb2/2-1/2-1.4/2-1.4:1.0/0003:046D:C34B.0001/input/input1
[    5.737098] aout_probe ok
[    5.739881] init: Loaded kernel module /lib/modules/aout.ko
[    5.745515] init: Loading module /lib/modules/berlin_cc.ko with args ''
[    5.804832] hid-generic 0003:046D:C34B.0001: input,hidraw0: USB HID v1.10 Keyboard [Logitech USB Keyboard] on usb-xhci-hcd.0.auto-1.4/input0
[    5.821103] input: Logitech USB Keyboard as /devices/platform/soc/soc:xhci@f7d00000/f7d00000.dwc3/xhci-hcd.0.auto/usb2/2-1/2-1.4/2-1.4:1.1/0003:046D:C34B.0002/input/input2
[    5.836526] hid-generic 0003:046D:C34B.0002: input,hidraw1: USB HID v1.10 Device [Logitech USB Keyboard] on usb-xhci-hcd.0.auto-1.4/input1
[    5.849208] [berlin_cc kernel driver] berlin cc init
[    6.083741] EXT4-fs (mmcblk0p25): Ignoring removed nomblk_io_submit option
[    6.093272] EXT4-fs (mmcblk0p25): mounted filesystem with ordered data mode. Opts: errors=remount-ro,nomblk_io_submit
[    6.105153] e2fsck: executing /system/bin/e2fsck failed: Permission denied
[    6.112047] e2fsck: e2fsck terminated by exit(255)
[    6.112047] 
[    6.120951] EXT4-fs (mmcblk0p25): mounted filesystem with ordered data mode. Opts: discard
[    6.157407] random: init: uninitialized urandom read (16 bytes read)
[    6.164366] random: init: uninitialized urandom read (16 bytes read)
[    6.171079] random: init: uninitialized urandom read (16 bytes read)
[    6.188925] device-mapper: verity: sha256 using implementation "sha256-ce"
[    6.200493] EXT4-fs (dm-5): mounted filesystem without journal. Opts: barrier=1
[    6.213990] device-mapper: verity: sha256 using implementation "sha256-ce"
[    6.225624] EXT4-fs (dm-6): mounted filesystem without journal. Opts: barrier=1
[    6.233781] device-mapper: verity: sha256 using implementation "sha256-ce"
[    6.245066] EXT4-fs (dm-7): mounted filesystem without journal. Opts: barrier=1
[    6.253301] device-mapper: verity: sha256 using implementation "sha256-ce"
[    6.264180] EXT4-fs (dm-8): mounted filesystem without journal. Opts: barrier=1
[    6.289737] printk: init: 50 output lines suppressed due to ratelimiting
[    6.425995] init: Opening SELinux policy
[    6.438260] init: Loading SELinux policy
[    6.453201] SELinux:  Permission nlmsg_getneigh in class netlink_route_socket not defined in policy.
[    6.462504] SELinux: the above unknown classes and permissions will be denied
[    6.469666] SELinux:  policy capability network_peer_controls=1
[    6.475607] SELinux:  policy capability open_perms=1
[    6.480567] SELinux:  policy capability extended_socket_class=1
[    6.486488] SELinux:  policy capability always_check_network=0
[    6.492317] SELinux:  policy capability cgroup_seclabel=0
[    6.497729] SELinux:  policy capability nnp_nosuid_transition=1
[    6.578278] audit: type=1403 audit(6.570:2): auid=4294967295 ses=4294967295 lsm=selinux res=1
[    6.586821] audit: type=1404 audit(6.570:3): enforcing=1 old_enforcing=0 auid=4294967295 ses=4294967295 enabled=1 old-enabled=1 lsm=selinux res=1
[    6.609227] selinux: SELinux: Loaded file_contexts
[    6.614022] selinux: 
[    6.659127] init: init second stage started!
[    6.687826] init: Using Android DT directory /proc/device-tree/firmware/android/
[    6.697834] init: Overriding previous property 'persist.sys.usb.config':'none' with new value 'adb'
[    6.707302] init: Overriding previous property 'persist.sys.usb.config':'adb' with new value 'none'
[    6.716394] init: Couldn't load property file '/vendor/default.prop': open() failed: No such file or directory: No such file or directory
[    6.733620] init: Do not have permissions to set 'persist.sys.force_land_enabled' to '1' in property file '/vendor/build.prop': SELinux permission check failed
[    6.748040] init: Do not have permissions to set 'persist.sys.usb.config' to 'none' in property file '/vendor/build.prop': SELinux permission check failed
[    6.763050] init: Do not have permissions to set 'persist.sys.usb.config' to 'none' in property file '/vendor_dlkm/etc/build.prop': SELinux permission check failed
[    6.777985] init: Couldn't load property file '/odm_dlkm/etc/build.prop': open() failed: No such file or directory: No such file or directory
[    6.791162] init: Do not have permissions to set 'persist.sys.usb.config' to 'none' in property file '/odm/etc/build.prop': SELinux permission check failed
[    7.047329] linkerconfig (185) used greatest stack depth: 11648 bytes left
[    7.093488] ueventd: ueventd started!
[    7.099103] selinux: SELinux: Loaded file_contexts
[    7.103894] selinux: 
[    7.104553] linkerconfig (185): highest shadow stack usage: 320 bytes
[    7.106324] ueventd: Parsing file /system/etc/ueventd.rc...
[    7.118583] ueventd: Added '/vendor/etc/ueventd.rc' to import list
[    7.118597] apexd (188) used greatest stack depth: 11536 bytes left
[    7.124801] ueventd: Added '/odm/etc/ueventd.rc' to import list
[    7.137249] ueventd: Parsing file /vendor/etc/ueventd.rc...
[    7.142868] ueventd: Unable to read config file '/vendor/etc/ueventd.rc': open() failed: No such file or directory
[    7.153294] ueventd: Parsing file /odm/etc/ueventd.rc...
[    7.158635] ueventd: Unable to read config file '/odm/etc/ueventd.rc': open() failed: No such file or directory
[    7.179560] boringssl_self_ (190) used greatest stack depth: 11520 bytes left
[    7.260660] ion_system_cust_heap: module is from the staging directory, the quality is unknown, you have been warned.
[    7.316052] ion_cma_cust_heap: module is from the staging directory, the quality is unknown, you have been warned.
*******IR ready********
[    7.480812] Registered swp emulation handler
[    7.485528] [berlin_bm kernel driver] berlin bm init
console:/ $ [    7.533431] logd.auditd: start
[    7.536699] insmod (200): highest shadow stack usage: 376 bytes
[    7.538168] logd.klogd: 7533634120
[    7.587296] Synaptics PVR init. Version 201803121700
<<[GPU TA]>> open session for VS680.
[    7.704934] pvr: ui64ClockSpeed=700000000.
[    8.498919] syna-isp f9100000.isp: ISP DHUB:open Done!
[    8.664994] VPP_CA_getVppTaUUID:46: loading recovery ta:1(vpp.ta)
[    8.671091] VPP_CA_Initialize:67: result:0
[    8.685791] VPP_CA_Initialize:88: TEEC_OpenSession:0 result:0
TZ ERROR[sys_sp_exec_cmd:479] Task: OUTCTRL_TA, don't allow to send PI(0x500a)
[   11.674098] selinux: SELinux:  Could not stat /data/dalvik-cache/arm64: No such file or directory.
[   11.683686] selinux: 
[   11.686143] selinux: SELinux:  Could not stat /data/dalvik-cache/mips: No such file or directory.
[   11.695087] selinux: 
[   11.697489] selinux: SELinux:  Could not stat /data/dalvik-cache/mips64: No such file or directory.
[   11.706589] selinux: 
[   11.708952] selinux: SELinux:  Could not stat /data/dalvik-cache/x86: No such file or directory.
[   11.717796] selinux: 
[   11.720196] selinux: SELinux:  Could not stat /data/dalvik-cache/x86_64: No such file or directory.
[   11.729317] selinux: 
TZ ERROR[sys_sp_exec_cmd:479] Task: OUTCTRL_TA, don't allow to send PI(0x500a)
[   11.828115] logd: FrameworkListener: read() failed (Connection reset by peer)
[   11.898182] [Kernel] sGPURegAddr=0:f7980000
[   11.902396] [Kernel] sFWStackAddr=0:7145f000
[   11.906726] [Kernel] ui32FWPageTableLog2PageSize=14
[   11.911646] [Kernel] ui32FWPageTableNumPages=2
TZ ERROR[sys_sp_exec_cmd:479] Task: OUTCTRL_TA, don't allow to send PI(0x500a)
TZ ERROR[sys_sp_exec_cmd:479] Task: OUTCTRL_TA, don't allow to send PI(0x500a)
----------SMCEC2SM: received cec msg:id=1----------
Got Appready packet from SoC CEC: 01  00  00  00  01  00  00  00  
SM CEC:pcBody[4]=0x1.
SMCEC2SM: sending launch req to SOC: 06 00 00 00 
[   12.909825] dhd_init_wlan_mem: WIFI MEM Allocated
[   12.919812] Start to alloc BUF:id=3, size=139264
[   12.924876] Alloc BUF successfully
[   12.928879] Start to alloc BUF:id=4, size=0
[   13.008781] syna-isp f9100000.isp: ISP DHUB:open Done!
[   13.026119] Start to alloc BUF:id=7, size=32192
[   13.031786] Start to alloc BUF:id=0, size=2024
[   13.036382] Alloc BUF successfully
[   13.043984] Start to alloc BUF:id=5, size=65536
[   13.051159] Start to alloc BUF:id=6, size=65536
[   13.057507] Start to alloc BUF:id=15, size=4194304
[   13.063146] Start to alloc BUF:id=16, size=8192
[   13.235284] syna-isp f9100000.isp: ISP_DRV:close Done!
[   13.240430] syna-isp f9100000.isp: ISP DHUB:close Done!
[   16.987733] init: Control message: Could not find 'aidl/package_native' for ctl.interface_start from pid: 205 (/system/bin/servicemanager)
[   17.988758] init: Control message: Could not find 'aidl/tv_tuner_resource_mgr' for ctl.interface_start from pid: 205 (/system/bin/servicemanager)
[   18.989532] init: Control message: Could not find 'aidl/tv_tuner_resource_mgr' for ctl.interface_start from pid: 205 (/system/bin/servicemanager)
[   19.989843] init: Control message: Could not find 'aidl/tv_tuner_resource_mgr' for ctl.interface_start from pid: 205 (/system/bin/servicemanager)
[   20.990310] init: Control message: Could not find 'aidl/tv_tuner_resource_mgr' for ctl.interface_start from pid: 205 (/system/bin/servicemanager)
[   22.842891] Start to alloc BUF:id=9, size=32896
----------SMCEC2SM: received cec msg:id=2----------
SM CEC:Logical address:0x4,Physical address:0x1000
SM CEC:Device Type:4, bActiveSrc:0, bValid:1
[   30.221654] audit: rate limit exceeded
[   32.255502] audit: rate limit exceeded
[   34.404437] audit: rate limit exceeded
[   35.410115] audit: rate limit exceeded
[   37.421547] audit: rate limit exceeded
[   38.436085] audit: rate limit exceeded
[   44.651032] audit: rate limit exceeded
[  115.112296] audit: rate limit exceeded
[  119.389461] audit: rate limit exceeded
[  120.398713] audit: rate limit exceeded
[  121.409003] audit: rate limit exceeded
[  122.416134] audit: rate limit exceeded
[  123.425169] audit: rate limit exceeded
[  124.434792] audit: rate limit exceeded
[  125.444722] audit: rate limit exceeded
[  126.455368] audit: rate limit exceeded
[  127.465471] audit: rate limit exceeded
[  130.784583] audit: rate limit exceeded
[  136.150710] audit: rate limit exceeded
[  137.155180] audit: rate limit exceeded
[  138.166297] audit: rate limit exceeded
[  139.175482] audit: rate limit exceeded
[  140.184708] audit: rate limit exceeded
[  141.195543] audit: rate limit exceeded
[  142.204695] audit: rate limit exceeded
[  143.214853] audit: rate limit exceeded
[  151.602437] audit: rate limit exceeded

console:/ $ 
console:/ $ 
console:/ $ [  180.537722] audit: rate limit exceeded
[  225.307508] audit: rate limit exceeded
Chip Temperature: 72 degC(raw_data = 471)
Chip Temperature: 72 degC(raw_data = 471)
Chip Temperature: 71 degC(raw_data = 468)
Chip Temperature: 71 degC(raw_data = 467)
Chip Temperature: 71 degC(raw_data = 465)
Chip Temperature: 71 degC(raw_data = 464)
Chip Temperature: 76 degC(raw_data = 490)
Chip Temperature: 72 degC(raw_data = 469)
Chip Temperature: 69 degC(raw_data = 457)
Chip Temperature: 68 degC(raw_data = 453)
TZ ERROR[sys_sp_exec_cmd:479] Task: OUTCTRL_TA, don't allow to send PI(0x500a)
TZ ERROR[sys_sp_exec_cmd:479] Task: OUTCTRL_TA, don't allow to send PI(0x500a)
[ 3155.296561] audit: rate limit exceeded
[ 3234.693629] sysrq: Show Blocked State
[ 3234.698074] sysrq: Show backtrace of all active CPUs
Chip Temperature: 69 degC(raw_data = 456)
[ 3304.071927] audit: rate limit exceeded
SM sent IR key (0x200) pressed.
SM sent IR key (0x8000200) release.
SM sent IR key down/up (0x8000203).
SM sent IR key (0x200) pressed.
SM sent IR key (0x8000200) release.
SM sent IR key down/up (0x8000203).

bg7 a0 erom: release id 0x5cd2459, commit time Fri Apr 9 10:59:43 2021 -0700
bg7 a0 hal : release id 0x5691415, commit time Sun Oct 17 20:49:53 2021 -0700
Enter PI Command Loop...
build-in module: release id 0x954bed4, commit time Thu Mar 11 12:49:19 2021 -0800
Load sysinit
Start ACPU
init cpupll 400MHz
init mempll 3733MHz
init 4GB DDR, lib version r68332
DHL:v0p92 PT:v0p92 ID:0x23
asking BCM to load ddr phy fw.
DDR PHY firmware loading is done.
asking BCM to load ddr phy fw.
DDR PHY firmware loading is done.
asking BCM to load ddr phy fw.
DDR PHY firmware loading is done.
asking BCM to load ddr phy fw.
DDR PHY firmware loading is done.
asking BCM to load ddr phy fw.
DDR PHY firmware loading is done.
asking BCM to load ddr phy fw.
DDR PHY firmware loading is done.
asking BCM to load ddr phy fw.
DDR PHY firmware loading is done.
hw_init done
custom table done
asking BCM to load miniloader.
try to verify flash miniloader
init syspll 800MHz
Flow updatebcd:m_ tezxt ln:oa rdeerle, aseeMM iC d b0ooxet!f3
452RKdE, Kc_IoDmm i(bty ttie[m0e :T7]h)u  F= e0b 010070 20300:0590:00307 02000
 UL-T08 0(b0y
te[0:7])     = 435e989ad9900814
Chip version        = 0x01
Leakage ID = 1234
Check bootmode = 0x0 !
Check slot index = 0x0 !
VS680: bm_verify_image, cmd:0x1006, 0x4,0x160000,0x1000000,0x160000,0xbfea4,0x1 !
VS680: bm_verify_image, cmd:0x1006, 0x4,0x120000,0x1000000,0x120000,0xbfea4,0x1 !
load_tzk_boot_param to address = 0x0, size = 0x1c00 .
VS680: bm_verify_image, cmd:0x1006, 0x2,0x101000,0x1000000,0x101000,0xbfe94,0x1 !
load_tzk_oem_setting to address = 0x102c00, size = 0x2000 .
VS680: bm_verify_image, cmd:0x1006, 0x5,0x4104000,0x1000000,0x4104000,0xbfee4,0x1 !
load slot a images successfully.
Image Load done with bootmode=0x0, slot=a !
Bootloader paramater to address 0x4100000 
NOTICE:  BL31: v2.5(release):f1d5e176b
TZK: b1530905fddb0d
**********board_version( 0x 2)
INFO: STB Revision 2.0(3'b010) Board Detected!
set Vcpu from 1000000uv to 812500uv
set Vcore from 1000000uv to 862500uv
[fastlogo]:Show Logo Start !
Boot Image Version is 4
**********boSaMr:d _svoecr_stsieonn(_ id0=x1 20)4
                                                 ,
MV_SM_BOARDVER_GET: board_version( 0x 2)
Platform VCPU default PMIC : MP886X, VCORE default PMIC: MP886X
Platform VCPU actual  PMIC : SYR837_8, VCORE actual  PMIC: SYR837_8
[     0] Start kernel at 0x04a80000
[    0.000000] Booting Linux on physical CPU 0x0000000000 [0x411fd090]
[    0.000000] Linux version 5.4.141+-ab20220816-145935 (builder@55168dd38195) (Android (6573524 based on r383902b) clang version 11.0.2 (https://android.googlesource.com/toolchain/llvm-project b397f81060ce6d701042b782172ed13bee898b79), LLD 11.0.2 (/buildbot/tmp/tmpF3FjA8 b397f81060ce6d701042b782172ed13bee898b79)) #1 SMP PREEMPT Tue Aug 16 15:17:00 CST 2022
[    0.000000] Machine model: Synaptics VS680 EVK
[    0.000000] cma: Reserved 1200 MiB at 0x0000000025c00000
[    0.000000] psci: probing for conduit method from DT.
[    0.000000] psci: PSCIv1.1 detected in firmware.
[    0.000000] psci: Using standard PSCI v0.2 function IDs
[    0.000000] psci: Trusted OS migration not required
[    0.000000] psci: SMC Calling Convention v1.0
[    0.000000] Load bootconfig: 748 bytes 42 nodes
[    0.000000] percpu: Embedded 35 pages/cpu s103128 r8192 d32040 u143360
[    0.000000] Detected VIPT I-cache on CPU0
[    0.000000] CPU features: detected: ARM erratum 858921
[    0.000000] CPU features: kernel page table isolation disabled by kernel configuration
[    0.000000] Built 1 zonelists, mobility grouping on.  Total pages: 823032
[    0.000000] Kernel command line: console=ttyS0,115200 init=/init root=/dev/ram0 firmware_class.path=/vendor/firmware loop.max_part=7 bootconfig buildvariant=userdebug  chipid=435e989ad9900814 cma=1258291200@633339904
[    0.000000] Dentry cache hash table entries: 524288 (order: 10, 4194304 bytes, linear)
[    0.000000] Inode-cache hash table entries: 262144 (order: 9, 2097152 bytes, linear)
[    0.000000] mem auto-init: stack:off, heap alloc:off, heap free:off
[    0.000000] Memory: 1988100K/3344384K available (13820K kernel code, 1208K rwdata, 9544K rodata, 1152K init, 697K bss, 127484K reserved, 1228800K cma-reserved)
[    0.000000] random: get_random_u64 called from __kmem_cache_create+0xc8/0x734 with crng_init=0
[    0.000000] SLUB: HWalign=64, Order=0-3, MinObjects=0, CPUs=4, Nodes=1
[    0.000000] rcu: Preemptible hierarchical RCU implementation.
[    0.000000] rcu:     RCU dyntick-idle grace-period acceleration is enabled.
[    0.000000]  Tasks RCU enabled.
[    0.000000] rcu: RCU calculated value of scheduler-enlistment delay is 10 jiffies.
[    0.000000] NR_IRQS: 64, nr_irqs: 64, preallocated irqs: 0
[    0.000000] GIC: Using split EOI/Deactivate mode
[    0.000000] rcu:     Offload RCU callbacks from CPUs: (none).
[    0.000000] kfence: initialized - using 2097152 bytes for 255 objects at 0x(____ptrval____)-0x(____ptrval____)
[    0.000000] arch_timer: Enabling local workaround for ARM erratum 858921
[    0.000000] arch_timer: CPU0: Trapping CNTVCT access
[    0.000000] arch_timer: cp15 timer(s) running at 25.00MHz (phys).
[    0.000000] clocksource: arch_sys_counter: mask: 0xffffffffffffff max_cycles: 0x5c40939b5, max_idle_ns: 440795202646 ns
[    0.000002] sched_clock: 56 bits at 25MHz, resolution 40ns, wraps every 4398046511100ns
[    0.000185] Calibrating delay loop (skipped), value calculated using timer frequency.. 50.00 BogoMIPS (lpj=250000)
[    0.000189] pid_max: default: 32768 minimum: 301
[    0.000248] LSM: Security Framework initializing
[    0.000268] SELinux:  Initializing.
[    0.000328] Mount-cache hash table entries: 8192 (order: 4, 65536 bytes, linear)
[    0.000337] Mountpoint-cache hash table entries: 8192 (order: 4, 65536 bytes, linear)
[    0.000971] ASID allocator initialised with 65536 entries
[    0.001002] rcu: Hierarchical SRCU implementation.
[    0.001226] smp: Bringing up secondary CPUs ...
[    0.001611] Detected VIPT I-cache on CPU1
[    0.001626] arch_timer: Enabling local workaround for ARM erratum 858921
[    0.001635] arch_timer: CPU1: Trapping CNTVCT access
[    0.001642] CPU1: Booted secondary processor 0x0000000001 [0x411fd090]
[    0.002041] Detected VIPT I-cache on CPU2
[    0.002048] arch_timer: Enabling local workaround for ARM erratum 858921
[    0.002052] arch_timer: CPU2: Trapping CNTVCT access
[    0.002056] CPU2: Booted secondary processor 0x0000000002 [0x411fd090]
[    0.002444] Detected VIPT I-cache on CPU3
[    0.002451] arch_timer: Enabling local workaround for ARM erratum 858921
[    0.002454] arch_timer: CPU3: Trapping CNTVCT access
[    0.002458] CPU3: Booted secondary processor 0x0000000003 [0x411fd090]
[    0.002489] smp: Brought up 1 node, 4 CPUs
[    0.002499] SMP: Total of 4 processors activated.
[    0.002502] CPU features: detected: 32-bit EL0 Support
[    0.002504] CPU features: detected: CRC32 instructions
[    0.004561] CPU features: emulated: Privileged Access Never (PAN) using TTBR0_EL1 switching
[    0.004563] CPU: All CPU(s) started at EL2
[    0.004573] alternatives: patching kernel code
[    0.004749] CPU3: update max cpu_capacity 1024
[    0.007206] Registered cp15_barrier emulation handler
[    0.007213] Registered setend emulation handler
[    0.007319] clocksource: jiffies: mask: 0xffffffff max_cycles: 0xffffffff, max_idle_ns: 19112604462750000 ns
[    0.007326] futex hash table entries: 1024 (order: 4, 65536 bytes, linear)
[    0.011662] CPU1: update max cpu_capacity 1024
[    0.018712] pinctrl core: initialized pinctrl subsystem
[    0.019110] NET: Registered protocol family 16
[    0.019811] DMA: preallocated 256 KiB pool for atomic allocations
[    0.019823] audit: initializing netlink subsys (disabled)
[    0.019877] audit: type=2000 audit(0.010:1): state=initialized audit_enabled=0 res=1
[    0.020024] cpuidle: using governor teo
[    0.020071] hw-breakpoint: found 6 breakpoint and 4 watchpoint registers.
[    0.020460] pstore: Registered ramoops as persistent store backend
[    0.020463] ramoops: using 0x4000@0xf901c000, ecc: 0
[    0.030787] cryptomgr_test (37) used greatest stack depth: 14640 bytes left
[    0.031177] cryptd: max_cpu_qlen set to 1000
[    0.031996] cryptomgr_test (85) used greatest stack depth: 14528 bytes left
[    0.033547] gpio-dwapb f7fc8000.gpio: no irq for port0
[    0.034141] SCSI subsystem initialized
[    0.034206] usbcore: registered new interface driver usbfs
[    0.034221] usbcore: registered new interface driver hub
[    0.034234] usbcore: registered new device driver usb
[    0.042408] gpio-394 (gpioi2c3): enforced open drain please flag it properly in DT/ACPI DSDT/board file
[    0.042423] gpio-393 (gpioi2c3): enforced open drain please flag it properly in DT/ACPI DSDT/board file
[    0.042455] i2c-gpio gpioi2c3: using lines 394 (SDA) and 393 (SCL)
[    0.044016] videodev: Linux video capture interface: v2.00
[    0.044106] Advanced Linux Sound Architecture Driver Initialized.
[    0.044293] Bluetooth: Core ver 2.22
[    0.044305] NET: Registered protocol family 31
[    0.044307] Bluetooth: HCI device and connection manager initialized
[    0.044311] Bluetooth: HCI socket layer initialized
[    0.044314] Bluetooth: L2CAP socket layer initialized
[    0.044487] clocksource: Switched to clocksource arch_sys_counter
[    0.052527] cryptomgr_test (37): highest shadow stack usage: 112 bytes
[    0.072849] VFS: Disk quotas dquot_6.6.0
[    0.072876] VFS: Dquot-cache hash table entries: 512 (order 0, 4096 bytes)
[    0.073104] thermal_sys: Registered thermal governor 'step_wise'
[    0.073171] NET: Registered protocol family 2
[    0.073270] IP idents hash table entries: 65536 (order: 7, 524288 bytes, linear)
[    0.074172] tcp_listen_portaddr_hash hash table entries: 2048 (order: 3, 32768 bytes, linear)
[    0.074198] TCP established hash table entries: 32768 (order: 6, 262144 bytes, linear)
[    0.074286] TCP bind hash table entries: 32768 (order: 7, 524288 bytes, linear)
[    0.074537] TCP: Hash tables configured (established 32768 bind 32768)
[    0.074594] UDP hash table entries: 2048 (order: 4, 65536 bytes, linear)
[    0.074635] UDP-Lite hash table entries: 2048 (order: 4, 65536 bytes, linear)
[    0.074728] NET: Registered protocol family 1
[    0.075042] Trying to unpack rootfs image as initramfs...
[    0.135380] Freeing initrd memory: 19724K
[    0.135910] hw perfevents: enabled with armv8_cortex_a73 PMU driver, 7 counters available
[    0.137584] Initialise system trusted keyrings
[    0.137641] workingset: timestamp_bits=46 max_order=20 bucket_order=0
[    0.141033] ntfs: driver 2.1.32 [Flags: R/W].
[    0.141168] fuse: init (API version 7.31)
[    0.157579] Key type asymmetric registered
[    0.157583] Asymmetric key parser 'x509' registered
[    0.157599] Block layer SCSI generic (bsg) driver version 0.4 loaded (major 251)
[    0.157602] io scheduler mq-deadline registered
[    0.157665] io scheduler bfq registered
[    0.158716] et6416 3-0020: label = et6416 base = 368 .
[    0.159248] berlin-pcie f7e40000.pcie: host bridge /soc/pcie@f7e40000 ranges:
[    0.159254] berlin-pcie f7e40000.pcie:   No bus range found for /soc/pcie@f7e40000, using [bus 00-ff]
[    0.159267] berlin-pcie f7e40000.pcie:    IO 0xe0800000..0xe0ffffff -> 0x00000000
[    0.159275] berlin-pcie f7e40000.pcie:   MEM 0xe1000000..0xe7ffffff -> 0xe1000000
[    0.304503] phy phy-f7e4a02c.phy.0: PCIe PLL is locked.
[    0.644509] berlin-pcie f7e40000.pcie: Link up
[    0.644579] berlin-pcie f7e40000.pcie: PCI host bridge to bus 0000:00
[    0.644584] pci_bus 0000:00: root bus resource [bus 00-ff]
[    0.644589] pci_bus 0000:00: root bus resource [io  0x0000-0x7fffff]
[    0.644592] pci_bus 0000:00: root bus resource [mem 0xe1000000-0xe7ffffff]
[    0.644606] pci 0000:00:00.0: [16c3:abcd] type 01 class 0x060400
[    0.644621] pci 0000:00:00.0: reg 0x38: [mem 0x00000000-0x0000ffff pref]
[    0.644647] pci 0000:00:00.0: supports D1 D2
[    0.644651] pci 0000:00:00.0: PME# supported from D0 D1 D3hot
[    0.645626] pci 0000:01:00.0: [14e4:449d] type 00 class 0x028000
[    0.645713] pci 0000:01:00.0: reg 0x10: [mem 0x00000000-0x0000ffff 64bit]
[    0.645749] pci 0000:01:00.0: reg 0x18: [mem 0x00000000-0x003fffff 64bit]
[    0.646061] pci 0000:01:00.0: supports D1 D2
[    0.646064] pci 0000:01:00.0: PME# supported from D0 D1 D2 D3hot D3cold
[    0.675325] pci 0000:00:00.0: BAR 8: assigned [mem 0xe1000000-0xe15fffff]
[    0.675330] pci 0000:00:00.0: BAR 6: assigned [mem 0xe1600000-0xe160ffff pref]
[    0.675335] pci 0000:01:00.0: BAR 2: assigned [mem 0xe1000000-0xe13fffff 64bit]
[    0.675365] pci 0000:01:00.0: BAR 0: assigned [mem 0xe1400000-0xe140ffff 64bit]
[    0.675393] pci 0000:00:00.0: PCI bridge to [bus 01-ff]
[    0.675397] pci 0000:00:00.0:   bridge window [mem 0xe1000000-0xe15fffff]
[    0.675512] pcieport 0000:00:00.0: PME: Signaling with IRQ 159
[    0.675639] lp855x 0-002c: 0-002c supply power not found, using dummy regulator
[    0.675739] lp855x 0-002c: device config err: -121
[    0.675808] lp855x: probe of 0-002c failed with error -121
[    0.676188] pwm-backlight panel0-backlight: panel0-backlight supply power not found, using dummy regulator
[    0.677670] syna-isp f9100000.isp: Initialization complete
[    0.678840] syna-isp f9100000.isp: isp_invoke_mod_probe!
[    0.678844] syna-isp f9100000.isp: [ispcore] ISP Core Sub Module intitalized
[    0.678847] syna-isp f9100000.isp: [ispcore] isp_core_mod_probe:277: probe Done
[    0.678850] syna-isp f9100000.isp: ISP_DRV:probe Done!
[    0.678860] syna-isp f9100000.isp: [ispdhub] isp_drv_dhub_config:60: irq - isp_tsb_dhub:3a
[    0.678864] syna-isp f9100000.isp: [ispdhub] isp_drv_dhub_config:70: ISP base : (____ptrval____)
[    0.678869] syna-isp f9100000.isp: [ispdhub] isp_dhub_mod_probe:788: probe Done
[    0.678871] syna-isp f9100000.isp: ISP DHUB:probe Done!
[    0.678964] syna-axi-meter f7940000.axi_meter: axi meter start
[    0.679153] VPP_ModuleInit:Normal mode, ta_flag:0
[    0.679204] vpp : register successful, mode: NORMAL
[    0.679722] syr837_8-regulator 1-0040: No cache defaults, reading back from HW
[    0.680000] vcpu: supplied by regulator-dummy
[    0.680397] syr837_8-regulator 2-0040: No cache defaults, reading back from HW
[    0.680694] vcore: supplied by regulator-dummy
[    0.680828] Serial: 8250/16550 driver, 4 ports, IRQ sharing disabled
[    0.681188] f7e81400.uart: ttyS3 at MMIO 0xf7e81400 (irq = 50, base_baud = 12500000) is a 16550A
[    0.681330] f7fcd000.uart: ttyS0 at MMIO 0xf7fcd000 (irq = 56, base_baud = 1562500) is a 16550A
[    1.759902] printk: console [ttyS0] enabled
[    1.764242] lt9611 0-003b: lt9611_probe++++++++++++++++++++++++++++++++++
[    1.771041] lt9611 0-003b: enable_gpio = 427
[    2.014491] lt9611 0-003b: reset_gpio = 493
[    2.018750] lt9611 0-003b: irq_gpio = 429
[    2.022757] lt9611 0-003b: client->irq = 140 
[    2.027527] lt9611 0-003b: LT9611 ring Chip ID = 0x17, 0x2
[    2.035576] lt9611 0-003b: LT9611_MIPI_Input_Digtal: lt9611 set mipi lanes = 0 
[    2.043567] lt9611 0-003b: LT9611_MIPI_Input_Digtal: lt9611 set mipi ports = 1 
[    2.050877] lt9611 0-003b: LT9611_MIPI_Input_Digtal: LT9611.mipi_mode = dsi 
[    2.057924] lt9611 0-003b: LT9611_PLL: set rx pll = 144000
[    2.064348] lt9611 0-003b: LT9611_PLL: pcr_m = 0x34, hdmi_post_div = 2
[    2.073612] lt9611 0-003b: LT9611_PLL: HDMI pll unlocked, reset pll
[    2.080449] random: fast init done
[    2.083852] lt9611 0-003b: LT9611_PLL: HDMI pll lockedA3ACband out: 0x35
[    2.093299] lt9611 0-003b: Audio inut = I2S 2ch 
[    2.164606] lt9611 0-003b: LT9611_load_hdcp_key: external key unvalid, using internal test key! 
[    2.173559] lt9611 0-003b: LT9611_HDMI_TX_Digital: infoFrame_en = 0x0a 
[    2.180345] lt9611 0-003b: LT9611_HDMI_TX_Digital: HMDI mode = HDMI 
[    2.188665] lt9611 0-003b: LT9611_HDMI_TX_Phy: DC couple
[    2.195684] lt9611 0-003b: LT9611_Enable_Interrupts: hpd_irq_enable
[    2.202205] lt9611 0-003b: LT9611_Enable_Interrupts: vid_chg_irq_disable
[    2.208906] lt9611 0-003b: ==========================LT9611 Initial End===============================
[    2.434748] lt9611 0-003b: LT9611_HDP_Interrupt_Handle: HPD acted!
[    2.441181] lt9611 0-003b:  LT9611_HDMI_Out_Disable
[    2.446230] lt9611 0-003b: LT9611_HDCP_Disable! 
[    2.451043] lt9611 0-003b: LT9611_HDP_Interrupt_Handle: HDMI disconnected
[    2.458089] lt9611 0-003b: LT9611_Enable_Interrupts: vid_chg_irq_disable
[    2.465304] lt9611 0-003b:  LT9611_LowPower_mode: enter low power mode 
[    2.471914] lt9611 0-003b: ==========================LT9611 Initial Finish===============================
[    2.481478] lt9611 0-003b: lt9611_probe----------------------------------
[    2.488356] lt9211 0-002d: lt9211_probe++++++++++++++++++++++++++++++++++
[    2.495154] lt9211 0-002d: enable_gpio = 427
[    2.499425] lt9211 0-002d: reset gpio request failed
[    2.504387] lt9211 0-002d: reset_gpio = 493
[    2.508573] lt9211 0-002d: irq_gpio = 429
[    2.512902] lt9211 0-002d: LT9211 Chip ID:0x1801
[    2.517636] lt9211 0-002d: LT9211 Chip ver:0xE4
[    3.045262] lt9211 0-002d: hact = 0x00000000
[    3.049529] lt9211 0-002d: vact = 0x00000000
[    3.053795] lt9211 0-002d: fmt = 0x00000000
[    3.057979] lt9211 0-002d: pa_lpn = 0x00000000
[    3.174498] lt9211 0-002d: video_none,set default video_timing_default
[    3.295772] lt9211 0-002d: LT9211_DesscPll: set rx pll = 144000.
[    3.302031] lt9211 0-002d: LT9211_DesscPll: set rx pll pcr_m = 0x17.
[    3.309439] lt9211 0-002d: LT9211_DesscPll: dessc pll locked.
[    3.344861] lt9211 0-002d: LT9211 pcr_stable_M=17.
[    3.349650] lt9211 0-002d: LT9211 OUTPUT_MODE: 
[    3.354177] lt9211 0-002d: LT9211 set to OUTPUT_LVDS
[    3.360454] lt9211 0-002d: SAWP reg8646 = 0x10 
[    3.514806] lt9211 0-002d: LT9211 tx pll lock.
[    3.519246] lt9211 0-002d: LT9211 tx pll cal done.
[    3.524033] lt9211 0-002d: system success.
[    3.844834] lt9211 0-002d: dessc pixel clock:  0x144115
[    3.852192] lt9211 0-002d: sync_polarity = 0xA
[    3.856637] lt9211 0-002d: hfp = 4094, hs =    0, hbp =    1, hact =    0, htotal = 65535 
[    3.864900] lt9211 0-002d: vfp =    0, vs =    0, vbp =    0, vact =    0, vtotal =    0
[    3.872986] lt9211 0-002d: lt9211_probe----------------------------------
[    3.882112] brd: module loaded
[    3.890319] loop: module loaded
[    3.893603] zram: Added device: zram0
[    3.897756] libphy: Fixed MDIO Bus: probed
[    3.901920] tun: Universal TUN/TAP device driver, 1.6
[    3.907196] stmmaceth f7b60000.ethernet: IRQ eth_wake_irq not found
[    3.913461] stmmaceth f7b60000.ethernet: IRQ eth_lpi not found
[    3.919342] stmmaceth f7b60000.ethernet: PTP uses main clock
[    3.925003] stmmaceth f7b60000.ethernet: no reset control found
[    3.930999] stmmaceth f7b60000.ethernet: User ID: 0x10, Synopsys ID: 0x37
[    3.937794] stmmaceth f7b60000.ethernet:     DWMAC1000
[    3.942669] stmmaceth f7b60000.ethernet: DMA HW capability register supported
[    3.949817] stmmaceth f7b60000.ethernet: RX Checksum Offload Engine supported
[    3.956951] stmmaceth f7b60000.ethernet: COE Type 2
[    3.961826] stmmaceth f7b60000.ethernet: TX Checksum insertion supported
[    3.968526] stmmaceth f7b60000.ethernet: Normal descriptors
[    3.974094] stmmaceth f7b60000.ethernet: Ring mode enabled
[    3.979577] stmmaceth f7b60000.ethernet: Enable RX Mitigation via HW Watchdog Timer
[    4.084503] libphy: stmmac: probed
[    4.088438] PPP generic driver version 2.4.2
[    4.092737] PPP BSD Compression module registered
[    4.097468] PPP Deflate Compression module registered
[    4.102530] PPP MPPE Compression module registered
[    4.107321] NET: Registered protocol family 24
[    4.111761] PPTP driver version 0.8.5
[    4.115518] usbcore: registered new interface driver r8152
[    4.121013] usbcore: registered new interface driver asix
[    4.126432] usbcore: registered new interface driver ax88179_178a
[    4.134110] dwc2 f7c00000.usb: f7c00000.usb supply vusb_d not found, using dummy regulator
[    4.142418] dwc2 f7c00000.usb: f7c00000.usb supply vusb_a not found, using dummy regulator
[    4.274518] dwc2 f7c00000.usb: EPs: 5, dedicated fifos, 4248 entries in SPRAM
[    4.281733] dwc2 f7c00000.usb: DWC OTG Controller
[    4.286447] dwc2 f7c00000.usb: new USB bus registered, assigned bus number 1
[    4.293502] dwc2 f7c00000.usb: irq 46, io mem 0xf7c00000
[    4.298867] usb usb1: New USB device found, idVendor=1d6b, idProduct=0002, bcdDevice= 5.04
[    4.307131] usb usb1: New USB device strings: Mfr=3, Product=2, SerialNumber=1
[    4.314349] usb usb1: Product: DWC OTG Controller
[    4.319053] usb usb1: Manufacturer: Linux 5.4.141+-ab20220816-145935 dwc2_hsotg
[    4.326360] usb usb1: SerialNumber: f7c00000.usb
[    4.331106] hub 1-0:1.0: USB hub found
[    4.334866] hub 1-0:1.0: 1 port detected
[    4.339089] ehci_hcd: USB 2.0 'Enhanced' Host Controller (EHCI) Driver
[    4.345776] xhci-hcd xhci-hcd.0.auto: xHCI Host Controller
[    4.351263] xhci-hcd xhci-hcd.0.auto: new USB bus registered, assigned bus number 2
[    4.359289] xhci-hcd xhci-hcd.0.auto: hcc params 0x0220fe64 hci version 0x110 quirks 0x0000000000010010
[    4.368697] xhci-hcd xhci-hcd.0.auto: irq 160, io mem 0xf7d00000
[    4.374808] usb usb2: New USB device found, idVendor=1d6b, idProduct=0002, bcdDevice= 5.04
[    4.383068] usb usb2: New USB device strings: Mfr=3, Product=2, SerialNumber=1
[    4.390299] usb usb2: Product: xHCI Host Controller
[    4.395177] usb usb2: Manufacturer: Linux 5.4.141+-ab20220816-145935 xhci-hcd
[    4.402307] usb usb2: SerialNumber: xhci-hcd.0.auto
[    4.407318] hub 2-0:1.0: USB hub found
[    4.411074] hub 2-0:1.0: 1 port detected
[    4.415097] xhci-hcd xhci-hcd.0.auto: xHCI Host Controller
[    4.420581] xhci-hcd xhci-hcd.0.auto: new USB bus registered, assigned bus number 3
[    4.428242] xhci-hcd xhci-hcd.0.auto: Host supports USB 3.0 SuperSpeed
[    4.434792] usb usb3: We don't know the algorithms for LPM for this host, disabling LPM.
[    4.442908] usb usb3: New USB device found, idVendor=1d6b, idProduct=0003, bcdDevice= 5.04
[    4.451182] usb usb3: New USB device strings: Mfr=3, Product=2, SerialNumber=1
[    4.458404] usb usb3: Product: xHCI Host Controller
[    4.463279] usb usb3: Manufacturer: Linux 5.4.141+-ab20220816-145935 xhci-hcd
[    4.470417] usb usb3: SerialNumber: xhci-hcd.0.auto
[    4.475404] hub 3-0:1.0: USB hub found
[    4.479158] hub 3-0:1.0: 1 port detected
[    4.483257] usbcore: registered new interface driver uas
[    4.488597] usbcore: registered new interface driver usb-storage
[    4.494780] input: Infra-Red as /devices/virtual/input/input0
[    4.500594] usbcore: registered new interface driver xpad
[    4.506042] usbcore: registered new interface driver usb_acecad
[    4.511971] usbcore: registered new interface driver aiptek
[    4.517580] usbcore: registered new interface driver gtco
[    4.522985] usbcore: registered new interface driver hanwang
[    4.528656] usbcore: registered new interface driver kbtab
[    4.534196] i2c /dev entries driver
[    4.537873] usbcore: registered new interface driver uvcvideo
[    4.543615] USB Video Class driver (1.1.1)
[    4.547931] device-mapper: uevent: version 1.0.3
[    4.552634] device-mapper: ioctl: 4.41.0-ioctl (2019-09-16) initialised: dm-devel@redhat.com
[    4.561369] rfkill_bluetooth_probe: rfkill_bluetooth_probe
[    4.561369] 
[    4.568343] get_dt_data: [BT] bt power gpio is 485
[    4.573178] bluetooth_set_power: bluetooth_set_power: power down = 1
[    4.573178] 
[    4.591009] bluetooth_set_power: bluetooth_set_power: onoff = 1
[    4.591009] 
[    4.599078] sdhci: Secure Digital Host Controller Interface driver
[    4.605265] sdhci: Copyright(c) Pierre Ossman
[    4.609618] sdhci-pltfm: SDHCI platform and OF driver helper
[    4.646254] mmc0: SDHCI controller on f7aa0000.sdhci [f7aa0000.sdhci] using ADMA
[    4.653708] hidraw: raw HID events driver (C) Jiri Kosina
[    4.659982] usbcore: registered new interface driver usbhid
[    4.665567] usbhid: USB HID core driver
[    4.669768] ion-berlin 71400000.ion: ion_berlin_probe 2 heaps done
[    4.676082] ashmem: initialized
[    4.679235] exFAT: Version 1.3.0
[    4.682652] usbcore: registered new interface driver snd-usb-audio
[    4.689010] berlin-pcm probe (____ptrval____)
[    4.694249] netem: version 1.3
[    4.697317] u32 classifier
[    4.700039]     input device check on
[    4.703704]     Actions configured
[    4.707120] usb 2-1: new high-speed USB device number 2 using xhci-hcd
[    4.714033] xt_time: kernel timezone is -0000
[    4.718472] gre: GRE over IPv4 demultiplexor driver
[    4.723384] IPv4 over IPsec tunneling driver
[    4.728003] Initializing XFRM netlink socket
[    4.732276] IPsec XFRM device driver
[    4.736079] NET: Registered protocol family 10
[    4.740978] Segment Routing with IPv6
[    4.744750] mip6: Mobile IPv6
[    4.748011] sit: IPv6, IPv4 and MPLS over IPv4 tunneling driver
[    4.754270] NET: Registered protocol family 17
[    4.758726] NET: Registered protocol family 15
[    4.763172] l2tp_core: L2TP core driver, V2.0
[    4.767574] l2tp_ppp: PPPoL2TP kernel driver, V2.0
[    4.772578] tz_logger_dev: created 128K log 'tzlogger'
[    4.777917] registered taskstats version 1
[    4.782020] Loading compiled-in X.509 certificates
[    4.786881] Key type ._fscrypt registered
[    4.790896] Key type .fscrypt registered
[    4.794866] Key type fscrypt-provisioning registered
[    4.800099] pstore: Using crash dump compression: zstd
[    4.806608] sdhci-dwcmshc f7aa0000.sdhci: dll-calibration result: 47
[    4.814653] [avio] avio_module:avio_sub_module_probe:107
[    4.819966] [avio] avio_module_avio_probe
[    4.823973] [avio] avio_module_drv_vpp_probe:855:
[    4.828705] [avio] avio_module:avio_sub_module_config:143
[    4.834107] sdhci-dwcmshc f7aa0000.sdhci: dll-calibration result: 42
[    4.840476] [avio] drv_vpp_config:284:
[    4.844258] mmc0: new HS400 Enhanced strobe MMC card at address 0001
[    4.850807] [avio] drv_vpp_get_mipi_rst:54 Gpio desc Fail ERR[-2]
[    4.856908] [avio] drv_vpp_read_vpp_cfg:85 - start
[    4.861750] [avio] avio_devices_vpp_enable_clocks: num:6, clk:avio_txescclk, ret:0, rate:200000000 
[    4.870965] mmcblk0: mmc0:0001 Y2P032 29.1 GiB 
[    4.875594] mmcblk0boot0: mmc0:0001 Y2P032 partition 1 4.00 MiB
[    4.881598] mmcblk0boot1: mmc0:0001 Y2P032 partition 2 4.00 MiB
[    4.887558] mmcblk0rpmb: mmc0:0001 Y2P032 partition 3 16.0 MiB, chardev (244:0)
[    4.894889] [avio] avio_devices_vpp_enable_clocks: num:7, clk:avio_vclk0, ret:0, rate:74250000 
[    4.903616] [avio] avio_devices_vpp_enable_clocks: num:8, clk:avio_dpiclk, ret:0, rate:400000000 
[    4.912508] [avio] avio_module_drv_aio_config:194: Node found syna,berlin-aio!
[    4.919813] [avio] drv_dhub_read_dhub_cfg:43: frameRate - 3c
[    4.925524] [avio] drv_dhub_read_dhub_cfg:53: irq - vpp_dhub:a1, ag_dhub:ffffffc3
[    4.933022] [avio] drv_dhub_get_dhub_cfg:80: AVIO base : f7400000/200000
[    4.939752] [avio] ioremap success: vir_addr: (____ptrval____), size: 0x200000, phy_addr: f7400000!
[    4.948812] [avio] register cdev device major [239]
[    4.953700] usb 2-1: New USB device found, idVendor=05e3, idProduct=0610, bcdDevice= 6.63
[    4.961878] usb 2-1: New USB device strings: Mfr=1, Product=2, SerialNumber=0
[    4.969013] [avio] setup cdevs device minor [0]
[    4.973570] [avio] create device sysfs [avio]
[    4.977929] [avio] avio_module:avio_sub_module_init:254
[    4.983407] [avio] aio->pbase = (____ptrval____)
[    4.988027] usb 2-1: Product: USB2.1 Hub
[    4.991946] usb 2-1: Manufacturer: GenesysLogic
[    4.996641] [avio] aio->gbl_base = (____ptrval____)
[    5.001515] [avio] avio_module_aio: init done
[    5.005873] [avio] avio_device_init ok
[    5.009623] [avio] avio_module:avio_sub_module_create_proc_file:385
[    5.015960] [avio] avio_probe OK
[    5.019913] berlin-pcm probe (____ptrval____)
[    5.024653] syna-berlin-asoc soc:vs680-asoc: ASoC: failed to init link dummy-dmic: -517
[    5.033032] dmic_pdm_probe done irqc 1,  max ch inuse 8
[    5.038568] syna-berlin-asoc soc:vs680-asoc: snd-soc-dummy-dai <-> soc:dmic-pdm mapping ok
[    5.046875] syna-berlin-asoc soc:vs680-asoc: snd-soc-dummy-dai <-> soc:i2s-mic1 mapping ok
[    5.055212] hub 2-1:1.0: USB hub found
[    5.058990] syna-berlin-asoc soc:vs680-asoc: snd-soc-dummy-dai <-> soc:i2s-spidf mapping ok
[    5.067353] hub 2-1:1.0: 4 ports detected
[    5.071391] syna-berlin-asoc soc:vs680-asoc: snd-soc-dummy-dai <-> soc:i2s-mic2 mapping ok
[    5.079669] usb 3-1: new SuperSpeed Gen 1 USB device number 2 using xhci-hcd
[    5.086743] syna-berlin-asoc soc:vs680-asoc: snd-soc-dummy-dai <-> soc:i2s_pri_lpbk mapping ok
[    5.095464] syna-berlin-asoc soc:vs680-asoc: snd-soc-dummy-dai <-> soc:i2s_hdmi_lpbk mapping ok
[    5.104184] syna-berlin-asoc soc:vs680-asoc: snd-soc-dummy-dai <-> soc:vs680-spdifi mapping ok
[    5.112820] syna-berlin-asoc soc:vs680-asoc: snd-soc-dummy-dai <-> soc:i2s-mic6 mapping ok
[    5.121364] mrvl_fb_probe: frame-rate:60, frame-size-ndx:1, frame-size:1920x1080
[    5.128845] mrvl_fb_fix.line_length:1e00
[    5.133065] cfg80211: Loading compiled-in X.509 certificates for regulatory database
[    5.138078] usb 3-1: New USB device found, idVendor=05e3, idProduct=0626, bcdDevice= 6.63
[    5.141335] cfg80211: Loaded X.509 cert 'sforshee: 00b28ddf47aef9cea7'
[    5.144502] cryptomgr_probe (151) used greatest stack depth: 13728 bytes left
[    5.149142] usb 3-1: New USB device strings: Mfr=1, Product=2, SerialNumber=0
[    5.155587] platform regulatory.0: Direct firmware load for regulatory.db failed with error -2
[    5.162691] usb 3-1: Product: USB3.1 Hub
[    5.169833] ALSA device list:
[    5.178429] usb 3-1: Manufacturer: GenesysLogic
[    5.182320]   #0: vs680-asoc
[    5.182343] cfg80211: failed to load regulatory.db
[    5.185959]  mmcblk0: p1 p2 p3 p4 p5 p6 p7 p8 p9 p10 p11 p12 p13 p14 p15 p16 p17 p18 p19 p20 p21 p22 p23 p24 p25 p26
[    5.197498] cryptomgr_probe (151): highest shadow stack usage: 176 bytes
[    5.214807] ttyS0 - failed to request DMA
[    5.219040] Freeing unused kernel memory: 1152K
[    5.219640] hub 3-1:1.0: USB hub found
[    5.228111] hub 3-1:1.0: 4 ports detected
[    5.284586] Run /init as init process
[    5.292488] init: init first stage started!
[    5.297035] init: Loading module /lib/modules/tsp.ko with args ''
[    5.364971] [tsp kernel driver]register cdev device major [238]
[    5.370899] [tsp kernel driver]setup cdevs device minor [0]
[    5.376525] [tsp kernel driver]create device sysfs [tsp]
[    5.381835] [tsp kernel driver]tsp_device_init ok
[    5.386541] [tsp kernel driver]berlin_tsp_probe OK
[    5.391525] init: Loaded kernel module /lib/modules/tsp.ko
[    5.397056] init: Loading module /lib/modules/vpu.ko with args ''
[    5.444817] [vpu kernel driver] vpu probe enter
[    5.449351] [vpu kernel driver] find vpu device h1
[    5.454155] [vpu kernel driver] request irq:21
[    5.458604] [vpu kernel driver] register space [mem 0xf7000000-0xf73fffff]
[    5.464500] usb 2-1.3: new low-speed USB device number 3 using xhci-hcd
[    5.465543] [vpu kernel driver] vpu:h1 probe ok
[    5.476682] [vpu kernel driver] vpu probe enter
[    5.481212] [vpu kernel driver] find vpu device vxg
[    5.486099] [vpu kernel driver] request irq:38
[    5.490540] [vpu kernel driver] register space [mem 0xf7600000-0xf77fffff]
[    5.497455] [vpu kernel driver] vpu:vxg probe ok
[    5.502203] init: Loaded kernel module /lib/modules/vpu.ko
[    5.507725] init: Loading module /lib/modules/shm.ko with args ''
[    5.605142] init: Loaded kernel module /lib/modules/shm.ko
[    5.610669] init: Loading module /lib/modules/aout.ko with args ''
[    5.618204] usb 2-1.3: New USB device found, idVendor=046d, idProduct=c077, bcdDevice=72.00
[    5.626576] usb 2-1.3: New USB device strings: Mfr=1, Product=2, SerialNumber=0
[    5.633888] usb 2-1.3: Product: USB Optical Mouse
[    5.638606] usb 2-1.3: Manufacturer: Logitech
[    5.684803] input: Logitech USB Optical Mouse as /devices/platform/soc/soc:xhci@f7d00000/f7d00000.dwc3/xhci-hcd.0.auto/usb2/2-1/2-1.3/2-1.3:1.0/0003:046D:C077.0001/input/input1
[    5.700666] hid-generic 0003:046D:C077.0001: input,hidraw0: USB HID v1.11 Mouse [Logitech USB Optical Mouse] on usb-xhci-hcd.0.auto-1.3/input0
[    5.725070] aout_probe ok
[    5.727914] init: Loaded kernel module /lib/modules/aout.ko
[    5.733540] init: Loading module /lib/modules/berlin_cc.ko with args ''
[    5.834517] usb 2-1.4: new low-speed USB device number 4 using xhci-hcd
[    5.844804] [berlin_cc kernel driver] berlin cc init
[    6.000953] usb 2-1.4: New USB device found, idVendor=046d, idProduct=c34b, bcdDevice=62.00
[    6.009313] usb 2-1.4: New USB device strings: Mfr=1, Product=2, SerialNumber=0
[    6.016624] usb 2-1.4: Product: USB Keyboard
[    6.020891] usb 2-1.4: Manufacturer: Logitech
[    6.082555] EXT4-fs (mmcblk0p25): Ignoring removed nomblk_io_submit option
[    6.105044] input: Logitech USB Keyboard as /devices/platform/soc/soc:xhci@f7d00000/f7d00000.dwc3/xhci-hcd.0.auto/usb2/2-1/2-1.4/2-1.4:1.0/0003:046D:C34B.0002/input/input2
[    6.184829] hid-generic 0003:046D:C34B.0002: input,hidraw1: USB HID v1.10 Keyboard [Logitech USB Keyboard] on usb-xhci-hcd.0.auto-1.4/input0
[    6.201035] input: Logitech USB Keyboard as /devices/platform/soc/soc:xhci@f7d00000/f7d00000.dwc3/xhci-hcd.0.auto/usb2/2-1/2-1.4/2-1.4:1.1/0003:046D:C34B.0003/input/input3
[    6.216507] hid-generic 0003:046D:C34B.0003: input,hidraw2: USB HID v1.10 Device [Logitech USB Keyboard] on usb-xhci-hcd.0.auto-1.4/input1
[    6.230608] EXT4-fs (mmcblk0p25): recovery complete
[    6.235885] EXT4-fs (mmcblk0p25): mounted filesystem with ordered data mode. Opts: errors=remount-ro,nomblk_io_submit
[    6.248274] e2fsck: executing /system/bin/e2fsck failed: Permission denied
[    6.255183] e2fsck: e2fsck terminated by exit(255)
[    6.255183] 
[    6.264079] EXT4-fs (mmcblk0p25): mounted filesystem with ordered data mode. Opts: discard
[    6.302029] random: init: uninitialized urandom read (16 bytes read)
[    6.309079] random: init: uninitialized urandom read (16 bytes read)
[    6.315948] random: init: uninitialized urandom read (16 bytes read)
[    6.333775] device-mapper: verity: sha256 using implementation "sha256-ce"
[    6.345574] EXT4-fs (dm-5): mounted filesystem without journal. Opts: barrier=1
[    6.358779] device-mapper: verity: sha256 using implementation "sha256-ce"
[    6.370340] EXT4-fs (dm-6): mounted filesystem without journal. Opts: barrier=1
[    6.378530] device-mapper: verity: sha256 using implementation "sha256-ce"
[    6.389607] EXT4-fs (dm-7): mounted filesystem without journal. Opts: barrier=1
[    6.397876] device-mapper: verity: sha256 using implementation "sha256-ce"
[    6.408866] EXT4-fs (dm-8): mounted filesystem without journal. Opts: barrier=1
[    6.434305] printk: init: 51 output lines suppressed due to ratelimiting
[    6.570032] init: Opening SELinux policy
[    6.582634] init: Loading SELinux policy
[    6.598899] SELinux:  Permission nlmsg_getneigh in class netlink_route_socket not defined in policy.
[    6.608324] SELinux: the above unknown classes and permissions will be denied
[    6.615515] SELinux:  policy capability network_peer_controls=1
[    6.621440] SELinux:  policy capability open_perms=1
[    6.626414] SELinux:  policy capability extended_socket_class=1
[    6.632336] SELinux:  policy capability always_check_network=0
[    6.638177] SELinux:  policy capability cgroup_seclabel=0
[    6.643715] SELinux:  policy capability nnp_nosuid_transition=1
[    6.750842] audit: type=1403 audit(6.740:2): auid=4294967295 ses=4294967295 lsm=selinux res=1
[    6.759406] audit: type=1404 audit(6.740:3): enforcing=1 old_enforcing=0 auid=4294967295 ses=4294967295 enabled=1 old-enabled=1 lsm=selinux res=1
[    6.808560] selinux: SELinux: Loaded file_contexts
[    6.813355] selinux: 
[    6.864731] init: init second stage started!
[    6.891761] init: Using Android DT directory /proc/device-tree/firmware/android/
[    6.901940] init: Overriding previous property 'persist.sys.usb.config':'none' with new value 'adb'
[    6.911397] init: Overriding previous property 'persist.sys.usb.config':'adb' with new value 'none'
[    6.920490] init: Couldn't load property file '/vendor/default.prop': open() failed: No such file or directory: No such file or directory
[    6.937886] init: Do not have permissions to set 'persist.sys.force_land_enabled' to '1' in property file '/vendor/build.prop': SELinux permission check failed
[    6.952259] init: Do not have permissions to set 'persist.sys.usb.config' to 'none' in property file '/vendor/build.prop': SELinux permission check failed
[    6.967232] init: Do not have permissions to set 'persist.sys.usb.config' to 'none' in property file '/vendor_dlkm/etc/build.prop': SELinux permission check failed
[    6.982164] init: Couldn't load property file '/odm_dlkm/etc/build.prop': open() failed: No such file or directory: No such file or directory
[    6.995338] init: Do not have permissions to set 'persist.sys.usb.config' to 'none' in property file '/odm/etc/build.prop': SELinux permission check failed
[    7.422194] linkerconfig (186) used greatest stack depth: 11648 bytes left
[    7.479998] ueventd: ueventd started!
[    7.484532] linkerconfig (186): highest shadow stack usage: 320 bytes
[    7.485591] selinux: SELinux: Loaded file_contexts
[    7.495820] selinux: 
[    7.498341] ueventd: Parsing file /system/etc/ueventd.rc...
[    7.504761] ueventd: Added '/vendor/etc/ueventd.rc' to import list
[    7.510970] ueventd: Added '/odm/etc/ueventd.rc' to import list
[    7.517131] ueventd: Parsing file /vendor/etc/ueventd.rc...
[    7.522739] ueventd: Unable to read config file '/vendor/etc/ueventd.rc': open() failed: No such file or directory
[    7.533129] ueventd: Parsing file /odm/etc/ueventd.rc...
[    7.538481] ueventd: Unable to read config file '/odm/etc/ueventd.rc': open() failed: No such file or directory
[    7.624544] boringssl_self_ (189) used greatest stack depth: 11520 bytes left
[    7.674282] ion_system_cust_heap: module is from the staging directory, the quality is unknown, you have been warned.
*******IR ready********
[    7.775249] ion_cma_cust_heap: module is from the staging directory, the quality is unknown, you have been warned.
[    7.884805] [berlin_bm kernel driver] berlin bm init
[    7.944782] insmod (201): highest shadow stack usage: 352 bytes
[    7.974440] Synaptics PVR init. Version 201803121700
[    7.988690] Registered swp emulation handler
console:/ $ [    8.030868] logd.auditd: start
[    8.034038] logd.klogd: 8029540360
<<[GPU TA]>> open session for VS680.
[    8.092602] pvr: ui64ClockSpeed=700000000.
[    8.096733] pvr: clockspeed:          700000000
[    8.101262] pvr: register base:       0xf7980000
[    8.105917] pvr: register size:       0x80000
[    8.110275] pvr: irq:                 41
[    8.114197] pvr: need alloc from dma zone: false.
[    8.118989] PVR_K:  204: Read BVNC 29.14.108.208 from HW device registers
[    8.125808] PVR_K:  204: RGX Device registered with BVNC 29.14.108.208
[    8.134281] [drm] Initialized pvr 1.15.6052913 20170530 for f7980000.gpu on minor 0
[    8.143352] ion_buffer_release: buffer still mapped in the kernel
[    8.154786] insmod (204) used greatest stack depth: 9968 bytes left
[    8.901911] syna-isp f9100000.isp: ISP DHUB:open Done!
[    9.108259] VPP_CA_getVppTaUUID:46: loading recovery ta:1(vpp.ta)
[    9.114356] VPP_CA_Initialize:67: result:0
[    9.128947] VPP_CA_Initialize:88: TEEC_OpenSession:0 result:0
TZ ERROR[sys_sp_exec_cmd:479] Task: OUTCTRL_TA, don't allow to send PI(0x500a)
[   12.595309] logd: FrameworkListener: read() failed (Connection reset by peer)
TZ ERROR[sys_sp_exec_cmd:479] Task: OUTCTRL_TA, don't allow to send PI(0x500a)
[   12.766113] [Kernel] sGPURegAddr=0:f7980000
[   12.770338] [Kernel] sFWStackAddr=0:7145f000
[   12.774620] [Kernel] ui32FWPageTableLog2PageSize=14
[   12.779496] [Kernel] ui32FWPageTableNumPages=2
TZ ERROR[sys_sp_exec_cmd:479] Task: OUTCTRL_TA, don't allow to send PI(0x500a)
[   13.077923] selinux: SELinux:  Could not stat /sys/devices/virtual/net/ipsec_test: No such file or directory.
[   13.088329] selinux: 
TZ ERROR[sys_sp_exec_cmd:479] Task: OUTCTRL_TA, don't allow to send PI(0x500a)
----------SMCEC2SM: received cec msg:id=1----------
Got Appready packet from SoC CEC: 01  00  00  00  01  00  00  00  
SM CEC:pcBody[4]=0x1.
SMCEC2SM: sending launch req to SOC: 06 00 00 00 
[   13.749772] dhd_init_wlan_mem: WIFI MEM Allocated
[   13.754822] Start to alloc BUF:id=3, size=139264
[   13.759580] Alloc BUF successfully
[   13.763073] Start to alloc BUF:id=4, size=0
[   13.794287] syna-isp f9100000.isp: ISP DHUB:open Done!
[   13.856888] Start to alloc BUF:id=7, size=32192
[   13.862264] Start to alloc BUF:id=0, size=2024
[   13.866933] Alloc BUF successfully
[   13.874067] Start to alloc BUF:id=5, size=65536
[   13.878920] Start to alloc BUF:id=6, size=65536
[   13.884135] Start to alloc BUF:id=15, size=4194304
[   13.889556] Start to alloc BUF:id=16, size=8192
[   14.035287] syna-isp f9100000.isp: ISP_DRV:close Done!
[   14.040463] syna-isp f9100000.isp: ISP DHUB:close Done!
[   17.775726] init: Control message: Could not find 'aidl/tv_tuner_resource_mgr' for ctl.interface_start from pid: 212 (/system/bin/servicemanager)
[   18.778682] init: Control message: Could not find 'aidl/tv_tuner_resource_mgr' for ctl.interface_start from pid: 212 (/system/bin/servicemanager)
[   19.778876] init: Control message: Could not find 'aidl/tv_tuner_resource_mgr' for ctl.interface_start from pid: 212 (/system/bin/servicemanager)
[   20.779243] init: Control message: Could not find 'aidl/tv_tuner_resource_mgr' for ctl.interface_start from pid: 212 (/system/bin/servicemanager)
[   21.779631] init: Control message: Could not find 'aidl/tv_tuner_resource_mgr' for ctl.interface_start from pid: 212 (/system/bin/servicemanager)
[   23.345772] Start to alloc BUF:id=9, size=32896
----------SMCEC2SM: received cec msg:id=2----------
SM CEC:Logical address:0x4,Physical address:0x1000
SM CEC:Device Type:4, bActiveSrc:0, bValid:1
[   31.309353] audit: rate limit exceeded
[   33.530128] audit: rate limit exceeded
[   35.660639] audit: rate limit exceeded
[   38.668665] audit: rate limit exceeded
[   39.692555] audit: rate limit exceeded
[   45.887057] audit: rate limit exceeded
[  123.438899] audit: rate limit exceeded
[  139.640202] audit: rate limit exceeded

console:/ $ 
console:/ $ 
console:/ $ TZ ERROR[sys_sp_exec_cmd:479] Task: OUTCTRL_TA, don't allow to send PI(0x500a)
[  209.514486] rcu: INFO: rcu_preempt self-detected stall on CPU
[  209.520239] rcu:     1-....: (2098 ticks this GP) idle=b0e/1/0x4000000000000002 softirq=14605/14605 fqs=986 last_accelerate: d215/dca7, Nonlazy posted: ..D

bg7 a0 erom: release id 0x5cd2459, commit time Fri Apr 9 10:59:43 2021 -0700
bg7 a0 hal : release id 0x5691415, commit time Sun Oct 17 20:49:53 2021 -0700
Enter PI Command Loop...
build-in module: release id 0x954bed4, commit time Thu Mar 11 12:49:19 2021 -0800
Load sysinit
Start ACPU
init cpupll 400MHz
init mempll 3733MHz
init 4GB DDR, lib version r68332
DHL:v0p92 PT:v0p92 ID:0x23
asking BCM to load ddr phy fw.
DDR PHY firmware loading is done.
asking BCM to load ddr phy fw.
DDR PHY firmware loading is done.
asking BCM to load ddr phy fw.
DDR PHY firmware loading is done.
asking BCM to load ddr phy fw.
DDR PHY firmware loading is done.
asking BCM to load ddr phy fw.
DDR PHY firmware loading is done.
asking BCM to load ddr phy fw.
DDR PHY firmware loading is done.
asking BCM to load ddr phy fw.
DDR PHY firmware loading is done.
hw_init done
custom table done
asking BCM to load miniloader.
try to verify flash miniloader
init syspll 800MHz
Flow updatbecd:m_ texzt ln:oa rdeerle, aseeMM iC d b0ooxet!f3
452RKdE, Kc_IoDmm i(bty ttie[m0e :T7]h)u  F= e0b 010070 20300:0590:00307 02000
 UL-T08 0(b0y
te[0:7])     = 435e989ad9900814
Chip version        = 0x01
Leakage ID = 1234
Check bootmode = 0x0 !
Check slot index = 0x0 !
VS680: bm_verify_image, cmd:0x1006, 0x4,0x160000,0x1000000,0x160000,0xbfea4,0x1 !
VS680: bm_verify_image, cmd:0x1006, 0x4,0x120000,0x1000000,0x120000,0xbfea4,0x1 !
load_tzk_boot_param to address = 0x0, size = 0x1c00 .
VS680: bm_verify_image, cmd:0x1006, 0x2,0x101000,0x1000000,0x101000,0xbfe94,0x1 !
load_tzk_oem_setting to address = 0x102c00, size = 0x2000 .
VS680: bm_verify_image, cmd:0x1006, 0x5,0x4104000,0x1000000,0x4104000,0xbfee4,0x1 !
load slot a images successfully.
Image Load done with bootmode=0x0, slot=a !
Bootloader paramater to address 0x4100000 
NOTICE:  BL31: v2.5(release):f1d5e176b
TZK: b1530905fddb0d
**********board_version( 0x 2)
INFO: STB Revision 2.0(3'b010) Board Detected!
set Vcpu from 1000000uv to 812500uv
set Vcore from 1000000uv to 862500uv
[fastlogo]:Show Logo Start !
Boot Image Version is 4
*****S*M**:* *sboco_atrsde_nv_eirsdi=o10n4( ,0 x
2)                                               
MV_SM_BOARDVER_GET: board_version( 0x 2)
Platform VCPU default PMIC : MP886X, VCORE default PMIC: MP886X
Platform VCPU actual  PMIC : SYR837_8, VCORE actual  PMIC: SYR837_8
[     0] Start kernel at 0x04a80000
[    0.000000] Booting Linux on physical CPU 0x0000000000 [0x411fd090]
[    0.000000] Linux version 5.4.141+-ab20220816-145935 (builder@55168dd38195) (Android (6573524 based on r383902b) clang version 11.0.2 (https://android.googlesource.com/toolchain/llvm-project b397f81060ce6d701042b782172ed13bee898b79), LLD 11.0.2 (/buildbot/tmp/tmpF3FjA8 b397f81060ce6d701042b782172ed13bee898b79)) #1 SMP PREEMPT Tue Aug 16 15:17:00 CST 2022
[    0.000000] Machine model: Synaptics VS680 EVK
[    0.000000] cma: Reserved 1200 MiB at 0x0000000025c00000
[    0.000000] psci: probing for conduit method from DT.
[    0.000000] psci: PSCIv1.1 detected in firmware.
[    0.000000] psci: Using standard PSCI v0.2 function IDs
[    0.000000] psci: Trusted OS migration not required
[    0.000000] psci: SMC Calling Convention v1.0
[    0.000000] Load bootconfig: 748 bytes 42 nodes
[    0.000000] percpu: Embedded 35 pages/cpu s103128 r8192 d32040 u143360
[    0.000000] Detected VIPT I-cache on CPU0
[    0.000000] CPU features: detected: ARM erratum 858921
[    0.000000] CPU features: kernel page table isolation disabled by kernel configuration
[    0.000000] Built 1 zonelists, mobility grouping on.  Total pages: 823032
[    0.000000] Kernel command line: console=ttyS0,115200 init=/init root=/dev/ram0 firmware_class.path=/vendor/firmware loop.max_part=7 bootconfig buildvariant=userdebug  chipid=435e989ad9900814 cma=1258291200@633339904
[    0.000000] Dentry cache hash table entries: 524288 (order: 10, 4194304 bytes, linear)
[    0.000000] Inode-cache hash table entries: 262144 (order: 9, 2097152 bytes, linear)
[    0.000000] mem auto-init: stack:off, heap alloc:off, heap free:off
[    0.000000] Memory: 1988100K/3344384K available (13820K kernel code, 1208K rwdata, 9544K rodata, 1152K init, 697K bss, 127484K reserved, 1228800K cma-reserved)
[    0.000000] random: get_random_u64 called from __kmem_cache_create+0xc8/0x734 with crng_init=0
[    0.000000] SLUB: HWalign=64, Order=0-3, MinObjects=0, CPUs=4, Nodes=1
[    0.000000] rcu: Preemptible hierarchical RCU implementation.
[    0.000000] rcu:     RCU dyntick-idle grace-period acceleration is enabled.
[    0.000000]  Tasks RCU enabled.
[    0.000000] rcu: RCU calculated value of scheduler-enlistment delay is 10 jiffies.
[    0.000000] NR_IRQS: 64, nr_irqs: 64, preallocated irqs: 0
[    0.000000] GIC: Using split EOI/Deactivate mode
[    0.000000] rcu:     Offload RCU callbacks from CPUs: (none).
[    0.000000] kfence: initialized - using 2097152 bytes for 255 objects at 0x(____ptrval____)-0x(____ptrval____)
[    0.000000] arch_timer: Enabling local workaround for ARM erratum 858921
[    0.000000] arch_timer: CPU0: Trapping CNTVCT access
[    0.000000] arch_timer: cp15 timer(s) running at 25.00MHz (phys).
[    0.000000] clocksource: arch_sys_counter: mask: 0xffffffffffffff max_cycles: 0x5c40939b5, max_idle_ns: 440795202646 ns
[    0.000002] sched_clock: 56 bits at 25MHz, resolution 40ns, wraps every 4398046511100ns
[    0.000185] Calibrating delay loop (skipped), value calculated using timer frequency.. 50.00 BogoMIPS (lpj=250000)
[    0.000190] pid_max: default: 32768 minimum: 301
[    0.000249] LSM: Security Framework initializing
[    0.000268] SELinux:  Initializing.
[    0.000327] Mount-cache hash table entries: 8192 (order: 4, 65536 bytes, linear)
[    0.000337] Mountpoint-cache hash table entries: 8192 (order: 4, 65536 bytes, linear)
[    0.000970] ASID allocator initialised with 65536 entries
[    0.001000] rcu: Hierarchical SRCU implementation.
[    0.001224] smp: Bringing up secondary CPUs ...
[    0.001609] Detected VIPT I-cache on CPU1
[    0.001624] arch_timer: Enabling local workaround for ARM erratum 858921
[    0.001633] arch_timer: CPU1: Trapping CNTVCT access
[    0.001639] CPU1: Booted secondary processor 0x0000000001 [0x411fd090]
[    0.002043] Detected VIPT I-cache on CPU2
[    0.002051] arch_timer: Enabling local workaround for ARM erratum 858921
[    0.002054] arch_timer: CPU2: Trapping CNTVCT access
[    0.002058] CPU2: Booted secondary processor 0x0000000002 [0x411fd090]
[    0.002443] Detected VIPT I-cache on CPU3
[    0.002451] arch_timer: Enabling local workaround for ARM erratum 858921
[    0.002454] arch_timer: CPU3: Trapping CNTVCT access
[    0.002458] CPU3: Booted secondary processor 0x0000000003 [0x411fd090]
[    0.002489] smp: Brought up 1 node, 4 CPUs
[    0.002499] SMP: Total of 4 processors activated.
[    0.002502] CPU features: detected: 32-bit EL0 Support
[    0.002504] CPU features: detected: CRC32 instructions
[    0.004560] CPU features: emulated: Privileged Access Never (PAN) using TTBR0_EL1 switching
[    0.004562] CPU: All CPU(s) started at EL2
[    0.004572] alternatives: patching kernel code
[    0.004749] CPU3: update max cpu_capacity 1024
[    0.007202] Registered cp15_barrier emulation handler
[    0.007210] Registered setend emulation handler
[    0.007315] clocksource: jiffies: mask: 0xffffffff max_cycles: 0xffffffff, max_idle_ns: 19112604462750000 ns
[    0.007321] futex hash table entries: 1024 (order: 4, 65536 bytes, linear)
[    0.011661] CPU1: update max cpu_capacity 1024
[    0.018652] pinctrl core: initialized pinctrl subsystem
[    0.019057] NET: Registered protocol family 16
[    0.019767] DMA: preallocated 256 KiB pool for atomic allocations
[    0.019779] audit: initializing netlink subsys (disabled)
[    0.019832] audit: type=2000 audit(0.010:1): state=initialized audit_enabled=0 res=1
[    0.019955] cpuidle: using governor teo
[    0.020024] hw-breakpoint: found 6 breakpoint and 4 watchpoint registers.
[    0.020410] pstore: Registered ramoops as persistent store backend
[    0.020413] ramoops: using 0x4000@0xf901c000, ecc: 0
[    0.030696] cryptomgr_test (37) used greatest stack depth: 14640 bytes left
[    0.031089] cryptd: max_cpu_qlen set to 1000
[    0.033452] gpio-dwapb f7fc8000.gpio: no irq for port0
[    0.034056] SCSI subsystem initialized
[    0.034121] usbcore: registered new interface driver usbfs
[    0.034136] usbcore: registered new interface driver hub
[    0.034148] usbcore: registered new device driver usb
[    0.042300] gpio-394 (gpioi2c3): enforced open drain please flag it properly in DT/ACPI DSDT/board file
[    0.042315] gpio-393 (gpioi2c3): enforced open drain please flag it properly in DT/ACPI DSDT/board file
[    0.042347] i2c-gpio gpioi2c3: using lines 394 (SDA) and 393 (SCL)
[    0.043910] videodev: Linux video capture interface: v2.00
[    0.044002] Advanced Linux Sound Architecture Driver Initialized.
[    0.044189] Bluetooth: Core ver 2.22
[    0.044201] NET: Registered protocol family 31
[    0.044203] Bluetooth: HCI device and connection manager initialized
[    0.044207] Bluetooth: HCI socket layer initialized
[    0.044210] Bluetooth: L2CAP socket layer initialized
[    0.044380] clocksource: Switched to clocksource arch_sys_counter
[    0.052523] cryptomgr_test (37): highest shadow stack usage: 112 bytes
[    0.072815] VFS: Disk quotas dquot_6.6.0
[    0.072842] VFS: Dquot-cache hash table entries: 512 (order 0, 4096 bytes)
[    0.073071] thermal_sys: Registered thermal governor 'step_wise'
[    0.073138] NET: Registered protocol family 2
[    0.073237] IP idents hash table entries: 65536 (order: 7, 524288 bytes, linear)
[    0.074138] tcp_listen_portaddr_hash hash table entries: 2048 (order: 3, 32768 bytes, linear)
[    0.074164] TCP established hash table entries: 32768 (order: 6, 262144 bytes, linear)
[    0.074252] TCP bind hash table entries: 32768 (order: 7, 524288 bytes, linear)
[    0.074492] TCP: Hash tables configured (established 32768 bind 32768)
[    0.074546] UDP hash table entries: 2048 (order: 4, 65536 bytes, linear)
[    0.074588] UDP-Lite hash table entries: 2048 (order: 4, 65536 bytes, linear)
[    0.074679] NET: Registered protocol family 1
[    0.075006] Trying to unpack rootfs image as initramfs...
[    0.135284] Freeing initrd memory: 19724K
[    0.135680] hw perfevents: enabled with armv8_cortex_a73 PMU driver, 7 counters available
[    0.137361] Initialise system trusted keyrings
[    0.137424] workingset: timestamp_bits=46 max_order=20 bucket_order=0
[    0.140805] ntfs: driver 2.1.32 [Flags: R/W].
[    0.140939] fuse: init (API version 7.31)
[    0.157495] Key type asymmetric registered
[    0.157499] Asymmetric key parser 'x509' registered
[    0.157515] Block layer SCSI generic (bsg) driver version 0.4 loaded (major 251)
[    0.157519] io scheduler mq-deadline registered
[    0.157582] io scheduler bfq registered
[    0.158639] et6416 3-0020: label = et6416 base = 368 .
[    0.159176] berlin-pcie f7e40000.pcie: host bridge /soc/pcie@f7e40000 ranges:
[    0.159182] berlin-pcie f7e40000.pcie:   No bus range found for /soc/pcie@f7e40000, using [bus 00-ff]
[    0.159196] berlin-pcie f7e40000.pcie:    IO 0xe0800000..0xe0ffffff -> 0x00000000
[    0.159204] berlin-pcie f7e40000.pcie:   MEM 0xe1000000..0xe7ffffff -> 0xe1000000
