b'..........................................................................\r\n'
b'..........................................................................\r\n'
b'..........................................................................\r\n'
b'..........................................................................\r\n'
b'....................................\r\n'
b'downloading of 43524096 bytes finished\r\n'
b'\r\n'
b'NAND erase.part: device 0 offset 0x3c0000, size 0x500000\r\n'
b'\rErasing at 0x3c0000 --   2% complete.\rErasing at 0x3e0000 --   5% complete.\rErasing at 0x400000 --   7% complete.\rErasing at 0x420000 --  10% complete.\rErasing at 0x440000 --  12% complete.\rErasing at 0x460000 --  15% complete.\rErasing at 0x480000 --  17% complete.\rErasing at 0x4a0000 --  20% complete.\rErasing at 0x4c0000 --  22% complete.\rErasing at 0x4e0000 --  25% complete.\rErasing at 0x500000 --  27% complete.\rErasing at 0x520000 --  30% complete.\rErasing at 0x540000 --  32% complete.\rErasing at 0x560000 --  35% complete.\rErasing at 0x580000 --  37% complete.\rErasing at 0x5a0000 --  40% complete.\rErasing at 0x5c0000 --  42% complete.\rErasing at 0x5e0000 --  45% complete.\rErasing at 0x600000 --  47% complete.\rErasing at 0x620000 --  50% complete.\rErasing at 0x640000 --  52% complete.\rErasing at 0x660000 --  55% complete.\rErasing at 0x680000 --  57% complete.\rErasing at 0x6a0000 --  60% complete.\rErasing at 0x6c0000 --  62% complete.\rErasing at 0x6e0000 --  65% complete.\rErasing at 0x700000 --  67% complete.\rErasing at 0x720000 --  70% complete.\rErasing at 0x740000 --  72% complete.\rErasing at 0x760000 --  75% complete.\rErasing at 0x780000 --  77% complete.\rErasing at 0x7a0000 --  80% complete.\rErasing at 0x7c0000 --  82% complete.\rErasing at 0x7e0000 --  85% complete.\rErasing at 0x800000 --  87% complete.\rErasing at 0x820000 --  90% complete.\rErasing at 0x840000 --  92% complete.\rErasing at 0x860000 --  95% complete.\rErasing at 0x880000 --  97% complete.\rErasing at 0x8a0000 -- 100% complete.\r\n'
b'Time:227732 us, speed:23022 KB/s\r\n'
b'OK\r\n'
b'\r\n'
b'NAND write: device 0 offset 0x3c0000, size 0x500000\r\n'
b'Time:1432041 us, speed:3661 KB/s\r\n'
b' 5242880 bytes written: OK\r\n'
b'\r\n'
b'NAND erase.part: device 0 offset 0x8c0000, size 0x500000\r\n'
b'\rErasing at 0x8c0000 --   2% complete.\rErasing at 0x8e0000 --   5% complete.\rErasing at 0x900000 --   7% complete.\rErasing at 0x920000 --  10% complete.\rErasing at 0x940000 --  12% complete.\rErasing at 0x960000 --  15% complete.\rErasing at 0x980000 --  17% complete.\rErasing at 0x9a0000 --  20% complete.\rErasing at 0x9c0000 --  22% complete.\rErasing at 0x9e0000 --  25% complete.\rErasing at 0xa00000 --  27% complete.\rErasing at 0xa20000 --  30% complete.\rErasing at 0xa40000 --  32% complete.\rErasing at 0xa60000 --  35% complete.\rErasing at 0xa80000 --  37% complete.\rErasing at 0xaa0000 --  40% complete.\rErasing at 0xac0000 --  42% complete.\rErasing at 0xae0000 --  45% complete.\rErasing at 0xb00000 --  47% complete.\rErasing at 0xb20000 --  50% complete.\rErasing at 0xb40000 --  52% complete.\rErasing at 0xb60000 --  55% complete.\rErasing at 0xb80000 --  57% complete.\rErasing at 0xba0000 --  60% complete.\rErasing at 0xbc0000 --  62% complete.\rErasing at 0xbe0000 --  65% complete.\rErasing at 0xc00000 --  67% complete.\rErasing at 0xc20000 --  70% complete.\rErasing at 0xc40000 --  72% complete.\rErasing at 0xc60000 --  75% complete.\rErasing at 0xc80000 --  77% complete.\rErasing at 0xca0000 --  80% complete.\rErasing at 0xcc0000 --  82% complete.\rErasing at 0xce0000 --  85% complete.\rErasing at 0xd00000 --  87% complete.\rErasing at 0xd20000 --  90% complete.\rErasing at 0xd40000 --  92% complete.\rErasing at 0xd60000 --  95% complete.\rErasing at 0xd80000 --  97% complete.\rErasing at 0xda0000 -- 100% complete.\r\n'
b'Time:228305 us, speed:22964 KB/s\r\n'
b'OK\r\n'
b'\r\n'
b'NAND write: device 0 offset 0x8c0000, size 0x500000\r\n'
b'Time:1432478 us, speed:3660 KB/s\r\n'
b' 5242880 bytes written: OK\r\n'
b'\r\n'
b'NAND erase.part: device 0 offset 0xdc0000, size 0x600000\r\n'
b'\rErasing at 0xdc0000 --   2% complete.\rErasing at 0xde0000 --   4% complete.\rErasing at 0xe00000 --   6% complete.\rErasing at 0xe20000 --   8% complete.\rErasing at 0xe40000 --  10% complete.\rErasing at 0xe60000 --  12% complete.\rErasing at 0xe80000 --  14% complete.\rErasing at 0xea0000 --  16% complete.\rErasing at 0xec0000 --  18% complete.\rErasing at 0xee0000 --  20% complete.\rErasing at 0xf00000 --  22% complete.\rErasing at 0xf20000 --  25% complete.\rErasing at 0xf40000 --  27% complete.\rErasing at 0xf60000 --  29% complete.\rErasing at 0xf80000 --  31% complete.\rErasing at 0xfa0000 --  33% complete.\rErasing at 0xfc0000 --  35% complete.\rErasing at 0xfe0000 --  37% complete.\rErasing at 0x1000000 --  39% complete.\rErasing at 0x1020000 --  41% complete.\rErasing at 0x1040000 --  43% complete.\rErasing at 0x1060000 --  45% complete.\rErasing at 0x1080000 --  47% complete.\rErasing at 0x10a0000 --  50% complete.\rErasing at 0x10c0000 --  52% complete.\rErasing at 0x10e0000 --  54% complete.\rErasing at 0x1100000 --  56% complete.\rErasing at 0x1120000 --  58% complete.\rErasing at 0x1140000 --  60% complete.\rErasing at 0x1160000 --  62% complete.\rErasing at 0x1180000 --  64% complete.\rErasing at 0x11a0000 --  66% complete.\rErasing at 0x11c0000 --  68% complete.\rErasing at 0x11e0000 --  70% complete.\rErasing at 0x1200000 --  72% complete.\rErasing at 0x1220000 --  75% complete.\rErasing at 0x1240000 --  77% complete.\rErasing at 0x1260000 --  79% complete.\rErasing at 0x1280000 --  81% complete.\rErasing at 0x12a0000 --  83% complete.\rErasing at 0x12c0000 --  85% complete.\rErasing at 0x12e0000 --  87% complete.\rErasing at 0x1300000 --  89% complete.\rErasing at 0x1320000 --  91% complete.\rErasing at 0x1340000 --  93% complete.\rErasing at 0x1360000 --  95% complete.\rErasing at 0x1380000 --  97% complete.\rErasing at 0x13a0000 -- 100% complete.\r\n'
b'Time:284779 us, speed:22092 KB/s\r\n'
b'OK\r\n'
b'\r\n'
b'NAND write: device 0 offset 0xdc0000, size 0x600000\r\n'
b'Time:1793268 us, speed:3508 KB/s\r\n'
b' 6291456 bytes written: OK\r\n'
b'\r\n'
b'NAND erase.part: device 0 offset 0x1420000, size 0x6be0000\r\n'
b'\rErasing at 0x1420000 --   0% complete.\rErasing at 0x1520000 --   1% complete.\rErasing at 0x1640000 --   2% complete.\rErasing at 0x1740000 --   3% complete.\rErasing at 0x1860000 --   4% complete.\rErasing at 0x1980000 --   5% complete.\rErasing at 0x1a80000 --   6% complete.\rErasing at 0x1ba0000 --   7% complete.\rErasing at 0x1cc0000 --   8% complete.\rErasing at 0x1dc0000 --   9% complete.\rSkipping bad block at  0x01ea0000                                          \r\n'
b'\rErasing at 0x1ee0000 --  10% complete.\rErasing at 0x1fe0000 --  11% complete.\rErasing at 0x2100000 --  12% complete.\rErasing at 0x2220000 --  13% complete.\rErasing at 0x2320000 --  14% complete.\rErasing at 0x2440000 --  15% complete.\rErasing at 0x2560000 --  16% complete.\rErasing at 0x2660000 --  17% complete.\rErasing at 0x2780000 --  18% complete.\rErasing at 0x2880000 --  19% complete.\rErasing at 0x29a0000 --  20% complete.\rErasing at 0x2ac0000 --  21% complete.\rErasing at 0x2bc0000 --  22% complete.\rErasing at 0x2ce0000 --  23% complete.\rErasing at 0x2e00000 --  24% complete.\rErasing at 0x2f00000 --  25% complete.\rErasing at 0x3020000 --  26% complete.\rErasing at 0x3140000 --  27% complete.\rErasing at 0x3240000 --  28% complete.\rErasing at 0x3360000 --  29% complete.\rErasing at 0x3460000 --  30% complete.\rErasing at 0x3580000 --  31% complete.\rErasing at 0x36a0000 --  32% complete.\rSkipping bad block at  0x03700000                                          \r\n'
b'\rErasing at 0x37a0000 --  33% complete.\rErasing at 0x38c0000 --  34% complete.\rErasing at 0x39e0000 --  35% complete.\rErasing at 0x3ae0000 --  36% complete.\rErasing at 0x3c00000 --  37% complete.\rErasing at 0x3d00000 --  38% complete.\rErasing at 0x3e20000 --  39% complete.\rErasing at 0x3f40000 --  40% complete.\rErasing at 0x4040000 --  41% complete.\rErasing at 0x4160000 --  42% complete.\rErasing at 0x4280000 --  43% complete.\rErasing at 0x4380000 --  44% complete.\rErasing at 0x44a0000 --  45% complete.\rErasing at 0x45a0000 --  46% complete.\rErasing at 0x46c0000 --  47% complete.\rErasing at 0x47e0000 --  48% complete.\rErasing at 0x48e0000 --  49% complete.\rErasing at 0x4a00000 --  50% complete.\rErasing at 0x4b20000 --  51% complete.\rErasing at 0x4c20000 --  52% complete.\rErasing at 0x4d40000 --  53% complete.\rErasing at 0x4e60000 --  54% complete.\rSkipping bad block at  0x04f60000                                          \r\n'
b'\rErasing at 0x4f80000 --  55% complete.\rErasing at 0x5080000 --  56% complete.\rErasing at 0x5180000 --  57% complete.\rErasing at 0x52a0000 --  58% complete.\rErasing at 0x53c0000 --  59% complete.\rErasing at 0x54c0000 --  60% complete.\rErasing at 0x55e0000 --  61% complete.\rErasing at 0x5700000 --  62% complete.\rErasing at 0x5800000 --  63% complete.\rErasing at 0x5920000 --  64% complete.\rErasing at 0x5a20000 --  65% complete.\rErasing at 0x5b40000 --  66% complete.\rErasing at 0x5c60000 --  67% complete.\rErasing at 0x5d60000 --  68% complete.\rErasing at 0x5e80000 --  69% complete.\rErasing at 0x5fa0000 --  70% complete.\rErasing at 0x60a0000 --  71% complete.\rErasing at 0x61c0000 --  72% complete.\rErasing at 0x62c0000 --  73% complete.\rErasing at 0x63e0000 --  74% complete.\rErasing at 0x6500000 --  75% complete.\rErasing at 0x6600000 --  76% complete.\rErasing at 0x6720000 --  77% complete.\rSkipping bad block at  0x067c0000                                          \r\n'
b'\rErasing at 0x6840000 --  78% complete.\rErasing at 0x6940000 --  79% complete.\rErasing at 0x6a60000 --  80% complete.\rErasing at 0x6b80000 --  81% complete.\rErasing at 0x6c80000 --  82% complete.\rErasing at 0x6da0000 --  83% complete.\rErasing at 0x6ea0000 --  84% complete.\rErasing at 0x6fc0000 --  85% complete.\rErasing at 0x70e0000 --  86% complete.\rErasing at 0x71e0000 --  87% complete.\rErasing at 0x7300000 --  88% complete.\rErasing at 0x7420000 --  89% complete.\rErasing at 0x7520000 --  90% complete.\rErasing at 0x7640000 --  91% complete.\rErasing at 0x7740000 --  92% complete.\rErasing at 0x7860000 --  93% complete.\rErasing at 0x7980000 --  94% complete.\rErasing at 0x7a80000 --  95% complete.\rErasing at 0x7ba0000 --  96% complete.\rErasing at 0x7cc0000 --  97% complete.\rErasing at 0x7dc0000 --  98% complete.\rErasing at 0x7ee0000 --  99% complete.\rErasing at 0x7fe0000 -- 100% complete.\r\n'
b'Time:3531899 us, speed:32026 KB/s\r\n'
b'OK\r\n'
b'\r\n'
b'NAND write: device 0 offset 0x1420000, size 0x3c00000\r\n'
b'Skip bad block 0x01ea0000\r\n'
b'Skip bad block 0x03700000\r\n'
b'Skip bad block 0x04f60000\r\n'
b'Time:21885423 us, speed:2874 KB/s\r\n'
b' 62914560 bytes written: OK\r\n'
b'Saving Environment to NAND...\r\n'
b'Erasing NAND...\r\n'
b'\rErasing at 0x380000 --  50% complete.\rErasing at 0x3a0000 -- 100% complete.\r\n'
b'Writing to NAND... OK\r\n'
b'resetting ...\r\n'
b'\r\n'
b'IPL 43174a3\r\n'
b'D-b7\n'
b'\rMCP32_1866_4X 6L\r\n'
b'== miu settings for 6 layer board ==\r\n'
b'miupll_400MHz\r\n'
b'256MB\n'
b'\rBIST0_0001-OK\n'
b'\rSW ReadDQS Training\r\n'
b'SW WriteDQS Training\r\n'
b'HS on\r\n'
b'[SDMMC] NO SD!\r\n'
b'Load IPL_CUST from SPINAND\r\n'
b'\r\n'
b' BlSize 000061e0\r\n'
b'Checksum OK\n'
b'\rJMP+++ \r\n'
b'IPL_CUST 43174a3\r\n'
b'[SDMMC] NO SD!\r\n'
b'_IPLCustSNandOp\r\n'
b'Load BL from SPINAND\r\n'
b'  decomp_size=0x000751fc\r\n'
b'\r\n'
b'\r\n'
b'U-Boot 2015.01 (Jan 24 2022 - 18:33:49)\r\n'
b'\r\n'
b'Version: I6E#g271a270\r\n'
b'I2C:   ready\r\n'
b'DRAM:  \r\n'
b'WARNING: Caches not enabled\r\n'
b'SPINAND_I:  SPINAND: _MDrv_SPINAND_GET_INFO: Found SPINAND INFO \r\n'
b'(0xB) (0x15) (0x0) \r\r\n'
b'SPINAND: board_nand_init: CIS contains part info\r\n'
b'128 MiB\r\n'
b'MMC:   MStar SD/MMC: 0\r\n'
b'[OTP Control] operation = 2, command = 0, data = 12e\r\n'
b'\r\n'
b' serialnumber: 0123456789ABCDEF \r\n'
b'In:    serial\r\n'
b'Out:   serial\r\n'
b'Err:   serial\r\n'
b'Net:   Net Initialization Skipped\r\n'
b'No ethernet found.\r\n'
b'\r\n'
b'NAND read: device 0 offset 0x3c0000, size 0x500000\r\n'
b'Time:899992 us, speed:5825 KB/s\r\n'
b' 5242880 bytes read: OK\r\n'
b'##  Booting kernel from Legacy Image at 22000000 ...\r\n'
b'   Image Name:   MVX4##I6E#gc6d3350KL_LX409##[BR:\r\n'
b'   Image Type:   ARM Linux Kernel Image (lzma compressed)\r\n'
b'   Data Size:    1861124 Bytes = 1.8 MiB\r\n'
b'   Load Address: 20008000\r\n'
b'   Entry Point:  20008000\r\n'
b'   Verifying Checksum ... OK\r\n'
b'   Uncompressing Kernel Image ... \r\n'
b'[XZ] !!!reserved 0x21000000 length=0x 1000000 for xz!!\r\n'
b'   XZ: uncompressed size=0x3bd000, ret=7\r\n'
b'OK\r\n'
b'atags:0x20000000\r\n'
b'\r\n'
b'Starting kernel ...\r\n'
b'\r\n'
b'[    0.000000] Booting Linux on physical CPU 0x0\r\n'
b'[    0.000000] Linux version 4.9.84 (@c45bf0919f1c) (gcc version 9.1.0 (GCC) ) #2 SMP PREEMPT Mon Feb 21 18:29:03 CST 2022\r\n'
b'[    0.000000] CPU: ARMv7 Processor [410fc075] revision 5 (ARMv7), cr=50c5387d\r\n'
b'[    0.000000] CPU: div instructions available: patching division code\r\n'
b'[    0.000000] CPU: PIPT / VIPT nonaliasing data cache, VIPT aliasing instruction cache\r\n'
b'[    0.000000] early_atags_to_fdt() success\r\n'
b'[    0.000000] OF: fdt:Machine model: INFINITY6E SSC013A-S01A\r\n'
b'[    0.000000] LXmem is 0xffe0000 PHYS_OFFSET is 0x20000000\r\n'
b'[    0.000000] Add mem start 0x20000000 size 0xffe0000!!!!\r\n'
b'[    0.000000] \r\n'
b'[    0.000000] LX_MEM  = 0x20000000, 0xffe0000\r\n'
b'[    0.000000] LX_MEM2 = 0x0, 0x0\r\n'
b'[    0.000000] LX_MEM3 = 0x0, 0x0\r\n'
b'[    0.000000] EMAC_LEN= 0x0\r\n'
b'[    0.000000] DRAM_LEN= 0x0\r\n'
b'[    0.000000] deal_with_reserve_mma_heap memblock_reserve success mma_config[0].reserved_start=\r\n'
b'[    0.000000] 0x25fe0000\r\n'
b'[    0.000000] \r\n'
b'[    0.000000] deal_with_reserve_mma_heap memblock_reserve success mma_config[1].reserved_start=\r\n'
b'[    0.000000] 0x25e7c000\r\n'
b'[    0.000000] \r\n'
b'[    0.000000] cma: Reserved 2 MiB at 0x25c00000\r\n'
b'[    0.000000] Memory policy: Data cache writealloc\r\n'
b'[    0.000000] [infinity6e_smp_init_cpus]\r\n'
b'[    0.000000] percpu: Embedded 13 pages/cpu @c5e37000 s21208 r8192 d23848 u53248\r\n'
b'[    0.000000] Built 1 zonelists in Zone order, mobility grouping on.  Total pages: 64992\r\n'
b'[    0.000000] Kernel command line: ubi.mtd=UBI,2048 root=/dev/mtdblock8 rootfstype=squashfs ro init=/linuxrc LX_MEM=0xffe0000 mma_heap=mma_heap_name0,miu=0,sz=0xA000000 mma_heap=mma_heap_ipu,miu=0,sz=0x164000 cma=2M mtdparts=nand0:768k@0x140000(IPL0),384k(IPL_CUST0),384k(IPL_CUST1),384k(UBOOT0),384k(UBOOT1),256k(ENV0),5m(KERNEL),5m(RECOVERY),6m(rootfs),384k(MISC),-(UBI)\r\n'
b'[    0.000000] PID hash table entries: 1024 (order: 0, 4096 bytes)\r\n'
b'[    0.000000] Dentry cache hash table entries: 32768 (order: 5, 131072 bytes)\r\n'
b'[    0.000000] Inode-cache hash table entries: 16384 (order: 4, 65536 bytes)\r\n'
b'[    0.000000] Memory: 88196K/262016K available (2191K kernel code, 183K rwdata, 1160K rodata, 156K init, 149K bss, 171772K reserved, 2048K cma-reserved)\r\n'
b'[    0.000000] Virtual kernel memory layout:\r\n'
b'[    0.000000]     vector  : 0xffff0000 - 0xffff1000   (   4 kB)\r\n'
b'[    0.000000]     fixmap  : 0xffc00000 - 0xfff00000   (3072 kB)\r\n'
b'[    0.000000]     vmalloc : 0xd0000000 - 0xff800000   ( 760 MB)\r\n'
b'[    0.000000]     lowmem  : 0xc0000000 - 0xcffe0000   ( 255 MB)\r\n'
b'[    0.000000]     modules : 0xbf800000 - 0xc0000000   (   8 MB)\r\n'
b'[    0.000000]       .text : 0xc0008000 - 0xc022c060   (2193 kB)\r\n'
b'[    0.000000]       .init : 0xc036f000 - 0xc0396000   ( 156 kB)\r\n'
b'[    0.000000]       .data : 0xc0396000 - 0xc03c3cc8   ( 184 kB)\r\n'
b'[    0.000000]        .bss : 0xc03c5000 - 0xc03ea5b8   ( 150 kB)\r\n'
b'[    0.000000] SLUB: HWalign=64, Order=0-3, MinObjects=0, CPUs=2, Nodes=1\r\n'
b'[    0.000000] Preemptible hierarchical RCU implementation.\r\n'
b'[    0.000000] \tBuild-time adjustment of leaf fanout to 32.\r\n'
b'[    0.000000] \tRCU restricting CPUs from NR_CPUS=4 to nr_cpu_ids=2.\r\n'
b'[    0.000000] RCU: Adjusting geometry for rcu_fanout_leaf=32, nr_cpu_ids=2\r\n'
b'[    0.000000] NR_IRQS:16 nr_irqs:16 16\r\n'
b'[    0.000000] ms_init_main_intc: np->name=ms_main_intc, parent=gic\r\n'
b'[    0.000000] ms_init_pm_intc: np->name=ms_pm_intc, parent=ms_main_intc\r\n'
b'[    0.000000] ss_init_gpi_intc: np->name=ms_gpi_intc, parent=ms_main_intc\r\n'
b'[    0.000000] Find CLK_ven_pll, hook ms_venpll_ops\r\n'
b'[    0.000000] Find CLK_cpupll_clk, hook ms_cpuclk_ops\r\n'
b'[    0.000000] arm_arch_timer: Architected cp15 timer(s) running at 6.00MHz (virt).\r\n'
b'[    0.000000] clocksource: arch_sys_counter: mask: 0xffffffffffffff max_cycles: 0x1623fa770, max_idle_ns: 440795202238 ns\r\n'
b'[    0.000006] sched_clock: 56 bits at 6MHz, resolution 166ns, wraps every 4398046511055ns\r\n'
b'[    0.000021] Switching to timer-based delay loop, resolution 166ns\r\n'
b'[    0.341702] console [ttyS0] enabled\r\n'
b'[    0.345185] Calibrating delay loop (skipped), value calculated using timer frequency.. 12.00 BogoMIPS (lpj=60000)\r\n'
b'[    0.355447] pid_max: default: 4096 minimum: 301\r\n'
b'[    0.360070] Mount-cache hash table entries: 1024 (order: 0, 4096 bytes)\r\n'
b'[    0.366603] Mountpoint-cache hash table entries: 1024 (order: 0, 4096 bytes)\r\n'
b'[    0.374302] CPU: Testing write buffer coherency: ok\r\n'
b'[    0.379252] CPU0: update cpu_capacity 1024\r\n'
b'[    0.383192] CPU0: thread -1, cpu 0, socket 0, mpidr 80000000\r\n'
b'[    0.389037] Setting up static identity map for 0x20008240 - 0x20008270\r\n'
b'[    0.589207] [infinity6e_boot_secondary]\r\n'
b'[    0.592952] CPU1: update cpu_capacity 1024\r\n'
b'[    0.592959] CPU1: thread -1, cpu 1, socket 0, mpidr 80000001\r\n'
b'[    0.593050] Brought up 2 CPUs\r\n'
b'[    0.605604] SMP: Total of 2 processors activated (24.00 BogoMIPS).\r\n'
b'[    0.611780] CPU: All CPU(s) started in SVC mode.\r\n'
b'[    0.617118] devtmpfs: initialized\r\n'
b'[    0.638204] VFP support v0.3: implementor 41 architecture 2 part 30 variant 7 rev 5\r\n'
b'[    0.646140] clocksource: jiffies: mask: 0xffffffff max_cycles: 0xffffffff, max_idle_ns: 19112604462750000 ns\r\n'
b'[    0.655883] futex hash table entries: 16 (order: -2, 1024 bytes)\r\n'
b'[    0.662671] NET: Registered protocol family 16\r\n'
b'[    0.667632] DMA: preallocated 256 KiB pool for atomic coherent allocations\r\n'
b'[    0.676493] \r\n'
b'[    0.676493] \r\n'
b'[    0.676493] Version : MVX4##I6E#gc6d3350KL_LX409##[BR:HEAD]#XVM\r\n'
b'[    0.676493] \r\n'
b'[    0.703743] GPIO: probe end[    0.709279] [Padmux]reset PAD46(reg 0x103c00:60; mask0x180) t0 FUART_MODE_1 (org: EJ_MODE_1)\r\n'
b'[    0.717673] [Padmux]reset PAD56(reg 0x103c00:2c; mask0x8) t0 SD1_MODE_1 (org: GPIO)\r\n'
b'[    0.725769] hw-breakpoint: found 5 (+1 reserved) breakpoint and 4 watchpoint registers.\r\n'
b'[    0.733655] hw-breakpoint: maximum watchpoint size is 8 bytes.\r\n'
b'[    0.794634] Linux video capture interface: v2.00\r\n'
b'[    0.802920] Advanced Linux Sound Architecture Driver Initialized.\r\n'
b'[    0.810285] clocksource: Switched to clocksource arch_sys_counter\r\n'
b'[    0.818550] NET: Registered protocol family 2\r\n'
b'[    0.823547] TCP established hash table entries: 2048 (order: 1, 8192 bytes)\r\n'
b'[    0.830453] TCP bind hash table entries: 2048 (order: 3, 40960 bytes)\r\n'
b'[    0.836850] TCP: Hash tables configured (established 2048 bind 2048)\r\n'
b'[    0.843247] UDP hash table entries: 128 (order: 0, 6144 bytes)\r\n'
b'[    0.848995] UDP-Lite hash table entries: 128 (order: 0, 6144 bytes)\r\n'
b'[    0.855448] NET: Registered protocol family 1\r\n'
b'[    0.859999] hw perfevents: enabled with armv7_cortex_a7 PMU driver, 5 counters available\r\n'
b'[    0.870980] workingset: timestamp_bits=30 max_order=15 bucket_order=0\r\n'
b'[    0.887887] squashfs: version 4.0 (2009/01/31) Phillip Lougher\r\n'
b'[    0.893607] jffs2: version 2.2. \xc2\xa9 2001-2006 Red Hat, Inc.\r\n'
b'[    0.903369] io scheduler noop registered\r\n'
b'[    0.907136] io scheduler deadline registered (default)\r\n'
b'[    0.912554] Infinity6e PHY probe, base:fd2a4600\r\n'
b'[    0.927876] loop: module loaded\r\n'
b'[    0.932223] libphy: Fixed MDIO Bus: probed\r\n'
b'[    0.936420] i2c /dev entries driver\r\n'
b'[    0.941168] device-mapper: uevent: version 1.0.3\r\n'
b'[    0.946174] device-mapper: ioctl: 4.35.0-ioctl (2016-06-23) initialised: dm-devel@redhat.com\r\n'
b'[    0.954751] leds_pwm soc:pwmleds: unable to request PWM for camera: -517\r\n'
b'[    0.961655] 1f221000.uart0: ttyS0 at MMIO 0x0 (irq = 45, base_baud = 10800000) is a unknown\r\n'
b'[    0.970342] 1f221200.uart1: ttyS1 at MMIO 0x0 (irq = 47, base_baud = 10800000) is a unknown\r\n'
b'[    0.979199] 1f220400.uart2: ttyS2 at MMIO 0x0 (irq = 49, base_baud = 10800000) is a unknown\r\n'
b'[    0.988209] [MS_PM_INTC] hw:9 -> v:72\r\n'
b'[    0.992048] [MS_PM_INTC] hw:10 -> v:73\r\n'
b'[    0.996734] MSYS: DMEM request: [emac0_buff]:0x00000812\r\n'
b'[    1.001897] MSYS: DMEM request: [emac0_buff]:0x00000812 success, CPU phy:@0x25C46000, virt:@0xC5C46000\r\n'
b'[    1.012060] libphy: mdio: probed\r\n'
b'[    1.015138] mdio_bus mdio-bus@emac0: /soc/emac0/mdio-bus/ethernet-phy@0 has invalid PHY address\r\n'
b'[    1.023868] mdio_bus mdio-bus@emac0: scan phy ethernet-phy at address 0\r\n'
b'[    1.030901] mdio_bus mdio-bus@emac0: scan phy ethernet-phy at address 1\r\n'
b'[    1.037374] mdio_bus mdio-bus@emac0: scan phy ethernet-phy at address 2\r\n'
b'[    1.044020] mdio_bus mdio-bus@emac0: scan phy ethernet-phy at address 3\r\n'
b'[    1.050617] mdio_bus mdio-bus@emac0: scan phy ethernet-phy at address 4\r\n'
b'[    1.057216] mdio_bus mdio-bus@emac0: scan phy ethernet-phy at address 5\r\n'
b'[    1.063846] mdio_bus mdio-bus@emac0: scan phy ethernet-phy at address 6\r\n'
b'[    1.070464] mdio_bus mdio-bus@emac0: scan phy ethernet-phy at address 7\r\n'
b'[    1.077061] mdio_bus mdio-bus@emac0: scan phy ethernet-phy at address 8\r\n'
b'[    1.083690] mdio_bus mdio-bus@emac0: scan phy ethernet-phy at address 9\r\n'
b'[    1.090303] mdio_bus mdio-bus@emac0: scan phy ethernet-phy at address 10\r\n'
b'[    1.096992] mdio_bus mdio-bus@emac0: scan phy ethernet-phy at address 11\r\n'
b'[    1.103709] mdio_bus mdio-bus@emac0: scan phy ethernet-phy at address 12\r\n'
b'[    1.110410] mdio_bus mdio-bus@emac0: scan phy ethernet-phy at address 13\r\n'
b'[    1.117098] mdio_bus mdio-bus@emac0: scan phy ethernet-phy at address 14\r\n'
b'[    1.123815] mdio_bus mdio-bus@emac0: scan phy ethernet-phy at address 15\r\n'
b'[    1.130520] mdio_bus mdio-bus@emac0: scan phy ethernet-phy at address 16\r\n'
b'[    1.137203] mdio_bus mdio-bus@emac0: scan phy ethernet-phy at address 17\r\n'
b'[    1.143921] mdio_bus mdio-bus@emac0: scan phy ethernet-phy at address 18\r\n'
b'[    1.150621] mdio_bus mdio-bus@emac0: scan phy ethernet-phy at address 19\r\n'
b'[    1.157309] mdio_bus mdio-bus@emac0: scan phy ethernet-phy at address 20\r\n'
b'[    1.164025] mdio_bus mdio-bus@emac0: scan phy ethernet-phy at address 21\r\n'
b'[    1.170735] mdio_bus mdio-bus@emac0: scan phy ethernet-phy at address 22\r\n'
b'[    1.177414] mdio_bus mdio-bus@emac0: scan phy ethernet-phy at address 23\r\n'
b'[    1.184131] mdio_bus mdio-bus@emac0: scan phy ethernet-phy at address 24\r\n'
b'[    1.190832] mdio_bus mdio-bus@emac0: scan phy ethernet-phy at address 25\r\n'
b'[    1.197520] mdio_bus mdio-bus@emac0: scan phy ethernet-phy at address 26\r\n'
b'[    1.204236] mdio_bus mdio-bus@emac0: scan phy ethernet-phy at address 27\r\n'
b'[    1.210938] mdio_bus mdio-bus@emac0: scan phy ethernet-phy at address 28\r\n'
b'[    1.217625] mdio_bus mdio-bus@emac0: scan phy ethernet-phy at address 29\r\n'
b'[    1.224342] mdio_bus mdio-bus@emac0: scan phy ethernet-phy at address 30\r\n'
b'[    1.231043] mdio_bus mdio-bus@emac0: scan phy ethernet-phy at address 31\r\n'
b'[    1.237805] [emac_phy_connect][3328] connected mac emac0 to PHY at mdio-bus@emac0:00 [uid=11112222, driver=SStar 10/100 Ethernet Phy]\r\n'
b'[    1.251443] ms_rtcpwc 1f006800.rtcpwc: rtc core: registered 1f006800.rtcpwc as rtc0\r\n'
b'[    1.261399] [ms_cpufreq_init] Current clk=796917760\r\n'
b'[    1.267036] [i6e][pwm] use ms_pwm->group_data\r\n'
b'[    1.271516] [NOTICE]pwm-isr(62) success. If not i6e or i6b0, pls confirm it on .dtsi\r\n'
b'[    1.279317] mstar_spinand_probe: mstar_spinand enableClock\r\n'
b'[    1.284675] MSYS: DMEM request: [BDMA]:0x00000840\r\n'
b'[    1.289396] MSYS: DMEM request: [BDMA]:0x00000840 success, CPU phy:@0x25C47000, virt:@0xC5C47000\r\n'
b'[    1.298469] MDrv_SPINAND_Init: Detected ID: MID =b, DID =15\r\n'
b'[    1.303901] _dumpNandInformation:warning, Bytes / Page :  2048\r\n'
b'[    1.309712] _dumpNandInformation:warning, Pages / Block:  64\r\n'
b'[    1.315383] _dumpNandInformation:warning, Sector/ Page :  512\r\n'
b'[    1.321126] _dumpNandInformation:warning, Spare / Page :  128\r\n'
b'[    1.326859] _dumpNandInformation:warning, Current config r:1 w:1 drv:1\r\n'
b'[    1.333852] mstar_spinand_probe: Magic memcmp pass\r\n'
b'[    1.338480] mstar_spinand_probe: Get partition (Block 0 : page 1)\r\n'
b'[    1.344931] mstar_spinand_probe: CIS contains part info\r\n'
b'[    1.349994] mstar_spinand_probe: Before nand_scan()...\r\n'
b'[    1.355169] 11 cmdlinepart partitions found on MTD device nand0\r\n'
b'[    1.361058] mstar_spinand_probe: Mtd parts parse\r\n'
b'[    1.365660] Creating 11 MTD partitions on "nand0":\r\n'
b'[    1.370488] 0x000000140000-0x000000200000 : "IPL0"\r\n'
b'[    1.381046] 0x000000200000-0x000000260000 : "IPL_CUST0"\r\n'
b'[    1.390446] 0x000000260000-0x0000002c0000 : "IPL_CUST1"\r\n'
b'[    1.399788] 0x0000002c0000-0x000000320000 : "UBOOT0"\r\n'
b'[    1.408887] 0x000000320000-0x000000380000 : "UBOOT1"\r\n'
b'[    1.417995] 0x000000380000-0x0000003c0000 : "ENV0"\r\n'
b'[    1.426494] 0x0000003c0000-0x0000008c0000 : "KERNEL"\r\n'
b'[    1.452490] 0x0000008c0000-0x000000dc0000 : "RECOVERY"\r\n'
b'[    1.478571] 0x000000dc0000-0x0000013c0000 : "rootfs"\r\n'
b'[    1.528943] 0x0000013c0000-0x000001420000 : "MISC"\r\n'
b'[    1.537924] 0x000001420000-0x000008000000 : "UBI"\r\n'
b'[    1.947035] mstar notify driver install successfully\r\n'
b'[    1.952273] NET: Registered protocol family 17\r\n'
b'[    1.957188] ThumbEE CPU extension supported.\r\n'
b'[    1.961326] Registering SWP/SWPB emulation handler\r\n'
b'[    1.967004] [PWM] mstar_pwm_config duty_ns=0, period_ns=10000\r\n'
b'[    1.972622] reg=x1F203310(x1019) clk=12000000, period=x4af\r\n'
b'[    1.978078] reg=x1F203308(x1019) clk=12000000, u32Duty=x0\r\n'
b'[    1.983840] ubi0: attaching mtd10\r\n'
b'[    2.240386] [emac_phy_link_adjust] EMAC Link Down \r\n'
b'[    2.939789] ubi0: scanning is finished\r\n'
b'[    2.953228] ubi0: attached mtd10 (name "UBI", size 107 MiB)\r\n'
b'[    2.958646] ubi0: PEB size: 131072 bytes (128 KiB), LEB size: 126976 bytes\r\n'
b'[    2.965541] ubi0: min./max. I/O unit sizes: 2048/2048, sub-page size 2048\r\n'
b'[    2.972321] ubi0: VID header offset: 2048 (aligned 2048), data offset: 4096\r\n'
b'[    2.979273] ubi0: good PEBs: 859, bad PEBs: 4, corrupted PEBs: 0\r\n'
b'[    2.985287] ubi0: user volume: 2, internal volumes: 1, max. volumes count: 128\r\n'
b'[    2.992514] ubi0: max/mean erase counter: 1/1, WL threshold: 4096, image sequence number: 0\r\n'
b'[    3.000866] ubi0: available PEBs: 95, total reserved PEBs: 764, PEBs reserved for bad PEB handling: 16\r\n'
b'[    3.010180] ubi0: background thread "ubi_bgt0d" started, PID 463\r\n'
b'[    3.048203] ms_rtcpwc 1f006800.rtcpwc: setting system clock to 1970-01-01 03:42:37 UTC (13357)\r\n'
b"[    3.056904] OF: fdt:not creating '/sys/firmware/fdt': CRC check failed\r\n"
b'[    3.063388] ALSA device list:\r\n'
b'[    3.066232]   No soundcards found.\r\n'
b'[    3.096429] VFS: Mounted root (squashfs filesystem) readonly on device 31:8.\r\n'
b'[    3.105281] devtmpfs: mounted\r\n'
b'[    3.108103] This architecture does not have kernel memory protection.\r\n'
b"mount: can't find devpts in /etc/fstab\r\n"
b'net.core.rmem_default = 163840\r\n'
b'net.core.rmem_max = 163840\r\n'
b'net.core.wmem_default = 524288\r\n'
b'net.core.wmem_max = 1048576\r\n'
b'net.ipv4.tcp_mem = 924  1232  1848\r\n'
b'net.ipv4.tcp_rmem = 4096  87380  325120\r\n'
b'net.ipv4.tcp_wmem = 4096  131072  393216\r\n'
b'mount: mounting none on /sys failed: Device or resource busy\r\n'
b'mount: mounting none on /sys/kerne[    6.042798] UBIFS (ubi0:0): background thread "ubifs_bgt0_0" started, PID 484\r\n'
b'l/debug/ failed: Device or resource busy\r\n'
b'[    6.087784] UBIFS (ubi0:0): start fixing up free space\r\n'
b'[    6.403022] UBIFS (ubi0:0): free space fixup complete\r\n'
b'[    6.431915] UBIFS (ubi0:0): UBIFS: mounted UBI device 0, volume 0, name "miservice"\r\n'
b'[    6.439423] UBIFS (ubi0:0): LEB size: 126976 bytes (124 KiB), min./max. I/O unit sizes: 2048 bytes/2048 bytes\r\n'
b'[    6.449375] UBIFS (ubi0:0): FS size: 9269248 bytes (8 MiB, 73 LEBs), journal size 1650688 bytes (1 MiB, 13 LEBs)\r\n'
b'[    6.459538] UBIFS (ubi0:0): reserved for root: 0 bytes (0 KiB)\r\n'
b'[    6.465370] UBIFS (ubi0:0): media format: w4/r0 (latest is w4/r0), UUID F7C7F291-42A4-4F8D-A16F-488188D62D91, small LPT model\r\n'
b'[    6.485323] UBIFS (ubi0:1): background thread "ubifs_bgt0_1" started, PID 487\r\n'
b'[    6.537437] UBIFS (ubi0:1): start fixing up free space\r\n'
b'[   11.526607] UBIFS (ubi0:1): free space fixup complete\r\n'
b'[   11.555318] UBIFS (ubi0:1): UBIFS: mounted UBI device 0, volume 1, name "customer"\r\n'
b'[   11.562762] UBIFS (ubi0:1): LEB size: 126976 bytes (124 KiB), min./max. I/O unit sizes: 2048 bytes/2048 bytes\r\n'
b'[   11.572710] UBIFS (ubi0:1): FS size: 79613952 bytes (75 MiB, 627 LEBs), journal size 9023488 bytes (8 MiB, 72 LEBs)\r\n'
b'[   11.583117] UBIFS (ubi0:1): reserved for root: 0 bytes (0 KiB)\r\n'
b'[   11.588938] UBIFS (ubi0:1): media format: w4/r0 (latest is w4/r0), UUID D1495BF4-2E0C-40D5-A077-922B266EE628, small LPT model\r\n'
b"fuse: device not found, try 'modprobe fuse' first\r\n"
b'Enabling support for allow_discards in dmcrypt.\r\n'
b'The dm-crypt device is already created, /dev/dm-0\r\n'
b"insmod: can't read '/config/modules/4.9.84/ms_notify.ko': No such file or directory\r\n"
b'[   12.604406] [CSI] probe\r\n'
b'[   12.607065] Request CSI IRQ[0]#30\r\n'
b'[   12.610484] CSI interrupt registered\r\n'
b'[   12.614294] vif driver probe\r\n'
b'[   12.617468] Create device file. vif_ints,0\r\n'
b'[   12.623598] jpe driver probed\r\n'
b'[   12.627270] [Isp_Driver_Init]\r\n'
b'[   12.637006] [s32CurClkIdx] = 0\r\n'
b'[   12.647491] [IspMid_Driver_Init]\r\n'
b'[   12.651988] ispsclttl:0\r\n'
b'[   12.656288] DivpProcInit 526\r\n'
b'[   12.689446] module [sys] init\r\n'
b'[   12.710927] module [sensor] init\r\n'
b'[   12.718275] module [mipitx] init\r\n'
b'[   12.726870] module [ao] init\r\n'
b'[   12.734864] module [rgn] init\r\n'
b'[   12.745523] module [ldc] init\r\n'
b'[   12.755101] module [vpe] init\r\n'
b'[   12.769429] module [gyro] init\r\n'
b'[   12.777460] module [vif] init\r\n'
b'[   12.786983] module [venc] init May 13 2021 15:01:54\r\n'
b'[   12.796224] module [panel] init\r\n'
b'[   12.805126] module [disp] init\r\n'
b'[   12.813842] module [ipu] init\r\n'
b'[   12.821535] module [divp] init\r\n'
b'[   12.831164] module [ai] init\r\n'
b'[   12.838757] module [vdisp] init\r\n'
b'[   12.921230] -Tx cur[3]: Va1.10_Vb0.65_De_m3.5dB\r\n'
b'[   12.931621] IC is not Trim, apply default setting\r\n'
b'[   13.006254] [cus_vcm_init_handle]\r\n'
b'[   13.009421] [cus_vcm_init_handle]\r\n'
b'[   13.016669] zs02 [cus_camsensor_init_handle]\r\n'
b'[   13.020865] zs02 [cus_camsensor_init_handle]\r\n'
b'(none) login: [   14.590908] client [678] connected, module:ipu\r\n'
b'[   14.706534] au8SetProId[0]:0x71\r\n'
b'[   14.709518] miu_number:0,start:0x25e7c000,end:0x25fe0000,flag:1\r\n'
b'IPU SDK version: 1.1.2_verified_21010811\r\n'
b'client [678] Create IPU device, reference=1\r\n'
b'Model version: 1.1.0_verified_20091609\r\n'
b'client [678] Create IPU channel 0\r\n'
b'UVC Set Trace Le[   14.821670] RxDET\r\n'
b'vel: error\r\n'
b'[   14.896064] [_MI_AI_IMPL_AllocTmpBuffer:3844] tmp buffer addr[d1798000].\r\n'
b'[   14.920001] SS DIS\r\n'
b'[   14.922997] RxDET\r\n'
b' _MI_AI_OpenVqeLib: success\r\n'
b' _MI_AI_OpenSrcLib: success\r\n'
b' _MI_AI_OpenG711Lib: success\r\n'
b' _MI_AI_OpenG726Lib: success\r\n'
b' _MI_AI_OpenAedLib: success\r\n'
b' _MI_AI_OpenSslLib: success\r\n'
b' _MI_AI_OpenBfLib: success\r\n'
b'[   26.240435] [UACTransfer] ST_UAC_SendFrame failed:Input/output error 5\r\n'
b'\x1b[1;33m[MI WRN ]: MI_AI_GetFrame[7284]: Dev2 Chn0 Buffer(s) is lost due to slow fetching!!!\r\n'
b'root\r\n'
b'\r\n'
b'Password: \r\n'
b'\r\n'
b"login: can't chdir to home directory '/home/root'\r\n"
b"login[683]: root login on 'UNKNOWN'\r\r\n"
b"-sh: can't access tty; job control turned off\r\n"
b'/ # \r\n'
b'/ # uname -a\r\n'
b'Linux (none) 4.9.84 #2 SMP PREEMPT Mon Feb 21 18:29:03 CST 2022 armv7l GNU/Linux\r\n'
b'/ # \r\n'
b'/ # uname -a\r\n'
b'\r\n'
b'Linux (none) 4.9.84 #2 SMP PREEMPT Mon Feb 21 18:29:03 CST 2022 armv7l GNU/Linux\r\n'
b'/ # \r\n'
b'/ # uname -a\r\n'
b'\r\n'
b'Linux (none) 4.9.84 #2 SMP PREEMPT Mon Feb 21 18:29:03 CST 2022 armv7l GNU/Linux\r\n'
b'/ # uname -a\r\n'
b'\r\n'
b'Linux (none) 4.9.84 #2 SMP PREEMPT Mon Feb 21 18:29:03 CST 2022 armv7l GNU/Linux\r\n'
b'/ # \r\n'
b'/ # uname -a\r\n'
b'\r\n'
b'Linux (none) 4.9.84 #2 SMP PREEMPT Mon Feb 21 18:29:03 CST 2022 armv7l GNU/Linux\r\n'
b'/ # \r\n'
b'/ # uname -a\r\n'
b'\r\n'
b'/ # \r\n'
b'/ # uname -a\r\n'
b'\r\n'
b'Linux (none) 4.9.84 #2 SMP PREEMPT Mon Feb 21 18:29:03 CST 2022 armv7l GNU/Linux\r\n'
b'/ # \r\n'
b'/ # uname -a\r\n'
b'\r\n'
b'Linux (none) 4.9.84 #2 SMP PREEMPT Mon Feb 21 18:29:03 CST 2022 armv7l GNU/Linux\r\n'
b'/ # \r\n'
b'/ # uname -a\r\n'
b'\r\n'
b'Linux (none) 4.9.84 #2 SMP PREEMPT Mon Feb 21 18:29:03 CST 2022 armv7l GNU/Linux\r\n'
b'/ # \r\n'
b'/ # uname -a\r\n'
b'\r\n'
b'ls -l\r\n'
b'\r\n'
b'Linux (none) 4.9.84 #2 SMP PREEMPT Mon Feb 21 18:29:03 CST 2022 armv7l GNU/Linux\r\n'
b'/ # \r\n'
b'/ # ls -l\r\n'
b'total 0\r\n'
b'drwxr-xr-x    2 root     root          1328 May  9  2020 \x1b[1;34mbin\x1b[0m\r\n'
b'drwxr-xr-x    2 root     root             3 Feb 21  2022 \x1b[1;34mbootconfig\x1b[0m\r\n'
b'drwxr-xr-x    8 1000     1000           984 Feb 21  2022 \x1b[1;34mconfig\x1b[0m\r\n'
b'drwxr-xr-x    8 1000     1000          1776 Jan  1 03:42 \x1b[1;34mcustomer\x1b[0m\r\n'
b'drwxrwxrwt    4 root     root          2400 Jan  1 03:42 \x1b[1;34mdev\x1b[0m\r\n'
b'drwxr-xr-x    3 root     root           207 Feb 21  2022 \x1b[1;34metc\x1b[0m\r\n'
b'drwxr-xr-x    2 root     root             3 Jan 17  2017 \x1b[1;34mhome\x1b[0m\r\n'
b'drwxr-xr-x    3 root     root          1415 Feb 21  2022 \x1b[1;34mlib\x1b[0m\r\n'
b'lrwxrwxrwx    1 root     root            11 Nov 19  2019 \x1b[1;36mlinuxrc\x1b[0m -> \x1b[1;32mbin/busybox\x1b[0m\r\n'
b'drwxr-xr-x    2 root     root             3 Feb 21  2022 \x1b[1;34mmisc\x1b[0m\r\n'
b'drwxr-xr-x    2 root     root             3 Jan 17  2017 \x1b[1;34mmnt\x1b[0m\r\n'
b'dr-xr-xr-x  100 root     root             0 Jan  1 00:00 \x1b[1;34mproc\x1b[0m\r\n'
b'drwxr-xr-x    2 root     root          1018 Feb 21  2022 \x1b[1;34msbin\x1b[0m\r\n'
b'dr-xr-xr-x   15 root     root             0 Jan  1 03:42 \x1b[1;34msys\x1b[0m\r\n'
b'drwxrwxrwt    2 root     root           400 Jan  1 03:42 \x1b[1;34mtmp\x1b[0m\r\n'
b'drwxr-xr-x    4 root     root            50 Nov 19  2019 \x1b[1;34musr\x1b[0m\r\n'
b'drwxrwxrwt    4 root     root            80 Jan  1 03:42 \x1b[1;34mvar\x1b[0m\r\n'
b'drwxr-xr-x    2 root     root             3 Feb 21  2022 \x1b[1;34mvendor\x1b[0m\r\n'
b'/ # \r\n'
b'/ # root\r\n'
b'-sh: root: not found\r\n'
b'/ # \r\n'
b'/ # bunengshuo\r\n'
b'-sh: bunengshuo: not found\r\n'
b'/ # \r\n'
b'/ # root\r\n'
b'-sh: root: not found\r\n'
b'/ # \r\n'
b'/ # '
b'root\r\n'
b'\r\n'
b'Password: \r\n'
b"login[682]: root login on 'UNKNOWN'\r\r\n"
b"-sh: can't access tty; job control turned off\r\n"
b'/ # \r\n'
b'/ # uname -a\r\n'
b'\r\n'
b'Linux (none) 4.9.84 #2 SMP PREEMPT Mon Feb 21 18:29:03 CST 2022 armv7l GNU/Linux\r\n'
b'/ # \r\n'
b'/ # uae \r\n'
b'/ # \r\n'
b'/ # uname -a\r\n'
b'\r\n'
b'Linux (none) 4.9.84 #2 SMP PREEMPT Mon Feb 21 18:29:03 CST 2022 armv7l GNU/Linux\r\n'
b'ls -/ # \r\n'
b'/ # ls -l\r\n'
b'total 0\r\n'
b'drwxr-xr-x    2 root     root          1328 May  9  2020 \x1b[1;34mbin\x1b[0m\r\n'
b'drwxr-xr-x    2 root     root             3 Feb 21  2022 \x1b[1;34mbootconfig\x1b[0m\r\n'
b'drwxr-xr-x    8 1000     1000           984 Feb 21  2022 \x1b[1;34mconfig\x1b[0m\r\n'
b'drwxr-xr-x    8 1000     1000          1776 Jan  1 03:45 \x1b[1;34mcustomer\x1b[0m\r\n'
b'drwxrwxrwt    4 root     root          2400 Jan  1 03:45 \x1b[1;34mdev\x1b[0m\r\n'
b'drwxr-xr-x    3 root     root           207 Feb 21  2022 \x1b[1;34metc\x1b[0m\r\n'
b'drwxr-xr-x    2 root     root             3 Jan 17  2017 \x1b[1;34mhome\x1b[0m\r\n'
b'drwxr-xr-x    3 root     root          1415 Feb 21  2022 \x1b[1;34mlib\x1b[0m\r\n'
b'lrwxrwxrwx    1 root     root            11 Nov 19  2019 \x1b[1;36mlinuxrc\x1b[0m -> \x1b[1;32mbin/busybox\x1b[0m\r\n'
b'drwxr-xr-x    2 root     root             3 Feb 21  2022 \x1b[1;34mmisc\x1b[0m\r\n'
b'drwxr-xr-x    2 root     root             3 Jan 17  2017 \x1b[1;34mmnt\x1b[0m\r\n'
b'dr-xr-xr-x  100 root     root             0 Jan  1 00:00 \x1b[1;34mproc\x1b[0m\r\n'
b'drwxr-xr-x    2 root     root          1018 Feb 21  2022 \x1b[1;34msbin\x1b[0m\r\n'
b'dr-xr-xr-x   15 root     root             0 Jan  1 03:44 \x1b[1;34msys\x1b[0m\r\n'
b'drwxrwxrwt    2 root     root           400 Jan  1 03:45 \x1b[1;34mtmp\x1b[0m\r\n'
b'drwxr-xr-x    4 root     root            50 Nov 19  2019 \x1b[1;34musr\x1b[0m\r\n'
b'drwxrwxrwt    4 root     root            80 Jan  1 03:45 \x1b[1;34mvar\x1b[0m\r\n'
b'drwxr-xr-x    2 root     root             3 Feb 21  2022 \x1b[1;34mvendor\x1b[0m\r\n'
b'/ # \r\n'
b'/ # root\r\n'
b'-sh: root: not found\r\n'
b'/ # \r\n'
b'/ # bunengshuo\r\n'
b'-sh: bunengshuo: not found\r\n'
b'/ # \r\n'
b'/ # root\r\n'
b'-sh: root: not found\r\n'
b'/ # \r\n'
b'/ # b'
b'root\r\n'
b'Password: \r\n'
b"login[683]: root login on 'UNKNOWN'\r\r\n"
b"-sh: can't access tty; job control turned off\r\n"
b'/ # \r\n'
b'/ # uname -a\r\n'
b'\r\n'
b'Linux (none) 4.9.84 #2 SMP PREEMPT Mon Feb 21 18:29:03 CST 2022 armv7l GNU/Linux\r\n'
b'/ # \r\n'
b'/ # um -\r\n'
b'Linux (none) 4.9.84 #2 SMP PREEMPT Mon Feb 21 18:29:03 CST 2022 armv7l GNU/Linux\r\n'
b'/ # \r\n'
b'/ # uae -a\r\r\n'
b'/ # \r\n'
b'/ # uname -a\r\n'
b'\r\n'
b'ls -l\r\n'
b'\r\n'
b'Linux (none) 4.9.84 #2 SMP PREEMPT Mon Feb 21 18:29:03 CST 2022 armv7l GNU/Linux\r\n'
b'/ # \r\n'
b'/ # ls -l\r\n'
b'total 0\r\n'
b'drwxr-xr-x    2 root     root          1328 May  9  2020 \x1b[1;34mbin\x1b[0m\r\n'
b'drwxr-xr-x    2 root     root             3 Feb 21  2022 \x1b[1;34mbootconfig\x1b[0m\r\n'
b'drwxr-xr-x    8 1000     1000           984 Feb 21  2022 \x1b[1;34mconfig\x1b[0m\r\n'
b'drwxr-xr-x    8 1000     1000          1776 Jan  1 03:47 \x1b[1;34mcustomer\x1b[0m\r\n'
b'drwxrwxrwt    4 root     root          2400 Jan  1 03:47 \x1b[1;34mdev\x1b[0m\r\n'
b'drwxr-xr-x    3 root     root           207 Feb 21  2022 \x1b[1;34metc\x1b[0m\r\n'
b'drwxr-xr-x    2 root     root             3 Jan 17  2017 \x1b[1;34mhome\x1b[0m\r\n'
b'drwxr-xr-x    3 root     root          1415 Feb 21  2022 \x1b[1;34mlib\x1b[0m\r\n'
b'lrwxrwxrwx    1 root     root            11 Nov 19  2019 \x1b[1;36mlinuxrc\x1b[0m -> \x1b[1;32mbin/busybox\x1b[0m\r\n'
b'drwxr-xr-x    2 root     root             3 Feb 21  2022 \x1b[1;34mmisc\x1b[0m\r\n'
b'drwxr-xr-x    2 root     root             3 Jan 17  2017 \x1b[1;34mmnt\x1b[0m\r\n'
b'dr-xr-xr-x  100 root     root             0 Jan  1 00:00 \x1b[1;34mproc\x1b[0m\r\n'
b'drwxr-xr-x    2 root     root          1018 Feb 21  2022 \x1b[1;34msbin\x1b[0m\r\n'
b'dr-xr-xr-x   15 root     root             0 Jan  1 03:47 \x1b[1;34msys\x1b[0m\r\n'
b'drwxrwxrwt    2 root     root           400 Jan  1 03:47 \x1b[1;34mtmp\x1b[0m\r\n'
b'drwxr-xr-x    4 root     root            50 Nov 19  2019 \x1b[1;34musr\x1b[0m\r\n'
b'drwxrwxrwt    4 root     root            80 Jan  1 03:47 \x1b[1;34mvar\x1b[0m\r\n'
b'drwxr-xr-x    2 root     root             3 Feb 21  2022 \x1b[1;34mvendor\x1b[0m\r\n'
b'/ # \r\n'
b'/ # root\r\n'
b'\r\n'
b'-sh: root: not found\r\n'
b'/ # \r\n'
b'/ # bunengshuo\r\n'
b'\r\n'
b'ro-sh: bunengshuo: not found\r\n'
b'o/ # \r\n'
b'\r\n'
b'/ # root\r\n'
b'-sh: root: not found\r\n'
b'/ # \r\n'
b'/ # '
b'root\r\n'
b'Password: \r\n'
b'\r\n'
b"login: can't chdir to home directory '/home/root'\r\n"
b"login[683]: root login on 'UNKNOWN'\r\r\n"
b"-sh: can't access tty; job control turned off\r\n"
b'/ # \r\n'
b'/ # ume \n'
b'/ # \r\n'
b'/ # ls -l\r\n'
b'\r\n'
b'total 0\r\n'
b'drwxr-xr-x    2 root     root          1328 May  9  2020 \x1b[1;34mbin\x1b[0m\r\n'
b'drwxr-xr-x    2 root     root             3 Feb 21  2022 \x1b[1;34mbootconfig\x1b[0m\r\n'
b'drwxr-xr-x    8 1000     1000           984 Feb 21  2022 \x1b[1;34mconfig\x1b[0m\r\n'
b'drwxr-xr-x    8 1000     1000          1776 Jan  1 03:49 \x1b[1;34mcustomer\x1b[0m\r\n'
b'drwxrwxrwt    4 root     root          2400 Jan  1 03:49 \x1b[1;34mdev\x1b[0m\r\n'
b'drwxr-xr-x    3 root     root           207 Feb 21  2022 \x1b[1;34metc\x1b[0m\r\n'
b'drwxr-xr-x    2 root     root             3 Jan 17  2017 \x1b[1;34mhome\x1b[0m\r\n'
b'drwxr-xr-x    3 root     root          1415 Feb 21  2022 \x1b[1;34mlib\x1b[0m\r\n'
b'lrwxrwxrwx    1 root     root            11 Nov 19  2019 \x1b[1;36mlinuxrc\x1b[0m -> \x1b[1;32mbin/busybox\x1b[0m\r\n'
b'drwxr-xr-x    2 root     root             3 Feb 21  2022 \x1b[1;34mmisc\x1b[0m\r\n'
b'drwxr-xr-x    2 root     root             3 Jan 17  2017 \x1b[1;34mmnt\x1b[0m\r\n'
b'dr-xr-xr-x  100 root     root             0 Jan  1 00:00 \x1b[1;34mproc\x1b[0m\r\n'
b'drwxr-xr-x    2 root     root          1018 Feb 21  2022 \x1b[1;34msbin\x1b[0m\r\n'
b'dr-xr-xr-x   15 root     root             0 Jan  1 03:49 \x1b[1;34msys\x1b[0m\r\n'
b'drwxrwxrwt    2 root     root           400 Jan  1 03:49 \x1b[1;34mtmp\x1b[0m\r\n'
b'drwxr-xr-x    4 root     root            50 Nov 19  2019 \x1b[1;34musr\x1b[0m\r\n'
b'drwxrwxrwt    4 root     root            80 Jan  1 03:49 \x1b[1;34mvar\x1b[0m\r\n'
b'drwxr-xr-x    2 root     root             3 Feb 21  2022 \x1b[1;34mvendor\x1b[0m\r\n'
b'/ # \r\n'
b'/ # root\r\n'
b'-sh: root: not found\r\n'
b'/ # \r\n'
b'/ # bunengshuo\r\n'
b'-sh: bunengshuo: not found\r\n'
b'/ # \r\n'
b'/ # root\r\n'
b'-sh: root: not found\r\n'
b'/ # \r\n'
b'/ # '
b'root\r\n'
b'Password: \r\n'
b"login[683]: root login on 'UNKNOWN'\r\r\n"
b"-sh: can't access tty; job control turned off\r\n"
b'/ # \r\n'
b'/ # uname -a\r\n'
b'\r\n'
b'Linux (none) 4.9.84 #2 SMP PREEMPT Mon Feb 21 18:29:03 CST 2022 armv7l GNU/Linux\r\n'
b'/ # \r\n'
b'/ # u\x00m -\r\n'
b'Linux (none) 4.9.84 #2 SMP PREEMPT Mon Feb 21 18:29:03 CST 2022 armv7l GNU/Linux\r\n'
b'/ # \r\n'
b'/ # uae-\r\r\n'
b'/ # \r\n'
b'/ # uname -a\r\n'
b'\r\n'
b'ls -l\r\n'
b'\r\n'
b'Linux (none) 4.9.84 #2 SMP PREEMPT Mon Feb 21 18:29:03 CST 2022 armv7l GNU/Linux\r\n'
b'/ # \r\n'
b'/ # ls -l\r\n'
b'total 0\r\n'
b'drwxr-xr-x    2 root     root          1328 May  9  2020 \x1b[1;34mbin\x1b[0m\r\n'
b'drwxr-xr-x    2 root     root             3 Feb 21  2022 \x1b[1;34mbootconfig\x1b[0m\r\n'
b'drwxr-xr-x    8 1000     1000           984 Feb 21  2022 \x1b[1;34mconfig\x1b[0m\r\n'
b'drwxr-xr-x    8 1000     1000          1776 Jan  1 03:51 \x1b[1;34mcustomer\x1b[0m\r\n'
b'drwxrwxrwt    4 root     root          2400 Jan  1 03:51 \x1b[1;34mdev\x1b[0m\r\n'
b'drwxr-xr-x    3 root     root           207 Feb 21  2022 \x1b[1;34metc\x1b[0m\r\n'
b'drwxr-xr-x    2 root     root             3 Jan 17  2017 \x1b[1;34mhome\x1b[0m\r\n'
b'drwxr-xr-x    3 root     root          1415 Feb 21  2022 \x1b[1;34mlib\x1b[0m\r\n'
b'lrwxrwxrwx    1 root     root            11 Nov 19  2019 \x1b[1;36mlinuxrc\x1b[0m -> \x1b[1;32mbin/busybox\x1b[0m\r\n'
b'drwxr-xr-x    2 root     root             3 Feb 21  2022 \x1b[1;34mmisc\x1b[0m\r\n'
b'drwxr-xr-x    2 root     root             3 Jan 17  2017 \x1b[1;34mmnt\x1b[0m\r\n'
b'dr-xr-xr-x  100 root     root             0 Jan  1 00:00 \x1b[1;34mproc\x1b[0m\r\n'
b'drwxr-xr-x    2 root     root          1018 Feb 21  2022 \x1b[1;34msbin\x1b[0m\r\n'
b'dr-xr-xr-x   15 root     root             0 Jan  1 03:51 \x1b[1;34msys\x1b[0m\r\n'
b'drwxrwxrwt    2 root     root           400 Jan  1 03:51 \x1b[1;34mtmp\x1b[0m\r\n'
b'drwxr-xr-x    4 root     root            50 Nov 19  2019 \x1b[1;34musr\x1b[0m\r\n'
b'drwxrwxrwt    4 root     root            80 Jan  1 03:51 \x1b[1;34mvar\x1b[0m\r\n'
b'drwxr-xr-x    2 root     root             3 Feb 21  2022 \x1b[1;34mvendor\x1b[0m\r\n'
b'/ # \r\n'
b'/ # root\r\n'
b'\r\n'
b'-sh: root: not found\r\n'
b'/ # \r\n'
b'/ # bunengshuo\r\n'
b'\r\n'
b'ro-sh: bunengshuo: not found\r\n'
b'o/ # \r\n'
b'\r\n'
b'/ # root\r\n'
b'-sh: root: not found\r\n'
b'/ # \r\n'
empty
b'root\r\n'
b'Password: \r\n'
b"login[682]: root login on 'UNKNOWN'\r\r\n"
b"-sh: can't access tty; job control turned off\r\n"
b'/ # \r\n'
b'/ # uname -a\r\n'
b'Linux (none) 4.9.84 #2 SMP PREEMPT Mon Feb 21 18:29:03 CST 2022 armv7l GNU/Linux\r\n'
b'/ # \r\n'
b'/ # uae -a\r\n'
b'Linux (none) 4.9.84 #2 SMP PREEMPT Mon Feb 21 18:29:03 CST 2022 armv7l GNU/Linux\r\n'
b'/ # \r\n'
b'/ # uam \r\n'
b'Linux (none) 4.9.84 #2 SMP PREEMPT Mon Feb 21 18:29:03 CST 2022 armv7l GNU/Linux\r\n'
b'/ # \r\n'
b'/ # uae \r\n'
b'Linux (none) 4.9.84 #2 SMP PREEMPT Mon Feb 21 18:29:03 CST 2022 armv7l GNU/Linux\r\n'
b'/ # \r\n'
b'/ # u\x00a \r\n'
b'Linux (none) 4.9.84 #2 SMP PREEMPT Mon Feb 21 18:29:03 CST 2022 armv7l GNU/Linux\r\n'
b'/ # \r\n'
b'/ # umea\n'
b'Linux (none) 4.9.84 #2 SMP PREEMPT Mon Feb 21 18:29:03 CST 2022 armv7l GNU/Linux\r\n'
b'/ # \r\n'
b'/ # ua \r\r\n'
b'Linux (none) 4.9.84 #2 SMP PREEMPT Mon Feb 21 18:29:03 CST 2022 armv7l GNU/Linux\r\n'
b'/ # \r\n'
b'/ # um a\r\n'
b'Linux (none) 4.9.84 #2 SMP PREEMPT Mon Feb 21 18:29:03 CST 2022 armv7l GNU/Linux\r\n'
b'/ # \r\n'
b'/ # uae-a\r\n'
b'Linux (none) 4.9.84 #2 SMP PREEMPT Mon Feb 21 18:29:03 CST 2022 armv7l GNU/Linux\r\n'
b'/ # \r\n'
b'/ # uae\n'
b'Linux (none) 4.9.84 #2 SMP PREEMPT Mon Feb 21 18:29:03 CST 2022 armv7l GNU/Linux\r\n'
b'/ # \r\n'
b'/ # uae\n'
b'Linux (none) 4.9.84 #2 SMP PREEMPT Mon Feb 21 18:29:03 CST 2022 armv7l GNU/Linux\r\n'
b'/ # \r\n'
b'/ # ua -a\r\n'
b'Linux (none) 4.9.84 #2 SMP PREEMPT Mon Feb 21 18:29:03 CST 2022 armv7l GNU/Linux\r\n'
b'/ # \r\n'
b'/ # uae -a\n'
b'Linux (none) 4.9.84 #2 SMP PREEMPT Mon Feb 21 18:29:03 CST 2022 armv7l GNU/Linux\r\n'
b'/ # \r\n'
b'/ # ua\r\n'
b'Linux (none) 4.9.84 #2 SMP PREEMPT Mon Feb 21 18:29:03 CST 2022 armv7l GNU/Linux\r\n'
b'/ # \r\n'
b'/ # um a\r\r\n'
b'Linux (none) 4.9.84 #2 SMP PREEMPT Mon Feb 21 18:29:03 CST 2022 armv7l GNU/Linux\r\n'
b'/ # \r\n'
b'/ # umea\r\n'
b'Linux (none) 4.9.84 #2 SMP PREEMPT Mon Feb 21 18:29:03 CST 2022 armv7l GNU/Linux\r\n'
b'/ # \r\n'
b'/ # uae -a\n'
b'Linux (none) 4.9.84 #2 SMP PREEMPT Mon Feb 21 18:29:03 CST 2022 armv7l GNU/Linux\r\n'
b'/ # \r\n'
b'/ # uae -\r\r\n'
b'Linux (none) 4.9.84 #2 SMP PREEMPT Mon Feb 21 18:29:03 CST 2022 armv7l GNU/Linux\r\n'
b'/ # \r\n'
b'/ # ume-\n'
b'Linux (none) 4.9.84 #2 SMP PREEMPT Mon Feb 21 18:29:03 CST 2022 armv7l GNU/Linux\r\n'
b'/ # \r\n'
b'/ # ua a\r\n'
b'Linux (none) 4.9.84 #2 SMP PREEMPT Mon Feb 21 18:29:03 CST 2022 armv7l GNU/Linux\r\n'
b'/ # \r\n'
b'/ # um a\r\n'
b'Linux (none) 4.9.84 #2 SMP PREEMPT Mon Feb 21 18:29:03 CST 2022 armv7l GNU/Linux\r\n'
b'/ # \r\n'
b'/ # umea\n'
b'Linux (none) 4.9.84 #2 SMP PREEMPT Mon Feb 21 18:29:03 CST 2022 armv7l GNU/Linux\r\n'
b'/ # \r\n'
b'/ # ua -\n'
b'Linux (none) 4.9.84 #2 SMP PREEMPT Mon Feb 21 18:29:03 CST 2022 armv7l GNU/Linux\r\n'
b'/ # \r\n'
b'/ # uaea\r\r\n'
b'Linux (none) 4.9.84 #2 SMP PREEMPT Mon Feb 21 18:29:03 CST 2022 armv7l GNU/Linux\r\n'
b'/ # \r\n'
b'/ # uae -a\r\n'
b'Linux (none) 4.9.84 #2 SMP PREEMPT Mon Feb 21 18:29:03 CST 2022 armv7l GNU/Linux\r\n'
b'/ # \r\n'
b'/ # uaea\r\n'
b'Linux (none) 4.9.84 #2 SMP PREEMPT Mon Feb 21 18:29:03 CST 2022 armv7l GNU/Linux\r\n'
b'/ # \r\n'
b'/ # uae \r\n'
b'Linux (none) 4.9.84 #2 SMP PREEMPT Mon Feb 21 18:29:03 CST 2022 armv7l GNU/Linux\r\n'
b'/ # \r\n'
b'/ # uae\r\r\n'
b'Linux (none) 4.9.84 #2 SMP PREEMPT Mon Feb 21 18:29:03 CST 2022 armv7l GNU/Linux\r\n'
b'/ # \r\n'
b'/ # uaa\r\n'
b'Linux (none) 4.9.84 #2 SMP PREEMPT Mon Feb 21 18:29:03 CST 2022 armv7l GNU/Linux\r\n'
b'/ # \r\n'
b'/ # uam -a\r\n'
b'Linux (none) 4.9.84 #2 SMP PREEMPT Mon Feb 21 18:29:03 CST 2022 armv7l GNU/Linux\r\n'
b'/ # \r\n'
b'/ # um -\r\n'
b'Linux (none) 4.9.84 #2 SMP PREEMPT Mon Feb 21 18:29:03 CST 2022 armv7l GNU/Linux\r\n'
b'/ # \r\n'
b'/ # uae a\r\r\n'
b'Linux (none) 4.9.84 #2 SMP PREEMPT Mon Feb 21 18:29:03 CST 2022 armv7l GNU/Linux\r\n'
b'/ # \r\n'
b'/ # ua-\r\r\n'
b'Linux (none) 4.9.84 #2 SMP PREEMPT Mon Feb 21 18:29:03 CST 2022 armv7l GNU/Linux\r\n'
b'/ # \r\n'
b'/ # uae\r\n'
b'Linux (none) 4.9.84 #2 SMP PREEMPT Mon Feb 21 18:29:03 CST 2022 armv7l GNU/Linux\r\n'
b'/ # \r\n'
b'/ # um -\n'
b'Linux (none) 4.9.84 #2 SMP PREEMPT Mon Feb 21 18:29:03 CST 2022 armv7l GNU/Linux\r\n'
b'/ # \r\n'
b'/ # uam a\r\n'
b'Linux (none) 4.9.84 #2 SMP PREEMPT Mon Feb 21 18:29:03 CST 2022 armv7l GNU/Linux\r\n'
b'/ # \r\n'
b'/ # ume\r\n'
b'Linux (none) 4.9.84 #2 SMP PREEMPT Mon Feb 21 18:29:03 CST 2022 armv7l GNU/Linux\r\n'
b'/ # \r\n'
b'/ # um \r\n'
b'Linux (none) 4.9.84 #2 SMP PREEMPT Mon Feb 21 18:29:03 CST 2022 armv7l GNU/Linux\r\n'
b'/ # \r\n'
b'/ # ua a\n'
b'Linux (none) 4.9.84 #2 SMP PREEMPT Mon Feb 21 18:29:03 CST 2022 armv7l GNU/Linux\r\n'
b'/ # \r\n'
b'/ # uae -\r\n'
b'Linux (none) 4.9.84 #2 SMP PREEMPT Mon Feb 21 18:29:03 CST 2022 armv7l GNU/Linux\r\n'
b'/ # \r\n'
b'/ # uae a\r\n'
b'Linux (none) 4.9.84 #2 SMP PREEMPT Mon Feb 21 18:29:03 CST 2022 armv7l GNU/Linux\r\n'
b'/ # \r\n'
b'/ # uaea\n'
b'Linux (none) 4.9.84 #2 SMP PREEMPT Mon Feb 21 18:29:03 CST 2022 armv7l GNU/Linux\r\n'
b'/ # \r\n'
b'/ # ume\r\r\n'
b'Linux (none) 4.9.84 #2 SMP PREEMPT Mon Feb 21 18:29:03 CST 2022 armv7l GNU/Linux\r\n'
b'/ # \r\n'
b'/ # umea\r\r\n'
b'Linux (none) 4.9.84 #2 SMP PREEMPT Mon Feb 21 18:29:03 CST 2022 armv7l GNU/Linux\r\n'
b'/ # \r\n'
b'/ # uae -a\n'
b'Linux (none) 4.9.84 #2 SMP PREEMPT Mon Feb 21 18:29:03 CST 2022 armv7l GNU/Linux\r\n'
b'/ # \r\n'
b'/ # ume-a\r\n'
b'Linux (none) 4.9.84 #2 SMP PREEMPT Mon Feb 21 18:29:03 CST 2022 armv7l GNU/Linux\r\n'
b'/ # \r\n'
b'/ # uae\r\n'
b'Linux (none) 4.9.84 #2 SMP PREEMPT Mon Feb 21 18:29:03 CST 2022 armv7l GNU/Linux\r\n'
b'/ # \r\n'
b'/ # ua a\n'
b'Linux (none) 4.9.84 #2 SMP PREEMPT Mon Feb 21 18:29:03 CST 2022 armv7l GNU/Linux\r\n'
b'/ # \r\n'
b'/ # ume \r\n'
b'Linux (none) 4.9.84 #2 SMP PREEMPT Mon Feb 21 18:29:03 CST 2022 armv7l GNU/Linux\r\n'
b'/ # \r\n'
b'/ # uae -a\r\n'
b'Linux (none) 4.9.84 #2 SMP PREEMPT Mon Feb 21 18:29:03 CST 2022 armv7l GNU/Linux\r\n'
b'/ # \r\n'
b'/ # uae \r\n'
b'Linux (none) 4.9.84 #2 SMP PREEMPT Mon Feb 21 18:29:03 CST 2022 armv7l GNU/Linux\r\n'
b'/ # \r\n'
b'/ # uae\n'
b'Linux (none) 4.9.84 #2 SMP PREEMPT Mon Feb 21 18:29:03 CST 2022 armv7l GNU/Linux\r\n'
b'/ # \r\n'
b'/ # ume\n'
b'Linux (none) 4.9.84 #2 SMP PREEMPT Mon Feb 21 18:29:03 CST 2022 armv7l GNU/Linux\r\n'
b'/ # \r\n'
b'/ # uaea\r\n'
b'Linux (none) 4.9.84 #2 SMP PREEMPT Mon Feb 21 18:29:03 CST 2022 armv7l GNU/Linux\r\n'
b'/ # \r\n'
b'/ # uae\r\n'
b'Linux (none) 4.9.84 #2 SMP PREEMPT Mon Feb 21 18:29:03 CST 2022 armv7l GNU/Linux\r\n'
b'/ # \r\n'
b'/ # uae -a\r\r\n'
b'Linux (none) 4.9.84 #2 SMP PREEMPT Mon Feb 21 18:29:03 CST 2022 armv7l GNU/Linux\r\n'
b'/ # \r\n'
b'/ # u -\n'
b'Linux (none) 4.9.84 #2 SMP PREEMPT Mon Feb 21 18:29:03 CST 2022 armv7l GNU/Linux\r\n'
b'/ # \r\n'
b'/ # uae a\n'
b'Linux (none) 4.9.84 #2 SMP PREEMPT Mon Feb 21 18:29:03 CST 2022 armv7l GNU/Linux\r\n'
b'/ # \r\n'
b'/ # uae\r\n'
b'Linux (none) 4.9.84 #2 SMP PREEMPT Mon Feb 21 18:29:03 CST 2022 armv7l GNU/Linux\r\n'
b'/ # \r\n'
b'/ # ua \r\r\n'
b'Linux (none) 4.9.84 #2 SMP PREEMPT Mon Feb 21 18:29:03 CST 2022 armv7l GNU/Linux\r\n'
b'/ # \r\n'
b'/ # ua -a\r\n'
b'Linux (none) 4.9.84 #2 SMP PREEMPT Mon Feb 21 18:29:03 CST 2022 armv7l GNU/Linux\r\n'
b'/ # \r\n'
b'/ # um -\n'
b'Linux (none) 4.9.84 #2 SMP PREEMPT Mon Feb 21 18:29:03 CST 2022 armv7l GNU/Linux\r\n'
b'/ # \r\n'
b'/ # uae a\r\n'
b'Linux (none) 4.9.84 #2 SMP PREEMPT Mon Feb 21 18:29:03 CST 2022 armv7l GNU/Linux\r\n'
b'/ # \r\n'
b'/ # ua-a\r\n'
b'Linux (none) 4.9.84 #2 SMP PREEMPT Mon Feb 21 18:29:03 CST 2022 armv7l GNU/Linux\r\n'
b'/ # \r\n'
b'/ # um a\r\n'
b'Linux (none) 4.9.84 #2 SMP PREEMPT Mon Feb 21 18:29:03 CST 2022 armv7l GNU/Linux\r\n'
b'/ # \r\n'
b'/ # uame-a\n'
b'Linux (none) 4.9.84 #2 SMP PREEMPT Mon Feb 21 18:29:03 CST 2022 armv7l GNU/Linux\r\n'
b'/ # \r\n'
b'/ # ume-\r\n'
b'Linux (none) 4.9.84 #2 SMP PREEMPT Mon Feb 21 18:29:03 CST 2022 armv7l GNU/Linux\r\n'
b'/ # \r\n'
b'/ # ume\n'
b'Linux (none) 4.9.84 #2 SMP PREEMPT Mon Feb 21 18:29:03 CST 2022 armv7l GNU/Linux\r\n'
b'/ # \r\n'
b'/ # ua -a\r\r\n'
b'Linux (none) 4.9.84 #2 SMP PREEMPT Mon Feb 21 18:29:03 CST 2022 armv7l GNU/Linux\r\n'
b'/ # \r\n'
b'/ # ua\r\n'
b'Linux (none) 4.9.84 #2 SMP PREEMPT Mon Feb 21 18:29:03 CST 2022 armv7l GNU/Linux\r\n'
b'/ # \r\n'
b'/ # u\x00e \r\n'
b'/ # \r\n'
b'/ # uname -a\r\n'
b'\r\n'
b'ls -l\r\n'
b'\r\n'
b'Linux (none) 4.9.84 #2 SMP PREEMPT Mon Feb 21 18:29:03 CST 2022 armv7l GNU/Linux\r\n'
b'/ # \r\n'
b'/ # ls -l\r\n'
b'total 0\r\n'
b'drwxr-xr-x    2 root     root          1328 May  9  2020 \x1b[1;34mbin\x1b[0m\r\n'
b'drwxr-xr-x    2 root     root             3 Feb 21  2022 \x1b[1;34mbootconfig\x1b[0m\r\n'
b'drwxr-xr-x    8 1000     1000           984 Feb 21  2022 \x1b[1;34mconfig\x1b[0m\r\n'
b'drwxr-xr-x    8 1000     1000          1776 Jan  1 03:53 \x1b[1;34mcustomer\x1b[0m\r\n'
b'drwxrwxrwt    4 root     root          2400 Jan  1 03:53 \x1b[1;34mdev\x1b[0m\r\n'
b'drwxr-xr-x    3 root     root           207 Feb 21  2022 \x1b[1;34metc\x1b[0m\r\n'
b'drwxr-xr-x    2 root     root             3 Jan 17  2017 \x1b[1;34mhome\x1b[0m\r\n'
b'drwxr-xr-x    3 root     root          1415 Feb 21  2022 \x1b[1;34mlib\x1b[0m\r\n'
b'lrwxrwxrwx    1 root     root            11 Nov 19  2019 \x1b[1;36mlinuxrc\x1b[0m -> \x1b[1;32mbin/busybox\x1b[0m\r\n'
b'drwxr-xr-x    2 root     root             3 Feb 21  2022 \x1b[1;34mmisc\x1b[0m\r\n'
b'drwxr-xr-x    2 root     root             3 Jan 17  2017 \x1b[1;34mmnt\x1b[0m\r\n'
b'dr-xr-xr-x  100 root     root             0 Jan  1 00:00 \x1b[1;34mproc\x1b[0m\r\n'
b'drwxr-xr-x    2 root     root          1018 Feb 21  2022 \x1b[1;34msbin\x1b[0m\r\n'
b'dr-xr-xr-x   15 root     root             0 Jan  1 03:53 \x1b[1;34msys\x1b[0m\r\n'
b'drwxrwxrwt    2 root     root           400 Jan  1 03:53 \x1b[1;34mtmp\x1b[0m\r\n'
b'drwxr-xr-x    4 root     root            50 Nov 19  2019 \x1b[1;34musr\x1b[0m\r\n'
b'drwxrwxrwt    4 root     root            80 Jan  1 03:53 \x1b[1;34mvar\x1b[0m\r\n'
b'drwxr-xr-x    2 root     root             3 Feb 21  2022 \x1b[1;34mvendor\x1b[0m\r\n'
b'/ # \r\n'
b'/ # root\r\n'
b'-sh: root: not found\r\n'
b'/ # \r\n'
b'/ # bunengshuo\r\n'
b'-sh: bunengshuo: not found\r\n'
b'/ # \r\n'
b'/ # root\r\n'
b'-sh: root: not found\r\n'
b'/ # \r\n'
b'/ # '
b'root\r\n'
b'Password: \r\n'
b"login: can't chdir to home directory '/home/root'\r\n"
b"login[682]: root login on 'UNKNOWN'\r\r\n"
b"-sh: can't access tty; job control turned off\r\n"
b'/ # \r\n'
b'/ # uname -a\r\n'
b'\r\n'
b'Linux (none) 4.9.84 #2 SMP PREEMPT Mon Feb 21 18:29:03 CST 2022 armv7l GNU/Linux\r\n'
b'/ # \r\n'
b'/ # uae -a\r\r\n'
b'/ # \r\n'
b'/ # uname -a\r\n'
b'\r\n'
b'ls -l\r\n'
b'\r\n'
b'Linux (none) 4.9.84 #2 SMP PREEMPT Mon Feb 21 18:29:03 CST 2022 armv7l GNU/Linux\r\n'
b'/ # \r\n'
b'/ # ls -l\r\n'
b'total 0\r\n'
b'drwxr-xr-x    2 root     root          1328 May  9  2020 \x1b[1;34mbin\x1b[0m\r\n'
b'drwxr-xr-x    2 root     root             3 Feb 21  2022 \x1b[1;34mbootconfig\x1b[0m\r\n'
b'drwxr-xr-x    8 1000     1000           984 Feb 21  2022 \x1b[1;34mconfig\x1b[0m\r\n'
b'drwxr-xr-x    8 1000     1000          1776 Jan  1 03:57 \x1b[1;34mcustomer\x1b[0m\r\n'
b'drwxrwxrwt    4 root     root          2400 Jan  1 03:57 \x1b[1;34mdev\x1b[0m\r\n'
b'drwxr-xr-x    3 root     root           207 Feb 21  2022 \x1b[1;34metc\x1b[0m\r\n'
b'drwxr-xr-x    2 root     root             3 Jan 17  2017 \x1b[1;34mhome\x1b[0m\r\n'
b'drwxr-xr-x    3 root     root          1415 Feb 21  2022 \x1b[1;34mlib\x1b[0m\r\n'
b'lrwxrwxrwx    1 root     root            11 Nov 19  2019 \x1b[1;36mlinuxrc\x1b[0m -> \x1b[1;32mbin/busybox\x1b[0m\r\n'
b'drwxr-xr-x    2 root     root             3 Feb 21  2022 \x1b[1;34mmisc\x1b[0m\r\n'
b'drwxr-xr-x    2 root     root             3 Jan 17  2017 \x1b[1;34mmnt\x1b[0m\r\n'
b'dr-xr-xr-x  100 root     root             0 Jan  1 00:00 \x1b[1;34mproc\x1b[0m\r\n'
b'drwxr-xr-x    2 root     root          1018 Feb 21  2022 \x1b[1;34msbin\x1b[0m\r\n'
b'dr-xr-xr-x   15 root     root             0 Jan  1 03:57 \x1b[1;34msys\x1b[0m\r\n'
b'drwxrwxrwt    2 root     root           400 Jan  1 03:57 \x1b[1;34mtmp\x1b[0m\r\n'
b'drwxr-xr-x    4 root     root            50 Nov 19  2019 \x1b[1;34musr\x1b[0m\r\n'
b'drwxrwxrwt    4 root     root            80 Jan  1 03:57 \x1b[1;34mvar\x1b[0m\r\n'
b'drwxr-xr-x    2 root     root             3 Feb 21  2022 \x1b[1;34mvendor\x1b[0m\r\n'
b'/ # \r\n'
b'/ # root\r\n'
b'-sh: root: not found\r\n'
b'/ # \r\n'
b'/ # bunengshuo\r\n'
b'ro-sh: obunengshuo: not found\r\n'
b'/ # \r\n'
b'\r\n'
b'/ # root\r\n'
b'-sh: root: not found\r\n'
b'/ # \r\n'
