b'\r\n'
b'(none) login: \r\n'
b'(none) login: root\r\n'
b'\r\n'
b'Password: \r\n'
b'\r\n'
b'\r\n'
b'\r\n'
b'root\r\n'
b'\r\n'
b"login: can't chdir to home directory '/home/root'\r\n"
b"login[712]: root login on 'UNKNOWN'\r\r\n"
b"-sh: can't access tty; job control turned off\r\n"
b'/ # \r\n'
b'/ # \r\n'
b'/ # \r\n'
b'/ # root\r\n'
b'-sh: root: not found\r\n'
b'/ # \r\n'
b'/ # bunengshuo\r\n'
b'rebo-sh: bunengshuo: not found\r\n'
b'o/ # \r\n'
b'/ # reboot-bootloader\r\n'
b'\r\n'
b'\rThe system is g[  143.102053] [Main] force stop app...\r\n'
b'[  143.102053] \r\n'
b'oing down NOW!\r\n'
b'\rSent SIGTERM to all processes\r\n'
b'Terminated\r\n'
b'/ # \r\n'
b'/ # \rSent SIGKILL to all processes\r\n'
b'[  144.110476] [_MI_AI_IMPL_FreeTmpBuffer:3862] free tmp buffer.\r\n'
b'\rRequesting system reboot\r\n'
b"[  144.222283] collect channel0's resource\r\n"
b'[  144.226729] au8SetProId[0]:0x71\r\n'
b'[  144.229709] miu_number:0,start:0x25e7c000,end:0x25fe0000,flag:0\r\n'
b'[  144.235664] --------shutdown IPU----------\r\n'
b'[  144.342907] client [677] disconnected, module:ipu\r\n'
b'[  145.141851] reboot: Restarting system\r\n'
b'1\r\n'
b'IPL 43174a3\r\n'
b'D-b7\n'
b'\rMCP32_1866_4X 6L\r\n'
b'== miu settings for 6 layer board ==\r\n'
b'miupll_400MHz\r\n'
b'256MB\n'
b'\rBIST0_0001-OK\n'
b'\rSW ReadDQS Training\r\n'
b'SW WriteDQS Training\r\n'
b'HS on\r\n'
b'[SDMMC] NO SD!\r\n'
b'Load IPL_CUST from SPINAND\r\n'
b'\r\n'
b' BlSize 000061e0\r\n'
b'Checksum OK\n'
b'\rJMP+++ \r\n'
b'IPL_CUST 43174a3\r\n'
b'[SDMMC] NO SD!\r\n'
b'_IPLCustSNandOp\r\n'
b'Load BL from SPINAND\r\n'
b'  decomp_size=0x000751fc\r\n'
b'\r\n'
b'\r\n'
b'U-Boot 2015.01 (Jan 10 2022 - 01:25:37)\r\n'
b'\r\n'
b'Version: I6E#g271a270\r\n'
b'I2C:   ready\r\n'
b'DRAM:  \r\n'
b'WARNING: Caches not enabled\r\n'
b'SPINAND_I:  SPINAND: _MDrv_SPINAND_GET_INFO: Found SPINAND INFO \r\n'
b'(0xB) (0x15) (0x0) \r\r\n'
b'SPINAND: board_nand_init: CIS contains part info\r\n'
b'128 MiB\r\n'
b'MMC:   MStar SD/MMC: 0\r\n'
b'[OTP Control] operation = 2, command = 0, data = 12e\r\n'
b'\r\n'
b' serialnumber: 3456789520131410 \r\n'
b'In:    serial\r\n'
b'Out:   serial\r\n'
b'Err:   serial\r\n'
b'Net:   Net Initialization Skipped\r\n'
b'No ethernet found.\r\n'
b'<USB> config miu select [70] [ef] [ef] [ef].\r\n'
b'<USB>[UDC] PULL DOWN D+.\r\n'
b'<USB>[UDC] PULL UP D+.\r\n'
b"registered gadget driver 'msb250x_udc'\r\n"
b'<USB>[LINK] High speed device.\r\r\n'
b'<USB>[2][EN] bulk out with maxpacket/fifo(512/1024)\r\r\n'
b'<USB>[1][EN] bulk in with maxpacket/fifo(512/8192)\r\r\n'
b'Starting download of 29872 bytes\r\n'
b'\r\n'
b'downloading of 29872 bytes finished\r\n'
b'Starting download of 29872 bytes\r\n'
b'\r\n'
b'downloading of 29872 bytes finished\r\n'
b'Starting download of 44064768 bytes\r\n'
b'..........................................................................\r\n'
b'..........................................................................\r\n'
b'..........................................................................\r\n'
b'..........................................................................\r\n'
b'........................................\r\n'
b'downloading of 44064768 bytes finished\r\n'
b'\r\n'
b'NAND erase.part: device 0 offset 0x3c0000, size 0x500000\r\n'
b'\rErasing at 0x3c0000 --   2% complete.\rErasing at 0x3e0000 --   5% complete.\rErasing at 0x400000 --   7% complete.\rErasing at 0x420000 --  10% complete.\rErasing at 0x440000 --  12% complete.\rErasing at 0x460000 --  15% complete.\rErasing at 0x480000 --  17% complete.\rErasing at 0x4a0000 --  20% complete.\rErasing at 0x4c0000 --  22% complete.\rErasing at 0x4e0000 --  25% complete.\rErasing at 0x500000 --  27% complete.\rErasing at 0x520000 --  30% complete.\rErasing at 0x540000 --  32% complete.\rErasing at 0x560000 --  35% complete.\rErasing at 0x580000 --  37% complete.\rErasing at 0x5a0000 --  40% complete.\rErasing at 0x5c0000 --  42% complete.\rErasing at 0x5e0000 --  45% complete.\rErasing at 0x600000 --  47% complete.\rErasing at 0x620000 --  50% complete.\rErasing at 0x640000 --  52% complete.\rErasing at 0x660000 --  55% complete.\rErasing at 0x680000 --  57% complete.\rErasing at 0x6a0000 --  60% complete.\rErasing at 0x6c0000 --  62% complete.\rErasing at 0x6e0000 --  65% complete.\rErasing at 0x700000 --  67% complete.\rErasing at 0x720000 --  70% complete.\rErasing at 0x740000 --  72% complete.\rErasing at 0x760000 --  75% complete.\rErasing at 0x780000 --  77% complete.\rErasing at 0x7a0000 --  80% complete.\rErasing at 0x7c0000 --  82% complete.\rErasing at 0x7e0000 --  85% complete.\rErasing at 0x800000 --  87% complete.\rErasing at 0x820000 --  90% complete.\rErasing at 0x840000 --  92% complete.\rErasing at 0x860000 --  95% complete.\rErasing at 0x880000 --  97% complete.\rErasing at 0x8a0000 -- 100% complete.\r\n'
b'Time:225374 us, speed:23263 KB/s\r\n'
b'OK\r\n'
b'\r\n'
b'NAND write: device 0 offset 0x3c0000, size 0x500000\r\n'
b'Time:1445734 us, speed:3626 KB/s\r\n'
b' 5242880 bytes written: OK\r\n'
b'\r\n'
b'NAND erase.part: device 0 offset 0x8c0000, size 0x500000\r\n'
b'\rErasing at 0x8c0000 --   2% complete.\rErasing at 0x8e0000 --   5% complete.\rErasing at 0x900000 --   7% complete.\rErasing at 0x920000 --  10% complete.\rErasing at 0x940000 --  12% complete.\rErasing at 0x960000 --  15% complete.\rErasing at 0x980000 --  17% complete.\rErasing at 0x9a0000 --  20% complete.\rErasing at 0x9c0000 --  22% complete.\rErasing at 0x9e0000 --  25% complete.\rErasing at 0xa00000 --  27% complete.\rErasing at 0xa20000 --  30% complete.\rErasing at 0xa40000 --  32% complete.\rErasing at 0xa60000 --  35% complete.\rErasing at 0xa80000 --  37% complete.\rErasing at 0xaa0000 --  40% complete.\rErasing at 0xac0000 --  42% complete.\rErasing at 0xae0000 --  45% complete.\rErasing at 0xb00000 --  47% complete.\rErasing at 0xb20000 --  50% complete.\rErasing at 0xb40000 --  52% complete.\rErasing at 0xb60000 --  55% complete.\rErasing at 0xb80000 --  57% complete.\rErasing at 0xba0000 --  60% complete.\rErasing at 0xbc0000 --  62% complete.\rErasing at 0xbe0000 --  65% complete.\rErasing at 0xc00000 --  67% complete.\rErasing at 0xc20000 --  70% complete.\rErasing at 0xc40000 --  72% complete.\rErasing at 0xc60000 --  75% complete.\rErasing at 0xc80000 --  77% complete.\rErasing at 0xca0000 --  80% complete.\rErasing at 0xcc0000 --  82% complete.\rErasing at 0xce0000 --  85% complete.\rErasing at 0xd00000 --  87% complete.\rErasing at 0xd20000 --  90% complete.\rErasing at 0xd40000 --  92% complete.\rErasing at 0xd60000 --  95% complete.\rErasing at 0xd80000 --  97% complete.\rErasing at 0xda0000 -- 100% complete.\r\n'
b'Time:225399 us, speed:23260 KB/s\r\n'
b'OK\r\n'
b'\r\n'
b'NAND write: device 0 offset 0x8c0000, size 0x500000\r\n'
b'Time:1445922 us, speed:3625 KB/s\r\n'
b' 5242880 bytes written: OK\r\n'
b'\r\n'
b'NAND erase.part: device 0 offset 0xdc0000, size 0x600000\r\n'
b'\rErasing at 0xdc0000 --   2% complete.\rErasing at 0xde0000 --   4% complete.\rErasing at 0xe00000 --   6% complete.\rErasing at 0xe20000 --   8% complete.\rErasing at 0xe40000 --  10% complete.\rErasing at 0xe60000 --  12% complete.\rErasing at 0xe80000 --  14% complete.\rErasing at 0xea0000 --  16% complete.\rErasing at 0xec0000 --  18% complete.\rErasing at 0xee0000 --  20% complete.\rErasing at 0xf00000 --  22% complete.\rErasing at 0xf20000 --  25% complete.\rErasing at 0xf40000 --  27% complete.\rErasing at 0xf60000 --  29% complete.\rErasing at 0xf80000 --  31% complete.\rErasing at 0xfa0000 --  33% complete.\rErasing at 0xfc0000 --  35% complete.\rErasing at 0xfe0000 --  37% complete.\rErasing at 0x1000000 --  39% complete.\rErasing at 0x1020000 --  41% complete.\rErasing at 0x1040000 --  43% complete.\rErasing at 0x1060000 --  45% complete.\rErasing at 0x1080000 --  47% complete.\rErasing at 0x10a0000 --  50% complete.\rErasing at 0x10c0000 --  52% complete.\rErasing at 0x10e0000 --  54% complete.\rErasing at 0x1100000 --  56% complete.\rErasing at 0x1120000 --  58% complete.\rErasing at 0x1140000 --  60% complete.\rErasing at 0x1160000 --  62% complete.\rErasing at 0x1180000 --  64% complete.\rErasing at 0x11a0000 --  66% complete.\rErasing at 0x11c0000 --  68% complete.\rErasing at 0x11e0000 --  70% complete.\rErasing at 0x1200000 --  72% complete.\rErasing at 0x1220000 --  75% complete.\rErasing at 0x1240000 --  77% complete.\rErasing at 0x1260000 --  79% complete.\rErasing at 0x1280000 --  81% complete.\rErasing at 0x12a0000 --  83% complete.\rErasing at 0x12c0000 --  85% complete.\rErasing at 0x12e0000 --  87% complete.\rErasing at 0x1300000 --  89% complete.\rErasing at 0x1320000 --  91% complete.\rErasing at 0x1340000 --  93% complete.\rErasing at 0x1360000 --  95% complete.\rErasing at 0x1380000 --  97% complete.\rErasing at 0x13a0000 -- 100% complete.\r\n'
b'Time:281005 us, speed:22389 KB/s\r\n'
b'OK\r\n'
b'\r\n'
b'NAND write: device 0 offset 0xdc0000, size 0x600000\r\n'
b'Time:1814135 us, speed:3468 KB/s\r\n'
b' 6291456 bytes written: OK\r\n'
b'\r\n'
b'NAND erase.part: device 0 offset 0x1420000, size 0x6be0000\r\n'
b'\rErasing at 0x1420000 --   0% complete.\rErasing at 0x1520000 --   1% complete.\rErasing at 0x1640000 --   2% complete.\rErasing at 0x1740000 --   3% complete.\rErasing at 0x1860000 --   4% complete.\rErasing at 0x1980000 --   5% complete.\rErasing at 0x1a80000 --   6% complete.\rErasing at 0x1ba0000 --   7% complete.\rErasing at 0x1cc0000 --   8% complete.\rErasing at 0x1dc0000 --   9% complete.\rSkipping bad block at  0x01ea0000                                          \r\n'
b'\rErasing at 0x1ee0000 --  10% complete.\rErasing at 0x1fe0000 --  11% complete.\rErasing at 0x2100000 --  12% complete.\rErasing at 0x2220000 --  13% complete.\rErasing at 0x2320000 --  14% complete.\rErasing at 0x2440000 --  15% complete.\rErasing at 0x2560000 --  16% complete.\rErasing at 0x2660000 --  17% complete.\rErasing at 0x2780000 --  18% complete.\rErasing at 0x2880000 --  19% complete.\rErasing at 0x29a0000 --  20% complete.\rErasing at 0x2ac0000 --  21% complete.\rErasing at 0x2bc0000 --  22% complete.\rErasing at 0x2ce0000 --  23% complete.\rErasing at 0x2e00000 --  24% complete.\rErasing at 0x2f00000 --  25% complete.\rErasing at 0x3020000 --  26% complete.\rErasing at 0x3140000 --  27% complete.\rErasing at 0x3240000 --  28% complete.\rErasing at 0x3360000 --  29% complete.\rErasing at 0x3460000 --  30% complete.\rErasing at 0x3580000 --  31% complete.\rErasing at 0x36a0000 --  32% complete.\rSkipping bad block at  0x03700000                                          \r\n'
b'\rErasing at 0x37a0000 --  33% complete.\rErasing at 0x38c0000 --  34% complete.\rErasing at 0x39e0000 --  35% complete.\rErasing at 0x3ae0000 --  36% complete.\rErasing at 0x3c00000 --  37% complete.\rErasing at 0x3d00000 --  38% complete.\rErasing at 0x3e20000 --  39% complete.\rErasing at 0x3f40000 --  40% complete.\rErasing at 0x4040000 --  41% complete.\rErasing at 0x4160000 --  42% complete.\rErasing at 0x4280000 --  43% complete.\rErasing at 0x4380000 --  44% complete.\rErasing at 0x44a0000 --  45% complete.\rErasing at 0x45a0000 --  46% complete.\rErasing at 0x46c0000 --  47% complete.\rErasing at 0x47e0000 --  48% complete.\rErasing at 0x48e0000 --  49% complete.\rErasing at 0x4a00000 --  50% complete.\rErasing at 0x4b20000 --  51% complete.\rErasing at 0x4c20000 --  52% complete.\rErasing at 0x4d40000 --  53% complete.\rErasing at 0x4e60000 --  54% complete.\rSkipping bad block at  0x04f60000                                          \r\n'
b'\rErasing at 0x4f80000 --  55% complete.\rErasing at 0x5080000 --  56% complete.\rErasing at 0x5180000 --  57% complete.\rErasing at 0x52a0000 --  58% complete.\rErasing at 0x53c0000 --  59% complete.\rErasing at 0x54c0000 --  60% complete.\rErasing at 0x55e0000 --  61% complete.\rErasing at 0x5700000 --  62% complete.\rErasing at 0x5800000 --  63% complete.\rErasing at 0x5920000 --  64% complete.\rErasing at 0x5a20000 --  65% complete.\rErasing at 0x5b40000 --  66% complete.\rErasing at 0x5c60000 --  67% complete.\rErasing at 0x5d60000 --  68% complete.\rErasing at 0x5e80000 --  69% complete.\rErasing at 0x5fa0000 --  70% complete.\rErasing at 0x60a0000 --  71% complete.\rErasing at 0x61c0000 --  72% complete.\rErasing at 0x62c0000 --  73% complete.\rErasing at 0x63e0000 --  74% complete.\rErasing at 0x6500000 --  75% complete.\rErasing at 0x6600000 --  76% complete.\rErasing at 0x6720000 --  77% complete.\rSkipping bad block at  0x067c0000                                          \r\n'
b'\rErasing at 0x6840000 --  78% complete.\rErasing at 0x6940000 --  79% complete.\rErasing at 0x6a60000 --  80% complete.\rErasing at 0x6b80000 --  81% complete.\rErasing at 0x6c80000 --  82% complete.\rErasing at 0x6da0000 --  83% complete.\rErasing at 0x6ea0000 --  84% complete.\rErasing at 0x6fc0000 --  85% complete.\rErasing at 0x70e0000 --  86% complete.\rErasing at 0x71e0000 --  87% complete.\rErasing at 0x7300000 --  88% complete.\rErasing at 0x7420000 --  89% complete.\rErasing at 0x7520000 --  90% complete.\rErasing at 0x7640000 --  91% complete.\rErasing at 0x7740000 --  92% complete.\rErasing at 0x7860000 --  93% complete.\rErasing at 0x7980000 --  94% complete.\rErasing at 0x7a80000 --  95% complete.\rErasing at 0x7ba0000 --  96% complete.\rErasing at 0x7cc0000 --  97% complete.\rErasing at 0x7dc0000 --  98% complete.\rErasing at 0x7ee0000 --  99% complete.\rErasing at 0x7fe0000 -- 100% complete.\r\n'
b'Time:3546715 us, speed:31892 KB/s\r\n'
b'OK\r\n'
b'\r\n'
b'NAND write: device 0 offset 0x1420000, size 0x3c00000\r\n'
b'Skip bad block 0x01ea0000\r\n'
b'Skip bad block 0x03700000\r\n'
b'Skip bad block 0x04f60000\r\n'
b'Time:22130169 us, speed:2842 KB/s\r\n'
b' 62914560 bytes written: OK\r\n'
b'Saving Environment to NAND...\r\n'
b'Erasing NAND...\r\n'
b'\rErasing at 0x380000 --  50% complete.\rErasing at 0x3a0000 -- 100% complete.\r\n'
b'Writing to NAND... OK\r\n'
b'resetting ...\r\n'
b'\r\n'
b'IPL 43174a3\r\n'
b'D-b7\n'
b'\rMCP32_1866_4X 6L\r\n'
b'== miu settings for 6 layer board ==\r\n'
b'miupll_400MHz\r\n'
b'256MB\n'
b'\rBIST0_0001-OK\n'
b'\rSW ReadDQS Training\r\n'
b'SW WriteDQS Training\r\n'
b'HS on\r\n'
b'[SDMMC] NO SD!\r\n'
b'Load IPL_CUST from SPINAND\r\n'
b'\r\n'
b' BlSize 000061e0\r\n'
b'Checksum OK\n'
b'\rJMP+++ \r\n'
b'IPL_CUST 43174a3\r\n'
b'[SDMMC] NO SD!\r\n'
b'_IPLCustSNandOp\r\n'
b'Load BL from SPINAND\r\n'
b'  decomp_size=0x000751fc\r\n'
b'\r\n'
b'\r\n'
b'U-Boot 2015.01 (Jan 10 2022 - 01:25:37)\r\n'
b'\r\n'
b'Version: I6E#g271a270\r\n'
b'I2C:   ready\r\n'
b'DRAM:  \r\n'
b'WARNING: Caches not enabled\r\n'
b'SPINAND_I:  SPINAND: _MDrv_SPINAND_GET_INFO: Found SPINAND INFO \r\n'
b'(0xB) (0x15) (0x0) \r\r\n'
b'SPINAND: board_nand_init: CIS contains part info\r\n'
b'128 MiB\r\n'
b'MMC:   MStar SD/MMC: 0\r\n'
b'[OTP Control] operation = 2, command = 0, data = 12e\r\n'
b'\r\n'
b' serialnumber: 3456789520131410 \r\n'
b'In:    serial\r\n'
b'Out:   serial\r\n'
b'Err:   serial\r\n'
b'Net:   Net Initialization Skipped\r\n'
b'No ethernet found.\r\n'
b'\r\n'
b'NAND read: device 0 offset 0x3c0000, size 0x500000\r\n'
b'Time:901121 us, speed:5818 KB/s\r\n'
b' 5242880 bytes read: OK\r\n'
b'##  Booting kernel from Legacy Image at 22000000 ...\r\n'
b'   Image Name:   MVX4##I6E#g941d256KL_LX409##[BR:\r\n'
b'   Image Type:   ARM Linux Kernel Image (lzma compressed)\r\n'
b'   Data Size:    1861416 Bytes = 1.8 MiB\r\n'
b'   Load Address: 20008000\r\n'
b'   Entry Point:  20008000\r\n'
b'   Verifying Checksum ... OK\r\n'
b'   Uncompressing Kernel Image ... \r\n'
b'[XZ] !!!reserved 0x21000000 length=0x 1000000 for xz!!\r\n'
b'   XZ: uncompressed size=0x3bd000, ret=7\r\n'
b'OK\r\n'
b'atags:0x20000000\r\n'
b'\r\n'
b'Starting kernel ...\r\n'
b'\r\n'
b'[    0.000000] Booting Linux on physical CPU 0x0\r\n'
b'[    0.000000] Linux version 4.9.84 (@42cbd90d7bd4) (gcc version 9.1.0 (GCC) ) #2 SMP PREEMPT Mon Feb 28 14:37:00 CST 2022\r\n'
b'[    0.000000] CPU: ARMv7 Processor [410fc075] revision 5 (ARMv7), cr=50c5387d\r\n'
b'[    0.000000] CPU: div instructions available: patching division code\r\n'
b'[    0.000000] CPU: PIPT / VIPT nonaliasing data cache, VIPT aliasing instruction cache\r\n'
b'[    0.000000] early_atags_to_fdt() success\r\n'
b'[    0.000000] OF: fdt:Machine model: INFINITY6E SSC013A-S01A\r\n'
b'[    0.000000] LXmem is 0xffe0000 PHYS_OFFSET is 0x20000000\r\n'
b'[    0.000000] Add mem start 0x20000000 size 0xffe0000!!!!\r\n'
b'[    0.000000] \r\n'
b'[    0.000000] LX_MEM  = 0x20000000, 0xffe0000\r\n'
b'[    0.000000] LX_MEM2 = 0x0, 0x0\r\n'
b'[    0.000000] LX_MEM3 = 0x0, 0x0\r\n'
b'[    0.000000] EMAC_LEN= 0x0\r\n'
b'[    0.000000] DRAM_LEN= 0x0\r\n'
b'[    0.000000] deal_with_reserve_mma_heap memblock_reserve success mma_config[0].reserved_start=\r\n'
b'[    0.000000] 0x25fe0000\r\n'
b'[    0.000000] \r\n'
b'[    0.000000] deal_with_reserve_mma_heap memblock_reserve success mma_config[1].reserved_start=\r\n'
b'[    0.000000] 0x25e7c000\r\n'
b'[    0.000000] \r\n'
b'[    0.000000] cma: Reserved 2 MiB at 0x25c00000\r\n'
b'[    0.000000] Memory policy: Data cache writealloc\r\n'
b'[    0.000000] [infinity6e_smp_init_cpus]\r\n'
b'[    0.000000] percpu: Embedded 13 pages/cpu @c5e37000 s21208 r8192 d23848 u53248\r\n'
b'[    0.000000] Built 1 zonelists in Zone order, mobility grouping on.  Total pages: 64992\r\n'
b'[    0.000000] Kernel command line: ubi.mtd=UBI,2048 root=/dev/mtdblock8 rootfstype=squashfs ro init=/linuxrc LX_MEM=0xffe0000 mma_heap=mma_heap_name0,miu=0,sz=0xA000000 mma_heap=mma_heap_ipu,miu=0,sz=0x164000 cma=2M mtdparts=nand0:768k@1280k(IPL0),384k(IPL_CUST0),384k(IPL_CUST1),384k(UBOOT0),384k(UBOOT1),256k(ENV0),0x500000(KERNEL),0x500000(RECOVERY),0x600000(rootfs),0x60000(MISC),-(UBI)\r\n'
b'[    0.000000] PID hash table entries: 1024 (order: 0, 4096 bytes)\r\n'
b'[    0.000000] Dentry cache hash table entries: 32768 (order: 5, 131072 bytes)\r\n'
b'[    0.000000] Inode-cache hash table entries: 16384 (order: 4, 65536 bytes)\r\n'
b'[    0.000000] Memory: 88196K/262016K available (2191K kernel code, 183K rwdata, 1160K rodata, 156K init, 149K bss, 171772K reserved, 2048K cma-reserved)\r\n'
b'[    0.000000] Virtual kernel memory layout:\r\n'
b'[    0.000000]     vector  : 0xffff0000 - 0xffff1000   (   4 kB)\r\n'
b'[    0.000000]     fixmap  : 0xffc00000 - 0xfff00000   (3072 kB)\r\n'
b'[    0.000000]     vmalloc : 0xd0000000 - 0xff800000   ( 760 MB)\r\n'
b'[    0.000000]     lowmem  : 0xc0000000 - 0xcffe0000   ( 255 MB)\r\n'
b'[    0.000000]     modules : 0xbf800000 - 0xc0000000   (   8 MB)\r\n'
b'[    0.000000]       .text : 0xc0008000 - 0xc022c060   (2193 kB)\r\n'
b'[    0.000000]       .init : 0xc036f000 - 0xc0396000   ( 156 kB)\r\n'
b'[    0.000000]       .data : 0xc0396000 - 0xc03c3cc8   ( 184 kB)\r\n'
b'[    0.000000]        .bss : 0xc03c5000 - 0xc03ea5b8   ( 150 kB)\r\n'
b'[    0.000000] SLUB: HWalign=64, Order=0-3, MinObjects=0, CPUs=2, Nodes=1\r\n'
b'[    0.000000] Preemptible hierarchical RCU implementation.\r\n'
b'[    0.000000] \tBuild-time adjustment of leaf fanout to 32.\r\n'
b'[    0.000000] \tRCU restricting CPUs from NR_CPUS=4 to nr_cpu_ids=2.\r\n'
b'[    0.000000] RCU: Adjusting geometry for rcu_fanout_leaf=32, nr_cpu_ids=2\r\n'
b'[    0.000000] NR_IRQS:16 nr_irqs:16 16\r\n'
b'[    0.000000] ms_init_main_intc: np->name=ms_main_intc, parent=gic\r\n'
b'[    0.000000] ms_init_pm_intc: np->name=ms_pm_intc, parent=ms_main_intc\r\n'
b'[    0.000000] ss_init_gpi_intc: np->name=ms_gpi_intc, parent=ms_main_intc\r\n'
b'[    0.000000] Find CLK_ven_pll, hook ms_venpll_ops\r\n'
b'[    0.000000] Find CLK_cpupll_clk, hook ms_cpuclk_ops\r\n'
b'[    0.000000] arm_arch_timer: Architected cp15 timer(s) running at 6.00MHz (virt).\r\n'
b'[    0.000000] clocksource: arch_sys_counter: mask: 0xffffffffffffff max_cycles: 0x1623fa770, max_idle_ns: 440795202238 ns\r\n'
b'[    0.000006] sched_clock: 56 bits at 6MHz, resolution 166ns, wraps every 4398046511055ns\r\n'
b'[    0.000020] Switching to timer-based delay loop, resolution 166ns\r\n'
b'[    0.343270] console [ttyS0] enabled\r\n'
b'[    0.346754] Calibrating delay loop (skipped), value calculated using timer frequency.. 12.00 BogoMIPS (lpj=60000)\r\n'
b'[    0.357015] pid_max: default: 4096 minimum: 301\r\n'
b'[    0.361640] Mount-cache hash table entries: 1024 (order: 0, 4096 bytes)\r\n'
b'[    0.368171] Mountpoint-cache hash table entries: 1024 (order: 0, 4096 bytes)\r\n'
b'[    0.375872] CPU: Testing write buffer coherency: ok\r\n'
b'[    0.380826] CPU0: update cpu_capacity 1024\r\n'
b'[    0.384766] CPU0: thread -1, cpu 0, socket 0, mpidr 80000000\r\n'
b'[    0.390610] Setting up static identity map for 0x20008240 - 0x20008270\r\n'
b'[    0.590784] [infinity6e_boot_secondary]\r\n'
b'[    0.594529] CPU1: update cpu_capacity 1024\r\n'
b'[    0.594536] CPU1: thread -1, cpu 1, socket 0, mpidr 80000001\r\n'
b'[    0.594625] Brought up 2 CPUs\r\n'
b'[    0.607171] SMP: Total of 2 processors activated (24.00 BogoMIPS).\r\n'
b'[    0.613347] CPU: All CPU(s) started in SVC mode.\r\n'
b'[    0.618681] devtmpfs: initialized\r\n'
b'[    0.639768] VFP support v0.3: implementor 41 architecture 2 part 30 variant 7 rev 5\r\n'
b'[    0.647705] clocksource: jiffies: mask: 0xffffffff max_cycles: 0xffffffff, max_idle_ns: 19112604462750000 ns\r\n'
b'[    0.657449] futex hash table entries: 16 (order: -2, 1024 bytes)\r\n'
b'[    0.664231] NET: Registered protocol family 16\r\n'
b'[    0.669194] DMA: preallocated 256 KiB pool for atomic coherent allocations\r\n'
b'[    0.678056] \r\n'
b'[    0.678056] \r\n'
b'[    0.678056] Version : MVX4##I6E#g941d256KL_LX409##[BR:HEAD]#XVM\r\n'
b'[    0.678056] \r\n'
b'[    0.705306] GPIO: probe end[    0.710856] [Padmux]reset PAD46(reg 0x103c00:60; mask0x180) t0 FUART_MODE_1 (org: EJ_MODE_1)\r\n'
b'[    0.719259] [Padmux]reset PAD56(reg 0x103c00:2c; mask0x8) t0 SD1_MODE_1 (org: GPIO)\r\n'
b'[    0.727343] hw-breakpoint: found 5 (+1 reserved) breakpoint and 4 watchpoint registers.\r\n'
b'[    0.735227] hw-breakpoint: maximum watchpoint size is 8 bytes.\r\n'
b'[    0.796207] Linux video capture interface: v2.00\r\n'
b'[    0.804512] Advanced Linux Sound Architecture Driver Initialized.\r\n'
b'[    0.811886] clocksource: Switched to clocksource arch_sys_counter\r\n'
b'[    0.820154] NET: Registered protocol family 2\r\n'
b'[    0.825157] TCP established hash table entries: 2048 (order: 1, 8192 bytes)\r\n'
b'[    0.832067] TCP bind hash table entries: 2048 (order: 3, 40960 bytes)\r\n'
b'[    0.838461] TCP: Hash tables configured (established 2048 bind 2048)\r\n'
b'[    0.844852] UDP hash table entries: 128 (order: 0, 6144 bytes)\r\n'
b'[    0.850605] UDP-Lite hash table entries: 128 (order: 0, 6144 bytes)\r\n'
b'[    0.857056] NET: Registered protocol family 1\r\n'
b'[    0.861610] hw perfevents: enabled with armv7_cortex_a7 PMU driver, 5 counters available\r\n'
b'[    0.872600] workingset: timestamp_bits=30 max_order=15 bucket_order=0\r\n'
b'[    0.889507] squashfs: version 4.0 (2009/01/31) Phillip Lougher\r\n'
b'[    0.895248] jffs2: version 2.2. \xc2\xa9 2001-2006 Red Hat, Inc.\r\n'
b'[    0.905055] io scheduler noop registered\r\n'
b'[    0.908822] io scheduler deadline registered (default)\r\n'
b'[    0.914255] Infinity6e PHY probe, base:fd2a4600\r\n'
b'[    0.929571] loop: module loaded\r\n'
b'[    0.933895] libphy: Fixed MDIO Bus: probed\r\n'
b'[    0.938093] i2c /dev entries driver\r\n'
b'[    0.942874] device-mapper: uevent: version 1.0.3\r\n'
b'[    0.947881] device-mapper: ioctl: 4.35.0-ioctl (2016-06-23) initialised: dm-devel@redhat.com\r\n'
b'[    0.956459] leds_pwm soc:pwmleds: unable to request PWM for camera: -517\r\n'
b'[    0.963392] 1f221000.uart0: ttyS0 at MMIO 0x0 (irq = 45, base_baud = 10800000) is a unknown\r\n'
b'[    0.972114] 1f221200.uart1: ttyS1 at MMIO 0x0 (irq = 47, base_baud = 10800000) is a unknown\r\n'
b'[    0.980940] 1f220400.uart2: ttyS2 at MMIO 0x0 (irq = 49, base_baud = 10800000) is a unknown\r\n'
b'[    0.989980] [MS_PM_INTC] hw:9 -> v:72\r\n'
b'[    0.993818] [MS_PM_INTC] hw:10 -> v:73\r\n'
b'[    0.998507] MSYS: DMEM request: [emac0_buff]:0x00000812\r\n'
b'[    1.003695] MSYS: DMEM request: [emac0_buff]:0x00000812 success, CPU phy:@0x25C46000, virt:@0xC5C46000\r\n'
b'[    1.013823] libphy: mdio: probed\r\n'
b'[    1.016901] mdio_bus mdio-bus@emac0: /soc/emac0/mdio-bus/ethernet-phy@0 has invalid PHY address\r\n'
b'[    1.025649] mdio_bus mdio-bus@emac0: scan phy ethernet-phy at address 0\r\n'
b'[    1.032660] mdio_bus mdio-bus@emac0: scan phy ethernet-phy at address 1\r\n'
b'[    1.039134] mdio_bus mdio-bus@emac0: scan phy ethernet-phy at address 2\r\n'
b'[    1.045798] mdio_bus mdio-bus@emac0: scan phy ethernet-phy at address 3\r\n'
b'[    1.052377] mdio_bus mdio-bus@emac0: scan phy ethernet-phy at address 4\r\n'
b'[    1.058976] mdio_bus mdio-bus@emac0: scan phy ethernet-phy at address 5\r\n'
b'[    1.065622] mdio_bus mdio-bus@emac0: scan phy ethernet-phy at address 6\r\n'
b'[    1.072225] mdio_bus mdio-bus@emac0: scan phy ethernet-phy at address 7\r\n'
b'[    1.078820] mdio_bus mdio-bus@emac0: scan phy ethernet-phy at address 8\r\n'
b'[    1.085465] mdio_bus mdio-bus@emac0: scan phy ethernet-phy at address 9\r\n'
b'[    1.092063] mdio_bus mdio-bus@emac0: scan phy ethernet-phy at address 10\r\n'
b'[    1.098752] mdio_bus mdio-bus@emac0: scan phy ethernet-phy at address 11\r\n'
b'[    1.105483] mdio_bus mdio-bus@emac0: scan phy ethernet-phy at address 12\r\n'
b'[    1.112171] mdio_bus mdio-bus@emac0: scan phy ethernet-phy at address 13\r\n'
b'[    1.118857] mdio_bus mdio-bus@emac0: scan phy ethernet-phy at address 14\r\n'
b'[    1.125595] mdio_bus mdio-bus@emac0: scan phy ethernet-phy at address 15\r\n'
b'[    1.132277] mdio_bus mdio-bus@emac0: scan phy ethernet-phy at address 16\r\n'
b'[    1.138963] mdio_bus mdio-bus@emac0: scan phy ethernet-phy at address 17\r\n'
b'[    1.145680] mdio_bus mdio-bus@emac0: scan phy ethernet-phy at address 18\r\n'
b'[    1.152381] mdio_bus mdio-bus@emac0: scan phy ethernet-phy at address 19\r\n'
b'[    1.159068] mdio_bus mdio-bus@emac0: scan phy ethernet-phy at address 20\r\n'
b'[    1.165785] mdio_bus mdio-bus@emac0: scan phy ethernet-phy at address 21\r\n'
b'[    1.172495] mdio_bus mdio-bus@emac0: scan phy ethernet-phy at address 22\r\n'
b'[    1.179174] mdio_bus mdio-bus@emac0: scan phy ethernet-phy at address 23\r\n'
b'[    1.185891] mdio_bus mdio-bus@emac0: scan phy ethernet-phy at address 24\r\n'
b'[    1.192592] mdio_bus mdio-bus@emac0: scan phy ethernet-phy at address 25\r\n'
b'[    1.199279] mdio_bus mdio-bus@emac0: scan phy ethernet-phy at address 26\r\n'
b'[    1.205996] mdio_bus mdio-bus@emac0: scan phy ethernet-phy at address 27\r\n'
b'[    1.212697] mdio_bus mdio-bus@emac0: scan phy ethernet-phy at address 28\r\n'
b'[    1.219385] mdio_bus mdio-bus@emac0: scan phy ethernet-phy at address 29\r\n'
b'[    1.226101] mdio_bus mdio-bus@emac0: scan phy ethernet-phy at address 30\r\n'
b'[    1.232803] mdio_bus mdio-bus@emac0: scan phy ethernet-phy at address 31\r\n'
b'[    1.239567] [emac_phy_connect][3328] connected mac emac0 to PHY at mdio-bus@emac0:00 [uid=11112222, driver=SStar 10/100 Ethernet Phy]\r\n'
b'[    1.253197] ms_rtcpwc 1f006800.rtcpwc: rtc core: registered 1f006800.rtcpwc as rtc0\r\n'
b'[    1.263195] [ms_cpufreq_init] Current clk=796917760\r\n'
b'[    1.268834] [i6e][pwm] use ms_pwm->group_data\r\n'
b'[    1.273308] [NOTICE]pwm-isr(62) success. If not i6e or i6b0, pls confirm it on .dtsi\r\n'
b'[    1.281112] mstar_spinand_probe: mstar_spinand enableClock\r\n'
b'[    1.286480] MSYS: DMEM request: [BDMA]:0x00000840\r\n'
b'[    1.291191] MSYS: DMEM request: [BDMA]:0x00000840 success, CPU phy:@0x25C47000, virt:@0xC5C47000\r\n'
b'[    1.300258] MDrv_SPINAND_Init: Detected ID: MID =b, DID =15\r\n'
b'[    1.305701] _dumpNandInformation:warning, Bytes / Page :  2048\r\n'
b'[    1.311501] _dumpNandInformation:warning, Pages / Block:  64\r\n'
b'[    1.317169] _dumpNandInformation:warning, Sector/ Page :  512\r\n'
b'[    1.322923] _dumpNandInformation:warning, Spare / Page :  128\r\n'
b'[    1.328649] _dumpNandInformation:warning, Current config r:1 w:1 drv:1\r\n'
b'[    1.335641] mstar_spinand_probe: Magic memcmp pass\r\n'
b'[    1.340269] mstar_spinand_probe: Get partition (Block 0 : page 1)\r\n'
b'[    1.346728] mstar_spinand_probe: CIS contains part info\r\n'
b'[    1.351792] mstar_spinand_probe: Before nand_scan()...\r\n'
b'[    1.356966] 11 cmdlinepart partitions found on MTD device nand0\r\n'
b'[    1.362873] mstar_spinand_probe: Mtd parts parse\r\n'
b'[    1.367458] Creating 11 MTD partitions on "nand0":\r\n'
b'[    1.372286] 0x000000140000-0x000000200000 : "IPL0"\r\n'
b'[    1.382909] 0x000000200000-0x000000260000 : "IPL_CUST0"\r\n'
b'[    1.392366] 0x000000260000-0x0000002c0000 : "IPL_CUST1"\r\n'
b'[    1.401702] 0x0000002c0000-0x000000320000 : "UBOOT0"\r\n'
b'[    1.410829] 0x000000320000-0x000000380000 : "UBOOT1"\r\n'
b'[    1.419954] 0x000000380000-0x0000003c0000 : "ENV0"\r\n'
b'[    1.428487] 0x0000003c0000-0x0000008c0000 : "KERNEL"\r\n'
b'[    1.454692] 0x0000008c0000-0x000000dc0000 : "RECOVERY"\r\n'
b'[    1.480992] 0x000000dc0000-0x0000013c0000 : "rootfs"\r\n'
b'[    1.541854] 0x0000013c0000-0x000001420000 : "MISC"\r\n'
b'[    1.560839] 0x000001420000-0x000008000000 : "UBI"\r\n'
b'[    1.964071] mstar notify driver install successfully\r\n'
b'[    1.969263] NET: Registered protocol family 17\r\n'
b'[    1.974289] ThumbEE CPU extension supported.\r\n'
b'[    1.978404] Registering SWP/SWPB emulation handler\r\n'
b'[    1.984340] [PWM] mstar_pwm_config duty_ns=0, period_ns=10000\r\n'
b'[    1.989934] reg=x1F203310(x1019) clk=12000000, period=x4af\r\n'
b'4.9. or diry\r\n'
b'\r\n'
b'\r\n'
b'(none) login: (none) login: root\r\n'
b'\r\n'
b'Password: \r\n'
b'\r\n'
b'\r\n'
b'root\r\n'
b'\r\n'
b"login: can't chdir to home directory '/home/root'\r\n"
b"login[686]: root login on 'UNKNOWN'\r\r\n"
b"-sh: can't access tty; job control turned off\r\n"
b'/ # \r\n'
b'/ # \r\n'
b'/ # \r\n'
b'/ # root\r\n'
b'-sh: root: not found\r\n'
b'/ # \r\n'
b'/ # bunengshuo\r\n'
b'-sh: bunengshuo: not found\r\n'
b'/ # \r\n'
b'/ # \r\n'
b'/ # \r\n'
b'/ # root\r\n'
b'-sh: root: not found\r\n'
b'/ # \r\n'
b'/ # [   26.242039] [UACTransfer] ST_UAC_SendFrame failed:Input/output error 5\r\n'
b'\x1b[0m\x1b[1;33m[MI WRN ]: MI_AI_GetFrame[7285]: Current buf index[165], recording buf index[5].\r\n'
b'-sh: bunengshuo: not found\r\n'
b'/ # uname -a\r\n'
b'Linux (none) 4.9.84 #2 SMP PREEMPT Mon Feb 28 14:37:00 CST 2022 armv7l GNU/Linux\r\n'
b'/ # uname -a\r\n'
b'Linux (none) 4.9.84 #2 SMP PREEMPT Mon Feb 28 14:37:00 CST 2022 armv7l GNU/Linux\r\n'
b'/ # uname -a\r\n'
b'Linux (none) 4.9.84 #2 SMP PREEMPT Mon Feb 28 14:37:00 CST 2022 armv7l GNU/Linux\r\n'
b'/ # uname -a\r\n'
b'Linux (none) 4.9.84 #2 SMP PREEMPT Mon Feb 28 14:37:00 CST 2022 armv7l GNU/Linux\r\n'
b'/ # uname -a\r\n'
b'Linux (none) 4.9.84 #2 SMP PREEMPT Mon Feb 28 14:37:00 CST 2022 armv7l GNU/Linux\r\n'
b'/ # uname -a\r\n'
b'Linux (none) 4.9.84 #2 SMP PREEMPT Mon Feb 28 14:37:00 CST 2022 armv7l GNU/Linux\r\n'
b'/ # uname -a\r\n'
b'Linux (none) 4.9.84 #2 SMP PREEMPT Mon Feb 28 14:37:00 CST 2022 armv7l GNU/Linux\r\n'
b'/ # uname -a\r\n'
b'Linux (none) 4.9.84 #2 SMP PREEMPT Mon Feb 28 14:37:00 CST 2022 armv7l GNU/Linux\r\n'
b'/ # uname -a\r\n'
b'Linux (none) 4.9.84 #2 SMP PREEMPT Mon Feb 28 14:37:00 CST 2022 armv7l GNU/Linux\r\n'
b'/ # uname -a\r\n'
b'Linux (none) 4.9.84 #2 SMP PREEMPT Mon Feb 28 14:37:00 CST 2022 armv7l GNU/Linux\r\n'
b'/ # uname -a\r\n'
b'Linux (none) 4.9.84 #2 SMP PREEMPT Mon Feb 28 14:37:00 CST 2022 armv7l GNU/Linux\r\n'
b'/  nmea\r\n'
b'/ # \r\n'
b'/ # uname -a\r\n'
b'\r\n'
b'Linux (none) 4.9.84 #2 SMP PREEMPT Mon Feb 28 14:37:00 CST 2022 armv7l GNU/Linux\r\n'
b'/ # \r\n'
b'/ # uname -a\r\n'
b'\r\n'
b'Linux (none) 4.9.84 #2 SMP PREEMPT Mon Feb 28 14:37:00 CST 2022 armv7l GNU/Linux\r\n'
b'/ # \r\n'
b'/ # uname -a\r\n'
b'\r\n'
b'Linux (none) 4.9.84 #2 SMP PREEMPT Mon Feb 28 14:37:00 CST 2022 armv7l GNU/Linux\r\n'
b'/ # \r\n'
b'/ # uname -a\r\n'
b'\r\n'
b'Linux (none) 4.9.84 #2 SMP PREEMPT Mon Feb 28 14:37:00 CST 2022 armv7l GNU/Linux\r\n'
b'/ # \r\n'
b'/ # uname -a\r\n'
b'\r\n'
b'Linux (none) 4.9.84 #2 SMP PREEMPT Mon Feb 28 14:37:00 CST 2022 armv7l GNU/Linux\r\n'
b'/ # \r\n'
b'/ # uname -a\r\n'
b'\r\n'
b'Linux (none) 4.9.84 #2 SMP PREEMPT Mon Feb 28 14:37:00 CST 2022 armv7l GNU/Linux\r\n'
b'/ # \r\n'
b'/ # uname -a\r\n'
b'\r\n'
b'Linux (none) 4.9.84 #2 SMP PREEMPT Mon Feb 28 14:37:00 CST 2022 armv7l GNU/Linux\r\n'
b'/ # \r\n'
b'/ # uname -a\r\n'
b'\r\n'
b'Linux (none) 4.9.84 #2 SMP PREEMPT Mon Feb 28 14:37:00 CST 2022 armv7l GNU/Linux\r\n'
b'/ # \r\n'
b'/ # uname -a\r\n'
b'\r\n'
b'Linux (none) 4.9.84 #2 SMP PREEMPT Mon Feb 28 14:37:00 CST 2022 armv7l GNU/Linux\r\n'
b'/ # \r\n'
b'/ # uname -a\r\n'
b'\r\n'
b'Linux (none) 4.9.84 #2 SMP PREEMPT Mon Feb 28 14:37:00 CST 2022 armv7l GNU/Linux\r\n'
b'/ # \r\n'
b'/ # uname -a\r\n'
b'\r\n'
b'Linux (none) 4.9.84 #2 SMP PREEMPT Mon Feb 28 14:37:00 CST 2022 armv7l GNU/Linux\r\n'
b'/ # \r\n'
b'/ # uname -a\r\n'
b'\r\n'
b'Linux (none) 4.9.84 #2 SMP PREEMPT Mon Feb 28 14:37:00 CST 2022 armv7l GNU/Linux\r\n'
b'/ # \r\n'
b'/ # uname -a\r\n'
b'\r\n'
b'Linux (none) 4.9.84 #2 SMP PREEMPT Mon Feb 28 14:37:00 CST 2022 armv7l GNU/Linux\r\n'
b'/ # \r\n'
b'/ # uname -a\r\n'
b'\r\n'
b'Linux (none) 4.9.84 #2 SMP PREEMPT Mon Feb 28 14:37:00 CST 2022 armv7l GNU/Linux\r\n'
b'/ # \r\n'
b'/ # uname -a\r\n'
b'\r\n'
b'Linux (none) 4.9.84 #2 SMP PREEMPT Mon Feb 28 14:37:00 CST 2022 armv7l GNU/Linux\r\n'
b'/ # \r\n'
b'/ # Attempting to connect via I2C: connected\r\n'
b'\r\n'
b'Rebooted\r\n'
b'Attempting to connect via I2C: connected\r\n'
b'[   65.043996] [PWM] mstar_pwm_config duty_ns=15, period_ns=10000\r\n'
b'[   65.050048] reg=x1F203310(x1019) clk=12000000, period=x4af\r\n'
b'Version: 3.1.7\r\n'
b'[   65.055628] reg=x1F203308(x1019) clk=12000000, u32Duty=xb3\r\n'
b'[   65.062439] [PWM] mstar_pwm_enable\r\n'
b'Attempting to connect via I2C: connected\r\n'
b'\r\n'
b'Rebooted\r\n'
b'xmos firmware upgrade done!!!\r\n'
b'[   65.483831] [UACTransfer] MI_AI_GetFrame failed: 0xa004200d\r\n'
b'[   65.747126] [PWM] mstar_pwm_config duty_ns=0, period_ns=10000\r\n'
b'[   65.752780] reg=x1F203310(x1019) clk=12000000, period=x4af\r\n'
b'[   65.758251] reg=x1F203308(x1019) clk=12000000, u32Duty=x0\r\n'
b'[   65.763712] [PWM] mstar_pwm_disable\r\n'
b'[   66.250996] [PWM] mstar_pwm_config duty_ns=15, period_ns=10000\r\n'
b'[   66.256719] reg=x1F203310(x1019) clk=12000000, period=x4af\r\n'
b'[   66.262307] reg=x1F203308(x1019) clk=12000000, u32Duty=xb3\r\n'
b'[   66.267698] [PWM] mstar_pwm_enable\r\n'
b'[   66.965912] [PWM] mstar_pwm_config duty_ns=0, period_ns=10000\r\n'
b'[   66.971529] reg=x1F203310(x1019) clk=12000000, period=x4af\r\n'
b'[   66.977107] reg=x1F203308(x1019) clk=12000000, u32Duty=x0\r\n'
b'[   66.982460] [PWM] mstar_pwm_disable\r\n'
b'[   67.469811] [PWM] mstar_pwm_config duty_ns=15, period_ns=10000\r\n'
b'[   67.475558] reg=x1F203310(x1019) clk=12000000, period=x4af\r\n'
b'[   67.480987] reg=x1F203308(x1019) clk=12000000, u32Duty=xb3\r\n'
b'[   67.486574] [PWM] mstar_pwm_enable\r\n'
b'[   68.374152] [PWM] mstar_pwm_config duty_ns=0, period_ns=10000\r\n'
b'[   68.379756] reg=x1F203310(x1019) clk=12000000, period=x4af\r\n'
b'[   68.385331] reg=x1F203308(x1019) clk=12000000, u32Duty=x0\r\n'
b'[   68.390626] [PWM] mstar_pwm_disable\r\n'
b'\r\n'
b'/ # \r\n'
b'o/ # root\r\n'
b'\r\n'
b'-sh: root: not found\r\n'
b'/ # \r\n'
b'/ # bunengshuo\r\n'
b'-sh: bunengshuo: not found\r\n'
b'/ # dfu_i2c read_version\r\n'
b'Attempting to connect via I2C: connected\r\n'
b'/ # \r\n'
b'/ # dfu_i2c read_version\r\n'
b'\r\n'
b'Attempting to connect via I2C: connected\r\n'
b'Version: 3.1.6\r\n'
b'/ # \r\n'
b'/ # dfu_i2c read_version\r\n'
b'\r\n'
b'Attempting to connect via I2C: connected\r\n'
b'Version: 3.1.6\r\n'
b'/ # \r\n'
b'/ # dfu_i2c read_version\r\n'
b'\r\n'
b'Attempting to connect via I2C: connected\r\n'
b'Version: 3.1.6\r\n'
b'/ # \r\n'
b'\r\n'
b'/ # \r\n'
b'/ # \r\n'
b'o/ # root\r\n'
b'\r\n'
b'-sh: root: not found\r\n'
b'/ # \r\n'
b'/ # bunengshuo\r\n'
b'\r\n'
b'-sh: bunengshuo: not found\r\n'
b'/ # \r\n'
b'/ # \r\n'
b'/ # \r\n'
b'r/ # root\r\n'
b'\r\n'
b'-sh: root: not found\r\n'
b'/ # \r\n'
b'/ # bunengshuo\r\n'
b'\r\n'
b'-sh: rbunengshuo: not found\r\n'
b'/ # \r\n'
b'o/ # reboot-bootloader\r\n'
b'\r\n'
b'\rThe system is g[  102.022589] [Main] force stop app...\r\n'
b'[  102.022589] \r\n'
b'oing down NOW!\r\n'
b'\rSent SIGTERM to all processes\r\n'
b'Terminated\r\n'
b'/ # \r\n'
b'/ # \rSent SIGKILL to all processes\r\n'
b'\rRequesting syst[  103.032152] [_MI_AI_IMPL_FreeTmpBuffer:3862] free tmp buffer.\r\n'
b'em reboot\r\n'
b"[  103.142357] collect channel0's resource\r\n"
b'[  103.146801] au8SetProId[0]:0x71\r\n'
b'[  103.149781] miu_number:0,start:0x25e7c000,end:0x25fe0000,flag:0\r\n'
b'[  103.155735] --------shutdown IPU----------\r\n'
b'[  103.262988] client [678] disconnected, module:ipu\r\n'
b'[  104.061902] reboot: Restarting system\r\n'
b'1\r\n'
b'IPL 43174a3\r\n'
b'D-b7\n'
b'\rMCP32_1866_4X 6L\r\n'
b'== miu settings for 6 layer board ==\r\n'
b'miupll_400MHz\r\n'
b'256MB\n'
b'\rBIST0_0001-OK\n'
b'\rSW ReadDQS Training\r\n'
b'SW WriteDQS Training\r\n'
b'HS on\r\n'
b'[SDMMC] NO SD!\r\n'
b'Load IPL_CUST from SPINAND\r\n'
b'\r\n'
b' BlSize 000061e0\r\n'
b'Checksum OK\n'
b'\rJMP+++ \r\n'
b'IPL_CUST 43174a3\r\n'
b'[SDMMC] NO SD!\r\n'
b'_IPLCustSNandOp\r\n'
b'Load BL from SPINAND\r\n'
b'  decomp_size=0x000751fc\r\n'
b'\r\n'
b'\r\n'
b'U-Boot 2015.01 (Jan 10 2022 - 01:25:37)\r\n'
b'\r\n'
b'Version: I6E#g271a270\r\n'
b'I2C:   ready\r\n'
b'DRAM:  \r\n'
b'WARNING: Caches not enabled\r\n'
b'SPINAND_I:  SPINAND: _MDrv_SPINAND_GET_INFO: Found SPINAND INFO \r\n'
b'(0xB) (0x15) (0x0) \r\r\n'
b'SPINAND: board_nand_init: CIS contains part info\r\n'
b'128 MiB\r\n'
b'MMC:   MStar SD/MMC: 0\r\n'
b'[OTP Control] operation = 2, command = 0, data = 12e\r\n'
b'\r\n'
b' serialnumber: 3456789520131410 \r\n'
b'In:    serial\r\n'
b'Out:   serial\r\n'
b'Err:   serial\r\n'
b'Net:   Net Initialization Skipped\r\n'
b'No ethernet found.\r\n'
b'<USB> config miu select [70] [ef] [ef] [ef].\r\n'
b'<USB>[UDC] PULL DOWN D+.\r\n'
b'<USB>[UDC] PULL UP D+.\r\n'
b"registered gadget driver 'msb250x_udc'\r\n"
b'<USB>[UDC] PULL DOWN D+.\r\n'
b'<USB>[UDC] PULL UP D+.\r\n'
b'<USB>[LINK] High speed device.\r\r\n'
b'<USB>[2][EN] bulk out with maxpacket/fifo(512/1024)\r\r\n'
b'<USB>[1][EN] bulk in with maxpacket/fifo(512/8192)\r\r\n'
b'Starting download of 29872 bytes\r\n'
b'\r\n'
b'downloading of 29872 bytes finished\r\n'
b'Starting download of 29872 bytes\r\n'
b'\r\n'
b'downloading of 29872 bytes finished\r\n'
b'Starting download of 44064768 bytes\r\n'
b'..........................................................................\r\n'
b'..........................................................................\r\n'
b'..........................................................................\r\n'
b'..........................................................................\r\n'
b'........................................\r\n'
b'downloading of 44064768 bytes finished\r\n'
b'\r\n'
b'NAND erase.part: device 0 offset 0x3c0000, size 0x500000\r\n'
b'\rErasing at 0x3c0000 --   2% complete.\rErasing at 0x3e0000 --   5% complete.\rErasing at 0x400000 --   7% complete.\rErasing at 0x420000 --  10% complete.\rErasing at 0x440000 --  12% complete.\rErasing at 0x460000 --  15% complete.\rErasing at 0x480000 --  17% complete.\rErasing at 0x4a0000 --  20% complete.\rErasing at 0x4c0000 --  22% complete.\rErasing at 0x4e0000 --  25% complete.\rErasing at 0x500000 --  27% complete.\rErasing at 0x520000 --  30% complete.\rErasing at 0x540000 --  32% complete.\rErasing at 0x560000 --  35% complete.\rErasing at 0x580000 --  37% complete.\rErasing at 0x5a0000 --  40% complete.\rErasing at 0x5c0000 --  42% complete.\rErasing at 0x5e0000 --  45% complete.\rErasing at 0x600000 --  47% complete.\rErasing at 0x620000 --  50% complete.\rErasing at 0x640000 --  52% complete.\rErasing at 0x660000 --  55% complete.\rErasing at 0x680000 --  57% complete.\rErasing at 0x6a0000 --  60% complete.\rErasing at 0x6c0000 --  62% complete.\rErasing at 0x6e0000 --  65% complete.\rErasing at 0x700000 --  67% complete.\rErasing at 0x720000 --  70% complete.\rErasing at 0x740000 --  72% complete.\rErasing at 0x760000 --  75% complete.\rErasing at 0x780000 --  77% complete.\rErasing at 0x7a0000 --  80% complete.\rErasing at 0x7c0000 --  82% complete.\rErasing at 0x7e0000 --  85% complete.\rErasing at 0x800000 --  87% complete.\rErasing at 0x820000 --  90% complete.\rErasing at 0x840000 --  92% complete.\rErasing at 0x860000 --  95% complete.\rErasing at 0x880000 --  97% complete.\rErasing at 0x8a0000 -- 100% complete.\r\n'
b'Time:225375 us, speed:23262 KB/s\r\n'
b'OK\r\n'
b'\r\n'
b'NAND write: device 0 offset 0x3c0000, size 0x500000\r\n'
b'Time:1445965 us, speed:3625 KB/s\r\n'
b' 5242880 bytes written: OK\r\n'
b'\r\n'
b'NAND erase.part: device 0 offset 0x8c0000, size 0x500000\r\n'
b'\rErasing at 0x8c0000 --   2% complete.\rErasing at 0x8e0000 --   5% complete.\rErasing at 0x900000 --   7% complete.\rErasing at 0x920000 --  10% complete.\rErasing at 0x940000 --  12% complete.\rErasing at 0x960000 --  15% complete.\rErasing at 0x980000 --  17% complete.\rErasing at 0x9a0000 --  20% complete.\rErasing at 0x9c0000 --  22% complete.\rErasing at 0x9e0000 --  25% complete.\rErasing at 0xa00000 --  27% complete.\rErasing at 0xa20000 --  30% complete.\rErasing at 0xa40000 --  32% complete.\rErasing at 0xa60000 --  35% complete.\rErasing at 0xa80000 --  37% complete.\rErasing at 0xaa0000 --  40% complete.\rErasing at 0xac0000 --  42% complete.\rErasing at 0xae0000 --  45% complete.\rErasing at 0xb00000 --  47% complete.\rErasing at 0xb20000 --  50% complete.\rErasing at 0xb40000 --  52% complete.\rErasing at 0xb60000 --  55% complete.\rErasing at 0xb80000 --  57% complete.\rErasing at 0xba0000 --  60% complete.\rErasing at 0xbc0000 --  62% complete.\rErasing at 0xbe0000 --  65% complete.\rErasing at 0xc00000 --  67% complete.\rErasing at 0xc20000 --  70% complete.\rErasing at 0xc40000 --  72% complete.\rErasing at 0xc60000 --  75% complete.\rErasing at 0xc80000 --  77% complete.\rErasing at 0xca0000 --  80% complete.\rErasing at 0xcc0000 --  82% complete.\rErasing at 0xce0000 --  85% complete.\rErasing at 0xd00000 --  87% complete.\rErasing at 0xd20000 --  90% complete.\rErasing at 0xd40000 --  92% complete.\rErasing at 0xd60000 --  95% complete.\rErasing at 0xd80000 --  97% complete.\rErasing at 0xda0000 -- 100% complete.\r\n'
b'Time:225382 us, speed:23262 KB/s\r\n'
b'OK\r\n'
b'\r\n'
b'NAND write: device 0 offset 0x8c0000, size 0x500000\r\n'
b'Time:1445862 us, speed:3626 KB/s\r\n'
b' 5242880 bytes written: OK\r\n'
b'\r\n'
b'NAND erase.part: device 0 offset 0xdc0000, size 0x600000\r\n'
b'\rErasing at 0xdc0000 --   2% complete.\rErasing at 0xde0000 --   4% complete.\rErasing at 0xe00000 --   6% complete.\rErasing at 0xe20000 --   8% complete.\rErasing at 0xe40000 --  10% complete.\rErasing at 0xe60000 --  12% complete.\rErasing at 0xe80000 --  14% complete.\rErasing at 0xea0000 --  16% complete.\rErasing at 0xec0000 --  18% complete.\rErasing at 0xee0000 --  20% complete.\rErasing at 0xf00000 --  22% complete.\rErasing at 0xf20000 --  25% complete.\rErasing at 0xf40000 --  27% complete.\rErasing at 0xf60000 --  29% complete.\rErasing at 0xf80000 --  31% complete.\rErasing at 0xfa0000 --  33% complete.\rErasing at 0xfc0000 --  35% complete.\rErasing at 0xfe0000 --  37% complete.\rErasing at 0x1000000 --  39% complete.\rErasing at 0x1020000 --  41% complete.\rErasing at 0x1040000 --  43% complete.\rErasing at 0x1060000 --  45% complete.\rErasing at 0x1080000 --  47% complete.\rErasing at 0x10a0000 --  50% complete.\rErasing at 0x10c0000 --  52% complete.\rErasing at 0x10e0000 --  54% complete.\rErasing at 0x1100000 --  56% complete.\rErasing at 0x1120000 --  58% complete.\rErasing at 0x1140000 --  60% complete.\rErasing at 0x1160000 --  62% complete.\rErasing at 0x1180000 --  64% complete.\rErasing at 0x11a0000 --  66% complete.\rErasing at 0x11c0000 --  68% complete.\rErasing at 0x11e0000 --  70% complete.\rErasing at 0x1200000 --  72% complete.\rErasing at 0x1220000 --  75% complete.\rErasing at 0x1240000 --  77% complete.\rErasing at 0x1260000 --  79% complete.\rErasing at 0x1280000 --  81% complete.\rErasing at 0x12a0000 --  83% complete.\rErasing at 0x12c0000 --  85% complete.\rErasing at 0x12e0000 --  87% complete.\rErasing at 0x1300000 --  89% complete.\rErasing at 0x1320000 --  91% complete.\rErasing at 0x1340000 --  93% complete.\rErasing at 0x1360000 --  95% complete.\rErasing at 0x1380000 --  97% complete.\rErasing at 0x13a0000 -- 100% complete.\r\n'
b'Time:280912 us, speed:22396 KB/s\r\n'
b'OK\r\n'
b'\r\n'
b'NAND write: device 0 offset 0xdc0000, size 0x600000\r\n'
b'Time:1814230 us, speed:3467 KB/s\r\n'
b' 6291456 bytes written: OK\r\n'
b'\r\n'
b'NAND erase.part: device 0 offset 0x1420000, size 0x6be0000\r\n'
b'\rErasing at 0x1420000 --   0% complete.\rErasing at 0x1520000 --   1% complete.\rErasing at 0x1640000 --   2% complete.\rErasing at 0x1740000 --   3% complete.\rErasing at 0x1860000 --   4% complete.\rErasing at 0x1980000 --   5% complete.\rErasing at 0x1a80000 --   6% complete.\rErasing at 0x1ba0000 --   7% complete.\rErasing at 0x1cc0000 --   8% complete.\rErasing at 0x1dc0000 --   9% complete.\rSkipping bad block at  0x01ea0000                                          \r\n'
b'\rErasing at 0x1ee0000 --  10% complete.\rErasing at 0x1fe0000 --  11% complete.\rErasing at 0x2100000 --  12% complete.\rErasing at 0x2220000 --  13% complete.\rErasing at 0x2320000 --  14% complete.\rErasing at 0x2440000 --  15% complete.\rErasing at 0x2560000 --  16% complete.\rErasing at 0x2660000 --  17% complete.\rErasing at 0x2780000 --  18% complete.\rErasing at 0x2880000 --  19% complete.\rErasing at 0x29a0000 --  20% complete.\rErasing at 0x2ac0000 --  21% complete.\rErasing at 0x2bc0000 --  22% complete.\rErasing at 0x2ce0000 --  23% complete.\rErasing at 0x2e00000 --  24% complete.\rErasing at 0x2f00000 --  25% complete.\rErasing at 0x3020000 --  26% complete.\rErasing at 0x3140000 --  27% complete.\rErasing at 0x3240000 --  28% complete.\rErasing at 0x3360000 --  29% complete.\rErasing at 0x3460000 --  30% complete.\rErasing at 0x3580000 --  31% complete.\rErasing at 0x36a0000 --  32% complete.\rSkipping bad block at  0x03700000                                          \r\n'
b'\rErasing at 0x37a0000 --  33% complete.\rErasing at 0x38c0000 --  34% complete.\rErasing at 0x39e0000 --  35% complete.\rErasing at 0x3ae0000 --  36% complete.\rErasing at 0x3c00000 --  37% complete.\rErasing at 0x3d00000 --  38% complete.\rErasing at 0x3e20000 --  39% complete.\rErasing at 0x3f40000 --  40% complete.\rErasing at 0x4040000 --  41% complete.\rErasing at 0x4160000 --  42% complete.\rErasing at 0x4280000 --  43% complete.\rErasing at 0x4380000 --  44% complete.\rErasing at 0x44a0000 --  45% complete.\rErasing at 0x45a0000 --  46% complete.\rErasing at 0x46c0000 --  47% complete.\rErasing at 0x47e0000 --  48% complete.\rErasing at 0x48e0000 --  49% complete.\rErasing at 0x4a00000 --  50% complete.\rErasing at 0x4b20000 --  51% complete.\rErasing at 0x4c20000 --  52% complete.\rErasing at 0x4d40000 --  53% complete.\rErasing at 0x4e60000 --  54% complete.\rSkipping bad block at  0x04f60000                                          \r\n'
b'\rErasing at 0x4f80000 --  55% complete.\rErasing at 0x5080000 --  56% complete.\rErasing at 0x5180000 --  57% complete.\rErasing at 0x52a0000 --  58% complete.\rErasing at 0x53c0000 --  59% complete.\rErasing at 0x54c0000 --  60% complete.\rErasing at 0x55e0000 --  61% complete.\rErasing at 0x5700000 --  62% complete.\rErasing at 0x5800000 --  63% complete.\rErasing at 0x5920000 --  64% complete.\rErasing at 0x5a20000 --  65% complete.\rErasing at 0x5b40000 --  66% complete.\rErasing at 0x5c60000 --  67% complete.\rErasing at 0x5d60000 --  68% complete.\rErasing at 0x5e80000 --  69% complete.\rErasing at 0x5fa0000 --  70% complete.\rErasing at 0x60a0000 --  71% complete.\rErasing at 0x61c0000 --  72% complete.\rErasing at 0x62c0000 --  73% complete.\rErasing at 0x63e0000 --  74% complete.\rErasing at 0x6500000 --  75% complete.\rErasing at 0x6600000 --  76% complete.\rErasing at 0x6720000 --  77% complete.\rSkipping bad block at  0x067c0000                                          \r\n'
b'\rErasing at 0x6840000 --  78% complete.\rErasing at 0x6940000 --  79% complete.\rErasing at 0x6a60000 --  80% complete.\rErasing at 0x6b80000 --  81% complete.\rErasing at 0x6c80000 --  82% complete.\rErasing at 0x6da0000 --  83% complete.\rErasing at 0x6ea0000 --  84% complete.\rErasing at 0x6fc0000 --  85% complete.\rErasing at 0x70e0000 --  86% complete.\rErasing at 0x71e0000 --  87% complete.\rErasing at 0x7300000 --  88% complete.\rErasing at 0x7420000 --  89% complete.\rErasing at 0x7520000 --  90% complete.\rErasing at 0x7640000 --  91% complete.\rErasing at 0x7740000 --  92% complete.\rErasing at 0x7860000 --  93% complete.\rErasing at 0x7980000 --  94% complete.\rErasing at 0x7a80000 --  95% complete.\rErasing at 0x7ba0000 --  96% complete.\rErasing at 0x7cc0000 --  97% complete.\rErasing at 0x7dc0000 --  98% complete.\rErasing at 0x7ee0000 --  99% complete.\rErasing at 0x7fe0000 -- 100% complete.\r\n'
b'Time:3553835 us, speed:31829 KB/s\r\n'
b'OK\r\n'
b'\r\n'
b'NAND write: device 0 offset 0x1420000, size 0x3c00000\r\n'
b'Skip bad block 0x01ea0000\r\n'
b'Skip bad block 0x03700000\r\n'
b'Skip bad block 0x04f60000\r\n'
b'Time:22131917 us, speed:2842 KB/s\r\n'
b' 62914560 bytes written: OK\r\n'
b'Saving Environment to NAND...\r\n'
b'Erasing NAND...\r\n'
b'\rErasing at 0x380000 --  50% complete.\rErasing at 0x3a0000 -- 100% complete.\r\n'
b'Writing to NAND... OK\r\n'
b'resetting ...\r\n'
b'\r\n'
b'IPL 43174a3\r\n'
b'D-b7\n'
b'\rMCP32_1866_4X 6L\r\n'
b'== miu settings for 6 layer board ==\r\n'
b'miupll_400MHz\r\n'
b'256MB\n'
b'\rBIST0_0001-OK\n'
b'\rSW ReadDQS Training\r\n'
b'SW WriteDQS Training\r\n'
b'HS on\r\n'
b'[SDMMC] NO SD!\r\n'
b'Load IPL_CUST from SPINAND\r\n'
b'\r\n'
b' BlSize 000061e0\r\n'
b'Checksum OK\n'
b'\rJMP+++ \r\n'
b'IPL_CUST 43174a3\r\n'
b'[SDMMC] NO SD!\r\n'
b'_IPLCustSNandOp\r\n'
b'Load BL from SPINAND\r\n'
b'  decomp_size=0x000751fc\r\n'
b'\r\n'
b'\r\n'
b'U-Boot 2015.01 (Jan 10 2022 - 01:25:37)\r\n'
b'\r\n'
b'Version: I6E#g271a270\r\n'
b'I2C:   ready\r\n'
b'DRAM:  \r\n'
b'WARNING: Caches not enabled\r\n'
b'SPINAND_I:  SPINAND: _MDrv_SPINAND_GET_INFO: Found SPINAND INFO \r\n'
b'(0xB) (0x15) (0x0) \r\r\n'
b'SPINAND: board_nand_init: CIS contains part info\r\n'
b'128 MiB\r\n'
b'MMC:   MStar SD/MMC: 0\r\n'
b'[OTP Control] operation = 2, command = 0, data = 12e\r\n'
b'\r\n'
b' serialnumber: 3456789520131410 \r\n'
b'In:    serial\r\n'
b'Out:   serial\r\n'
b'Err:   serial\r\n'
b'Net:   Net Initialization Skipped\r\n'
b'No ethernet found.\r\n'
b'\r\n'
b'NAND read: device 0 offset 0x3c0000, size 0x500000\r\n'
b'Time:901157 us, speed:5817 KB/s\r\n'
b' 5242880 bytes read: OK\r\n'
b'##  Booting kernel from Legacy Image at 22000000 ...\r\n'
b'   Image Name:   MVX4##I6E#g996b8b4KL_LX409##[BR:\r\n'
b'   Image Type:   ARM Linux Kernel Image (lzma compressed)\r\n'
b'   Data Size:    1861812 Bytes = 1.8 MiB\r\n'
b'   Load Address: 20008000\r\n'
b'   Entry Point:  20008000\r\n'
b'   Verifying Checksum ... OK\r\n'
b'   Uncompressing Kernel Image ... \r\n'
b'[XZ] !!!reserved 0x21000000 length=0x 1000000 for xz!!\r\n'
b'   XZ: uncompressed size=0x3bd000, ret=7\r\n'
b'OK\r\n'
b'atags:0x20000000\r\n'
b'\r\n'
b'Starting kernel ...\r\n'
b'\r\n'
b'[    0.000000] Booting Linux on physical CPU 0x0\r\n'
b'[    0.000000] Linux version 4.9.84 (@07e4f8ef6ecc) (gcc version 9.1.0 (GCC) ) #2 SMP PREEMPT Mon Feb 28 14:43:01 CST 2022\r\n'
b'[    0.000000] CPU: ARMv7 Processor [410fc075] revision 5 (ARMv7), cr=50c5387d\r\n'
b'[    0.000000] CPU: div instructions available: patching division code\r\n'
b'[    0.000000] CPU: PIPT / VIPT nonaliasing data cache, VIPT aliasing instruction cache\r\n'
b'[    0.000000] early_atags_to_fdt() success\r\n'
b'[    0.000000] OF: fdt:Machine model: INFINITY6E SSC013A-S01A\r\n'
b'[    0.000000] LXmem is 0xffe0000 PHYS_OFFSET is 0x20000000\r\n'
b'[    0.000000] Add mem start 0x20000000 size 0xffe0000!!!!\r\n'
b'[    0.000000] \r\n'
b'[    0.000000] LX_MEM  = 0x20000000, 0xffe0000\r\n'
b'[    0.000000] LX_MEM2 = 0x0, 0x0\r\n'
b'[    0.000000] LX_MEM3 = 0x0, 0x0\r\n'
b'[    0.000000] EMAC_LEN= 0x0\r\n'
b'[    0.000000] DRAM_LEN= 0x0\r\n'
b'[    0.000000] deal_with_reserve_mma_heap memblock_reserve success mma_config[0].reserved_start=\r\n'
b'[    0.000000] 0x25fe0000\r\n'
b'[    0.000000] \r\n'
b'[    0.000000] deal_with_reserve_mma_heap memblock_reserve success mma_config[1].reserved_start=\r\n'
b'[    0.000000] 0x25e7c000\r\n'
b'[    0.000000] \r\n'
b'[    0.000000] cma: Reserved 2 MiB at 0x25c00000\r\n'
b'[    0.000000] Memory policy: Data cache writealloc\r\n'
b'[    0.000000] [infinity6e_smp_init_cpus]\r\n'
b'[    0.000000] percpu: Embedded 13 pages/cpu @c5e37000 s21208 r8192 d23848 u53248\r\n'
b'[    0.000000] Built 1 zonelists in Zone order, mobility grouping on.  Total pages: 64992\r\n'
b'[    0.000000] Kernel command line: ubi.mtd=UBI,2048 root=/dev/mtdblock8 rootfstype=squashfs ro init=/linuxrc LX_MEM=0xffe0000 mma_heap=mma_heap_name0,miu=0,sz=0xA000000 mma_heap=mma_heap_ipu,miu=0,sz=0x164000 cma=2M mtdparts=nand0:768k@1280k(IPL0),384k(IPL_CUST0),384k(IPL_CUST1),384k(UBOOT0),384k(UBOOT1),256k(ENV0),0x500000(KERNEL),0x500000(RECOVERY),0x600000(rootfs),0x60000(MISC),-(UBI)\r\n'
b'[    0.000000] PID hash table entries: 1024 (order: 0, 4096 bytes)\r\n'
b'[    0.000000] Dentry cache hash table entries: 32768 (order: 5, 131072 bytes)\r\n'
b'[    0.000000] Inode-cache hash table entries: 16384 (order: 4, 65536 bytes)\r\n'
b'[    0.000000] Memory: 88196K/262016K available (2191K kernel code, 183K rwdata, 1160K rodata, 156K init, 149K bss, 171772K reserved, 2048K cma-reserved)\r\n'
b'[    0.000000] Virtual kernel memory layout:\r\n'
b'[    0.000000]     vector  : 0xffff0000 - 0xffff1000   (   4 kB)\r\n'
b'[    0.000000]     fixmap  : 0xffc00000 - 0xfff00000   (3072 kB)\r\n'
b'[    0.000000]     vmalloc : 0xd0000000 - 0xff800000   ( 760 MB)\r\n'
b'[    0.000000]     lowmem  : 0xc0000000 - 0xcffe0000   ( 255 MB)\r\n'
b'[    0.000000]     modules : 0xbf800000 - 0xc0000000   (   8 MB)\r\n'
b'[    0.000000]       .text : 0xc0008000 - 0xc022c060   (2193 kB)\r\n'
b'[    0.000000]       .init : 0xc036f000 - 0xc0396000   ( 156 kB)\r\n'
b'[    0.000000]       .data : 0xc0396000 - 0xc03c3cc8   ( 184 kB)\r\n'
b'[    0.000000]        .bss : 0xc03c5000 - 0xc03ea5b8   ( 150 kB)\r\n'
b'[    0.000000] SLUB: HWalign=64, Order=0-3, MinObjects=0, CPUs=2, Nodes=1\r\n'
b'[    0.000000] Preemptible hierarchical RCU implementation.\r\n'
b'[    0.000000] \tBuild-time adjustment of leaf fanout to 32.\r\n'
b'[    0.000000] \tRCU restricting CPUs from NR_CPUS=4 to nr_cpu_ids=2.\r\n'
b'[    0.000000] RCU: Adjusting geometry for rcu_fanout_leaf=32, nr_cpu_ids=2\r\n'
b'[    0.000000] NR_IRQS:16 nr_irqs:16 16\r\n'
b'[    0.000000] ms_init_main_intc: np->name=ms_main_intc, parent=gic\r\n'
b'[    0.000000] ms_init_pm_intc: np->name=ms_pm_intc, parent=ms_main_intc\r\n'
b'[    0.000000] ss_init_gpi_intc: np->name=ms_gpi_intc, parent=ms_main_intc\r\n'
b'[    0.000000] Find CLK_ven_pll, hook ms_venpll_ops\r\n'
b'[    0.000000] Find CLK_cpupll_clk, hook ms_cpuclk_ops\r\n'
b'[    0.000000] arm_arch_timer: Architected cp15 timer(s) running at 6.00MHz (virt).\r\n'
b'[    0.000000] clocksource: arch_sys_counter: mask: 0xffffffffffffff max_cycles: 0x1623fa770, max_idle_ns: 440795202238 ns\r\n'
b'[    0.000006] sched_clock: 56 bits at 6MHz, resolution 166ns, wraps every 4398046511055ns\r\n'
b'[    0.000021] Switching to timer-based delay loop, resolution 166ns\r\n'
b'[    0.343271] console [ttyS0] enabled\r\n'
b'[    0.346754] Calibrating delay loop (skipped), value calculated using timer frequency.. 12.00 BogoMIPS (lpj=60000)\r\n'
b'[    0.357015] pid_max: default: 4096 minimum: 301\r\n'
b'[    0.361638] Mount-cache hash table entries: 1024 (order: 0, 4096 bytes)\r\n'
b'[    0.368171] Mountpoint-cache hash table entries: 1024 (order: 0, 4096 bytes)\r\n'
b'[    0.375869] CPU: Testing write buffer coherency: ok\r\n'
b'[    0.380824] CPU0: update cpu_capacity 1024\r\n'
b'[    0.384763] CPU0: thread -1, cpu 0, socket 0, mpidr 80000000\r\n'
b'[    0.390610] Setting up static identity map for 0x20008240 - 0x20008270\r\n'
b'[    0.590783] [infinity6e_boot_secondary]\r\n'
b'[    0.594528] CPU1: update cpu_capacity 1024\r\n'
b'[    0.594535] CPU1: thread -1, cpu 1, socket 0, mpidr 80000001\r\n'
b'[    0.594624] Brought up 2 CPUs\r\n'
b'[    0.607170] SMP: Total of 2 processors activated (24.00 BogoMIPS).\r\n'
b'[    0.613346] CPU: All CPU(s) started in SVC mode.\r\n'
b'[    0.618683] devtmpfs: initialized\r\n'
b'[    0.639789] VFP support v0.3: implementor 41 architecture 2 part 30 variant 7 rev 5\r\n'
b'[    0.647727] clocksource: jiffies: mask: 0xffffffff max_cycles: 0xffffffff, max_idle_ns: 19112604462750000 ns\r\n'
b'[    0.657471] futex hash table entries: 16 (order: -2, 1024 bytes)\r\n'
b'[    0.664253] NET: Registered protocol family 16\r\n'
b'[    0.669217] DMA: preallocated 256 KiB pool for atomic coherent allocations\r\n'
b'[    0.678083] \r\n'
b'[    0.678083] \r\n'
b'[    0.678083] Version : MVX4##I6E#g996b8b4KL_LX409##[BR:HEAD]#XVM\r\n'
b'[    0.678083] \r\n'
b'[    0.705338] GPIO: probe end[    0.710868] [Padmux]reset PAD46(reg 0x103c00:60; mask0x180) t0 FUART_MODE_1 (org: EJ_MODE_1)\r\n'
b'[    0.719269] [Padmux]reset PAD56(reg 0x103c00:2c; mask0x8) t0 SD1_MODE_1 (org: GPIO)\r\n'
b'[    0.727355] hw-breakpoint: found 5 (+1 reserved) breakpoint and 4 watchpoint registers.\r\n'
b'[    0.735241] hw-breakpoint: maximum watchpoint size is 8 bytes.\r\n'
b'[    0.796216] Linux video capture interface: v2.00\r\n'
b'[    0.804494] Advanced Linux Sound Architecture Driver Initialized.\r\n'
b'[    0.811865] clocksource: Switched to clocksource arch_sys_counter\r\n'
b'[    0.820128] NET: Registered protocol family 2\r\n'
b'[    0.825124] TCP established hash table entries: 2048 (order: 1, 8192 bytes)\r\n'
b'[    0.832034] TCP bind hash table entries: 2048 (order: 3, 40960 bytes)\r\n'
b'[    0.838427] TCP: Hash tables configured (established 2048 bind 2048)\r\n'
b'[    0.844825] UDP hash table entries: 128 (order: 0, 6144 bytes)\r\n'
b'[    0.850571] UDP-Lite hash table entries: 128 (order: 0, 6144 bytes)\r\n'
b'[    0.857026] NET: Registered protocol family 1\r\n'
b'[    0.861577] hw perfevents: enabled with armv7_cortex_a7 PMU driver, 5 counters available\r\n'
b'[    0.872557] workingset: timestamp_bits=30 max_order=15 bucket_order=0\r\n'
b'[    0.889453] squashfs: version 4.0 (2009/01/31) Phillip Lougher\r\n'
b'[    0.895174] jffs2: version 2.2. \xc2\xa9 2001-2006 Red Hat, Inc.\r\n'
b'[    0.904946] io scheduler noop registered\r\n'
b'[    0.908713] io scheduler deadline registered (default)\r\n'
b'[    0.914126] Infinity6e PHY probe, base:fd2a4600\r\n'
b'[    0.929394] loop: module loaded\r\n'
b'[    0.933741] libphy: Fixed MDIO Bus: probed\r\n'
b'[    0.937940] i2c /dev entries driver\r\n'
b'[    0.942698] device-mapper: uevent: version 1.0.3\r\n'
b'[    0.947704] device-mapper: ioctl: 4.35.0-ioctl (2016-06-23) initialised: dm-devel@redhat.com\r\n'
b'[    0.956282] leds_pwm soc:pwmleds: unable to request PWM for camera: -517\r\n'
b'[    0.963187] 1f221000.uart0: ttyS0 at MMIO 0x0 (irq = 45, base_baud = 10800000) is a unknown\r\n'
b'[    0.971845] 1f221200.uart1: ttyS1 at MMIO 0x0 (irq = 47, base_baud = 10800000) is a unknown\r\n'
b'[    0.980708] 1f220400.uart2: ttyS2 at MMIO 0x0 (irq = 49, base_baud = 10800000) is a unknown\r\n'
b'[    0.989726] [MS_PM_INTC] hw:9 -> v:72\r\n'
b'[    0.993567] [MS_PM_INTC] hw:10 -> v:73\r\n'
b'[    0.998252] MSYS: DMEM request: [emac0_buff]:0x00000812\r\n'
b'[    1.003417] MSYS: DMEM request: [emac0_buff]:0x00000812 success, CPU phy:@0x25C46000, virt:@0xC5C46000\r\n'
b'[    1.013585] libphy: mdio: probed\r\n'
b'[    1.016662] mdio_bus mdio-bus@emac0: /soc/emac0/mdio-bus/ethernet-phy@0 has invalid PHY address\r\n'
b'[    1.025395] mdio_bus mdio-bus@emac0: scan phy ethernet-phy at address 0\r\n'
b'[    1.032424] mdio_bus mdio-bus@emac0: scan phy ethernet-phy at address 1\r\n'
b'[    1.038899] mdio_bus mdio-bus@emac0: scan phy ethernet-phy at address 2\r\n'
b'[    1.045537] mdio_bus mdio-bus@emac0: scan phy ethernet-phy at address 3\r\n'
b'[    1.052138] mdio_bus mdio-bus@emac0: scan phy ethernet-phy at address 4\r\n'
b'[    1.058740] mdio_bus mdio-bus@emac0: scan phy ethernet-phy at address 5\r\n'
b'[    1.065370] mdio_bus mdio-bus@emac0: scan phy ethernet-phy at address 6\r\n'
b'[    1.071987] mdio_bus mdio-bus@emac0: scan phy ethernet-phy at address 7\r\n'
b'[    1.078584] mdio_bus mdio-bus@emac0: scan phy ethernet-phy at address 8\r\n'
b'[    1.085214] mdio_bus mdio-bus@emac0: scan phy ethernet-phy at address 9\r\n'
b'[    1.091814] mdio_bus mdio-bus@emac0: scan phy ethernet-phy at address 10\r\n'
b'[    1.098528] mdio_bus mdio-bus@emac0: scan phy ethernet-phy at address 11\r\n'
b'[    1.105232] mdio_bus mdio-bus@emac0: scan phy ethernet-phy at address 12\r\n'
b'[    1.111939] mdio_bus mdio-bus@emac0: scan phy ethernet-phy at address 13\r\n'
b'[    1.118621] mdio_bus mdio-bus@emac0: scan phy ethernet-phy at address 14\r\n'
b'[    1.125339] mdio_bus mdio-bus@emac0: scan phy ethernet-phy at address 15\r\n'
b'[    1.132042] mdio_bus mdio-bus@emac0: scan phy ethernet-phy at address 16\r\n'
b'[    1.138726] mdio_bus mdio-bus@emac0: scan phy ethernet-phy at address 17\r\n'
b'[    1.145444] mdio_bus mdio-bus@emac0: scan phy ethernet-phy at address 18\r\n'
b'[    1.152145] mdio_bus mdio-bus@emac0: scan phy ethernet-phy at address 19\r\n'
b'[    1.158832] mdio_bus mdio-bus@emac0: scan phy ethernet-phy at address 20\r\n'
b'[    1.165548] mdio_bus mdio-bus@emac0: scan phy ethernet-phy at address 21\r\n'
b'[    1.172252] mdio_bus mdio-bus@emac0: scan phy ethernet-phy at address 22\r\n'
b'[    1.178938] mdio_bus mdio-bus@emac0: scan phy ethernet-phy at address 23\r\n'
b'[    1.185654] mdio_bus mdio-bus@emac0: scan phy ethernet-phy at address 24\r\n'
b'[    1.192356] mdio_bus mdio-bus@emac0: scan phy ethernet-phy at address 25\r\n'
b'[    1.199043] mdio_bus mdio-bus@emac0: scan phy ethernet-phy at address 26\r\n'
b'[    1.205759] mdio_bus mdio-bus@emac0: scan phy ethernet-phy at address 27\r\n'
b'[    1.212461] mdio_bus mdio-bus@emac0: scan phy ethernet-phy at address 28\r\n'
b'[    1.219149] mdio_bus mdio-bus@emac0: scan phy ethernet-phy at address 29\r\n'
b'[    1.225865] mdio_bus mdio-bus@emac0: scan phy ethernet-phy at address 30\r\n'
b'[    1.232566] mdio_bus mdio-bus@emac0: scan phy ethernet-phy at address 31\r\n'
b'[    1.239331] [emac_phy_connect][3328] connected mac emac0 to PHY at mdio-bus@emac0:00 [uid=11112222, driver=SStar 10/100 Ethernet Phy]\r\n'
b'[    1.252969] ms_rtcpwc 1f006800.rtcpwc: rtc core: registered 1f006800.rtcpwc as rtc0\r\n'
b'[    1.262918] [ms_cpufreq_init] Current clk=796917760\r\n'
b'[    1.268553] [i6e][pwm] use ms_pwm->group_data\r\n'
b'[    1.273024] [NOTICE]pwm-isr(62) success. If not i6e or i6b0, pls confirm it on .dtsi\r\n'
b'[    1.280823] mstar_spinand_probe: mstar_spinand enableClock\r\n'
b'[    1.286175] MSYS: DMEM request: [BDMA]:0x00000840\r\n'
b'[    1.290904] MSYS: DMEM request: [BDMA]:0x00000840 success, CPU phy:@0x25C47000, virt:@0xC5C47000\r\n'
b'[    1.299973] MDrv_SPINAND_Init: Detected ID: MID =b, DID =15\r\n'
b'[    1.305397] _dumpNandInformation:warning, Bytes / Page :  2048\r\n'
b'[    1.311216] _dumpNandInformation:warning, Pages / Block:  64\r\n'
b'[    1.316882] _dumpNandInformation:warning, Sector/ Page :  512\r\n'
b'[    1.322627] _dumpNandInformation:warning, Spare / Page :  128\r\n'
b'[    1.328363] _dumpNandInformation:warning, Current config r:1 w:1 drv:1\r\n'
b'[    1.335357] mstar_spinand_probe: Magic memcmp pass\r\n'
b'[    1.339985] mstar_spinand_probe: Get partition (Block 0 : page 1)\r\n'
b'[    1.346432] mstar_spinand_probe: CIS contains part info\r\n'
b'[    1.351496] mstar_spinand_probe: Before nand_scan()...\r\n'
b'[    1.356670] 11 cmdlinepart partitions found on MTD device nand0\r\n'
b'[    1.362560] mstar_spinand_probe: Mtd parts parse\r\n'
b'[    1.367162] Creating 11 MTD partitions on "nand0":\r\n'
b'[    1.371997] 0x000000140000-0x000000200000 : "IPL0"\r\n'
b'[    1.382607] 0x000000200000-0x000000260000 : "IPL_CUST0"\r\n'
b'[    1.392030] 0x000000260000-0x0000002c0000 : "IPL_CUST1"\r\n'
b'[    1.401385] 0x0000002c0000-0x000000320000 : "UBOOT0"\r\n'
b'[    1.410496] 0x000000320000-0x000000380000 : "UBOOT1"\r\n'
b'[    1.419631] 0x000000380000-0x0000003c0000 : "ENV0"\r\n'
b'[    1.428169] 0x0000003c0000-0x0000008c0000 : "KERNEL"\r\n'
b'[    1.454338] 0x0000008c0000-0x000000dc0000 : "RECOVERY"\r\n'
b'[    1.480616] 0x000000dc0000-0x0000013c0000 : "rootfs"\r\n'
b'[    1.531429] 0x0000013c0000-0x000001420000 : "MISC"\r\n'
b'[    1.540443] 0x000001420000-0x000008000000 : "UBI"\r\n'
b'[    1.953239] mstar notify driver install successfully\r\n'
b'[    1.958437] NET: Registered protocol family 17\r\n'
b'[    1.963384] ThumbEE CPU extension supported.\r\n'
b'[    1.967499] Registering SWP/SWPB emulation handler\r\n'
b'[    1.973231] [PWM] mstar_pwm_config duty_ns=0, period_ns=10000\r\n'
b'[    1.978827] reg=x1F203310(x1019) clk=12000000, period=x4af\r\n'
b'[    1.984344] reg=x1F203308(x1019) clk=12000000, u32Duty=x0\r\n'
b'[    1.990039] ubi0: attaching mtd10\r\n'
b'\r\n'
b'\r\n'
b'(none) login: (none) login: root\r\n'
b'\r\n'
b'Password: \r\n'
b'\r\n'
b'\r\n'
b'\r\n'
b'root\r\n'
b'\r\n'
b"login: can't chdir to home directory '/home/root'\r\n"
b"login[687]: root login on 'UNKNOWN'\r\r\n"
b"-sh: can't access tty; job control turned off\r\n"
b'/ # \r\n'
b'/ # \r\n'
b'/ # \r\n'
b'/ # root\r\n'
b'-sh: root: not found\r\n'
b'/ # \r\n'
b'/ # bunengshuo\r\n'
b'-sh: bunengshuo: not found\r\n'
b'/ # \r\n'
b'/ # \r\n'
b'/ # \r\n'
b'/ # root\r\n'
b'-sh: root: not found\r\n'
b'/ # \r\n'
b'\x1b[1;33m[MI WRN ]: MI_AI_GetFrame[7284]: Dev2 Chn0 Buffer(s) is lost due to slow fetching!!!\r\n'
b'bunengshuo\r\n'
b'/ # \r\n'
b'\r\n'
b'/ # \r\n'
b'/ # uname -a\r\n'
b'\r\n'
b'Linux (none) 4.9.84 #2 SMP PREEMPT Mon Feb 28 14:43:01 CST 2022 armv7l GNU/Linux\r\n'
b'/ # \r\n'
b'/ # uname -a\r\n'
b'\r\n'
b'Linux (none) 4.9.84 #2 SMP PREEMPT Mon Feb 28 14:43:01 CST 2022 armv7l GNU/Linux\r\n'
b'/ # \r\n'
b'/ # uname -a\r\n'
b'\r\n'
b'Linux (none) 4.9.84 #2 SMP PREEMPT Mon Feb 28 14:43:01 CST 2022 armv7l GNU/Linux\r\n'
b'/ # \r\n'
b'/ # uname -a\r\n'
b'\r\n'
b'Linux (none) 4.9.84 #2 SMP PREEMPT Mon Feb 28 14:43:01 CST 2022 armv7l GNU/Linux\r\n'
b'/ # \r\n'
b'/ # Attempting to connect via I2C: connected\r\n'
b'\r\n'
b'Rebooted\r\n'
b'Attempting to connect via I2C: connected\r\n'
b'[   65.115776] [PWM] mstar_pwm_config duty_ns=15, period_ns=10000\r\n'
b'[   65.121789] reg=x1F203310(x1019) clk=12000000, period=x4af\r\n'
b'Version: 3.1.6\r\n'
b'[   65.127619] reg=x1F203308(x1019) clk=12000000, u32Duty=xb3\r\n'
b'[   65.134162] [PWM] mstar_pwm_enable\r\n'
b'Attempting to connect via I2C: connected\r\n'
b'\r\n'
b'Rebooted\r\n'
b'xmos firmware upgrade done!!!\r\n'
b'[   65.473741] [UACTransfer] MI_AI_GetFrame failed: 0xa004200d\r\n'
b'[   65.818881] [PWM] mstar_pwm_config duty_ns=0, period_ns=10000\r\n'
b'[   65.824895] reg=x1F203310(x1019) clk=12000000, period=x4af\r\n'
b'[   65.830252] reg=x1F203308(x1019) clk=12000000, u32Duty=x0\r\n'
b'[   65.835712] [PWM] mstar_pwm_disable\r\n'
b'[   66.322955] [PWM] mstar_pwm_config duty_ns=15, period_ns=10000\r\n'
b'[   66.328660] reg=x1F203310(x1019) clk=12000000, period=x4af\r\n'
b'[   66.334200] reg=x1F203308(x1019) clk=12000000, u32Duty=xb3\r\n'
b'[   66.339610] [PWM] mstar_pwm_enable\r\n'
b'[   67.036072] [PWM] mstar_pwm_config duty_ns=0, period_ns=10000\r\n'
b'[   67.041687] reg=x1F203310(x1019) clk=12000000, period=x4af\r\n'
b'[   67.047194] reg=x1F203308(x1019) clk=12000000, u32Duty=x0\r\n'
b'[   67.052564] [PWM] mstar_pwm_disable\r\n'
b'[   67.540740] [PWM] mstar_pwm_config duty_ns=15, period_ns=10000\r\n'
b'[   67.547530] reg=x1F203310(x1019) clk=12000000, period=x4af\r\n'
b'[   67.552924] reg=x1F203308(x1019) clk=12000000, u32Duty=xb3\r\n'
b'[   67.558347] [PWM] mstar_pwm_enable\r\n'
b'[   68.451149] [PWM] mstar_pwm_config duty_ns=0, period_ns=10000\r\n'
b'[   68.456780] reg=x1F203310(x1019) clk=12000000, period=x4af\r\n'
b'[   68.462253] reg=x1F203308(x1019) clk=12000000, u32Duty=x0\r\n'
b'[   68.467623] [PWM] mstar_pwm_disable\r\n'
b'\r\n'
b'/ # \r\n'
b'/ # root\r\n'
b'\r\n'
b'-sh: root: not found\r\n'
b'/ # \r\n'
b'/ # bunengshuo\r\n'
b'-sh: bunengshuo: not found\r\n'
b'/ # dfu_i2c read_version\r\n'
b'Version: 3.1.7\r\n'
b'/ # dfu_i2c read_version\r\n'
b'Version: 3.1.7\r\n'
b'/ # dfu_i2c read_version\r\n'
b'Attempting to connect via I2C: connected\r\n'
b'/ # \r\n'
b'/ # dfu_i2c read_version\r\n'
b'\r\n'
b'Attempting to connect via I2C: connected\r\n'
b'Version: 3.1.7\r\n'
b'/ # \r\n'
b'/ # dfu_i2c read_version\r\n'
b'\r\n'
b'Attempting to connect via I2C: connected\r\n'
b'Version: 3.1.7\r\n'
b'/ # \r\n'
b'/ # dfu_i2c read_version\r\n'
b'\r\n'
b'Attempting to connect via I2C: connected\r\n'
b'Version: 3.1.7\r\n'
b'/ # \r\n'
b'/ # dfu_i2c read_version\r\n'
b'\r\n'
b'Attempting to connect via I2C: connected\r\n'
b'Version: 3.1.7\r\n'
b'/ # \r\n'
b'/ # \r\n'
b'/ # \r\n'
b'/ # root\r\n'
b'\r\n'
b'-sh: root: not found\r\n'
b'/ # \r\n'
b'-sh: bunengshuo: not found\r\n'
b'/ # dfu_i2c read_version\r\n'
b'Version: 3.1.7\r\n'
b'/ # dfu_i2c read_version\r\n'
b'Attempting to connect via I2C: connected\r\n'
b'/ # \r\n'
b'/ # dfu_i2c read_version\r\n'
b'\r\n'
b'Attempting to connect via I2C: connected\r\n'
b'Version: 3.1.7\r\n'
b'/ # \r\n'
b'/ # dfu_i2c read_version\r\n'
b'\r\n'
b'Attempting to connect via I2C: connected\r\n'
b'Version: 3.1.7\r\n'
b'/ # \r\n'
b'/ # dfu_i2c read_version\r\n'
b'\r\n'
b'Attempting to connect via I2C: connected\r\n'
b'Version: 3.1.7\r\n'
b'/ # \r\n'
b'/ # dfu_i2c read_version\r\n'
b'\r\n'
b'Attempting to connect via I2C: \r\n'
b'\r\n'
b'connected\r\n'
b'rootVersion: 3.1.7\r\n'
b'\r\n'
b'\r\n'
b'/ # \r\n'
b'/ # \r\n'
b'/ # \r\n'
b'/ # root\r\n'
b'-sh: root: not found\r\n'
b'/ # \r\n'
b'/ # bunengshuo\r\n'
b'-sh: bunengshuo: not found\r\n'
b'/ # \r\n'
b'/ # \r\n'
b'\r\n'
b'/ # \r\n'
b'/ # root\r\n'
b'\r\n'
b'-sh: root: not found\r\n'
b'/ # \r\n'
b'/ # bunengshuo\r\n'
b'r-sh: bunengshuo: not found\r\n'
b'e/ # \r\n'
b'/ # reboot-bootloader\r\n'
b'\r\n'
b'\rThe system is g[  103.651082] [Main] force stop app...\r\n'
b'[  103.651082] \r\n'
b'oing down NOW!\r\n'
b'\rSent SIGTERM to all processes\r\n'
b'Terminated\r\n'
b'/ # \r\n'
b'/ # \rSent SIGKILL to all processes\r\n'
b'[  104.659236] [_MI_AI_IMPL_FreeTmpBuffer:3862] free tmp buffer.\r\n'
b'\rRequesting system reboot\r\n'
b"[  104.772398] collect channel0's resource\r\n"
b'[  104.776839] au8SetProId[0]:0x71\r\n'
b'[  104.779819] miu_number:0,start:0x25e7c000,end:0x25fe0000,flag:0\r\n'
b'[  104.785832] --------shutdown IPU----------\r\n'
b'[  104.893021] client [678] disconnected, module:ipu\r\n'
b'[  105.691886] reboot: Restarting system\r\n'
b'1\r\n'
b'IPL 43174a3\r\n'
b'D-b7\n'
b'\rMCP32_1866_4X 6L\r\n'
b'== miu settings for 6 layer board ==\r\n'
b'miupll_400MHz\r\n'
b'256MB\n'
b'\rBIST0_0001-OK\n'
b'\rSW ReadDQS Training\r\n'
b'SW WriteDQS Training\r\n'
b'HS on\r\n'
b'[SDMMC] NO SD!\r\n'
b'Load IPL_CUST from SPINAND\r\n'
b'\r\n'
b' BlSize 000061e0\r\n'
b'Checksum OK\n'
b'\rJMP+++ \r\n'
b'IPL_CUST 43174a3\r\n'
b'[SDMMC] NO SD!\r\n'
b'_IPLCustSNandOp\r\n'
b'Load BL from SPINAND\r\n'
b'  decomp_size=0x000751fc\r\n'
b'\r\n'
b'\r\n'
b'U-Boot 2015.01 (Jan 10 2022 - 01:25:37)\r\n'
b'\r\n'
b'Version: I6E#g271a270\r\n'
b'I2C:   ready\r\n'
b'DRAM:  \r\n'
b'WARNING: Caches not enabled\r\n'
b'SPINAND_I:  SPINAND: _MDrv_SPINAND_GET_INFO: Found SPINAND INFO \r\n'
b'(0xB) (0x15) (0x0) \r\r\n'
b'SPINAND: board_nand_init: CIS contains part info\r\n'
b'128 MiB\r\n'
b'MMC:   MStar SD/MMC: 0\r\n'
b'[OTP Control] operation = 2, command = 0, data = 12e\r\n'
b'\r\n'
b' serialnumber: 3456789520131410 \r\n'
b'In:    serial\r\n'
b'Out:   serial\r\n'
b'Err:   serial\r\n'
b'Net:   Net Initialization Skipped\r\n'
b'No ethernet found.\r\n'
b'<USB> config miu select [70] [ef] [ef] [ef].\r\n'
b'<USB>[UDC] PULL DOWN D+.\r\n'
b'<USB>[UDC] PULL UP D+.\r\n'
b"registered gadget driver 'msb250x_udc'\r\n"
b'<USB>[LINK] High speed device.\r\r\n'
b'<USB>[2][EN] bulk out with maxpacket/fifo(512/1024)\r\r\n'
b'<USB>[1][EN] bulk in with maxpacket/fifo(512/8192)\r\r\n'
b'Starting download of 29872 bytes\r\n'
b'\r\n'
b'downloading of 29872 bytes finished\r\n'
b'Starting download of 29872 bytes\r\n'
b'\r\n'
b'downloading of 29872 bytes finished\r\n'
b'Starting download of 44064768 bytes\r\n'
b'..........................................................................\r\n'
b'..........................................................................\r\n'
b'..........................................................................\r\n'
b'..........................................................................\r\n'
b'........................................\r\n'
b'downloading of 44064768 bytes finished\r\n'
b'\r\n'
b'NAND erase.part: device 0 offset 0x3c0000, size 0x500000\r\n'
b'\rErasing at 0x3c0000 --   2% complete.\rErasing at 0x3e0000 --   5% complete.\rErasing at 0x400000 --   7% complete.\rErasing at 0x420000 --  10% complete.\rErasing at 0x440000 --  12% complete.\rErasing at 0x460000 --  15% complete.\rErasing at 0x480000 --  17% complete.\rErasing at 0x4a0000 --  20% complete.\rErasing at 0x4c0000 --  22% complete.\rErasing at 0x4e0000 --  25% complete.\rErasing at 0x500000 --  27% complete.\rErasing at 0x520000 --  30% complete.\rErasing at 0x540000 --  32% complete.\rErasing at 0x560000 --  35% complete.\rErasing at 0x580000 --  37% complete.\rErasing at 0x5a0000 --  40% complete.\rErasing at 0x5c0000 --  42% complete.\rErasing at 0x5e0000 --  45% complete.\rErasing at 0x600000 --  47% complete.\rErasing at 0x620000 --  50% complete.\rErasing at 0x640000 --  52% complete.\rErasing at 0x660000 --  55% complete.\rErasing at 0x680000 --  57% complete.\rErasing at 0x6a0000 --  60% complete.\rErasing at 0x6c0000 --  62% complete.\rErasing at 0x6e0000 --  65% complete.\rErasing at 0x700000 --  67% complete.\rErasing at 0x720000 --  70% complete.\rErasing at 0x740000 --  72% complete.\rErasing at 0x760000 --  75% complete.\rErasing at 0x780000 --  77% complete.\rErasing at 0x7a0000 --  80% complete.\rErasing at 0x7c0000 --  82% complete.\rErasing at 0x7e0000 --  85% complete.\rErasing at 0x800000 --  87% complete.\rErasing at 0x820000 --  90% complete.\rErasing at 0x840000 --  92% complete.\rErasing at 0x860000 --  95% complete.\rErasing at 0x880000 --  97% complete.\rErasing at 0x8a0000 -- 100% complete.\r\n'
b'Time:225359 us, speed:23264 KB/s\r\n'
b'OK\r\n'
b'\r\n'
b'NAND write: device 0 offset 0x3c0000, size 0x500000\r\n'
b'Time:1445779 us, speed:3626 KB/s\r\n'
b' 5242880 bytes written: OK\r\n'
b'\r\n'
b'NAND erase.part: device 0 offset 0x8c0000, size 0x500000\r\n'
b'\rErasing at 0x8c0000 --   2% complete.\rErasing at 0x8e0000 --   5% complete.\rErasing at 0x900000 --   7% complete.\rErasing at 0x920000 --  10% complete.\rErasing at 0x940000 --  12% complete.\rErasing at 0x960000 --  15% complete.\rErasing at 0x980000 --  17% complete.\rErasing at 0x9a0000 --  20% complete.\rErasing at 0x9c0000 --  22% complete.\rErasing at 0x9e0000 --  25% complete.\rErasing at 0xa00000 --  27% complete.\rErasing at 0xa20000 --  30% complete.\rErasing at 0xa40000 --  32% complete.\rErasing at 0xa60000 --  35% complete.\rErasing at 0xa80000 --  37% complete.\rErasing at 0xaa0000 --  40% complete.\rErasing at 0xac0000 --  42% complete.\rErasing at 0xae0000 --  45% complete.\rErasing at 0xb00000 --  47% complete.\rErasing at 0xb20000 --  50% complete.\rErasing at 0xb40000 --  52% complete.\rErasing at 0xb60000 --  55% complete.\rErasing at 0xb80000 --  57% complete.\rErasing at 0xba0000 --  60% complete.\rErasing at 0xbc0000 --  62% complete.\rErasing at 0xbe0000 --  65% complete.\rErasing at 0xc00000 --  67% complete.\rErasing at 0xc20000 --  70% complete.\rErasing at 0xc40000 --  72% complete.\rErasing at 0xc60000 --  75% complete.\rErasing at 0xc80000 --  77% complete.\rErasing at 0xca0000 --  80% complete.\rErasing at 0xcc0000 --  82% complete.\rErasing at 0xce0000 --  85% complete.\rErasing at 0xd00000 --  87% complete.\rErasing at 0xd20000 --  90% complete.\rErasing at 0xd40000 --  92% complete.\rErasing at 0xd60000 --  95% complete.\rErasing at 0xd80000 --  97% complete.\rErasing at 0xda0000 -- 100% complete.\r\n'
b'Time:225378 us, speed:23262 KB/s\r\n'
b'OK\r\n'
b'\r\n'
b'NAND write: device 0 offset 0x8c0000, size 0x500000\r\n'
b'Time:1445828 us, speed:3626 KB/s\r\n'
b' 5242880 bytes written: OK\r\n'
b'\r\n'
b'NAND erase.part: device 0 offset 0xdc0000, size 0x600000\r\n'
b'\rErasing at 0xdc0000 --   2% complete.\rErasing at 0xde0000 --   4% complete.\rErasing at 0xe00000 --   6% complete.\rErasing at 0xe20000 --   8% complete.\rErasing at 0xe40000 --  10% complete.\rErasing at 0xe60000 --  12% complete.\rErasing at 0xe80000 --  14% complete.\rErasing at 0xea0000 --  16% complete.\rErasing at 0xec0000 --  18% complete.\rErasing at 0xee0000 --  20% complete.\rErasing at 0xf00000 --  22% complete.\rErasing at 0xf20000 --  25% complete.\rErasing at 0xf40000 --  27% complete.\rErasing at 0xf60000 --  29% complete.\rErasing at 0xf80000 --  31% complete.\rErasing at 0xfa0000 --  33% complete.\rErasing at 0xfc0000 --  35% complete.\rErasing at 0xfe0000 --  37% complete.\rErasing at 0x1000000 --  39% complete.\rErasing at 0x1020000 --  41% complete.\rErasing at 0x1040000 --  43% complete.\rErasing at 0x1060000 --  45% complete.\rErasing at 0x1080000 --  47% complete.\rErasing at 0x10a0000 --  50% complete.\rErasing at 0x10c0000 --  52% complete.\rErasing at 0x10e0000 --  54% complete.\rErasing at 0x1100000 --  56% complete.\rErasing at 0x1120000 --  58% complete.\rErasing at 0x1140000 --  60% complete.\rErasing at 0x1160000 --  62% complete.\rErasing at 0x1180000 --  64% complete.\rErasing at 0x11a0000 --  66% complete.\rErasing at 0x11c0000 --  68% complete.\rErasing at 0x11e0000 --  70% complete.\rErasing at 0x1200000 --  72% complete.\rErasing at 0x1220000 --  75% complete.\rErasing at 0x1240000 --  77% complete.\rErasing at 0x1260000 --  79% complete.\rErasing at 0x1280000 --  81% complete.\rErasing at 0x12a0000 --  83% complete.\rErasing at 0x12c0000 --  85% complete.\rErasing at 0x12e0000 --  87% complete.\rErasing at 0x1300000 --  89% complete.\rErasing at 0x1320000 --  91% complete.\rErasing at 0x1340000 --  93% complete.\rErasing at 0x1360000 --  95% complete.\rErasing at 0x1380000 --  97% complete.\rErasing at 0x13a0000 -- 100% complete.\r\n'
b'Time:280935 us, speed:22394 KB/s\r\n'
b'OK\r\n'
b'\r\n'
b'NAND write: device 0 offset 0xdc0000, size 0x600000\r\n'
b'Time:1813909 us, speed:3468 KB/s\r\n'
b' 6291456 bytes written: OK\r\n'
b'\r\n'
b'NAND erase.part: device 0 offset 0x1420000, size 0x6be0000\r\n'
b'\rErasing at 0x1420000 --   0% complete.\rErasing at 0x1520000 --   1% complete.\rErasing at 0x1640000 --   2% complete.\rErasing at 0x1740000 --   3% complete.\rErasing at 0x1860000 --   4% complete.\rErasing at 0x1980000 --   5% complete.\rErasing at 0x1a80000 --   6% complete.\rErasing at 0x1ba0000 --   7% complete.\rErasing at 0x1cc0000 --   8% complete.\rErasing at 0x1dc0000 --   9% complete.\rSkipping bad block at  0x01ea0000                                          \r\n'
b'\rErasing at 0x1ee0000 --  10% complete.\rErasing at 0x1fe0000 --  11% complete.\rErasing at 0x2100000 --  12% complete.\rErasing at 0x2220000 --  13% complete.\rErasing at 0x2320000 --  14% complete.\rErasing at 0x2440000 --  15% complete.\rErasing at 0x2560000 --  16% complete.\rErasing at 0x2660000 --  17% complete.\rErasing at 0x2780000 --  18% complete.\rErasing at 0x2880000 --  19% complete.\rErasing at 0x29a0000 --  20% complete.\rErasing at 0x2ac0000 --  21% complete.\rErasing at 0x2bc0000 --  22% complete.\rErasing at 0x2ce0000 --  23% complete.\rErasing at 0x2e00000 --  24% complete.\rErasing at 0x2f00000 --  25% complete.\rErasing at 0x3020000 --  26% complete.\rErasing at 0x3140000 --  27% complete.\rErasing at 0x3240000 --  28% complete.\rErasing at 0x3360000 --  29% complete.\rErasing at 0x3460000 --  30% complete.\rErasing at 0x3580000 --  31% complete.\rErasing at 0x36a0000 --  32% complete.\rSkipping bad block at  0x03700000                                          \r\n'
b'\rErasing at 0x37a0000 --  33% complete.\rErasing at 0x38c0000 --  34% complete.\rErasing at 0x39e0000 --  35% complete.\rErasing at 0x3ae0000 --  36% complete.\rErasing at 0x3c00000 --  37% complete.\rErasing at 0x3d00000 --  38% complete.\rErasing at 0x3e20000 --  39% complete.\rErasing at 0x3f40000 --  40% complete.\rErasing at 0x4040000 --  41% complete.\rErasing at 0x4160000 --  42% complete.\rErasing at 0x4280000 --  43% complete.\rErasing at 0x4380000 --  44% complete.\rErasing at 0x44a0000 --  45% complete.\rErasing at 0x45a0000 --  46% complete.\rErasing at 0x46c0000 --  47% complete.\rErasing at 0x47e0000 --  48% complete.\rErasing at 0x48e0000 --  49% complete.\rErasing at 0x4a00000 --  50% complete.\rErasing at 0x4b20000 --  51% complete.\rErasing at 0x4c20000 --  52% complete.\rErasing at 0x4d40000 --  53% complete.\rErasing at 0x4e60000 --  54% complete.\rSkipping bad block at  0x04f60000                                          \r\n'
b'\rErasing at 0x4f80000 --  55% complete.\rErasing at 0x5080000 --  56% complete.\rErasing at 0x5180000 --  57% complete.\rErasing at 0x52a0000 --  58% complete.\rErasing at 0x53c0000 --  59% complete.\rErasing at 0x54c0000 --  60% complete.\rErasing at 0x55e0000 --  61% complete.\rErasing at 0x5700000 --  62% complete.\rErasing at 0x5800000 --  63% complete.\rErasing at 0x5920000 --  64% complete.\rErasing at 0x5a20000 --  65% complete.\rErasing at 0x5b40000 --  66% complete.\rErasing at 0x5c60000 --  67% complete.\rErasing at 0x5d60000 --  68% complete.\rErasing at 0x5e80000 --  69% complete.\rErasing at 0x5fa0000 --  70% complete.\rErasing at 0x60a0000 --  71% complete.\rErasing at 0x61c0000 --  72% complete.\rErasing at 0x62c0000 --  73% complete.\rErasing at 0x63e0000 --  74% complete.\rErasing at 0x6500000 --  75% complete.\rErasing at 0x6600000 --  76% complete.\rErasing at 0x6720000 --  77% complete.\rSkipping bad block at  0x067c0000                                          \r\n'
b'\rErasing at 0x6840000 --  78% complete.\rErasing at 0x6940000 --  79% complete.\rErasing at 0x6a60000 --  80% complete.\rErasing at 0x6b80000 --  81% complete.\rErasing at 0x6c80000 --  82% complete.\rErasing at 0x6da0000 --  83% complete.\rErasing at 0x6ea0000 --  84% complete.\rErasing at 0x6fc0000 --  85% complete.\rErasing at 0x70e0000 --  86% complete.\rErasing at 0x71e0000 --  87% complete.\rErasing at 0x7300000 --  88% complete.\rErasing at 0x7420000 --  89% complete.\rErasing at 0x7520000 --  90% complete.\rErasing at 0x7640000 --  91% complete.\rErasing at 0x7740000 --  92% complete.\rErasing at 0x7860000 --  93% complete.\rErasing at 0x7980000 --  94% complete.\rErasing at 0x7a80000 --  95% complete.\rErasing at 0x7ba0000 --  96% complete.\rErasing at 0x7cc0000 --  97% complete.\rErasing at 0x7dc0000 --  98% complete.\rErasing at 0x7ee0000 --  99% complete.\rErasing at 0x7fe0000 -- 100% complete.\r\n'
b'Time:3551994 us, speed:31845 KB/s\r\n'
b'OK\r\n'
b'\r\n'
b'NAND write: device 0 offset 0x1420000, size 0x3c00000\r\n'
b'Skip bad block 0x01ea0000\r\n'
b'Skip bad block 0x03700000\r\n'
b'Skip bad block 0x04f60000\r\n'
b'Time:22131662 us, speed:2842 KB/s\r\n'
b' 62914560 bytes written: OK\r\n'
b'Saving Environment to NAND...\r\n'
b'Erasing NAND...\r\n'
b'\rErasing at 0x380000 --  50% complete.\rErasing at 0x3a0000 -- 100% complete.\r\n'
b'Writing to NAND... OK\r\n'
b'resetting ...\r\n'
b'\r\n'
b'IPL 43174a3\r\n'
b'D-b7\n'
b'\rMCP32_1866_4X 6L\r\n'
b'== miu settings for 6 layer board ==\r\n'
b'miupll_400MHz\r\n'
b'256MB\n'
b'\rBIST0_0001-OK\n'
b'\rSW ReadDQS Training\r\n'
b'SW WriteDQS Training\r\n'
b'HS on\r\n'
b'[SDMMC] NO SD!\r\n'
b'Load IPL_CUST from SPINAND\r\n'
b'\r\n'
b' BlSize 000061e0\r\n'
b'Checksum OK\n'
b'\rJMP+++ \r\n'
b'IPL_CUST 43174a3\r\n'
b'[SDMMC] NO SD!\r\n'
b'_IPLCustSNandOp\r\n'
b'Load BL from SPINAND\r\n'
b'  decomp_size=0x000751fc\r\n'
b'\r\n'
b'\r\n'
b'U-Boot 2015.01 (Jan 10 2022 - 01:25:37)\r\n'
b'\r\n'
b'Version: I6E#g271a270\r\n'
b'I2C:   ready\r\n'
b'DRAM:  \r\n'
b'WARNING: Caches not enabled\r\n'
b'SPINAND_I:  SPINAND: _MDrv_SPINAND_GET_INFO: Found SPINAND INFO \r\n'
b'(0xB) (0x15) (0x0) \r\r\n'
b'SPINAND: board_nand_init: CIS contains part info\r\n'
b'128 MiB\r\n'
b'MMC:   MStar SD/MMC: 0\r\n'
b'[OTP Control] operation = 2, command = 0, data = 12e\r\n'
b'\r\n'
b' serialnumber: 3456789520131410 \r\n'
b'In:    serial\r\n'
b'Out:   serial\r\n'
b'Err:   serial\r\n'
b'Net:   Net Initialization Skipped\r\n'
b'No ethernet found.\r\n'
b'\r\n'
b'NAND read: device 0 offset 0x3c0000, size 0x500000\r\n'
b'Time:901214 us, speed:5817 KB/s\r\n'
b' 5242880 bytes read: OK\r\n'
b'##  Booting kernel from Legacy Image at 22000000 ...\r\n'
b'   Image Name:   MVX4##I6E#g941d256KL_LX409##[BR:\r\n'
b'   Image Type:   ARM Linux Kernel Image (lzma compressed)\r\n'
b'   Data Size:    1861416 Bytes = 1.8 MiB\r\n'
b'   Load Address: 20008000\r\n'
b'   Entry Point:  20008000\r\n'
b'   Verifying Checksum ... OK\r\n'
b'   Uncompressing Kernel Image ... \r\n'
b'[XZ] !!!reserved 0x21000000 length=0x 1000000 for xz!!\r\n'
b'   XZ: uncompressed size=0x3bd000, ret=7\r\n'
b'OK\r\n'
b'atags:0x20000000\r\n'
b'\r\n'
b'Starting kernel ...\r\n'
b'\r\n'
b'[    0.000000] Booting Linux on physical CPU 0x0\r\n'
b'[    0.000000] Linux version 4.9.84 (@42cbd90d7bd4) (gcc version 9.1.0 (GCC) ) #2 SMP PREEMPT Mon Feb 28 14:37:00 CST 2022\r\n'
b'[    0.000000] CPU: ARMv7 Processor [410fc075] revision 5 (ARMv7), cr=50c5387d\r\n'
b'[    0.000000] CPU: div instructions available: patching division code\r\n'
b'[    0.000000] CPU: PIPT / VIPT nonaliasing data cache, VIPT aliasing instruction cache\r\n'
b'[    0.000000] early_atags_to_fdt() success\r\n'
b'[    0.000000] OF: fdt:Machine model: INFINITY6E SSC013A-S01A\r\n'
b'[    0.000000] LXmem is 0xffe0000 PHYS_OFFSET is 0x20000000\r\n'
b'[    0.000000] Add mem start 0x20000000 size 0xffe0000!!!!\r\n'
b'[    0.000000] \r\n'
b'[    0.000000] LX_MEM  = 0x20000000, 0xffe0000\r\n'
b'[    0.000000] LX_MEM2 = 0x0, 0x0\r\n'
b'[    0.000000] LX_MEM3 = 0x0, 0x0\r\n'
b'[    0.000000] EMAC_LEN= 0x0\r\n'
b'[    0.000000] DRAM_LEN= 0x0\r\n'
b'[    0.000000] deal_with_reserve_mma_heap memblock_reserve success mma_config[0].reserved_start=\r\n'
b'[    0.000000] 0x25fe0000\r\n'
b'[    0.000000] \r\n'
b'[    0.000000] deal_with_reserve_mma_heap memblock_reserve success mma_config[1].reserved_start=\r\n'
b'[    0.000000] 0x25e7c000\r\n'
b'[    0.000000] \r\n'
b'[    0.000000] cma: Reserved 2 MiB at 0x25c00000\r\n'
b'[    0.000000] Memory policy: Data cache writealloc\r\n'
b'[    0.000000] [infinity6e_smp_init_cpus]\r\n'
b'[    0.000000] percpu: Embedded 13 pages/cpu @c5e37000 s21208 r8192 d23848 u53248\r\n'
b'[    0.000000] Built 1 zonelists in Zone order, mobility grouping on.  Total pages: 64992\r\n'
b'[    0.000000] Kernel command line: ubi.mtd=UBI,2048 root=/dev/mtdblock8 rootfstype=squashfs ro init=/linuxrc LX_MEM=0xffe0000 mma_heap=mma_heap_name0,miu=0,sz=0xA000000 mma_heap=mma_heap_ipu,miu=0,sz=0x164000 cma=2M mtdparts=nand0:768k@1280k(IPL0),384k(IPL_CUST0),384k(IPL_CUST1),384k(UBOOT0),384k(UBOOT1),256k(ENV0),0x500000(KERNEL),0x500000(RECOVERY),0x600000(rootfs),0x60000(MISC),-(UBI)\r\n'
b'[    0.000000] PID hash table entries: 1024 (order: 0, 4096 bytes)\r\n'
b'[    0.000000] Dentry cache hash table entries: 32768 (order: 5, 131072 bytes)\r\n'
b'[    0.000000] Inode-cache hash table entries: 16384 (order: 4, 65536 bytes)\r\n'
b'[    0.000000] Memory: 88196K/262016K available (2191K kernel code, 183K rwdata, 1160K rodata, 156K init, 149K bss, 171772K reserved, 2048K cma-reserved)\r\n'
b'[    0.000000] Virtual kernel memory layout:\r\n'
b'[    0.000000]     vector  : 0xffff0000 - 0xffff1000   (   4 kB)\r\n'
b'[    0.000000]     fixmap  : 0xffc00000 - 0xfff00000   (3072 kB)\r\n'
b'[    0.000000]     vmalloc : 0xd0000000 - 0xff800000   ( 760 MB)\r\n'
b'[    0.000000]     lowmem  : 0xc0000000 - 0xcffe0000   ( 255 MB)\r\n'
b'[    0.000000]     modules : 0xbf800000 - 0xc0000000   (   8 MB)\r\n'
b'[    0.000000]       .text : 0xc0008000 - 0xc022c060   (2193 kB)\r\n'
b'[    0.000000]       .init : 0xc036f000 - 0xc0396000   ( 156 kB)\r\n'
b'[    0.000000]       .data : 0xc0396000 - 0xc03c3cc8   ( 184 kB)\r\n'
b'[    0.000000]        .bss : 0xc03c5000 - 0xc03ea5b8   ( 150 kB)\r\n'
b'[    0.000000] SLUB: HWalign=64, Order=0-3, MinObjects=0, CPUs=2, Nodes=1\r\n'
b'[    0.000000] Preemptible hierarchical RCU implementation.\r\n'
b'[    0.000000] \tBuild-time adjustment of leaf fanout to 32.\r\n'
b'[    0.000000] \tRCU restricting CPUs from NR_CPUS=4 to nr_cpu_ids=2.\r\n'
b'[    0.000000] RCU: Adjusting geometry for rcu_fanout_leaf=32, nr_cpu_ids=2\r\n'
b'[    0.000000] NR_IRQS:16 nr_irqs:16 16\r\n'
b'[    0.000000] ms_init_main_intc: np->name=ms_main_intc, parent=gic\r\n'
b'[    0.000000] ms_init_pm_intc: np->name=ms_pm_intc, parent=ms_main_intc\r\n'
b'[    0.000000] ss_init_gpi_intc: np->name=ms_gpi_intc, parent=ms_main_intc\r\n'
b'[    0.000000] Find CLK_ven_pll, hook ms_venpll_ops\r\n'
b'[    0.000000] Find CLK_cpupll_clk, hook ms_cpuclk_ops\r\n'
b'[    0.000000] arm_arch_timer: Architected cp15 timer(s) running at 6.00MHz (virt).\r\n'
b'[    0.000000] clocksource: arch_sys_counter: mask: 0xffffffffffffff max_cycles: 0x1623fa770, max_idle_ns: 440795202238 ns\r\n'
b'[    0.000006] sched_clock: 56 bits at 6MHz, resolution 166ns, wraps every 4398046511055ns\r\n'
b'[    0.000021] Switching to timer-based delay loop, resolution 166ns\r\n'
b'[    0.343269] console [ttyS0] enabled\r\n'
b'[    0.346753] Calibrating delay loop (skipped), value calculated using timer frequency.. 12.00 BogoMIPS (lpj=60000)\r\n'
b'[    0.357013] pid_max: default: 4096 minimum: 301\r\n'
b'[    0.361637] Mount-cache hash table entries: 1024 (order: 0, 4096 bytes)\r\n'
b'[    0.368170] Mountpoint-cache hash table entries: 1024 (order: 0, 4096 bytes)\r\n'
b'[    0.375868] CPU: Testing write buffer coherency: ok\r\n'
b'[    0.380820] CPU0: update cpu_capacity 1024\r\n'
b'[    0.384759] CPU0: thread -1, cpu 0, socket 0, mpidr 80000000\r\n'
b'[    0.390607] Setting up static identity map for 0x20008240 - 0x20008270\r\n'
b'[    0.590775] [infinity6e_boot_secondary]\r\n'
b'[    0.594520] CPU1: update cpu_capacity 1024\r\n'
b'[    0.594527] CPU1: thread -1, cpu 1, socket 0, mpidr 80000001\r\n'
b'[    0.594616] Brought up 2 CPUs\r\n'
b'[    0.607170] SMP: Total of 2 processors activated (24.00 BogoMIPS).\r\n'
b'[    0.613346] CPU: All CPU(s) started in SVC mode.\r\n'
b'[    0.618683] devtmpfs: initialized\r\n'
b'[    0.639776] VFP support v0.3: implementor 41 architecture 2 part 30 variant 7 rev 5\r\n'
b'[    0.647715] clocksource: jiffies: mask: 0xffffffff max_cycles: 0xffffffff, max_idle_ns: 19112604462750000 ns\r\n'
b'[    0.657458] futex hash table entries: 16 (order: -2, 1024 bytes)\r\n'
b'[    0.664245] NET: Registered protocol family 16\r\n'
b'[    0.669208] DMA: preallocated 256 KiB pool for atomic coherent allocations\r\n'
b'[    0.678068] \r\n'
b'[    0.678068] \r\n'
b'[    0.678068] Version : MVX4##I6E#g941d256KL_LX409##[BR:HEAD]#XVM\r\n'
b'[    0.678068] \r\n'
b'[    0.705322] GPIO: probe end[    0.710849] [Padmux]reset PAD46(reg 0x103c00:60; mask0x180) t0 FUART_MODE_1 (org: EJ_MODE_1)\r\n'
b'[    0.719251] [Padmux]reset PAD56(reg 0x103c00:2c; mask0x8) t0 SD1_MODE_1 (org: GPIO)\r\n'
b'[    0.727342] hw-breakpoint: found 5 (+1 reserved) breakpoint and 4 watchpoint registers.\r\n'
b'[    0.735226] hw-breakpoint: maximum watchpoint size is 8 bytes.\r\n'
b'[    0.796204] Linux video capture interface: v2.00\r\n'
b'[    0.804506] Advanced Linux Sound Architecture Driver Initialized.\r\n'
b'[    0.811887] clocksource: Switched to clocksource arch_sys_counter\r\n'
b'[    0.820164] NET: Registered protocol family 2\r\n'
b'[    0.825159] TCP established hash table entries: 2048 (order: 1, 8192 bytes)\r\n'
b'[    0.832068] TCP bind hash table entries: 2048 (order: 3, 40960 bytes)\r\n'
b'[    0.838462] TCP: Hash tables configured (established 2048 bind 2048)\r\n'
b'[    0.844856] UDP hash table entries: 128 (order: 0, 6144 bytes)\r\n'
b'[    0.850606] UDP-Lite hash table entries: 128 (order: 0, 6144 bytes)\r\n'
b'[    0.857057] NET: Registered protocol family 1\r\n'
b'[    0.861604] hw perfevents: enabled with armv7_cortex_a7 PMU driver, 5 counters available\r\n'
b'[    0.872568] workingset: timestamp_bits=30 max_order=15 bucket_order=0\r\n'
b'[    0.889461] squashfs: version 4.0 (2009/01/31) Phillip Lougher\r\n'
b'[    0.895180] jffs2: version 2.2. \xc2\xa9 2001-2006 Red Hat, Inc.\r\n'
b'[    0.904935] io scheduler noop registered\r\n'
b'[    0.908703] io scheduler deadline registered (default)\r\n'
b'[    0.914122] Infinity6e PHY probe, base:fd2a4600\r\n'
b'[    0.929426] loop: module loaded\r\n'
b'[    0.933781] libphy: Fixed MDIO Bus: probed\r\n'
b'[    0.937979] i2c /dev entries driver\r\n'
b'[    0.942719] device-mapper: uevent: version 1.0.3\r\n'
b'[    0.947727] device-mapper: ioctl: 4.35.0-ioctl (2016-06-23) initialised: dm-devel@redhat.com\r\n'
b'[    0.956304] leds_pwm soc:pwmleds: unable to request PWM for camera: -517\r\n'
b'[    0.963206] 1f221000.uart0: ttyS0 at MMIO 0x0 (irq = 45, base_baud = 10800000) is a unknown\r\n'
b'[    0.971861] 1f221200.uart1: ttyS1 at MMIO 0x0 (irq = 47, base_baud = 10800000) is a unknown\r\n'
b'[    0.980723] 1f220400.uart2: ttyS2 at MMIO 0x0 (irq = 49, base_baud = 10800000) is a unknown\r\n'
b'[    0.989750] [MS_PM_INTC] hw:9 -> v:72\r\n'
b'[    0.993585] [MS_PM_INTC] hw:10 -> v:73\r\n'
b'[    0.998272] MSYS: DMEM request: [emac0_buff]:0x00000812\r\n'
b'[    1.003437] MSYS: DMEM request: [emac0_buff]:0x00000812 success, CPU phy:@0x25C46000, virt:@0xC5C46000\r\n'
b'[    1.013588] libphy: mdio: probed\r\n'
b'[    1.016665] mdio_bus mdio-bus@emac0: /soc/emac0/mdio-bus/ethernet-phy@0 has invalid PHY address\r\n'
b'[    1.025397] mdio_bus mdio-bus@emac0: scan phy ethernet-phy at address 0\r\n'
b'[    1.032423] mdio_bus mdio-bus@emac0: scan phy ethernet-phy at address 1\r\n'
b'[    1.038899] mdio_bus mdio-bus@emac0: scan phy ethernet-phy at address 2\r\n'
b'[    1.045542] mdio_bus mdio-bus@emac0: scan phy ethernet-phy at address 3\r\n'
b'[    1.052139] mdio_bus mdio-bus@emac0: scan phy ethernet-phy at address 4\r\n'
b'[    1.058740] mdio_bus mdio-bus@emac0: scan phy ethernet-phy at address 5\r\n'
b'[    1.065371] mdio_bus mdio-bus@emac0: scan phy ethernet-phy at address 6\r\n'
b'[    1.071988] mdio_bus mdio-bus@emac0: scan phy ethernet-phy at address 7\r\n'
b'[    1.078585] mdio_bus mdio-bus@emac0: scan phy ethernet-phy at address 8\r\n'
b'[    1.085215] mdio_bus mdio-bus@emac0: scan phy ethernet-phy at address 9\r\n'
b'[    1.091814] mdio_bus mdio-bus@emac0: scan phy ethernet-phy at address 10\r\n'
b'[    1.098529] mdio_bus mdio-bus@emac0: scan phy ethernet-phy at address 11\r\n'
b'[    1.105232] mdio_bus mdio-bus@emac0: scan phy ethernet-phy at address 12\r\n'
b'[    1.111934] mdio_bus mdio-bus@emac0: scan phy ethernet-phy at address 13\r\n'
b'[    1.118622] mdio_bus mdio-bus@emac0: scan phy ethernet-phy at address 14\r\n'
b'[    1.125339] mdio_bus mdio-bus@emac0: scan phy ethernet-phy at address 15\r\n'
b'[    1.132043] mdio_bus mdio-bus@emac0: scan phy ethernet-phy at address 16\r\n'
b'[    1.138727] mdio_bus mdio-bus@emac0: scan phy ethernet-phy at address 17\r\n'
b'[    1.145445] mdio_bus mdio-bus@emac0: scan phy ethernet-phy at address 18\r\n'
b'[    1.152145] mdio_bus mdio-bus@emac0: scan phy ethernet-phy at address 19\r\n'
b'[    1.158833] mdio_bus mdio-bus@emac0: scan phy ethernet-phy at address 20\r\n'
b'[    1.165549] mdio_bus mdio-bus@emac0: scan phy ethernet-phy at address 21\r\n'
b'[    1.172258] mdio_bus mdio-bus@emac0: scan phy ethernet-phy at address 22\r\n'
b'[    1.178938] mdio_bus mdio-bus@emac0: scan phy ethernet-phy at address 23\r\n'
b'[    1.185655] mdio_bus mdio-bus@emac0: scan phy ethernet-phy at address 24\r\n'
b'[    1.192356] mdio_bus mdio-bus@emac0: scan phy ethernet-phy at address 25\r\n'
b'[    1.199044] mdio_bus mdio-bus@emac0: scan phy ethernet-phy at address 26\r\n'
b'[    1.205760] mdio_bus mdio-bus@emac0: scan phy ethernet-phy at address 27\r\n'
b'[    1.212462] mdio_bus mdio-bus@emac0: scan phy ethernet-phy at address 28\r\n'
b'[    1.219149] mdio_bus mdio-bus@emac0: scan phy ethernet-phy at address 29\r\n'
b'[    1.225866] mdio_bus mdio-bus@emac0: scan phy ethernet-phy at address 30\r\n'
b'[    1.232567] mdio_bus mdio-bus@emac0: scan phy ethernet-phy at address 31\r\n'
b'[    1.239330] [emac_phy_connect][3328] connected mac emac0 to PHY at mdio-bus@emac0:00 [uid=11112222, driver=SStar 10/100 Ethernet Phy]\r\n'
b'[    1.252964] ms_rtcpwc 1f006800.rtcpwc: rtc core: registered 1f006800.rtcpwc as rtc0\r\n'
b'[    1.262916] [ms_cpufreq_init] Current clk=796917760\r\n'
b'[    1.268547] [i6e][pwm] use ms_pwm->group_data\r\n'
b'[    1.273020] [NOTICE]pwm-isr(62) success. If not i6e or i6b0, pls confirm it on .dtsi\r\n'
b'[    1.280824] mstar_spinand_probe: mstar_spinand enableClock\r\n'
b'[    1.286171] MSYS: DMEM request: [BDMA]:0x00000840\r\n'
b'[    1.290903] MSYS: DMEM request: [BDMA]:0x00000840 success, CPU phy:@0x25C47000, virt:@0xC5C47000\r\n'
b'[    1.299978] MDrv_SPINAND_Init: Detected ID: MID =b, DID =15\r\n'
b'[    1.305406] _dumpNandInformation:warning, Bytes / Page :  2048\r\n'
b'[    1.311221] _dumpNandInformation:warning, Pages / Block:  64\r\n'
b'[    1.316889] _dumpNandInformation:warning, Sector/ Page :  512\r\n'
b'[    1.322632] _dumpNandInformation:warning, Spare / Page :  128\r\n'
b'[    1.328368] _dumpNandInformation:warning, Current config r:1 w:1 drv:1\r\n'
b'[    1.335363] mstar_spinand_probe: Magic memcmp pass\r\n'
b'[    1.339991] mstar_spinand_probe: Get partition (Block 0 : page 1)\r\n'
b'[    1.346436] mstar_spinand_probe: CIS contains part info\r\n'
b'[    1.351500] mstar_spinand_probe: Before nand_scan()...\r\n'
b'[    1.356674] 11 cmdlinepart partitions found on MTD device nand0\r\n'
b'[    1.362562] mstar_spinand_probe: Mtd parts parse\r\n'
b'[    1.367166] Creating 11 MTD partitions on "nand0":\r\n'
b'[    1.372015] 0x000000140000-0x000000200000 : "IPL0"\r\n'
b'[    1.382585] 0x000000200000-0x000000260000 : "IPL_CUST0"\r\n'
b'[    1.392005] 0x000000260000-0x0000002c0000 : "IPL_CUST1"\r\n'
b'[    1.401353] 0x0000002c0000-0x000000320000 : "UBOOT0"\r\n'
b'[    1.410453] 0x000000320000-0x000000380000 : "UBOOT1"\r\n'
b'[    1.419583] 0x000000380000-0x0000003c0000 : "ENV0"\r\n'
b'[    1.428101] 0x0000003c0000-0x0000008c0000 : "KERNEL"\r\n'
b'[    1.454249] 0x0000008c0000-0x000000dc0000 : "RECOVERY"\r\n'
b'[    1.480503] 0x000000dc0000-0x0000013c0000 : "rootfs"\r\n'
b'[    1.531305] 0x0000013c0000-0x000001420000 : "MISC"\r\n'
b'[    1.540318] 0x000001420000-0x000008000000 : "UBI"\r\n'
b'[    1.943225] mstar notify driver install successfully\r\n'
b'[    1.948413] NET: Registered protocol family 17\r\n'
b'[    1.953469] ThumbEE CPU extension supported.\r\n'
b'\r\n'
b'(none) login: \r\n'
b'(none) login: root\r\n'
b'Password: \r\n'
b'\r\n'
b'\r\n'
