b'\r\n'
b'(none) login: \r\n'
b'(none) login: root\r\n'
b'Password: \r\n'
b'\r\n'
b'\r\n'
b'\r\n'
b'root\r\n'
b'\r\n'
b"login: can't chdir to home directory '/home/root'\r\n"
b"login[712]: root login on 'UNKNOWN'\r\r\n"
b"-sh: can't access tty; job control turned off\r\n"
b'/ # \r\n'
b'/ # \r\n'
b'/ # \r\n'
b'/ # root\r\n'
b'-sh: root: not found\r\n'
b'/ # \r\n'
b'/ # bunengshuo\r\n'
b'\r\n'
b'reb-sh: bunengshuo: not found\r\n'
b'o/ # \r\n'
b'-/ # reboot-bootloader\r\n'
b'\r\n'
b'\rThe system is g[  151.710058] [Main] force stop app...\r\n'
b'[  151.710058] \r\n'
b'oing down NOW!\r\n'
b'\rSent SIGTERM to all processes\r\n'
b'Terminated\r\n'
b'/ # \r\n'
b'/ # \rSent SIGKILL to all processes\r\n'
b'[  152.718916] [_MI_AI_IMPL_FreeTmpBuffer:3862] free tmp buffer.\r\n'
b'\rRequesting system reboot\r\n'
b"[  152.832293] collect channel0's resource\r\n"
b'[  152.836739] au8SetProId[0]:0x71\r\n'
b'[  152.839720] miu_number:0,start:0x25e7c000,end:0x25fe0000,flag:0\r\n'
b'[  152.845675] --------shutdown IPU----------\r\n'
b'[  152.952953] client [676] disconnected, module:ipu\r\n'
b'[  153.751886] reboot: Restarting system\r\n'
b'1\r\n'
b'IPL 43174a3\r\n'
b'D-b7\n'
b'\rMCP32_1866_4X 6L\r\n'
b'== miu settings for 6 layer board ==\r\n'
b'miupll_400MHz\r\n'
b'256MB\n'
b'\rBIST0_0001-OK\n'
b'\rSW ReadDQS Training\r\n'
b'SW WriteDQS Training\r\n'
b'HS on\r\n'
b'[SDMMC] NO SD!\r\n'
b'Load IPL_CUST from SPINAND\r\n'
b'\r\n'
b' BlSize 000061e0\r\n'
b'Checksum OK\n'
b'\rJMP+++ \r\n'
b'IPL_CUST 43174a3\r\n'
b'[SDMMC] NO SD!\r\n'
b'_IPLCustSNandOp\r\n'
b'Load BL from SPINAND\r\n'
b'  decomp_size=0x000751fc\r\n'
b'\r\n'
b'\r\n'
b'U-Boot 2015.01 (Jan 10 2022 - 01:25:37)\r\n'
b'\r\n'
b'Version: I6E#g271a270\r\n'
b'I2C:   ready\r\n'
b'DRAM:  \r\n'
b'WARNING: Caches not enabled\r\n'
b'SPINAND_I:  SPINAND: _MDrv_SPINAND_GET_INFO: Found SPINAND INFO \r\n'
b'(0xB) (0x15) (0x0) \r\r\n'
b'SPINAND: board_nand_init: CIS contains part info\r\n'
b'128 MiB\r\n'
b'MMC:   MStar SD/MMC: 0\r\n'
b'[OTP Control] operation = 2, command = 0, data = 12e\r\n'
b'\r\n'
b' serialnumber: 3456789520131411 \r\n'
b'In:    serial\r\n'
b'Out:   serial\r\n'
b'Err:   serial\r\n'
b'Net:   Net Initialization Skipped\r\n'
b'No ethernet found.\r\n'
b'<USB> config miu select [70] [ef] [ef] [ef].\r\n'
b'<USB>[UDC] PULL DOWN D+.\r\n'
b'<USB>[UDC] PULL UP D+.\r\n'
b"registered gadget driver 'msb250x_udc'\r\n"
b'<USB>[LINK] High speed device.\r\r\n'
b'<USB>[2][EN] bulk out with maxpacket/fifo(512/1024)\r\r\n'
b'<USB>[1][EN] bulk in with maxpacket/fifo(512/8192)\r\r\n'
b'Starting download of 29872 bytes\r\n'
b'\r\n'
b'downloading of 29872 bytes finished\r\n'
b'Starting download of 29872 bytes\r\n'
b'\r\n'
b'downloading of 29872 bytes finished\r\n'
b'Starting download of 44064768 bytes\r\n'
b'..........................................................................\r\n'
b'..........................................................................\r\n'
b'..........................................................................\r\n'
b'..........................................................................\r\n'
b'........................................\r\n'
b'downloading of 44064768 bytes finished\r\n'
b'\r\n'
b'NAND erase.part: device 0 offset 0x3c0000, size 0x500000\r\n'
b'\rErasing at 0x3c0000 --   2% complete.\rErasing at 0x3e0000 --   5% complete.\rErasing at 0x400000 --   7% complete.\rErasing at 0x420000 --  10% complete.\rErasing at 0x440000 --  12% complete.\rErasing at 0x460000 --  15% complete.\rErasing at 0x480000 --  17% complete.\rErasing at 0x4a0000 --  20% complete.\rErasing at 0x4c0000 --  22% complete.\rErasing at 0x4e0000 --  25% complete.\rErasing at 0x500000 --  27% complete.\rErasing at 0x520000 --  30% complete.\rErasing at 0x540000 --  32% complete.\rErasing at 0x560000 --  35% complete.\rErasing at 0x580000 --  37% complete.\rErasing at 0x5a0000 --  40% complete.\rErasing at 0x5c0000 --  42% complete.\rErasing at 0x5e0000 --  45% complete.\rErasing at 0x600000 --  47% complete.\rErasing at 0x620000 --  50% complete.\rErasing at 0x640000 --  52% complete.\rErasing at 0x660000 --  55% complete.\rErasing at 0x680000 --  57% complete.\rErasing at 0x6a0000 --  60% complete.\rErasing at 0x6c0000 --  62% complete.\rErasing at 0x6e0000 --  65% complete.\rErasing at 0x700000 --  67% complete.\rErasing at 0x720000 --  70% complete.\rErasing at 0x740000 --  72% complete.\rErasing at 0x760000 --  75% complete.\rErasing at 0x780000 --  77% complete.\rErasing at 0x7a0000 --  80% complete.\rErasing at 0x7c0000 --  82% complete.\rErasing at 0x7e0000 --  85% complete.\rErasing at 0x800000 --  87% complete.\rErasing at 0x820000 --  90% complete.\rErasing at 0x840000 --  92% complete.\rErasing at 0x860000 --  95% complete.\rErasing at 0x880000 --  97% complete.\rErasing at 0x8a0000 -- 100% complete.\r\n'
b'Time:225856 us, speed:23213 KB/s\r\n'
b'OK\r\n'
b'\r\n'
b'NAND write: device 0 offset 0x3c0000, size 0x500000\r\n'
b'Time:1439352 us, speed:3642 KB/s\r\n'
b' 5242880 bytes written: OK\r\n'
b'\r\n'
b'NAND erase.part: device 0 offset 0x8c0000, size 0x500000\r\n'
b'\rErasing at 0x8c0000 --   2% complete.\rErasing at 0x8e0000 --   5% complete.\rErasing at 0x900000 --   7% complete.\rErasing at 0x920000 --  10% complete.\rErasing at 0x940000 --  12% complete.\rErasing at 0x960000 --  15% complete.\rErasing at 0x980000 --  17% complete.\rErasing at 0x9a0000 --  20% complete.\rErasing at 0x9c0000 --  22% complete.\rErasing at 0x9e0000 --  25% complete.\rErasing at 0xa00000 --  27% complete.\rErasing at 0xa20000 --  30% complete.\rErasing at 0xa40000 --  32% complete.\rErasing at 0xa60000 --  35% complete.\rErasing at 0xa80000 --  37% complete.\rErasing at 0xaa0000 --  40% complete.\rErasing at 0xac0000 --  42% complete.\rErasing at 0xae0000 --  45% complete.\rErasing at 0xb00000 --  47% complete.\rErasing at 0xb20000 --  50% complete.\rErasing at 0xb40000 --  52% complete.\rErasing at 0xb60000 --  55% complete.\rErasing at 0xb80000 --  57% complete.\rErasing at 0xba0000 --  60% complete.\rErasing at 0xbc0000 --  62% complete.\rErasing at 0xbe0000 --  65% complete.\rErasing at 0xc00000 --  67% complete.\rErasing at 0xc20000 --  70% complete.\rErasing at 0xc40000 --  72% complete.\rErasing at 0xc60000 --  75% complete.\rErasing at 0xc80000 --  77% complete.\rErasing at 0xca0000 --  80% complete.\rErasing at 0xcc0000 --  82% complete.\rErasing at 0xce0000 --  85% complete.\rErasing at 0xd00000 --  87% complete.\rErasing at 0xd20000 --  90% complete.\rErasing at 0xd40000 --  92% complete.\rErasing at 0xd60000 --  95% complete.\rErasing at 0xd80000 --  97% complete.\rErasing at 0xda0000 -- 100% complete.\r\n'
b'Time:227845 us, speed:23010 KB/s\r\n'
b'OK\r\n'
b'\r\n'
b'NAND write: device 0 offset 0x8c0000, size 0x500000\r\n'
b'Time:1439113 us, speed:3643 KB/s\r\n'
b' 5242880 bytes written: OK\r\n'
b'\r\n'
b'NAND erase.part: device 0 offset 0xdc0000, size 0x600000\r\n'
b'\rErasing at 0xdc0000 --   2% complete.\rErasing at 0xde0000 --   4% complete.\rErasing at 0xe00000 --   6% complete.\rErasing at 0xe20000 --   8% complete.\rErasing at 0xe40000 --  10% complete.\rErasing at 0xe60000 --  12% complete.\rErasing at 0xe80000 --  14% complete.\rErasing at 0xea0000 --  16% complete.\rErasing at 0xec0000 --  18% complete.\rErasing at 0xee0000 --  20% complete.\rErasing at 0xf00000 --  22% complete.\rErasing at 0xf20000 --  25% complete.\rErasing at 0xf40000 --  27% complete.\rErasing at 0xf60000 --  29% complete.\rErasing at 0xf80000 --  31% complete.\rErasing at 0xfa0000 --  33% complete.\rErasing at 0xfc0000 --  35% complete.\rErasing at 0xfe0000 --  37% complete.\rErasing at 0x1000000 --  39% complete.\rErasing at 0x1020000 --  41% complete.\rErasing at 0x1040000 --  43% complete.\rErasing at 0x1060000 --  45% complete.\rErasing at 0x1080000 --  47% complete.\rErasing at 0x10a0000 --  50% complete.\rErasing at 0x10c0000 --  52% complete.\rErasing at 0x10e0000 --  54% complete.\rErasing at 0x1100000 --  56% complete.\rErasing at 0x1120000 --  58% complete.\rErasing at 0x1140000 --  60% complete.\rErasing at 0x1160000 --  62% complete.\rErasing at 0x1180000 --  64% complete.\rErasing at 0x11a0000 --  66% complete.\rErasing at 0x11c0000 --  68% complete.\rErasing at 0x11e0000 --  70% complete.\rErasing at 0x1200000 --  72% complete.\rErasing at 0x1220000 --  75% complete.\rErasing at 0x1240000 --  77% complete.\rErasing at 0x1260000 --  79% complete.\rErasing at 0x1280000 --  81% complete.\rErasing at 0x12a0000 --  83% complete.\rErasing at 0x12c0000 --  85% complete.\rErasing at 0x12e0000 --  87% complete.\rErasing at 0x1300000 --  89% complete.\rErasing at 0x1320000 --  91% complete.\rErasing at 0x1340000 --  93% complete.\rErasing at 0x1360000 --  95% complete.\rErasing at 0x1380000 --  97% complete.\rErasing at 0x13a0000 -- 100% complete.\r\n'
b'Time:284103 us, speed:22144 KB/s\r\n'
b'OK\r\n'
b'\r\n'
b'NAND write: device 0 offset 0xdc0000, size 0x600000\r\n'
b'Time:1806908 us, speed:3481 KB/s\r\n'
b' 6291456 bytes written: OK\r\n'
b'\r\n'
b'NAND erase.part: device 0 offset 0x1420000, size 0x6be0000\r\n'
b'\rErasing at 0x1420000 --   0% complete.\rErasing at 0x1520000 --   1% complete.\rErasing at 0x1640000 --   2% complete.\rErasing at 0x1740000 --   3% complete.\rErasing at 0x1860000 --   4% complete.\rErasing at 0x1980000 --   5% complete.\rErasing at 0x1a80000 --   6% complete.\rErasing at 0x1ba0000 --   7% complete.\rErasing at 0x1cc0000 --   8% complete.\rErasing at 0x1dc0000 --   9% complete.\rSkipping bad block at  0x01ea0000                                          \r\n'
b'\rErasing at 0x1ee0000 --  10% complete.\rErasing at 0x1fe0000 --  11% complete.\rErasing at 0x2100000 --  12% complete.\rErasing at 0x2220000 --  13% complete.\rErasing at 0x2320000 --  14% complete.\rErasing at 0x2440000 --  15% complete.\rErasing at 0x2560000 --  16% complete.\rErasing at 0x2660000 --  17% complete.\rErasing at 0x2780000 --  18% complete.\rErasing at 0x2880000 --  19% complete.\rErasing at 0x29a0000 --  20% complete.\rErasing at 0x2ac0000 --  21% complete.\rErasing at 0x2bc0000 --  22% complete.\rErasing at 0x2ce0000 --  23% complete.\rErasing at 0x2e00000 --  24% complete.\rErasing at 0x2f00000 --  25% complete.\rErasing at 0x3020000 --  26% complete.\rErasing at 0x3140000 --  27% complete.\rErasing at 0x3240000 --  28% complete.\rErasing at 0x3360000 --  29% complete.\rErasing at 0x3460000 --  30% complete.\rErasing at 0x3580000 --  31% complete.\rErasing at 0x36a0000 --  32% complete.\rSkipping bad block at  0x03700000                                          \r\n'
b'\rErasing at 0x37a0000 --  33% complete.\rErasing at 0x38c0000 --  34% complete.\rErasing at 0x39e0000 --  35% complete.\rErasing at 0x3ae0000 --  36% complete.\rErasing at 0x3c00000 --  37% complete.\rErasing at 0x3d00000 --  38% complete.\rErasing at 0x3e20000 --  39% complete.\rErasing at 0x3f40000 --  40% complete.\rErasing at 0x4040000 --  41% complete.\rErasing at 0x4160000 --  42% complete.\rErasing at 0x4280000 --  43% complete.\rErasing at 0x4380000 --  44% complete.\rErasing at 0x44a0000 --  45% complete.\rErasing at 0x45a0000 --  46% complete.\rErasing at 0x46c0000 --  47% complete.\rErasing at 0x47e0000 --  48% complete.\rErasing at 0x48e0000 --  49% complete.\rErasing at 0x4a00000 --  50% complete.\rErasing at 0x4b20000 --  51% complete.\rErasing at 0x4c20000 --  52% complete.\rErasing at 0x4d40000 --  53% complete.\rErasing at 0x4e60000 --  54% complete.\rSkipping bad block at  0x04f60000                                          \r\n'
b'\rErasing at 0x4f80000 --  55% complete.\rErasing at 0x5080000 --  56% complete.\rErasing at 0x5180000 --  57% complete.\rErasing at 0x52a0000 --  58% complete.\rErasing at 0x53c0000 --  59% complete.\rErasing at 0x54c0000 --  60% complete.\rErasing at 0x55e0000 --  61% complete.\rErasing at 0x5700000 --  62% complete.\rErasing at 0x5800000 --  63% complete.\rErasing at 0x5920000 --  64% complete.\rErasing at 0x5a20000 --  65% complete.\rErasing at 0x5b40000 --  66% complete.\rErasing at 0x5c60000 --  67% complete.\rErasing at 0x5d60000 --  68% complete.\rErasing at 0x5e80000 --  69% complete.\rErasing at 0x5fa0000 --  70% complete.\rErasing at 0x60a0000 --  71% complete.\rErasing at 0x61c0000 --  72% complete.\rErasing at 0x62c0000 --  73% complete.\rErasing at 0x63e0000 --  74% complete.\rErasing at 0x6500000 --  75% complete.\rErasing at 0x6600000 --  76% complete.\rErasing at 0x6720000 --  77% complete.\rSkipping bad block at  0x067c0000                                          \r\n'
b'\rErasing at 0x6840000 --  78% complete.\rErasing at 0x6940000 --  79% complete.\rErasing at 0x6a60000 --  80% complete.\rErasing at 0x6b80000 --  81% complete.\rErasing at 0x6c80000 --  82% complete.\rErasing at 0x6da0000 --  83% complete.\rErasing at 0x6ea0000 --  84% complete.\rErasing at 0x6fc0000 --  85% complete.\rErasing at 0x70e0000 --  86% complete.\rErasing at 0x71e0000 --  87% complete.\rErasing at 0x7300000 --  88% complete.\rErasing at 0x7420000 --  89% complete.\rErasing at 0x7520000 --  90% complete.\rErasing at 0x7640000 --  91% complete.\rErasing at 0x7740000 --  92% complete.\rErasing at 0x7860000 --  93% complete.\rErasing at 0x7980000 --  94% complete.\rErasing at 0x7a80000 --  95% complete.\rErasing at 0x7ba0000 --  96% complete.\rErasing at 0x7cc0000 --  97% complete.\rErasing at 0x7dc0000 --  98% complete.\rErasing at 0x7ee0000 --  99% complete.\rErasing at 0x7fe0000 -- 100% complete.\r\n'
b'Time:3593721 us, speed:31475 KB/s\r\n'
b'OK\r\n'
b'\r\n'
b'NAND write: device 0 offset 0x1420000, size 0x3c00000\r\n'
b'Skip bad block 0x01ea0000\r\n'
b'Skip bad block 0x03700000\r\n'
b'Skip bad block 0x04f60000\r\n'
b'Time:22063799 us, speed:2851 KB/s\r\n'
b' 62914560 bytes written: OK\r\n'
b'Saving Environment to NAND...\r\n'
b'Erasing NAND...\r\n'
b'\rErasing at 0x380000 --  50% complete.\rErasing at 0x3a0000 -- 100% complete.\r\n'
b'Writing to NAND... OK\r\n'
b'resetting ...\r\n'
b'\r\n'
b'IPL 43174a3\r\n'
b'D-b7\n'
b'\rMCP32_1866_4X 6L\r\n'
b'== miu settings for 6 layer board ==\r\n'
b'miupll_400MHz\r\n'
b'256MB\n'
b'\rBIST0_0001-OK\n'
b'\rSW ReadDQS Training\r\n'
b'SW WriteDQS Training\r\n'
b'HS on\r\n'
b'[SDMMC] NO SD!\r\n'
b'Load IPL_CUST from SPINAND\r\n'
b'\r\n'
b' BlSize 000061e0\r\n'
b'Checksum OK\n'
b'\rJMP+++ \r\n'
b'IPL_CUST 43174a3\r\n'
b'[SDMMC] NO SD!\r\n'
b'_IPLCustSNandOp\r\n'
b'Load BL from SPINAND\r\n'
b'  decomp_size=0x000751fc\r\n'
b'\r\n'
b'\r\n'
b'U-Boot 2015.01 (Jan 10 2022 - 01:25:37)\r\n'
b'\r\n'
b'Version: I6E#g271a270\r\n'
b'I2C:   ready\r\n'
b'DRAM:  \r\n'
b'WARNING: Caches not enabled\r\n'
b'SPINAND_I:  SPINAND: _MDrv_SPINAND_GET_INFO: Found SPINAND INFO \r\n'
b'(0xB) (0x15) (0x0) \r\r\n'
b'SPINAND: board_nand_init: CIS contains part info\r\n'
b'128 MiB\r\n'
b'MMC:   MStar SD/MMC: 0\r\n'
b'[OTP Control] operation = 2, command = 0, data = 12e\r\n'
b'\r\n'
b' serialnumber: 3456789520131411 \r\n'
b'In:    serial\r\n'
b'Out:   serial\r\n'
b'Err:   serial\r\n'
b'Net:   Net Initialization Skipped\r\n'
b'No ethernet found.\r\n'
b'\r\n'
b'NAND read: device 0 offset 0x3c0000, size 0x500000\r\n'
b'Time:900632 us, speed:5821 KB/s\r\n'
b' 5242880 bytes read: OK\r\n'
b'##  Booting kernel from Legacy Image at 22000000 ...\r\n'
b'   Image Name:   MVX4##I6E#g941d256KL_LX409##[BR:\r\n'
b'   Image Type:   ARM Linux Kernel Image (lzma compressed)\r\n'
b'   Data Size:    1861416 Bytes = 1.8 MiB\r\n'
b'   Load Address: 20008000\r\n'
b'   Entry Point:  20008000\r\n'
b'   Verifying Checksum ... OK\r\n'
b'   Uncompressing Kernel Image ... \r\n'
b'[XZ] !!!reserved 0x21000000 length=0x 1000000 for xz!!\r\n'
b'   XZ: uncompressed size=0x3bd000, ret=7\r\n'
b'OK\r\n'
b'atags:0x20000000\r\n'
b'\r\n'
b'Starting kernel ...\r\n'
b'\r\n'
b'[    0.000000] Booting Linux on physical CPU 0x0\r\n'
b'[    0.000000] Linux version 4.9.84 (@42cbd90d7bd4) (gcc version 9.1.0 (GCC) ) #2 SMP PREEMPT Mon Feb 28 14:37:00 CST 2022\r\n'
b'[    0.000000] CPU: ARMv7 Processor [410fc075] revision 5 (ARMv7), cr=50c5387d\r\n'
b'[    0.000000] CPU: div instructions available: patching division code\r\n'
b'[    0.000000] CPU: PIPT / VIPT nonaliasing data cache, VIPT aliasing instruction cache\r\n'
b'[    0.000000] early_atags_to_fdt() success\r\n'
b'[    0.000000] OF: fdt:Machine model: INFINITY6E SSC013A-S01A\r\n'
b'[    0.000000] LXmem is 0xffe0000 PHYS_OFFSET is 0x20000000\r\n'
b'[    0.000000] Add mem start 0x20000000 size 0xffe0000!!!!\r\n'
b'[    0.000000] \r\n'
b'[    0.000000] LX_MEM  = 0x20000000, 0xffe0000\r\n'
b'[    0.000000] LX_MEM2 = 0x0, 0x0\r\n'
b'[    0.000000] LX_MEM3 = 0x0, 0x0\r\n'
b'[    0.000000] EMAC_LEN= 0x0\r\n'
b'[    0.000000] DRAM_LEN= 0x0\r\n'
b'[    0.000000] deal_with_reserve_mma_heap memblock_reserve success mma_config[0].reserved_start=\r\n'
b'[    0.000000] 0x25fe0000\r\n'
b'[    0.000000] \r\n'
b'[    0.000000] deal_with_reserve_mma_heap memblock_reserve success mma_config[1].reserved_start=\r\n'
b'[    0.000000] 0x25e7c000\r\n'
b'[    0.000000] \r\n'
b'[    0.000000] cma: Reserved 2 MiB at 0x25c00000\r\n'
b'[    0.000000] Memory policy: Data cache writealloc\r\n'
b'[    0.000000] [infinity6e_smp_init_cpus]\r\n'
b'[    0.000000] percpu: Embedded 13 pages/cpu @c5e37000 s21208 r8192 d23848 u53248\r\n'
b'[    0.000000] Built 1 zonelists in Zone order, mobility grouping on.  Total pages: 64992\r\n'
b'[    0.000000] Kernel command line: ubi.mtd=UBI,2048 root=/dev/mtdblock8 rootfstype=squashfs ro init=/linuxrc LX_MEM=0xffe0000 mma_heap=mma_heap_name0,miu=0,sz=0xA000000 mma_heap=mma_heap_ipu,miu=0,sz=0x164000 cma=2M mtdparts=nand0:768k@1280k(IPL0),384k(IPL_CUST0),384k(IPL_CUST1),384k(UBOOT0),384k(UBOOT1),256k(ENV0),0x500000(KERNEL),0x500000(RECOVERY),0x600000(rootfs),0x60000(MISC),-(UBI)\r\n'
b'[    0.000000] PID hash table entries: 1024 (order: 0, 4096 bytes)\r\n'
b'[    0.000000] Dentry cache hash table entries: 32768 (order: 5, 131072 bytes)\r\n'
b'[    0.000000] Inode-cache hash table entries: 16384 (order: 4, 65536 bytes)\r\n'
b'[    0.000000] Memory: 88196K/262016K available (2191K kernel code, 183K rwdata, 1160K rodata, 156K init, 149K bss, 171772K reserved, 2048K cma-reserved)\r\n'
b'[    0.000000] Virtual kernel memory layout:\r\n'
b'[    0.000000]     vector  : 0xffff0000 - 0xffff1000   (   4 kB)\r\n'
b'[    0.000000]     fixmap  : 0xffc00000 - 0xfff00000   (3072 kB)\r\n'
b'[    0.000000]     vmalloc : 0xd0000000 - 0xff800000   ( 760 MB)\r\n'
b'[    0.000000]     lowmem  : 0xc0000000 - 0xcffe0000   ( 255 MB)\r\n'
b'[    0.000000]     modules : 0xbf800000 - 0xc0000000   (   8 MB)\r\n'
b'[    0.000000]       .text : 0xc0008000 - 0xc022c060   (2193 kB)\r\n'
b'[    0.000000]       .init : 0xc036f000 - 0xc0396000   ( 156 kB)\r\n'
b'[    0.000000]       .data : 0xc0396000 - 0xc03c3cc8   ( 184 kB)\r\n'
b'[    0.000000]        .bss : 0xc03c5000 - 0xc03ea5b8   ( 150 kB)\r\n'
b'[    0.000000] SLUB: HWalign=64, Order=0-3, MinObjects=0, CPUs=2, Nodes=1\r\n'
b'[    0.000000] Preemptible hierarchical RCU implementation.\r\n'
b'[    0.000000] \tBuild-time adjustment of leaf fanout to 32.\r\n'
b'[    0.000000] \tRCU restricting CPUs from NR_CPUS=4 to nr_cpu_ids=2.\r\n'
b'[    0.000000] RCU: Adjusting geometry for rcu_fanout_leaf=32, nr_cpu_ids=2\r\n'
b'[    0.000000] NR_IRQS:16 nr_irqs:16 16\r\n'
b'[    0.000000] ms_init_main_intc: np->name=ms_main_intc, parent=gic\r\n'
b'[    0.000000] ms_init_pm_intc: np->name=ms_pm_intc, parent=ms_main_intc\r\n'
b'[    0.000000] ss_init_gpi_intc: np->name=ms_gpi_intc, parent=ms_main_intc\r\n'
b'[    0.000000] Find CLK_ven_pll, hook ms_venpll_ops\r\n'
b'[    0.000000] Find CLK_cpupll_clk, hook ms_cpuclk_ops\r\n'
b'[    0.000000] arm_arch_timer: Architected cp15 timer(s) running at 6.00MHz (virt).\r\n'
b'[    0.000000] clocksource: arch_sys_counter: mask: 0xffffffffffffff max_cycles: 0x1623fa770, max_idle_ns: 440795202238 ns\r\n'
b'[    0.000006] sched_clock: 56 bits at 6MHz, resolution 166ns, wraps every 4398046511055ns\r\n'
b'[    0.000021] Switching to timer-based delay loop, resolution 166ns\r\n'
b'[    0.343271] console [ttyS0] enabled\r\n'
b'[    0.346755] Calibrating delay loop (skipped), value calculated using timer frequency.. 12.00 BogoMIPS (lpj=60000)\r\n'
b'[    0.357015] pid_max: default: 4096 minimum: 301\r\n'
b'[    0.361638] Mount-cache hash table entries: 1024 (order: 0, 4096 bytes)\r\n'
b'[    0.368170] Mountpoint-cache hash table entries: 1024 (order: 0, 4096 bytes)\r\n'
b'[    0.375872] CPU: Testing write buffer coherency: ok\r\n'
b'[    0.380824] CPU0: update cpu_capacity 1024\r\n'
b'[    0.384763] CPU0: thread -1, cpu 0, socket 0, mpidr 80000000\r\n'
b'[    0.390610] Setting up static identity map for 0x20008240 - 0x20008270\r\n'
b'[    0.590778] [infinity6e_boot_secondary]\r\n'
b'[    0.594522] CPU1: update cpu_capacity 1024\r\n'
b'[    0.594529] CPU1: thread -1, cpu 1, socket 0, mpidr 80000001\r\n'
b'[    0.594618] Brought up 2 CPUs\r\n'
b'[    0.607166] SMP: Total of 2 processors activated (24.00 BogoMIPS).\r\n'
b'[    0.613342] CPU: All CPU(s) started in SVC mode.\r\n'
b'[    0.618685] devtmpfs: initialized\r\n'
b'[    0.639767] VFP support v0.3: implementor 41 architecture 2 part 30 variant 7 rev 5\r\n'
b'[    0.647704] clocksource: jiffies: mask: 0xffffffff max_cycles: 0xffffffff, max_idle_ns: 19112604462750000 ns\r\n'
b'[    0.657450] futex hash table entries: 16 (order: -2, 1024 bytes)\r\n'
b'[    0.664229] NET: Registered protocol family 16\r\n'
b'[    0.669192] DMA: preallocated 256 KiB pool for atomic coherent allocations\r\n'
b'[    0.678052] \r\n'
b'[    0.678052] \r\n'
b'[    0.678052] Version : MVX4##I6E#g941d256KL_LX409##[BR:HEAD]#XVM\r\n'
b'[    0.678052] \r\n'
b'[    0.705325] GPIO: probe end[    0.710876] [Padmux]reset PAD46(reg 0x103c00:60; mask0x180) t0 FUART_MODE_1 (org: EJ_MODE_1)\r\n'
b'[    0.719279] [Padmux]reset PAD56(reg 0x103c00:2c; mask0x8) t0 SD1_MODE_1 (org: GPIO)\r\n'
b'[    0.727367] hw-breakpoint: found 5 (+1 reserved) breakpoint and 4 watchpoint registers.\r\n'
b'[    0.735254] hw-breakpoint: maximum watchpoint size is 8 bytes.\r\n'
b'[    0.796234] Linux video capture interface: v2.00\r\n'
b'[    0.804540] Advanced Linux Sound Architecture Driver Initialized.\r\n'
b'[    0.811911] clocksource: Switched to clocksource arch_sys_counter\r\n'
b'[    0.820191] NET: Registered protocol family 2\r\n'
b'[    0.825189] TCP established hash table entries: 2048 (order: 1, 8192 bytes)\r\n'
b'[    0.832100] TCP bind hash table entries: 2048 (order: 3, 40960 bytes)\r\n'
b'[    0.838492] TCP: Hash tables configured (established 2048 bind 2048)\r\n'
b'[    0.844887] UDP hash table entries: 128 (order: 0, 6144 bytes)\r\n'
b'[    0.850637] UDP-Lite hash table entries: 128 (order: 0, 6144 bytes)\r\n'
b'[    0.857089] NET: Registered protocol family 1\r\n'
b'[    0.861642] hw perfevents: enabled with armv7_cortex_a7 PMU driver, 5 counters available\r\n'
b'[    0.872637] workingset: timestamp_bits=30 max_order=15 bucket_order=0\r\n'
b'[    0.889530] squashfs: version 4.0 (2009/01/31) Phillip Lougher\r\n'
b'[    0.895249] jffs2: version 2.2. \xc2\xa9 2001-2006 Red Hat, Inc.\r\n'
b'[    0.905032] io scheduler noop registered\r\n'
b'[    0.908799] io scheduler deadline registered (default)\r\n'
b'[    0.914219] Infinity6e PHY probe, base:fd2a4600\r\n'
b'[    0.929513] loop: module loaded\r\n'
b'[    0.933865] libphy: Fixed MDIO Bus: probed\r\n'
b'[    0.938062] i2c /dev entries driver\r\n'
b'[    0.942828] device-mapper: uevent: version 1.0.3\r\n'
b'[    0.947833] device-mapper: ioctl: 4.35.0-ioctl (2016-06-23) initialised: dm-devel@redhat.com\r\n'
b'[    0.956405] leds_pwm soc:pwmleds: unable to request PWM for camera: -517\r\n'
b'[    0.963317] 1f221000.uart0: ttyS0 at MMIO 0x0 (irq = 45, base_baud = 10800000) is a unknown\r\n'
b'[    0.972011] 1f221200.uart1: ttyS1 at MMIO 0x0 (irq = 47, base_baud = 10800000) is a unknown\r\n'
b'[    0.980835] 1f220400.uart2: ttyS2 at MMIO 0x0 (irq = 49, base_baud = 10800000) is a unknown\r\n'
b'[    0.989863] [MS_PM_INTC] hw:9 -> v:72\r\n'
b'[    0.993699] [MS_PM_INTC] hw:10 -> v:73\r\n'
b'[    0.998392] MSYS: DMEM request: [emac0_buff]:0x00000812\r\n'
b'[    1.003551] MSYS: DMEM request: [emac0_buff]:0x00000812 success, CPU phy:@0x25C46000, virt:@0xC5C46000\r\n'
b'[    1.013714] libphy: mdio: probed\r\n'
b'[    1.016793] mdio_bus mdio-bus@emac0: /soc/emac0/mdio-bus/ethernet-phy@0 has invalid PHY address\r\n'
b'[    1.025520] mdio_bus mdio-bus@emac0: scan phy ethernet-phy at address 0\r\n'
b'[    1.032562] mdio_bus mdio-bus@emac0: scan phy ethernet-phy at address 1\r\n'
b'[    1.039037] mdio_bus mdio-bus@emac0: scan phy ethernet-phy at address 2\r\n'
b'[    1.045677] mdio_bus mdio-bus@emac0: scan phy ethernet-phy at address 3\r\n'
b'[    1.052280] mdio_bus mdio-bus@emac0: scan phy ethernet-phy at address 4\r\n'
b'[    1.058878] mdio_bus mdio-bus@emac0: scan phy ethernet-phy at address 5\r\n'
b'[    1.065506] mdio_bus mdio-bus@emac0: scan phy ethernet-phy at address 6\r\n'
b'[    1.072123] mdio_bus mdio-bus@emac0: scan phy ethernet-phy at address 7\r\n'
b'[    1.078722] mdio_bus mdio-bus@emac0: scan phy ethernet-phy at address 8\r\n'
b'[    1.085355] mdio_bus mdio-bus@emac0: scan phy ethernet-phy at address 9\r\n'
b'[    1.091967] mdio_bus mdio-bus@emac0: scan phy ethernet-phy at address 10\r\n'
b'[    1.098653] mdio_bus mdio-bus@emac0: scan phy ethernet-phy at address 11\r\n'
b'[    1.105368] mdio_bus mdio-bus@emac0: scan phy ethernet-phy at address 12\r\n'
b'[    1.112071] mdio_bus mdio-bus@emac0: scan phy ethernet-phy at address 13\r\n'
b'[    1.118759] mdio_bus mdio-bus@emac0: scan phy ethernet-phy at address 14\r\n'
b'[    1.125475] mdio_bus mdio-bus@emac0: scan phy ethernet-phy at address 15\r\n'
b'[    1.132178] mdio_bus mdio-bus@emac0: scan phy ethernet-phy at address 16\r\n'
b'[    1.138865] mdio_bus mdio-bus@emac0: scan phy ethernet-phy at address 17\r\n'
b'[    1.145585] mdio_bus mdio-bus@emac0: scan phy ethernet-phy at address 18\r\n'
b'[    1.152284] mdio_bus mdio-bus@emac0: scan phy ethernet-phy at address 19\r\n'
b'[    1.158970] mdio_bus mdio-bus@emac0: scan phy ethernet-phy at address 20\r\n'
b'[    1.165687] mdio_bus mdio-bus@emac0: scan phy ethernet-phy at address 21\r\n'
b'[    1.172396] mdio_bus mdio-bus@emac0: scan phy ethernet-phy at address 22\r\n'
b'[    1.179076] mdio_bus mdio-bus@emac0: scan phy ethernet-phy at address 23\r\n'
b'[    1.185793] mdio_bus mdio-bus@emac0: scan phy ethernet-phy at address 24\r\n'
b'[    1.192494] mdio_bus mdio-bus@emac0: scan phy ethernet-phy at address 25\r\n'
b'[    1.199181] mdio_bus mdio-bus@emac0: scan phy ethernet-phy at address 26\r\n'
b'[    1.205898] mdio_bus mdio-bus@emac0: scan phy ethernet-phy at address 27\r\n'
b'[    1.212599] mdio_bus mdio-bus@emac0: scan phy ethernet-phy at address 28\r\n'
b'[    1.219287] mdio_bus mdio-bus@emac0: scan phy ethernet-phy at address 29\r\n'
b'[    1.226003] mdio_bus mdio-bus@emac0: scan phy ethernet-phy at address 30\r\n'
b'[    1.232704] mdio_bus mdio-bus@emac0: scan phy ethernet-phy at address 31\r\n'
b'[    1.239469] [emac_phy_connect][3328] connected mac emac0 to PHY at mdio-bus@emac0:00 [uid=11112222, driver=SStar 10/100 Ethernet Phy]\r\n'
b'[    1.253102] ms_rtcpwc 1f006800.rtcpwc: rtc core: registered 1f006800.rtcpwc as rtc0\r\n'
b'[    1.263045] [ms_cpufreq_init] Current clk=796917760\r\n'
b'[    1.268678] [i6e][pwm] use ms_pwm->group_data\r\n'
b'[    1.273161] [NOTICE]pwm-isr(62) success. If not i6e or i6b0, pls confirm it on .dtsi\r\n'
b'[    1.280966] mstar_spinand_probe: mstar_spinand enableClock\r\n'
b'[    1.286325] MSYS: DMEM request: [BDMA]:0x00000840\r\n'
b'[    1.291045] MSYS: DMEM request: [BDMA]:0x00000840 success, CPU phy:@0x25C47000, virt:@0xC5C47000\r\n'
b'[    1.300119] MDrv_SPINAND_Init: Detected ID: MID =b, DID =15\r\n'
b'[    1.305550] _dumpNandInformation:warning, Bytes / Page :  2048\r\n'
b'[    1.311362] _dumpNandInformation:warning, Pages / Block:  64\r\n'
b'[    1.317031] _dumpNandInformation:warning, Sector/ Page :  512\r\n'
b'[    1.322776] _dumpNandInformation:warning, Spare / Page :  128\r\n'
b'[    1.328509] _dumpNandInformation:warning, Current config r:1 w:1 drv:1\r\n'
b'[    1.335504] mstar_spinand_probe: Magic memcmp pass\r\n'
b'[    1.340132] mstar_spinand_probe: Get partition (Block 0 : page 1)\r\n'
b'[    1.346583] mstar_spinand_probe: CIS contains part info\r\n'
b'[    1.351647] mstar_spinand_probe: Before nand_scan()...\r\n'
b'[    1.356822] 11 cmdlinepart partitions found on MTD device nand0\r\n'
b'[    1.362710] mstar_spinand_probe: Mtd parts parse\r\n'
b'[    1.367313] Creating 11 MTD partitions on "nand0":\r\n'
b'[    1.372142] 0x000000140000-0x000000200000 : "IPL0"\r\n'
b'[    1.382757] 0x000000200000-0x000000260000 : "IPL_CUST0"\r\n'
b'[    1.392179] 0x000000260000-0x0000002c0000 : "IPL_CUST1"\r\n'
b'[    1.401506] 0x0000002c0000-0x000000320000 : "UBOOT0"\r\n'
b'[    1.410598] 0x000000320000-0x000000380000 : "UBOOT1"\r\n'
b'[    1.419723] 0x000000380000-0x0000003c0000 : "ENV0"\r\n'
b'[    1.428242] 0x0000003c0000-0x0000008c0000 : "KERNEL"\r\n'
b'[    1.454302] 0x0000008c0000-0x000000dc0000 : "RECOVERY"\r\n'
b'[    1.480502] 0x000000dc0000-0x0000013c0000 : "rootfs"\r\n'
b'[    1.531055] 0x0000013c0000-0x000001420000 : "MISC"\r\n'
b'[    1.540056] 0x000001420000-0x000008000000 : "UBI"\r\n'
b'[    1.940703] mstar notify driver install successfully\r\n'
b'[    1.945919] NET: Registered protocol family 17\r\n'
b'[    1.950936] ThumbEE CPU extension supported.\r\n'
b'[    1.955076] Registering SWP/SWPB emulation handler\r\n'
b'[    1.960943] [PWM] mstar_pwm_config duty_ns=0, period_ns=10000\r\n'
b'[    1.966561] reg=x1F203310(x1019) clk=12000000, period=x4af\r\n'
b'[    1.972029] reg=x1F203308(x1019) clk=12000000, u32Duty=x0\r\n'
b'[    1.977823] ubi0: attaching mtd10\r\n'
b'[    2.241935] [emac_phy_link_adjust] EMAC Link Down \r\n'
b'[    2.932281] ubi0: scanning is finished\r\n'
b'xmos firmware no need for upgrade!!!\r\n'
b'Attempting to connect via I2C: conne[   18.298676] [PWM] mstar_pwm_config duty_ns=15, period_ns=10000\r\n'
b'cted\r\n'
b'Version: 3[   18.305110] reg=x1F203310(x1019) clk=12000000, period=x4af\r\n'
b'[   18.311957] reg=x1F203308(x1019) clk=12000000, u32Duty=xb3\r\n'
b'[   18.317424] [PWM] mstar_pwm_enable\r\n'
b'.1.6\r\n'
b'Attempting to connect via I2C: connected\r\n'
b'\r\n'
b'Rebooted\r\n'
b'[   19.002438] [PWM] mstar_pwm_config duty_ns=0, period_ns=10000\r\n'
b'[   19.008111] reg=x1F203310(x1019) clk=12000000, period=x4af\r\n'
b'[   19.013605] reg=x1F203308(x1019) clk=12000000, u32Duty=x0\r\n'
b'[   19.018922] [PWM] mstar_pwm_disable\r\n'
b'[   19.506228] [PWM] mstar_pwm_config duty_ns=15, period_ns=10000\r\n'
b'[   19.512625] reg=x1F203310(x1019) clk=12000000, period=x4af\r\n'
b'[   19.518028] reg=x1F203308(x1019) clk=12000000, u32Duty=xb3\r\n'
b'[   19.523480] [PWM] mstar_pwm_enable\r\n'
b'\r\n'
b'\r\n'
b'(none) login: (none) login: root\r\n'
b'\r\n'
b'Password: [   20.215870] [PWM] mstar_pwm_config duty_ns=0, period_ns=10000\r\n'
b'[   20.221490] reg=x1F203310(x1019) clk=12000000, period=x4af\r\n'
b'[   20.227013] reg=x1F203308(x1019) clk=12000000, u32Duty=x0\r\n'
b'[   20.232373] [PWM] mstar_pwm_disable\r\n'
b'[   20.719645] [PWM] mstar_pwm_config duty_ns=15, period_ns=10000\r\n'
b'[   20.725366] reg=x1F203310(x1019) clk=12000000, period=x4af\r\n'
b'[   20.736375] [PWM] mstar_pwm_enable\r\n'
b'[   21.641531] reg=x1F203310(x1019) clk=12000000, period=x4af\r\n'
b'[   21.652438] [PWM] mstar_pwm_disable\r\n'
b'\r\n'
b'root\r\n'
b"login: can't chdir to home directory '/home/root'\r\n"
b"-sh: can't access tty; job control turned off\r\n"
b'/ # \r\n'
b'/ # root\r\n'
b'/ # \r\n'
b'-sh: bunengshuo: not found\r\n'
b'/ # \r\n'
b'/ # root\r\n'
b'/ # \r\n'
b'\x1b[1;33m[MI WRN ]: MI_AI_GetFrame[7284]: Dev2 Chn0 Buffer(s) is lost due to slow fetching!!!\r\n'
b'bunengshuo\r\n'
b'/ # \r\n'
b'\r\n'
b'/ # \r\n'
b'/ # uname -a\r\n'
b'\r\n'
b'Linux (none) 4.9.84 #2 SMP PREEMPT Mon Feb 28 14:37:00 CST 2022 armv7l GNU/Linux\r\n'
b'/ # \r\n'
b'/ # uname -a\r\n'
b'\r\n'
b'Linux (none) 4.9.84 #2 SMP PREEMPT Mon Feb 28 14:37:00 CST 2022 armv7l GNU/Linux\r\n'
b'/ # \r\n'
b'/ # uname -a\r\n'
b'\r\n'
b'Linux (none) 4.9.84 #2 SMP PREEMPT Mon Feb 28 14:37:00 CST 2022 armv7l GNU/Linux\r\n'
b'/ # \r\n'
b'/ # uname -a\r\n'
b'\r\n'
b'Linux (none) 4.9.84 #2 SMP PREEMPT Mon Feb 28 14:37:00 CST 2022 armv7l GNU/Linux\r\n'
b'/ # \r\n'
b'/ # uname -a\r\n'
b'\r\n'
b'Linux (none) 4.9.84 #2 SMP PREEMPT Mon Feb 28 14:37:00 CST 2022 armv7l GNU/Linux\r\n'
b'/ # \r\n'
b'/ # uname -a\r\n'
b'\r\n'
b'Linux (none) 4.9.84 #2 SMP PREEMPT Mon Feb 28 14:37:00 CST 2022 armv7l GNU/Linux\r\n'
b'/ # \r\n'
b'/ # uname -a\r\n'
b'\r\n'
b'Linux (none) 4.9.84 #2 SMP PREEMPT Mon Feb 28 14:37:00 CST 2022 armv7l GNU/Linux\r\n'
b'/ # \r\n'
b'/ # uname -a\r\n'
b'\r\n'
b'Linux (none) 4.9.84 #2 SMP PREEMPT Mon Feb 28 14:37:00 CST 2022 armv7l GNU/Linux\r\n'
b'/ # \r\n'
b'/ # uname -a\r\n'
b'\r\n'
b'Linux (none) 4.9.84 #2 SMP PREEMPT Mon Feb 28 14:37:00 CST 2022 armv7l GNU/Linux\r\n'
b'/ # \r\n'
b'/ # uname -a\r\n'
b'\r\n'
b'Linux (none) 4.9.84 #2 SMP PREEMPT Mon Feb 28 14:37:00 CST 2022 armv7l GNU/Linux\r\n'
b'/ # \r\n'
b'/ # uname -a\r\n'
b'\r\n'
b'Linux (none) 4.9.84 #2 SMP PREEMPT Mon Feb 28 14:37:00 CST 2022 armv7l GNU/Linux\r\n'
b'/ # \r\n'
b'/ # uname -a\r\n'
b'\r\n'
b'Linux (none) 4.9.84 #2 SMP PREEMPT Mon Feb 28 14:37:00 CST 2022 armv7l GNU/Linux\r\n'
b'/ # \r\n'
b'/ # uname -a\r\n'
b'\r\n'
b'Linux (none) 4.9.84 #2 SMP PREEMPT Mon Feb 28 14:37:00 CST 2022 armv7l GNU/Linux\r\n'
b'/ # \r\n'
b'/ # uname -a\r\n'
b'\r\n'
b'Linux (none) 4.9.84 #2 SMP PREEMPT Mon Feb 28 14:37:00 CST 2022 armv7l GNU/Linux\r\n'
b'/ # \r\n'
b'/ # uname -a\r\n'
b'\r\n'
b'Linux (none) 4.9.84 #2 SMP PREEMPT Mon Feb 28 14:37:00 CST 2022 armv7l GNU/Linux\r\n'
b'/ # \r\n'
b'/ # uname -a\r\n'
b'\r\n'
b'Linux (none) 4.9.84 #2 SMP PREEMPT Mon Feb 28 14:37:00 CST 2022 armv7l GNU/Linux\r\n'
b'/ # \r\n'
b'/ # uname -a\r\n'
b'\r\n'
b'Linux (none) 4.9.84 #2 SMP PREEMPT Mon Feb 28 14:37:00 CST 2022 armv7l GNU/Linux\r\n'
b'/ # \r\n'
b'/ # uname -a\r\n'
b'\r\n'
b'Linux (none) 4.9.84 #2 SMP PREEMPT Mon Feb 28 14:37:00 CST 2022 armv7l GNU/Linux\r\n'
b'/ # \r\n'
b'/ # \r\n'
b'/ # \r\n'
b'/ # root\r\n'
b'-sh: root: not found\r\n'
b'/ # \r\n'
b'/ # bunengshuo\r\n'
b'-sh: bunengshuo: not found\r\n'
b'/ # dfu_i2c read_version\r\n'
b'Attempting to connect via I2C: connected\r\n'
b'/ # \r\n'
b'/ # dfu_i2c read_version\r\n'
b'\r\n'
b'Attempting to connect via I2C: connected\r\n'
b'Version: 3.1.6\r\n'
b'/ # \r\n'
b'/ # dfu_i2c read_version\r\n'
b'\r\n'
b'Attempting to connect via I2C: connected\r\n'
b'\r\n'
b'\r\n'
b'roVersion: 3.1.6\r\n'
b'ot\r\n'
b'\r\n'
b'/ # \r\n'
b'/ # \r\n'
b'/ # \r\n'
b'/ # root\r\n'
b'-sh: root: not found\r\n'
b'/ # \r\n'
b'/ # bunengshuo\r\n'
b'-sh: bunengshuo: not found\r\n'
b'/ # \r\n'
b'/ # \r\n'
b'/ # \r\n'
b'/ # root\r\n'
b'-sh: root: not found\r\n'
b'/ # \r\n'
b'/ # bunengshuo\r\n'
b'-sh: bunengshuo: not found\r\n'
b'/ # \r\n'
b'/ # reboot-bootloader\r\n'
b'\r\n'
b'\rThe system is going down NOW!\r\n'
b'[  101.041860] [Main] force stop app...\r\n'
b'[  101.041860] \r\n'
b'\rSent SIGTERM to all processes\r\n'
b'Terminated\r\n'
b'/ # \r\n'
b'/ # \rSent SIGKILL to all processes\r\n'
b'[  102.051027] [_MI_AI_IMPL_FreeTmpBuffer:3862] free tmp buffer.\r\n'
b'\rRequesting system reboot\r\n'
b"[  102.162388] collect channel0's resource\r\n"
b'[  102.166833] au8SetProId[0]:0x71\r\n'
b'[  102.169813] miu_number:0,start:0x25e7c000,end:0x25fe0000,flag:0\r\n'
b'[  102.175801] --------shutdown IPU----------\r\n'
b'[  102.283083] client [677] disconnected, module:ipu\r\n'
b'[  103.081925] reboot: Restarting system\r\n'
b'1\r\n'
b'IPL 43174a3\r\n'
b'D-b7\n'
b'\rMCP32_1866_4X 6L\r\n'
b'== miu settings for 6 layer board ==\r\n'
b'miupll_400MHz\r\n'
b'256MB\n'
b'\rBIST0_0001-OK\n'
b'\rSW ReadDQS Training\r\n'
b'SW WriteDQS Training\r\n'
b'HS on\r\n'
b'[SDMMC] NO SD!\r\n'
b'Load IPL_CUST from SPINAND\r\n'
b'\r\n'
b' BlSize 000061e0\r\n'
b'Checksum OK\n'
b'\rJMP+++ \r\n'
b'IPL_CUST 43174a3\r\n'
b'[SDMMC] NO SD!\r\n'
b'_IPLCustSNandOp\r\n'
b'Load BL from SPINAND\r\n'
b'  decomp_size=0x000751fc\r\n'
b'\r\n'
b'\r\n'
b'U-Boot 2015.01 (Jan 10 2022 - 01:25:37)\r\n'
b'\r\n'
b'Version: I6E#g271a270\r\n'
b'I2C:   ready\r\n'
b'DRAM:  \r\n'
b'WARNING: Caches not enabled\r\n'
b'SPINAND_I:  SPINAND: _MDrv_SPINAND_GET_INFO: Found SPINAND INFO \r\n'
b'(0xB) (0x15) (0x0) \r\r\n'
b'SPINAND: board_nand_init: CIS contains part info\r\n'
b'128 MiB\r\n'
b'MMC:   MStar SD/MMC: 0\r\n'
b'[OTP Control] operation = 2, command = 0, data = 12e\r\n'
b'\r\n'
b' serialnumber: 3456789520131411 \r\n'
b'In:    serial\r\n'
b'Out:   serial\r\n'
b'Err:   serial\r\n'
b'Net:   Net Initialization Skipped\r\n'
b'No ethernet found.\r\n'
b'<USB> config miu select [70] [ef] [ef] [ef].\r\n'
b'<USB>[UDC] PULL DOWN D+.\r\n'
b'<USB>[UDC] PULL UP D+.\r\n'
b"registered gadget driver 'msb250x_udc'\r\n"
b'<USB>[LINK] High speed device.\r\r\n'
b'<USB>[2][EN] bulk out with maxpacket/fifo(512/1024)\r\r\n'
b'<USB>[1][EN] bulk in with maxpacket/fifo(512/8192)\r\r\n'
b'Starting download of 29872 bytes\r\n'
b'\r\n'
b'downloading of 29872 bytes finished\r\n'
b'Starting download of 29872 bytes\r\n'
b'\r\n'
b'downloading of 29872 bytes finished\r\n'
b'Starting download of 44064768 bytes\r\n'
b'..........................................................................\r\n'
b'..........................................................................\r\n'
b'..........................................................................\r\n'
b'..........................................................................\r\n'
b'........................................\r\n'
b'downloading of 44064768 bytes finished\r\n'
b'\r\n'
b'NAND erase.part: device 0 offset 0x3c0000, size 0x500000\r\n'
b'\rErasing at 0x3c0000 --   2% complete.\rErasing at 0x3e0000 --   5% complete.\rErasing at 0x400000 --   7% complete.\rErasing at 0x420000 --  10% complete.\rErasing at 0x440000 --  12% complete.\rErasing at 0x460000 --  15% complete.\rErasing at 0x480000 --  17% complete.\rErasing at 0x4a0000 --  20% complete.\rErasing at 0x4c0000 --  22% complete.\rErasing at 0x4e0000 --  25% complete.\rErasing at 0x500000 --  27% complete.\rErasing at 0x520000 --  30% complete.\rErasing at 0x540000 --  32% complete.\rErasing at 0x560000 --  35% complete.\rErasing at 0x580000 --  37% complete.\rErasing at 0x5a0000 --  40% complete.\rErasing at 0x5c0000 --  42% complete.\rErasing at 0x5e0000 --  45% complete.\rErasing at 0x600000 --  47% complete.\rErasing at 0x620000 --  50% complete.\rErasing at 0x640000 --  52% complete.\rErasing at 0x660000 --  55% complete.\rErasing at 0x680000 --  57% complete.\rErasing at 0x6a0000 --  60% complete.\rErasing at 0x6c0000 --  62% complete.\rErasing at 0x6e0000 --  65% complete.\rErasing at 0x700000 --  67% complete.\rErasing at 0x720000 --  70% complete.\rErasing at 0x740000 --  72% complete.\rErasing at 0x760000 --  75% complete.\rErasing at 0x780000 --  77% complete.\rErasing at 0x7a0000 --  80% complete.\rErasing at 0x7c0000 --  82% complete.\rErasing at 0x7e0000 --  85% complete.\rErasing at 0x800000 --  87% complete.\rErasing at 0x820000 --  90% complete.\rErasing at 0x840000 --  92% complete.\rErasing at 0x860000 --  95% complete.\rErasing at 0x880000 --  97% complete.\rErasing at 0x8a0000 -- 100% complete.\r\n'
b'Time:227237 us, speed:23072 KB/s\r\n'
b'OK\r\n'
b'\r\n'
b'NAND write: device 0 offset 0x3c0000, size 0x500000\r\n'
b'Time:1439609 us, speed:3641 KB/s\r\n'
b' 5242880 bytes written: OK\r\n'
b'\r\n'
b'NAND erase.part: device 0 offset 0x8c0000, size 0x500000\r\n'
b'\rErasing at 0x8c0000 --   2% complete.\rErasing at 0x8e0000 --   5% complete.\rErasing at 0x900000 --   7% complete.\rErasing at 0x920000 --  10% complete.\rErasing at 0x940000 --  12% complete.\rErasing at 0x960000 --  15% complete.\rErasing at 0x980000 --  17% complete.\rErasing at 0x9a0000 --  20% complete.\rErasing at 0x9c0000 --  22% complete.\rErasing at 0x9e0000 --  25% complete.\rErasing at 0xa00000 --  27% complete.\rErasing at 0xa20000 --  30% complete.\rErasing at 0xa40000 --  32% complete.\rErasing at 0xa60000 --  35% complete.\rErasing at 0xa80000 --  37% complete.\rErasing at 0xaa0000 --  40% complete.\rErasing at 0xac0000 --  42% complete.\rErasing at 0xae0000 --  45% complete.\rErasing at 0xb00000 --  47% complete.\rErasing at 0xb20000 --  50% complete.\rErasing at 0xb40000 --  52% complete.\rErasing at 0xb60000 --  55% complete.\rErasing at 0xb80000 --  57% complete.\rErasing at 0xba0000 --  60% complete.\rErasing at 0xbc0000 --  62% complete.\rErasing at 0xbe0000 --  65% complete.\rErasing at 0xc00000 --  67% complete.\rErasing at 0xc20000 --  70% complete.\rErasing at 0xc40000 --  72% complete.\rErasing at 0xc60000 --  75% complete.\rErasing at 0xc80000 --  77% complete.\rErasing at 0xca0000 --  80% complete.\rErasing at 0xcc0000 --  82% complete.\rErasing at 0xce0000 --  85% complete.\rErasing at 0xd00000 --  87% complete.\rErasing at 0xd20000 --  90% complete.\rErasing at 0xd40000 --  92% complete.\rErasing at 0xd60000 --  95% complete.\rErasing at 0xd80000 --  97% complete.\rErasing at 0xda0000 -- 100% complete.\r\n'
b'Time:228506 us, speed:22944 KB/s\r\n'
b'OK\r\n'
b'\r\n'
b'NAND write: device 0 offset 0x8c0000, size 0x500000\r\n'
b'Time:1439303 us, speed:3642 KB/s\r\n'
b' 5242880 bytes written: OK\r\n'
b'\r\n'
b'NAND erase.part: device 0 offset 0xdc0000, size 0x600000\r\n'
b'\rErasing at 0xdc0000 --   2% complete.\rErasing at 0xde0000 --   4% complete.\rErasing at 0xe00000 --   6% complete.\rErasing at 0xe20000 --   8% complete.\rErasing at 0xe40000 --  10% complete.\rErasing at 0xe60000 --  12% complete.\rErasing at 0xe80000 --  14% complete.\rErasing at 0xea0000 --  16% complete.\rErasing at 0xec0000 --  18% complete.\rErasing at 0xee0000 --  20% complete.\rErasing at 0xf00000 --  22% complete.\rErasing at 0xf20000 --  25% complete.\rErasing at 0xf40000 --  27% complete.\rErasing at 0xf60000 --  29% complete.\rErasing at 0xf80000 --  31% complete.\rErasing at 0xfa0000 --  33% complete.\rErasing at 0xfc0000 --  35% complete.\rErasing at 0xfe0000 --  37% complete.\rErasing at 0x1000000 --  39% complete.\rErasing at 0x1020000 --  41% complete.\rErasing at 0x1040000 --  43% complete.\rErasing at 0x1060000 --  45% complete.\rErasing at 0x1080000 --  47% complete.\rErasing at 0x10a0000 --  50% complete.\rErasing at 0x10c0000 --  52% complete.\rErasing at 0x10e0000 --  54% complete.\rErasing at 0x1100000 --  56% complete.\rErasing at 0x1120000 --  58% complete.\rErasing at 0x1140000 --  60% complete.\rErasing at 0x1160000 --  62% complete.\rErasing at 0x1180000 --  64% complete.\rErasing at 0x11a0000 --  66% complete.\rErasing at 0x11c0000 --  68% complete.\rErasing at 0x11e0000 --  70% complete.\rErasing at 0x1200000 --  72% complete.\rErasing at 0x1220000 --  75% complete.\rErasing at 0x1240000 --  77% complete.\rErasing at 0x1260000 --  79% complete.\rErasing at 0x1280000 --  81% complete.\rErasing at 0x12a0000 --  83% complete.\rErasing at 0x12c0000 --  85% complete.\rErasing at 0x12e0000 --  87% complete.\rErasing at 0x1300000 --  89% complete.\rErasing at 0x1320000 --  91% complete.\rErasing at 0x1340000 --  93% complete.\rErasing at 0x1360000 --  95% complete.\rErasing at 0x1380000 --  97% complete.\rErasing at 0x13a0000 -- 100% complete.\r\n'
b'Time:284086 us, speed:22146 KB/s\r\n'
b'OK\r\n'
b'\r\n'
b'NAND write: device 0 offset 0xdc0000, size 0x600000\r\n'
b'Time:1806701 us, speed:3482 KB/s\r\n'
b' 6291456 bytes written: OK\r\n'
b'\r\n'
b'NAND erase.part: device 0 offset 0x1420000, size 0x6be0000\r\n'
b'\rErasing at 0x1420000 --   0% complete.\rErasing at 0x1520000 --   1% complete.\rErasing at 0x1640000 --   2% complete.\rErasing at 0x1740000 --   3% complete.\rErasing at 0x1860000 --   4% complete.\rErasing at 0x1980000 --   5% complete.\rErasing at 0x1a80000 --   6% complete.\rErasing at 0x1ba0000 --   7% complete.\rErasing at 0x1cc0000 --   8% complete.\rErasing at 0x1dc0000 --   9% complete.\rSkipping bad block at  0x01ea0000                                          \r\n'
b'\rErasing at 0x1ee0000 --  10% complete.\rErasing at 0x1fe0000 --  11% complete.\rErasing at 0x2100000 --  12% complete.\rErasing at 0x2220000 --  13% complete.\rErasing at 0x2320000 --  14% complete.\rErasing at 0x2440000 --  15% complete.\rErasing at 0x2560000 --  16% complete.\rErasing at 0x2660000 --  17% complete.\rErasing at 0x2780000 --  18% complete.\rErasing at 0x2880000 --  19% complete.\rErasing at 0x29a0000 --  20% complete.\rErasing at 0x2ac0000 --  21% complete.\rErasing at 0x2bc0000 --  22% complete.\rErasing at 0x2ce0000 --  23% complete.\rErasing at 0x2e00000 --  24% complete.\rErasing at 0x2f00000 --  25% complete.\rErasing at 0x3020000 --  26% complete.\rErasing at 0x3140000 --  27% complete.\rErasing at 0x3240000 --  28% complete.\rErasing at 0x3360000 --  29% complete.\rErasing at 0x3460000 --  30% complete.\rErasing at 0x3580000 --  31% complete.\rErasing at 0x36a0000 --  32% complete.\rSkipping bad block at  0x03700000                                          \r\n'
b'\rErasing at 0x37a0000 --  33% complete.\rErasing at 0x38c0000 --  34% complete.\rErasing at 0x39e0000 --  35% complete.\rErasing at 0x3ae0000 --  36% complete.\rErasing at 0x3c00000 --  37% complete.\rErasing at 0x3d00000 --  38% complete.\rErasing at 0x3e20000 --  39% complete.\rErasing at 0x3f40000 --  40% complete.\rErasing at 0x4040000 --  41% complete.\rErasing at 0x4160000 --  42% complete.\rErasing at 0x4280000 --  43% complete.\rErasing at 0x4380000 --  44% complete.\rErasing at 0x44a0000 --  45% complete.\rErasing at 0x45a0000 --  46% complete.\rErasing at 0x46c0000 --  47% complete.\rErasing at 0x47e0000 --  48% complete.\rErasing at 0x48e0000 --  49% complete.\rErasing at 0x4a00000 --  50% complete.\rErasing at 0x4b20000 --  51% complete.\rErasing at 0x4c20000 --  52% complete.\rErasing at 0x4d40000 --  53% complete.\rErasing at 0x4e60000 --  54% complete.\rSkipping bad block at  0x04f60000                                          \r\n'
b'\rErasing at 0x4f80000 --  55% complete.\rErasing at 0x5080000 --  56% complete.\rErasing at 0x5180000 --  57% complete.\rErasing at 0x52a0000 --  58% complete.\rErasing at 0x53c0000 --  59% complete.\rErasing at 0x54c0000 --  60% complete.\rErasing at 0x55e0000 --  61% complete.\rErasing at 0x5700000 --  62% complete.\rErasing at 0x5800000 --  63% complete.\rErasing at 0x5920000 --  64% complete.\rErasing at 0x5a20000 --  65% complete.\rErasing at 0x5b40000 --  66% complete.\rErasing at 0x5c60000 --  67% complete.\rErasing at 0x5d60000 --  68% complete.\rErasing at 0x5e80000 --  69% complete.\rErasing at 0x5fa0000 --  70% complete.\rErasing at 0x60a0000 --  71% complete.\rErasing at 0x61c0000 --  72% complete.\rErasing at 0x62c0000 --  73% complete.\rErasing at 0x63e0000 --  74% complete.\rErasing at 0x6500000 --  75% complete.\rErasing at 0x6600000 --  76% complete.\rErasing at 0x6720000 --  77% complete.\rSkipping bad block at  0x067c0000                                          \r\n'
b'\rErasing at 0x6840000 --  78% complete.\rErasing at 0x6940000 --  79% complete.\rErasing at 0x6a60000 --  80% complete.\rErasing at 0x6b80000 --  81% complete.\rErasing at 0x6c80000 --  82% complete.\rErasing at 0x6da0000 --  83% complete.\rErasing at 0x6ea0000 --  84% complete.\rErasing at 0x6fc0000 --  85% complete.\rErasing at 0x70e0000 --  86% complete.\rErasing at 0x71e0000 --  87% complete.\rErasing at 0x7300000 --  88% complete.\rErasing at 0x7420000 --  89% complete.\rErasing at 0x7520000 --  90% complete.\rErasing at 0x7640000 --  91% complete.\rErasing at 0x7740000 --  92% complete.\rErasing at 0x7860000 --  93% complete.\rErasing at 0x7980000 --  94% complete.\rErasing at 0x7a80000 --  95% complete.\rErasing at 0x7ba0000 --  96% complete.\rErasing at 0x7cc0000 --  97% complete.\rErasing at 0x7dc0000 --  98% complete.\rErasing at 0x7ee0000 --  99% complete.\rErasing at 0x7fe0000 -- 100% complete.\r\n'
b'Time:3588972 us, speed:31517 KB/s\r\n'
b'OK\r\n'
b'\r\n'
b'NAND write: device 0 offset 0x1420000, size 0x3c00000\r\n'
b'Skip bad block 0x01ea0000\r\n'
b'Skip bad block 0x03700000\r\n'
b'Skip bad block 0x04f60000\r\n'
b'Time:22066306 us, speed:2851 KB/s\r\n'
b' 62914560 bytes written: OK\r\n'
b'Saving Environment to NAND...\r\n'
b'Erasing NAND...\r\n'
b'\rErasing at 0x380000 --  50% complete.\rErasing at 0x3a0000 -- 100% complete.\r\n'
b'Writing to NAND... OK\r\n'
b'resetting ...\r\n'
b'\r\n'
b'IPL 43174a3\r\n'
b'D-b7\n'
b'\rMCP32_1866_4X 6L\r\n'
b'== miu settings for 6 layer board ==\r\n'
b'miupll_400MHz\r\n'
b'256MB\n'
b'\rBIST0_0001-OK\n'
b'\rSW ReadDQS Training\r\n'
b'SW WriteDQS Training\r\n'
b'HS on\r\n'
b'[SDMMC] NO SD!\r\n'
b'Load IPL_CUST from SPINAND\r\n'
b'\r\n'
b' BlSize 000061e0\r\n'
b'Checksum OK\n'
b'\rJMP+++ \r\n'
b'IPL_CUST 43174a3\r\n'
b'[SDMMC] NO SD!\r\n'
b'_IPLCustSNandOp\r\n'
b'Load BL from SPINAND\r\n'
b'  decomp_size=0x000751fc\r\n'
b'\r\n'
b'\r\n'
b'U-Boot 2015.01 (Jan 10 2022 - 01:25:37)\r\n'
b'\r\n'
b'Version: I6E#g271a270\r\n'
b'I2C:   ready\r\n'
b'DRAM:  \r\n'
b'WARNING: Caches not enabled\r\n'
b'SPINAND_I:  SPINAND: _MDrv_SPINAND_GET_INFO: Found SPINAND INFO \r\n'
b'(0xB) (0x15) (0x0) \r\r\n'
b'SPINAND: board_nand_init: CIS contains part info\r\n'
b'128 MiB\r\n'
b'MMC:   MStar SD/MMC: 0\r\n'
b'[OTP Control] operation = 2, command = 0, data = 12e\r\n'
b'\r\n'
b' serialnumber: 3456789520131411 \r\n'
b'In:    serial\r\n'
b'Out:   serial\r\n'
b'Err:   serial\r\n'
b'Net:   Net Initialization Skipped\r\n'
b'No ethernet found.\r\n'
b'\r\n'
b'NAND read: device 0 offset 0x3c0000, size 0x500000\r\n'
b'Time:900502 us, speed:5822 KB/s\r\n'
b' 5242880 bytes read: OK\r\n'
b'##  Booting kernel from Legacy Image at 22000000 ...\r\n'
b'   Image Name:   MVX4##I6E#g996b8b4KL_LX409##[BR:\r\n'
b'   Image Type:   ARM Linux Kernel Image (lzma compressed)\r\n'
b'   Data Size:    1861812 Bytes = 1.8 MiB\r\n'
b'   Load Address: 20008000\r\n'
b'   Entry Point:  20008000\r\n'
b'   Verifying Checksum ... OK\r\n'
b'   Uncompressing Kernel Image ... \r\n'
b'[XZ] !!!reserved 0x21000000 length=0x 1000000 for xz!!\r\n'
b'   XZ: uncompressed size=0x3bd000, ret=7\r\n'
b'OK\r\n'
b'atags:0x20000000\r\n'
b'\r\n'
b'Starting kernel ...\r\n'
b'\r\n'
b'[    0.000000] Booting Linux on physical CPU 0x0\r\n'
b'[    0.000000] Linux version 4.9.84 (@07e4f8ef6ecc) (gcc version 9.1.0 (GCC) ) #2 SMP PREEMPT Mon Feb 28 14:43:01 CST 2022\r\n'
b'[    0.000000] CPU: ARMv7 Processor [410fc075] revision 5 (ARMv7), cr=50c5387d\r\n'
b'[    0.000000] CPU: div instructions available: patching division code\r\n'
b'[    0.000000] CPU: PIPT / VIPT nonaliasing data cache, VIPT aliasing instruction cache\r\n'
b'[    0.000000] early_atags_to_fdt() success\r\n'
b'[    0.000000] OF: fdt:Machine model: INFINITY6E SSC013A-S01A\r\n'
b'[    0.000000] LXmem is 0xffe0000 PHYS_OFFSET is 0x20000000\r\n'
b'[    0.000000] Add mem start 0x20000000 size 0xffe0000!!!!\r\n'
b'[    0.000000] \r\n'
b'[    0.000000] LX_MEM  = 0x20000000, 0xffe0000\r\n'
b'[    0.000000] LX_MEM2 = 0x0, 0x0\r\n'
b'[    0.000000] LX_MEM3 = 0x0, 0x0\r\n'
b'[    0.000000] EMAC_LEN= 0x0\r\n'
b'[    0.000000] DRAM_LEN= 0x0\r\n'
b'[    0.000000] deal_with_reserve_mma_heap memblock_reserve success mma_config[0].reserved_start=\r\n'
b'[    0.000000] 0x25fe0000\r\n'
b'[    0.000000] \r\n'
b'[    0.000000] deal_with_reserve_mma_heap memblock_reserve success mma_config[1].reserved_start=\r\n'
b'[    0.000000] 0x25e7c000\r\n'
b'[    0.000000] \r\n'
b'[    0.000000] cma: Reserved 2 MiB at 0x25c00000\r\n'
b'[    0.000000] Memory policy: Data cache writealloc\r\n'
b'[    0.000000] [infinity6e_smp_init_cpus]\r\n'
b'[    0.000000] percpu: Embedded 13 pages/cpu @c5e37000 s21208 r8192 d23848 u53248\r\n'
b'[    0.000000] Built 1 zonelists in Zone order, mobility grouping on.  Total pages: 64992\r\n'
b'[    0.000000] Kernel command line: ubi.mtd=UBI,2048 root=/dev/mtdblock8 rootfstype=squashfs ro init=/linuxrc LX_MEM=0xffe0000 mma_heap=mma_heap_name0,miu=0,sz=0xA000000 mma_heap=mma_heap_ipu,miu=0,sz=0x164000 cma=2M mtdparts=nand0:768k@1280k(IPL0),384k(IPL_CUST0),384k(IPL_CUST1),384k(UBOOT0),384k(UBOOT1),256k(ENV0),0x500000(KERNEL),0x500000(RECOVERY),0x600000(rootfs),0x60000(MISC),-(UBI)\r\n'
b'[    0.000000] PID hash table entries: 1024 (order: 0, 4096 bytes)\r\n'
b'[    0.000000] Dentry cache hash table entries: 32768 (order: 5, 131072 bytes)\r\n'
b'[    0.000000] Inode-cache hash table entries: 16384 (order: 4, 65536 bytes)\r\n'
b'[    0.000000] Memory: 88196K/262016K available (2191K kernel code, 183K rwdata, 1160K rodata, 156K init, 149K bss, 171772K reserved, 2048K cma-reserved)\r\n'
b'[    0.000000] Virtual kernel memory layout:\r\n'
b'[    0.000000]     vector  : 0xffff0000 - 0xffff1000   (   4 kB)\r\n'
b'[    0.000000]     fixmap  : 0xffc00000 - 0xfff00000   (3072 kB)\r\n'
b'[    0.000000]     vmalloc : 0xd0000000 - 0xff800000   ( 760 MB)\r\n'
b'[    0.000000]     lowmem  : 0xc0000000 - 0xcffe0000   ( 255 MB)\r\n'
b'[    0.000000]     modules : 0xbf800000 - 0xc0000000   (   8 MB)\r\n'
b'[    0.000000]       .text : 0xc0008000 - 0xc022c060   (2193 kB)\r\n'
b'[    0.000000]       .init : 0xc036f000 - 0xc0396000   ( 156 kB)\r\n'
b'[    0.000000]       .data : 0xc0396000 - 0xc03c3cc8   ( 184 kB)\r\n'
b'[    0.000000]        .bss : 0xc03c5000 - 0xc03ea5b8   ( 150 kB)\r\n'
b'[    0.000000] SLUB: HWalign=64, Order=0-3, MinObjects=0, CPUs=2, Nodes=1\r\n'
b'[    0.000000] Preemptible hierarchical RCU implementation.\r\n'
b'[    0.000000] \tBuild-time adjustment of leaf fanout to 32.\r\n'
b'[    0.000000] \tRCU restricting CPUs from NR_CPUS=4 to nr_cpu_ids=2.\r\n'
b'[    0.000000] RCU: Adjusting geometry for rcu_fanout_leaf=32, nr_cpu_ids=2\r\n'
b'[    0.000000] NR_IRQS:16 nr_irqs:16 16\r\n'
b'[    0.000000] ms_init_main_intc: np->name=ms_main_intc, parent=gic\r\n'
b'[    0.000000] ms_init_pm_intc: np->name=ms_pm_intc, parent=ms_main_intc\r\n'
b'[    0.000000] ss_init_gpi_intc: np->name=ms_gpi_intc, parent=ms_main_intc\r\n'
b'[    0.000000] Find CLK_ven_pll, hook ms_venpll_ops\r\n'
b'[    0.000000] Find CLK_cpupll_clk, hook ms_cpuclk_ops\r\n'
b'[    0.000000] arm_arch_timer: Architected cp15 timer(s) running at 6.00MHz (virt).\r\n'
b'[    0.000000] clocksource: arch_sys_counter: mask: 0xffffffffffffff max_cycles: 0x1623fa770, max_idle_ns: 440795202238 ns\r\n'
b'[    0.000006] sched_clock: 56 bits at 6MHz, resolution 166ns, wraps every 4398046511055ns\r\n'
b'[    0.000020] Switching to timer-based delay loop, resolution 166ns\r\n'
b'[    0.343270] console [ttyS0] enabled\r\n'
b'[    0.346753] Calibrating delay loop (skipped), value calculated using timer frequency.. 12.00 BogoMIPS (lpj=60000)\r\n'
b'[    0.357014] pid_max: default: 4096 minimum: 301\r\n'
b'[    0.361639] Mount-cache hash table entries: 1024 (order: 0, 4096 bytes)\r\n'
b'[    0.368169] Mountpoint-cache hash table entries: 1024 (order: 0, 4096 bytes)\r\n'
b'[    0.375865] CPU: Testing write buffer coherency: ok\r\n'
b'[    0.380817] CPU0: update cpu_capacity 1024\r\n'
b'[    0.384757] CPU0: thread -1, cpu 0, socket 0, mpidr 80000000\r\n'
b'[    0.390606] Setting up static identity map for 0x20008240 - 0x20008270\r\n'
b'[    0.590774] [infinity6e_boot_secondary]\r\n'
b'[    0.594518] CPU1: update cpu_capacity 1024\r\n'
b'[    0.594525] CPU1: thread -1, cpu 1, socket 0, mpidr 80000001\r\n'
b'[    0.594614] Brought up 2 CPUs\r\n'
b'[    0.607161] SMP: Total of 2 processors activated (24.00 BogoMIPS).\r\n'
b'[    0.613337] CPU: All CPU(s) started in SVC mode.\r\n'
b'[    0.618672] devtmpfs: initialized\r\n'
b'[    0.639755] VFP support v0.3: implementor 41 architecture 2 part 30 variant 7 rev 5\r\n'
b'[    0.647690] clocksource: jiffies: mask: 0xffffffff max_cycles: 0xffffffff, max_idle_ns: 19112604462750000 ns\r\n'
b'[    0.657434] futex hash table entries: 16 (order: -2, 1024 bytes)\r\n'
b'[    0.664222] NET: Registered protocol family 16\r\n'
b'[    0.669187] DMA: preallocated 256 KiB pool for atomic coherent allocations\r\n'
b'[    0.678041] \r\n'
b'[    0.678041] \r\n'
b'[    0.678041] Version : MVX4##I6E#g996b8b4KL_LX409##[BR:HEAD]#XVM\r\n'
b'[    0.678041] \r\n'
b'[    0.705276] GPIO: probe end[    0.710810] [Padmux]reset PAD46(reg 0x103c00:60; mask0x180) t0 FUART_MODE_1 (org: EJ_MODE_1)\r\n'
b'[    0.719211] [Padmux]reset PAD56(reg 0x103c00:2c; mask0x8) t0 SD1_MODE_1 (org: GPIO)\r\n'
b'[    0.727299] hw-breakpoint: found 5 (+1 reserved) breakpoint and 4 watchpoint registers.\r\n'
b'[    0.735185] hw-breakpoint: maximum watchpoint size is 8 bytes.\r\n'
b'[    0.796170] Linux video capture interface: v2.00\r\n'
b'[    0.804473] Advanced Linux Sound Architecture Driver Initialized.\r\n'
b'[    0.811837] clocksource: Switched to clocksource arch_sys_counter\r\n'
b'[    0.820110] NET: Registered protocol family 2\r\n'
b'[    0.825111] TCP established hash table entries: 2048 (order: 1, 8192 bytes)\r\n'
b'[    0.832018] TCP bind hash table entries: 2048 (order: 3, 40960 bytes)\r\n'
b'[    0.838415] TCP: Hash tables configured (established 2048 bind 2048)\r\n'
b'[    0.844811] UDP hash table entries: 128 (order: 0, 6144 bytes)\r\n'
b'[    0.850559] UDP-Lite hash table entries: 128 (order: 0, 6144 bytes)\r\n'
b'[    0.857011] NET: Registered protocol family 1\r\n'
b'[    0.861558] hw perfevents: enabled with armv7_cortex_a7 PMU driver, 5 counters available\r\n'
b'[    0.872540] workingset: timestamp_bits=30 max_order=15 bucket_order=0\r\n'
b'[    0.889424] squashfs: version 4.0 (2009/01/31) Phillip Lougher\r\n'
b'[    0.895144] jffs2: version 2.2. \xc2\xa9 2001-2006 Red Hat, Inc.\r\n'
b'[    0.904907] io scheduler noop registered\r\n'
b'[    0.908674] io scheduler deadline registered (default)\r\n'
b'[    0.914097] Infinity6e PHY probe, base:fd2a4600\r\n'
b'[    0.929411] loop: module loaded\r\n'
b'[    0.933755] libphy: Fixed MDIO Bus: probed\r\n'
b'[    0.937952] i2c /dev entries driver\r\n'
b'[    0.942700] device-mapper: uevent: version 1.0.3\r\n'
b'[    0.947709] device-mapper: ioctl: 4.35.0-ioctl (2016-06-23) initialised: dm-devel@redhat.com\r\n'
b'[    0.956284] leds_pwm soc:pwmleds: unable to request PWM for camera: -517\r\n'
b'[    0.963191] 1f221000.uart0: ttyS0 at MMIO 0x0 (irq = 45, base_baud = 10800000) is a unknown\r\n'
b'[    0.971876] 1f221200.uart1: ttyS1 at MMIO 0x0 (irq = 47, base_baud = 10800000) is a unknown\r\n'
b'[    0.980699] 1f220400.uart2: ttyS2 at MMIO 0x0 (irq = 49, base_baud = 10800000) is a unknown\r\n'
b'[    0.989727] [MS_PM_INTC] hw:9 -> v:72\r\n'
b'[    0.993567] [MS_PM_INTC] hw:10 -> v:73\r\n'
b'[    0.998250] MSYS: DMEM request: [emac0_buff]:0x00000812\r\n'
b'[    1.003413] MSYS: DMEM request: [emac0_buff]:0x00000812 success, CPU phy:@0x25C46000, virt:@0xC5C46000\r\n'
b'[    1.013576] libphy: mdio: probed\r\n'
b'[    1.016653] mdio_bus mdio-bus@emac0: /soc/emac0/mdio-bus/ethernet-phy@0 has invalid PHY address\r\n'
b'[    1.025384] mdio_bus mdio-bus@emac0: scan phy ethernet-phy at address 0\r\n'
b'[    1.032418] mdio_bus mdio-bus@emac0: scan phy ethernet-phy at address 1\r\n'
b'[    1.038893] mdio_bus mdio-bus@emac0: scan phy ethernet-phy at address 2\r\n'
b'[    1.045537] mdio_bus mdio-bus@emac0: scan phy ethernet-phy at address 3\r\n'
b'[    1.052134] mdio_bus mdio-bus@emac0: scan phy ethernet-phy at address 4\r\n'
b'[    1.058734] mdio_bus mdio-bus@emac0: scan phy ethernet-phy at address 5\r\n'
b'[    1.065364] mdio_bus mdio-bus@emac0: scan phy ethernet-phy at address 6\r\n'
b'[    1.071982] mdio_bus mdio-bus@emac0: scan phy ethernet-phy at address 7\r\n'
b'[    1.078579] mdio_bus mdio-bus@emac0: scan phy ethernet-phy at address 8\r\n'
b'[    1.085208] mdio_bus mdio-bus@emac0: scan phy ethernet-phy at address 9\r\n'
b'[    1.091808] mdio_bus mdio-bus@emac0: scan phy ethernet-phy at address 10\r\n'
b'[    1.098523] mdio_bus mdio-bus@emac0: scan phy ethernet-phy at address 11\r\n'
b'[    1.105227] mdio_bus mdio-bus@emac0: scan phy ethernet-phy at address 12\r\n'
b'[    1.111928] mdio_bus mdio-bus@emac0: scan phy ethernet-phy at address 13\r\n'
b'[    1.118616] mdio_bus mdio-bus@emac0: scan phy ethernet-phy at address 14\r\n'
b'[    1.125333] mdio_bus mdio-bus@emac0: scan phy ethernet-phy at address 15\r\n'
b'[    1.132037] mdio_bus mdio-bus@emac0: scan phy ethernet-phy at address 16\r\n'
b'[    1.138721] mdio_bus mdio-bus@emac0: scan phy ethernet-phy at address 17\r\n'
b'[    1.145439] mdio_bus mdio-bus@emac0: scan phy ethernet-phy at address 18\r\n'
b'[    1.152140] mdio_bus mdio-bus@emac0: scan phy ethernet-phy at address 19\r\n'
b'[    1.158827] mdio_bus mdio-bus@emac0: scan phy ethernet-phy at address 20\r\n'
b'[    1.165543] mdio_bus mdio-bus@emac0: scan phy ethernet-phy at address 21\r\n'
b'[    1.172253] mdio_bus mdio-bus@emac0: scan phy ethernet-phy at address 22\r\n'
b'[    1.178932] mdio_bus mdio-bus@emac0: scan phy ethernet-phy at address 23\r\n'
b'[    1.185649] mdio_bus mdio-bus@emac0: scan phy ethernet-phy at address 24\r\n'
b'[    1.192351] mdio_bus mdio-bus@emac0: scan phy ethernet-phy at address 25\r\n'
b'[    1.199038] mdio_bus mdio-bus@emac0: scan phy ethernet-phy at address 26\r\n'
b'[    1.205754] mdio_bus mdio-bus@emac0: scan phy ethernet-phy at address 27\r\n'
b'[    1.212456] mdio_bus mdio-bus@emac0: scan phy ethernet-phy at address 28\r\n'
b'[    1.219143] mdio_bus mdio-bus@emac0: scan phy ethernet-phy at address 29\r\n'
b'[    1.225860] mdio_bus mdio-bus@emac0: scan phy ethernet-phy at address 30\r\n'
b'[    1.232561] mdio_bus mdio-bus@emac0: scan phy ethernet-phy at address 31\r\n'
b'[    1.239327] [emac_phy_connect][3328] connected mac emac0 to PHY at mdio-bus@emac0:00 [uid=11112222, driver=SStar 10/100 Ethernet Phy]\r\n'
b'[    1.252964] ms_rtcpwc 1f006800.rtcpwc: rtc core: registered 1f006800.rtcpwc as rtc0\r\n'
b'[    1.262914] [ms_cpufreq_init] Current clk=796917760\r\n'
b'[    1.268555] [i6e][pwm] use ms_pwm->group_data\r\n'
b'[    1.273038] [NOTICE]pwm-isr(62) success. If not i6e or i6b0, pls confirm it on .dtsi\r\n'
b'[    1.280839] mstar_spinand_probe: mstar_spinand enableClock\r\n'
b'[    1.286197] MSYS: DMEM request: [BDMA]:0x00000840\r\n'
b'[    1.290919] MSYS: DMEM request: [BDMA]:0x00000840 success, CPU phy:@0x25C47000, virt:@0xC5C47000\r\n'
b'[    1.299992] MDrv_SPINAND_Init: Detected ID: MID =b, DID =15\r\n'
b'[    1.305422] _dumpNandInformation:warning, Bytes / Page :  2048\r\n'
b'[    1.311234] _dumpNandInformation:warning, Pages / Block:  64\r\n'
b'[    1.316904] _dumpNandInformation:warning, Sector/ Page :  512\r\n'
b'[    1.322649] _dumpNandInformation:warning, Spare / Page :  128\r\n'
b'[    1.328382] _dumpNandInformation:warning, Current config r:1 w:1 drv:1\r\n'
b'[    1.335375] mstar_spinand_probe: Magic memcmp pass\r\n'
b'[    1.340003] mstar_spinand_probe: Get partition (Block 0 : page 1)\r\n'
b'[    1.346453] mstar_spinand_probe: CIS contains part info\r\n'
b'[    1.351517] mstar_spinand_probe: Before nand_scan()...\r\n'
b'[    1.356694] 11 cmdlinepart partitions found on MTD device nand0\r\n'
b'[    1.362581] mstar_spinand_probe: Mtd parts parse\r\n'
b'[    1.367183] Creating 11 MTD partitions on "nand0":\r\n'
b'[    1.372012] 0x000000140000-0x000000200000 : "IPL0"\r\n'
b'[    1.382595] 0x000000200000-0x000000260000 : "IPL_CUST0"\r\n'
b'[    1.392017] 0x000000260000-0x0000002c0000 : "IPL_CUST1"\r\n'
b'[    1.401345] 0x0000002c0000-0x000000320000 : "UBOOT0"\r\n'
b'[    1.410446] 0x000000320000-0x000000380000 : "UBOOT1"\r\n'
b'[    1.419575] 0x000000380000-0x0000003c0000 : "ENV0"\r\n'
b'[    1.428077] 0x0000003c0000-0x0000008c0000 : "KERNEL"\r\n'
b'[    1.454134] 0x0000008c0000-0x000000dc0000 : "RECOVERY"\r\n'
b'[    1.490298] 0x000000dc0000-0x0000013c0000 : "rootfs"\r\n'
b'[    1.541031] 0x0000013c0000-0x000001420000 : "MISC"\r\n'
b'[    1.550108] 0x000001420000-0x000008000000 : "UBI"\r\n'
b'[    1.950759] mstar notify driver install successfully\r\n'
b'[    1.955980] NET: Registered protocol family 17\r\n'
b'[    1.960985] ThumbEE CPU extension supported.\r\n'
b'[    1.965126] Registering SWP/SWPB emulation handler\r\n'
b'[    1.971007] [PWM] mstar_pwm_config duty_ns=0, period_ns=10000\r\n'
b'[    1.976625] reg=x1F203310(x1019) clk=12000000, period=x4af\r\n'
b'[    1.982097] reg=x1F203308(x1019) clk=12000000, u32Duty=x0\r\n'
b'[    1.987891] ubi0: attaching mtd10\r\n'
b'[    2.241861] [emac_phy_link_adjust] EMAC Link Down \r\n'
b'[    2.941876] ubi0: scanning is finished\r\n'
b'\r\n'
b'(none) login: \r\n'
b'(none) login: root\r\n'
b'Password: \r\n'
b'\r\n'
b'\r\n'
b'\r\n'
b'root\r\n'
b'\r\n'
b"login: can't chdir to home directory '/home/root'\r\n"
b"login[686]: root login on 'UNKNOWN'\r\r\n"
b"-sh: can't access tty; job control turned off\r\n"
b'/ # \r\n'
b'/ # \r\n'
b'/ # \r\n'
b'/ # root\r\n'
b'-sh: root: not found\r\n'
b'/ # \r\n'
b'/ # bunengshuo\r\n'
b'-sh: bunengshuo: not found\r\n'
b'/ # \r\n'
b'/ # \r\n'
b'/ # \r\n'
b'/ # root\r\n'
b'-sh: root: not found\r\n'
b'/ # \r\n'
b'/ # [   26.241992] [UACTransfer] ST_UAC_SendFrame failed:Input/output error 5\r\n'
b'\x1b[1;33m[MI WRN ]: MI_AI_GetFrame[7284]: Dev2 Chn0 Buffer(s) is lost due to slow fetching!!!\r\n'
b'bunengshuo\r\n'
b'-sh: bunengshuo: not found\r\n'
b'/ # uname -a\r\n'
b'Linux (none) 4.9.84 #2 SMP PREEMPT Mon Feb 28 14:43:01 CST 2022 armv7l GNU/Linux\r\n'
b'/ # uname -a\r\n'
b'Linux (none) 4.9.84 #2 SMP PREEMPT Mon Feb 28 14:43:01 CST 2022 armv7l GNU/Linux\r\n'
b'/ # uname -a\r\n'
b'Linux (none) 4.9.84 #2 SMP PREEMPT Mon Feb 28 14:43:01 CST 2022 armv7l GNU/Linux\r\n'
b'/ # uname -a\r\n'
b'Linux (none) 4.9.84 #2 SMP PREEMPT Mon Feb 28 14:43:01 CST 2022 armv7l GNU/Linux\r\n'
b'/ # uname -a\r\n'
b'Linux (none) 4.9.84 #2 SMP PREEMPT Mon Feb 28 14:43:01 CST 2022 armv7l GNU/Linux\r\n'
b'/ # uname -a\r\n'
b'Linux (none) 4.9.84 #2 SMP PREEMPT Mon Feb 28 14:43:01 CST 2022 armv7l GNU/Linux\r\n'
b'/ # uname -a\r\n'
b'Linux (none) 4.9.84 #2 SMP PREEMPT Mon Feb 28 14:43:01 CST 2022 armv7l GNU/Linux\r\n'
b'/ # uname -a\r\n'
b'Linux (none) 4.9.84 #2 SMP PREEMPT Mon Feb 28 14:43:01 CST 2022 armv7l GNU/Linux\r\n'
b'/ # uname -a\r\n'
b'Linux (none) 4.9.84 #2 SMP PREEMPT Mon Feb 28 14:43:01 CST 2022 armv7l GNU/Linux\r\n'
b'/ # uname -a\r\n'
b'Linux (none) 4.9.84 #2 SMP PREEMPT Mon Feb 28 14:43:01 CST 2022 armv7l GNU/Linux\r\n'
b'/ # uname -a\r\n'
b'Linux (none) 4.9.84 #2 SMP PREEMPT Mon Feb 28 14:43:01 CST 2022 armv7l GNU/Linux\r\n'
b'/ # uname -a\r\n'
b'Linux (none) 4.9.84 #2 SMP PREEMPT Mon Feb 28 14:43:01 CST 2022 armv7l GNU/Linux\r\n'
b'/ # uname -a\r\n'
b'Linux (none) 4.9.84 #2 SMP PREEMPT Mon Feb 28 14:43:01 CST 2022 armv7l GNU/Linux\r\n'
b'/ # uname -a\r\n'
b'Linux (none) 4.9.84 #2 SMP PREEMPT Mon Feb 28 14:43:01 CST 2022 armv7l GNU/Linux\r\n'
b'/ # uname -a\r\n'
b'Linux (none) 4.9.84 #2 SMP PREEMPT Mon Feb 28 14:43:01 CST 2022 armv7l GNU/Linux\r\n'
b'/ # uname -a\r\n'
b'/ # \r\n'
b'/ # uname -a\r\n'
b'\r\n'
b'Linux (none) 4.9.84 #2 SMP PREEMPT Mon Feb 28 14:43:01 CST 2022 armv7l GNU/Linux\r\n'
b'/ # \r\n'
b'/ # uname -a\r\n'
b'\r\n'
b'Linux (none) 4.9.84 #2 SMP PREEMPT Mon Feb 28 14:43:01 CST 2022 armv7l GNU/Linux\r\n'
b'/ # \r\n'
b'/ # uname -a\r\n'
b'\r\n'
b'Linux (none) 4.9.84 #2 SMP PREEMPT Mon Feb 28 14:43:01 CST 2022 armv7l GNU/Linux\r\n'
b'/ # \r\n'
b'/ # uname -a\r\n'
b'\r\n'
b'Linux (none) 4.9.84 #2 SMP PREEMPT Mon Feb 28 14:43:01 CST 2022 armv7l GNU/Linux\r\n'
b'/ # \r\n'
b'/ # uname -a\r\n'
b'\r\n'
b'Linux (none) 4.9.84 #2 SMP PREEMPT Mon Feb 28 14:43:01 CST 2022 armv7l GNU/Linux\r\n'
b'/ # \r\n'
b'/ # uname -a\r\n'
b'\r\n'
b'Linux (none) 4.9.84 #2 SMP PREEMPT Mon Feb 28 14:43:01 CST 2022 armv7l GNU/Linux\r\n'
b'/ # \r\n'
b'/ # uname -a\r\n'
b'\r\n'
b'Linux (none) 4.9.84 #2 SMP PREEMPT Mon Feb 28 14:43:01 CST 2022 armv7l GNU/Linux\r\n'
b'/ # \r\n'
b'/ # uname -a\r\n'
b'\r\n'
b'Linux (none) 4.9.84 #2 SMP PREEMPT Mon Feb 28 14:43:01 CST 2022 armv7l GNU/Linux\r\n'
b'/ # \r\n'
b'/ # uname -a\r\n'
b'\r\n'
b'Linux (none) 4.9.84 #2 SMP PREEMPT Mon Feb 28 14:43:01 CST 2022 armv7l GNU/Linux\r\n'
b'/ # \r\n'
b'/ # uname -a\r\n'
b'\r\n'
b'Linux (none) 4.9.84 #2 SMP PREEMPT Mon Feb 28 14:43:01 CST 2022 armv7l GNU/Linux\r\n'
b'/ # \r\n'
b'/ # uname -a\r\n'
b'\r\n'
b'Linux (none) 4.9.84 #2 SMP PREEMPT Mon Feb 28 14:43:01 CST 2022 armv7l GNU/Linux\r\n'
b'/ # \r\n'
b'/ # uname -a\r\n'
b'\r\n'
b'Linux (none) 4.9.84 #2 SMP PREEMPT Mon Feb 28 14:43:01 CST 2022 armv7l GNU/Linux\r\n'
b'/ # \r\n'
b'/ # uname -a\r\n'
b'\r\n'
b'Linux (none) 4.9.84 #2 SMP PREEMPT Mon Feb 28 14:43:01 CST 2022 armv7l GNU/Linux\r\n'
b'/ # \r\n'
b'/ # uname -a\r\n'
b'\r\n'
b'Linux (none) 4.9.84 #2 SMP PREEMPT Mon Feb 28 14:43:01 CST 2022 armv7l GNU/Linux\r\n'
b'/ # \r\n'
b'/ # uname -a\r\n'
b'\r\n'
b'Linux (none) 4.9.84 #2 SMP PREEMPT Mon Feb 28 14:43:01 CST 2022 armv7l GNU/Linux\r\n'
b'/ # \r\n'
b'/ # uname -a\r\n'
b'\r\n'
b'Linux (none) 4.9.84 #2 SMP PREEMPT Mon Feb 28 14:43:01 CST 2022 armv7l GNU/Linux\r\n'
b'/ # \r\n'
b'/ # uname -a\r\n'
b'\r\n'
b'Linux (none) 4.9.84 #2 SMP PREEMPT Mon Feb 28 14:43:01 CST 2022 armv7l GNU/Linux\r\n'
b'/ # \r\n'
b'/ # uname -a\r\n'
b'\r\n'
b'Linux (none) 4.9.84 #2 SMP PREEMPT Mon Feb 28 14:43:01 CST 2022 armv7l GNU/Linux\r\n'
b'/ # \r\n'
b'/ # Attempting to connect via I2C: connected\r\n'
b'\r\n'
b'Rebooted\r\n'
b'Attempting to connect via I2C: connected\r\n'
b'[   65.084764] [PWM] mstar_pwm_config duty_ns=15, period_ns=10000\r\n'
b'[   65.090799] reg=x1F203310(x1019) clk=12000000, period=x4af\r\n'
b'Version: 3.1.6\r\n'
b'[   65.096376] reg=x1F203308(x1019) clk=12000000, u32Duty=xb3\r\n'
b'[   65.103222] [PWM] mstar_pwm_enable\r\n'
b'Attempting to connect via I2C: connected\r\n'
b'\r\n'
b'Rebooted\r\n'
b'xmos firmware upgrade done!!!\r\n'
b'[   65.453751] [UACTransfer] MI_AI_GetFrame failed: 0xa004200d\r\n'
b'[   65.787918] [PWM] mstar_pwm_config duty_ns=0, period_ns=10000\r\n'
b'[   65.794248] reg=x1F203310(x1019) clk=12000000, period=x4af\r\n'
b'[   65.799650] reg=x1F203308(x1019) clk=12000000, u32Duty=x0\r\n'
b'[   65.805108] [PWM] mstar_pwm_disable\r\n'
b'[   66.297488] [PWM] mstar_pwm_config duty_ns=15, period_ns=10000\r\n'
b'[   66.304209] reg=x1F203310(x1019) clk=12000000, period=x4af\r\n'
b'[   66.309635] reg=x1F203308(x1019) clk=12000000, u32Duty=xb3\r\n'
b'[   66.315137] [PWM] mstar_pwm_enable\r\n'
b'[   67.007512] [PWM] mstar_pwm_config duty_ns=0, period_ns=10000\r\n'
b'[   67.013147] reg=x1F203310(x1019) clk=12000000, period=x4af\r\n'
b'[   67.019354] reg=x1F203308(x1019) clk=12000000, u32Duty=x0\r\n'
b'[   67.024751] [PWM] mstar_pwm_disable\r\n'
b'[   67.522631] [PWM] mstar_pwm_config duty_ns=15, period_ns=10000\r\n'
b'[   67.529013] reg=x1F203310(x1019) clk=12000000, period=x4af\r\n'
b'[   67.534472] reg=x1F203308(x1019) clk=12000000, u32Duty=xb3\r\n'
b'[   67.539829] [PWM] mstar_pwm_enable\r\n'
b'[   68.432611] [PWM] mstar_pwm_config duty_ns=0, period_ns=10000\r\n'
b'[   68.438285] reg=x1F203310(x1019) clk=12000000, period=x4af\r\n'
b'[   68.443784] reg=x1F203308(x1019) clk=12000000, u32Duty=x0\r\n'
b'[   68.449128] [PWM] mstar_pwm_disable\r\n'
b'\r\n'
b'/ # \r\n'
b'/ # root\r\n'
b'-sh: root: not found\r\n'
b'/ # \r\n'
b'/ # bunengshuo\r\n'
b'-sh: bunengshuo: not found\r\n'
b'/ # dfu_i2c read_version\r\n'
b'Version: 3.1.7\r\n'
b'/ # dfu_i2c read_version\r\n'
b'Attempting to connect via I2C: connected\r\n'
b'/ # \r\n'
b'/ # dfu_i2c read_version\r\n'
b'\r\n'
b'Attempting to connect via I2C: connected\r\n'
b'Version: 3.1.7\r\n'
b'/ # \r\n'
b'/ # dfu_i2c read_version\r\n'
b'\r\n'
b'Attempting to connect via I2C: connected\r\n'
b'Version: 3.1.7\r\n'
b'/ # \r\n'
b'/ # dfu_i2c read_version\r\n'
b'\r\n'
b'Attempting to connect via I2C: connected\r\n'
b'Version: 3.1.7\r\n'
b'/ # \r\n'
b'/ # \r\n'
b'/ # \r\n'
b'/ # root\r\n'
b'-sh: root: not found\r\n'
b'/ # \r\n'
b'/ # bunengshuo\r\n'
b'-sh: bunengshuo: not found\r\n'
b'/ # dfu_i2c read_version\r\n'
b'Version: 3.1.7\r\n'
b'/ # dfu_i2c read_version\r\n'
b'Attempting to connect via I2C: connected\r\n'
b'/ # \r\n'
b'/ # dfu_i2c read_version\r\n'
b'\r\n'
b'Attempting to connect via I2C: connected\r\n'
b'Version: 3.1.7\r\n'
b'/ # \r\n'
b'/ # dfu_i2c read_version\r\n'
b'\r\n'
b'Attempting to connect via I2C: connected\r\n'
b'Version: 3.1.7\r\n'
b'/ # \r\n'
b'/ # dfu_i2c read_version\r\n'
b'\r\n'
b'Attempting to connect via I2C: \r\n'
b'\r\n'
b'rconnected\r\n'
b'oot\r\n'
b'Version: 3.1.7\r\n'
b'\r\n'
b'/ # \r\n'
b'/ # \r\n'
b'/ # \r\n'
b'/ # root\r\n'
b'-sh: root: not found\r\n'
b'/ # \r\n'
b'/ # bunengshuo\r\n'
b'-sh: bunengshuo: not found\r\n'
b'/ # \r\n'
b'/ # \r\n'
b'/ # \r\n'
b'/ # root\r\n'
b'-sh: root: not found\r\n'
b'/ # \r\n'
b'/ # bunengshuo\r\n'
b'-sh: bunengshuo: not found\r\n'
b'/ # \r\n'
b'/ # reboot-bootloader\r\n'
b'\r\n'
b'\rThe system is g[  106.460349] [Main] force stop app...\r\n'
b'[  106.460349] \r\n'
b'oing down NOW!\r\n'
b'\rSent SIGTERM to all processes\r\n'
b'Terminated\r\n'
b'/ # \r\n'
b'/ # \rSent SIGKILL to all processes\r\n'
b'[  107.475921] [_MI_AI_IMPL_FreeTmpBuffer:3862] free tmp buffer.\r\n'
b'\rRequesting system reboot\r\n'
b"[  107.592293] collect channel0's resource\r\n"
b'[  107.596736] au8SetProId[0]:0x71\r\n'
b'[  107.599717] miu_number:0,start:0x25e7c000,end:0x25fe0000,flag:0\r\n'
b'[  107.605672] --------shutdown IPU----------\r\n'
b'[  107.712935] client [678] disconnected, module:ipu\r\n'
b'[  108.521865] reboot: Restarting system\r\n'
b'1\r\n'
b'IPL 43174a3\r\n'
b'D-b7\n'
b'\rMCP32_1866_4X 6L\r\n'
b'== miu settings for 6 layer board ==\r\n'
b'miupll_400MHz\r\n'
b'256MB\n'
b'\rBIST0_0001-OK\n'
b'\rSW ReadDQS Training\r\n'
b'SW WriteDQS Training\r\n'
b'HS on\r\n'
b'[SDMMC] NO SD!\r\n'
b'Load IPL_CUST from SPINAND\r\n'
b'\r\n'
b' BlSize 000061e0\r\n'
b'Checksum OK\n'
b'\rJMP+++ \r\n'
b'IPL_CUST 43174a3\r\n'
b'[SDMMC] NO SD!\r\n'
b'_IPLCustSNandOp\r\n'
b'Load BL from SPINAND\r\n'
b'  decomp_size=0x000751fc\r\n'
b'\r\n'
b'\r\n'
b'U-Boot 2015.01 (Jan 10 2022 - 01:25:37)\r\n'
b'\r\n'
b'Version: I6E#g271a270\r\n'
b'I2C:   ready\r\n'
b'DRAM:  \r\n'
b'WARNING: Caches not enabled\r\n'
b'SPINAND_I:  SPINAND: _MDrv_SPINAND_GET_INFO: Found SPINAND INFO \r\n'
b'(0xB) (0x15) (0x0) \r\r\n'
b'SPINAND: board_nand_init: CIS contains part info\r\n'
b'128 MiB\r\n'
b'MMC:   MStar SD/MMC: 0\r\n'
b'[OTP Control] operation = 2, command = 0, data = 12e\r\n'
b'\r\n'
b' serialnumber: 3456789520131411 \r\n'
b'In:    serial\r\n'
b'Out:   serial\r\n'
b'Err:   serial\r\n'
b'Net:   Net Initialization Skipped\r\n'
b'No ethernet found.\r\n'
b'<USB> config miu select [70] [ef] [ef] [ef].\r\n'
b'<USB>[UDC] PULL DOWN D+.\r\n'
b'<USB>[UDC] PULL UP D+.\r\n'
b"registered gadget driver 'msb250x_udc'\r\n"
b'<USB>[UDC] PULL DOWN D+.\r\n'
b'<USB>[UDC] PULL UP D+.\r\n'
b'<USB>[LINK] High speed device.\r\r\n'
b'<USB>[2][EN] bulk out with maxpacket/fifo(512/1024)\r\r\n'
b'<USB>[1][EN] bulk in with maxpacket/fifo(512/8192)\r\r\n'
b'Starting download of 29872 bytes\r\n'
b'\r\n'
b'downloading of 29872 bytes finished\r\n'
b'Starting download of 29872 bytes\r\n'
b'\r\n'
b'downloading of 29872 bytes finished\r\n'
b'Starting download of 44064768 bytes\r\n'
b'..........................................................................\r\n'
b'..........................................................................\r\n'
b'..........................................................................\r\n'
b'..........................................................................\r\n'
b'........................................\r\n'
b'downloading of 44064768 bytes finished\r\n'
b'\r\n'
b'NAND erase.part: device 0 offset 0x3c0000, size 0x500000\r\n'
b'\rErasing at 0x3c0000 --   2% complete.\rErasing at 0x3e0000 --   5% complete.\rErasing at 0x400000 --   7% complete.\rErasing at 0x420000 --  10% complete.\rErasing at 0x440000 --  12% complete.\rErasing at 0x460000 --  15% complete.\rErasing at 0x480000 --  17% complete.\rErasing at 0x4a0000 --  20% complete.\rErasing at 0x4c0000 --  22% complete.\rErasing at 0x4e0000 --  25% complete.\rErasing at 0x500000 --  27% complete.\rErasing at 0x520000 --  30% complete.\rErasing at 0x540000 --  32% complete.\rErasing at 0x560000 --  35% complete.\rErasing at 0x580000 --  37% complete.\rErasing at 0x5a0000 --  40% complete.\rErasing at 0x5c0000 --  42% complete.\rErasing at 0x5e0000 --  45% complete.\rErasing at 0x600000 --  47% complete.\rErasing at 0x620000 --  50% complete.\rErasing at 0x640000 --  52% complete.\rErasing at 0x660000 --  55% complete.\rErasing at 0x680000 --  57% complete.\rErasing at 0x6a0000 --  60% complete.\rErasing at 0x6c0000 --  62% complete.\rErasing at 0x6e0000 --  65% complete.\rErasing at 0x700000 --  67% complete.\rErasing at 0x720000 --  70% complete.\rErasing at 0x740000 --  72% complete.\rErasing at 0x760000 --  75% complete.\rErasing at 0x780000 --  77% complete.\rErasing at 0x7a0000 --  80% complete.\rErasing at 0x7c0000 --  82% complete.\rErasing at 0x7e0000 --  85% complete.\rErasing at 0x800000 --  87% complete.\rErasing at 0x820000 --  90% complete.\rErasing at 0x840000 --  92% complete.\rErasing at 0x860000 --  95% complete.\rErasing at 0x880000 --  97% complete.\rErasing at 0x8a0000 -- 100% complete.\r\n'
b'Time:226492 us, speed:23148 KB/s\r\n'
b'OK\r\n'
b'\r\n'
b'NAND write: device 0 offset 0x3c0000, size 0x500000\r\n'
b'Time:1439283 us, speed:3642 KB/s\r\n'
b' 5242880 bytes written: OK\r\n'
b'\r\n'
b'NAND erase.part: device 0 offset 0x8c0000, size 0x500000\r\n'
b'\rErasing at 0x8c0000 --   2% complete.\rErasing at 0x8e0000 --   5% complete.\rErasing at 0x900000 --   7% complete.\rErasing at 0x920000 --  10% complete.\rErasing at 0x940000 --  12% complete.\rErasing at 0x960000 --  15% complete.\rErasing at 0x980000 --  17% complete.\rErasing at 0x9a0000 --  20% complete.\rErasing at 0x9c0000 --  22% complete.\rErasing at 0x9e0000 --  25% complete.\rErasing at 0xa00000 --  27% complete.\rErasing at 0xa20000 --  30% complete.\rErasing at 0xa40000 --  32% complete.\rErasing at 0xa60000 --  35% complete.\rErasing at 0xa80000 --  37% complete.\rErasing at 0xaa0000 --  40% complete.\rErasing at 0xac0000 --  42% complete.\rErasing at 0xae0000 --  45% complete.\rErasing at 0xb00000 --  47% complete.\rErasing at 0xb20000 --  50% complete.\rErasing at 0xb40000 --  52% complete.\rErasing at 0xb60000 --  55% complete.\rErasing at 0xb80000 --  57% complete.\rErasing at 0xba0000 --  60% complete.\rErasing at 0xbc0000 --  62% complete.\rErasing at 0xbe0000 --  65% complete.\rErasing at 0xc00000 --  67% complete.\rErasing at 0xc20000 --  70% complete.\rErasing at 0xc40000 --  72% complete.\rErasing at 0xc60000 --  75% complete.\rErasing at 0xc80000 --  77% complete.\rErasing at 0xca0000 --  80% complete.\rErasing at 0xcc0000 --  82% complete.\rErasing at 0xce0000 --  85% complete.\rErasing at 0xd00000 --  87% complete.\rErasing at 0xd20000 --  90% complete.\rErasing at 0xd40000 --  92% complete.\rErasing at 0xd60000 --  95% complete.\rErasing at 0xd80000 --  97% complete.\rErasing at 0xda0000 -- 100% complete.\r\n'
b'Time:229190 us, speed:22875 KB/s\r\n'
b'OK\r\n'
b'\r\n'
b'NAND write: device 0 offset 0x8c0000, size 0x500000\r\n'
b'Time:1439000 us, speed:3643 KB/s\r\n'
b' 5242880 bytes written: OK\r\n'
b'\r\n'
b'NAND erase.part: device 0 offset 0xdc0000, size 0x600000\r\n'
b'\rErasing at 0xdc0000 --   2% complete.\rErasing at 0xde0000 --   4% complete.\rErasing at 0xe00000 --   6% complete.\rErasing at 0xe20000 --   8% complete.\rErasing at 0xe40000 --  10% complete.\rErasing at 0xe60000 --  12% complete.\rErasing at 0xe80000 --  14% complete.\rErasing at 0xea0000 --  16% complete.\rErasing at 0xec0000 --  18% complete.\rErasing at 0xee0000 --  20% complete.\rErasing at 0xf00000 --  22% complete.\rErasing at 0xf20000 --  25% complete.\rErasing at 0xf40000 --  27% complete.\rErasing at 0xf60000 --  29% complete.\rErasing at 0xf80000 --  31% complete.\rErasing at 0xfa0000 --  33% complete.\rErasing at 0xfc0000 --  35% complete.\rErasing at 0xfe0000 --  37% complete.\rErasing at 0x1000000 --  39% complete.\rErasing at 0x1020000 --  41% complete.\rErasing at 0x1040000 --  43% complete.\rErasing at 0x1060000 --  45% complete.\rErasing at 0x1080000 --  47% complete.\rErasing at 0x10a0000 --  50% complete.\rErasing at 0x10c0000 --  52% complete.\rErasing at 0x10e0000 --  54% complete.\rErasing at 0x1100000 --  56% complete.\rErasing at 0x1120000 --  58% complete.\rErasing at 0x1140000 --  60% complete.\rErasing at 0x1160000 --  62% complete.\rErasing at 0x1180000 --  64% complete.\rErasing at 0x11a0000 --  66% complete.\rErasing at 0x11c0000 --  68% complete.\rErasing at 0x11e0000 --  70% complete.\rErasing at 0x1200000 --  72% complete.\rErasing at 0x1220000 --  75% complete.\rErasing at 0x1240000 --  77% complete.\rErasing at 0x1260000 --  79% complete.\rErasing at 0x1280000 --  81% complete.\rErasing at 0x12a0000 --  83% complete.\rErasing at 0x12c0000 --  85% complete.\rErasing at 0x12e0000 --  87% complete.\rErasing at 0x1300000 --  89% complete.\rErasing at 0x1320000 --  91% complete.\rErasing at 0x1340000 --  93% complete.\rErasing at 0x1360000 --  95% complete.\rErasing at 0x1380000 --  97% complete.\rErasing at 0x13a0000 -- 100% complete.\r\n'
b'Time:286753 us, speed:21940 KB/s\r\n'
b'OK\r\n'
b'\r\n'
b'NAND write: device 0 offset 0xdc0000, size 0x600000\r\n'
b'Time:1807024 us, speed:3481 KB/s\r\n'
b' 6291456 bytes written: OK\r\n'
b'\r\n'
b'NAND erase.part: device 0 offset 0x1420000, size 0x6be0000\r\n'
b'\rErasing at 0x1420000 --   0% complete.\rErasing at 0x1520000 --   1% complete.\rErasing at 0x1640000 --   2% complete.\rErasing at 0x1740000 --   3% complete.\rErasing at 0x1860000 --   4% complete.\rErasing at 0x1980000 --   5% complete.\rErasing at 0x1a80000 --   6% complete.\rErasing at 0x1ba0000 --   7% complete.\rErasing at 0x1cc0000 --   8% complete.\rErasing at 0x1dc0000 --   9% complete.\rSkipping bad block at  0x01ea0000                                          \r\n'
b'\rErasing at 0x1ee0000 --  10% complete.\rErasing at 0x1fe0000 --  11% complete.\rErasing at 0x2100000 --  12% complete.\rErasing at 0x2220000 --  13% complete.\rErasing at 0x2320000 --  14% complete.\rErasing at 0x2440000 --  15% complete.\rErasing at 0x2560000 --  16% complete.\rErasing at 0x2660000 --  17% complete.\rErasing at 0x2780000 --  18% complete.\rErasing at 0x2880000 --  19% complete.\rErasing at 0x29a0000 --  20% complete.\rErasing at 0x2ac0000 --  21% complete.\rErasing at 0x2bc0000 --  22% complete.\rErasing at 0x2ce0000 --  23% complete.\rErasing at 0x2e00000 --  24% complete.\rErasing at 0x2f00000 --  25% complete.\rErasing at 0x3020000 --  26% complete.\rErasing at 0x3140000 --  27% complete.\rErasing at 0x3240000 --  28% complete.\rErasing at 0x3360000 --  29% complete.\rErasing at 0x3460000 --  30% complete.\rErasing at 0x3580000 --  31% complete.\rErasing at 0x36a0000 --  32% complete.\rSkipping bad block at  0x03700000                                          \r\n'
b'\rErasing at 0x37a0000 --  33% complete.\rErasing at 0x38c0000 --  34% complete.\rErasing at 0x39e0000 --  35% complete.\rErasing at 0x3ae0000 --  36% complete.\rErasing at 0x3c00000 --  37% complete.\rErasing at 0x3d00000 --  38% complete.\rErasing at 0x3e20000 --  39% complete.\rErasing at 0x3f40000 --  40% complete.\rErasing at 0x4040000 --  41% complete.\rErasing at 0x4160000 --  42% complete.\rErasing at 0x4280000 --  43% complete.\rErasing at 0x4380000 --  44% complete.\rErasing at 0x44a0000 --  45% complete.\rErasing at 0x45a0000 --  46% complete.\rErasing at 0x46c0000 --  47% complete.\rErasing at 0x47e0000 --  48% complete.\rErasing at 0x48e0000 --  49% complete.\rErasing at 0x4a00000 --  50% complete.\rErasing at 0x4b20000 --  51% complete.\rErasing at 0x4c20000 --  52% complete.\rErasing at 0x4d40000 --  53% complete.\rErasing at 0x4e60000 --  54% complete.\rSkipping bad block at  0x04f60000                                          \r\n'
b'\rErasing at 0x4f80000 --  55% complete.\rErasing at 0x5080000 --  56% complete.\rErasing at 0x5180000 --  57% complete.\rErasing at 0x52a0000 --  58% complete.\rErasing at 0x53c0000 --  59% complete.\rErasing at 0x54c0000 --  60% complete.\rErasing at 0x55e0000 --  61% complete.\rErasing at 0x5700000 --  62% complete.\rErasing at 0x5800000 --  63% complete.\rErasing at 0x5920000 --  64% complete.\rErasing at 0x5a20000 --  65% complete.\rErasing at 0x5b40000 --  66% complete.\rErasing at 0x5c60000 --  67% complete.\rErasing at 0x5d60000 --  68% complete.\rErasing at 0x5e80000 --  69% complete.\rErasing at 0x5fa0000 --  70% complete.\rErasing at 0x60a0000 --  71% complete.\rErasing at 0x61c0000 --  72% complete.\rErasing at 0x62c0000 --  73% complete.\rErasing at 0x63e0000 --  74% complete.\rErasing at 0x6500000 --  75% complete.\rErasing at 0x6600000 --  76% complete.\rErasing at 0x6720000 --  77% complete.\rSkipping bad block at  0x067c0000                                          \r\n'
b'\rErasing at 0x6840000 --  78% complete.\rErasing at 0x6940000 --  79% complete.\rErasing at 0x6a60000 --  80% complete.\rErasing at 0x6b80000 --  81% complete.\rErasing at 0x6c80000 --  82% complete.\rErasing at 0x6da0000 --  83% complete.\rErasing at 0x6ea0000 --  84% complete.\rErasing at 0x6fc0000 --  85% complete.\rErasing at 0x70e0000 --  86% complete.\rErasing at 0x71e0000 --  87% complete.\rErasing at 0x7300000 --  88% complete.\rErasing at 0x7420000 --  89% complete.\rErasing at 0x7520000 --  90% complete.\rErasing at 0x7640000 --  91% complete.\rErasing at 0x7740000 --  92% complete.\rErasing at 0x7860000 --  93% complete.\rErasing at 0x7980000 --  94% complete.\rErasing at 0x7a80000 --  95% complete.\rErasing at 0x7ba0000 --  96% complete.\rErasing at 0x7cc0000 --  97% complete.\rErasing at 0x7dc0000 --  98% complete.\rErasing at 0x7ee0000 --  99% complete.\rErasing at 0x7fe0000 -- 100% complete.\r\n'
b'Time:3591001 us, speed:31499 KB/s\r\n'
b'OK\r\n'
b'\r\n'
b'NAND write: device 0 offset 0x1420000, size 0x3c00000\r\n'
b'Skip bad block 0x01ea0000\r\n'
b'Skip bad block 0x03700000\r\n'
b'Skip bad block 0x04f60000\r\n'
b'Time:22067236 us, speed:2851 KB/s\r\n'
b' 62914560 bytes written: OK\r\n'
b'Saving Environment to NAND...\r\n'
b'Erasing NAND...\r\n'
b'\rErasing at 0x380000 --  50% complete.\rErasing at 0x3a0000 -- 100% complete.\r\n'
b'Writing to NAND... OK\r\n'
b'resetting ...\r\n'
b'\r\n'
b'IPL 43174a3\r\n'
b'D-b7\n'
b'\rMCP32_1866_4X 6L\r\n'
b'== miu settings for 6 layer board ==\r\n'
b'miupll_400MHz\r\n'
b'256MB\n'
b'\rBIST0_0001-OK\n'
b'\rSW ReadDQS Training\r\n'
b'SW WriteDQS Training\r\n'
b'HS on\r\n'
b'[SDMMC] NO SD!\r\n'
b'Load IPL_CUST from SPINAND\r\n'
b'\r\n'
b' BlSize 000061e0\r\n'
b'Checksum OK\n'
b'\rJMP+++ \r\n'
b'IPL_CUST 43174a3\r\n'
b'[SDMMC] NO SD!\r\n'
b'_IPLCustSNandOp\r\n'
b'Load BL from SPINAND\r\n'
b'  decomp_size=0x000751fc\r\n'
b'\r\n'
b'\r\n'
b'U-Boot 2015.01 (Jan 10 2022 - 01:25:37)\r\n'
b'\r\n'
b'Version: I6E#g271a270\r\n'
b'I2C:   ready\r\n'
b'DRAM:  \r\n'
b'WARNING: Caches not enabled\r\n'
b'SPINAND_I:  SPINAND: _MDrv_SPINAND_GET_INFO: Found SPINAND INFO \r\n'
b'(0xB) (0x15) (0x0) \r\r\n'
b'SPINAND: board_nand_init: CIS contains part info\r\n'
b'128 MiB\r\n'
b'MMC:   MStar SD/MMC: 0\r\n'
b'[OTP Control] operation = 2, command = 0, data = 12e\r\n'
b'\r\n'
b' serialnumber: 3456789520131411 \r\n'
b'In:    serial\r\n'
b'Out:   serial\r\n'
b'Err:   serial\r\n'
b'Net:   Net Initialization Skipped\r\n'
b'No ethernet found.\r\n'
b'\r\n'
b'NAND read: device 0 offset 0x3c0000, size 0x500000\r\n'
b'Time:900434 us, speed:5822 KB/s\r\n'
b' 5242880 bytes read: OK\r\n'
b'##  Booting kernel from Legacy Image at 22000000 ...\r\n'
b'   Image Name:   MVX4##I6E#g941d256KL_LX409##[BR:\r\n'
b'   Image Type:   ARM Linux Kernel Image (lzma compressed)\r\n'
b'   Data Size:    1861416 Bytes = 1.8 MiB\r\n'
b'   Load Address: 20008000\r\n'
b'   Entry Point:  20008000\r\n'
b'   Verifying Checksum ... OK\r\n'
b'   Uncompressing Kernel Image ... \r\n'
b'[XZ] !!!reserved 0x21000000 length=0x 1000000 for xz!!\r\n'
b'   XZ: uncompressed size=0x3bd000, ret=7\r\n'
b'OK\r\n'
b'atags:0x20000000\r\n'
b'\r\n'
b'Starting kernel ...\r\n'
b'\r\n'
b'[    0.000000] Booting Linux on physical CPU 0x0\r\n'
b'[    0.000000] Linux version 4.9.84 (@42cbd90d7bd4) (gcc version 9.1.0 (GCC) ) #2 SMP PREEMPT Mon Feb 28 14:37:00 CST 2022\r\n'
b'[    0.000000] CPU: ARMv7 Processor [410fc075] revision 5 (ARMv7), cr=50c5387d\r\n'
b'[    0.000000] CPU: div instructions available: patching division code\r\n'
b'[    0.000000] CPU: PIPT / VIPT nonaliasing data cache, VIPT aliasing instruction cache\r\n'
b'[    0.000000] early_atags_to_fdt() success\r\n'
b'[    0.000000] OF: fdt:Machine model: INFINITY6E SSC013A-S01A\r\n'
b'[    0.000000] LXmem is 0xffe0000 PHYS_OFFSET is 0x20000000\r\n'
b'[    0.000000] Add mem start 0x20000000 size 0xffe0000!!!!\r\n'
b'[    0.000000] \r\n'
b'[    0.000000] LX_MEM  = 0x20000000, 0xffe0000\r\n'
b'[    0.000000] LX_MEM2 = 0x0, 0x0\r\n'
b'[    0.000000] LX_MEM3 = 0x0, 0x0\r\n'
b'[    0.000000] EMAC_LEN= 0x0\r\n'
b'[    0.000000] DRAM_LEN= 0x0\r\n'
b'[    0.000000] deal_with_reserve_mma_heap memblock_reserve success mma_config[0].reserved_start=\r\n'
b'[    0.000000] 0x25fe0000\r\n'
b'[    0.000000] \r\n'
b'[    0.000000] deal_with_reserve_mma_heap memblock_reserve success mma_config[1].reserved_start=\r\n'
b'[    0.000000] 0x25e7c000\r\n'
b'[    0.000000] \r\n'
b'[    0.000000] cma: Reserved 2 MiB at 0x25c00000\r\n'
b'[    0.000000] Memory policy: Data cache writealloc\r\n'
b'[    0.000000] [infinity6e_smp_init_cpus]\r\n'
b'[    0.000000] percpu: Embedded 13 pages/cpu @c5e37000 s21208 r8192 d23848 u53248\r\n'
b'[    0.000000] Built 1 zonelists in Zone order, mobility grouping on.  Total pages: 64992\r\n'
b'[    0.000000] Kernel command line: ubi.mtd=UBI,2048 root=/dev/mtdblock8 rootfstype=squashfs ro init=/linuxrc LX_MEM=0xffe0000 mma_heap=mma_heap_name0,miu=0,sz=0xA000000 mma_heap=mma_heap_ipu,miu=0,sz=0x164000 cma=2M mtdparts=nand0:768k@1280k(IPL0),384k(IPL_CUST0),384k(IPL_CUST1),384k(UBOOT0),384k(UBOOT1),256k(ENV0),0x500000(KERNEL),0x500000(RECOVERY),0x600000(rootfs),0x60000(MISC),-(UBI)\r\n'
b'[    0.000000] PID hash table entries: 1024 (order: 0, 4096 bytes)\r\n'
b'[    0.000000] Dentry cache hash table entries: 32768 (order: 5, 131072 bytes)\r\n'
b'[    0.000000] Inode-cache hash table entries: 16384 (order: 4, 65536 bytes)\r\n'
b'[    0.000000] Memory: 88196K/262016K available (2191K kernel code, 183K rwdata, 1160K rodata, 156K init, 149K bss, 171772K reserved, 2048K cma-reserved)\r\n'
b'[    0.000000] Virtual kernel memory layout:\r\n'
b'[    0.000000]     vector  : 0xffff0000 - 0xffff1000   (   4 kB)\r\n'
b'[    0.000000]     fixmap  : 0xffc00000 - 0xfff00000   (3072 kB)\r\n'
b'[    0.000000]     vmalloc : 0xd0000000 - 0xff800000   ( 760 MB)\r\n'
b'[    0.000000]     lowmem  : 0xc0000000 - 0xcffe0000   ( 255 MB)\r\n'
b'[    0.000000]     modules : 0xbf800000 - 0xc0000000   (   8 MB)\r\n'
b'[    0.000000]       .text : 0xc0008000 - 0xc022c060   (2193 kB)\r\n'
b'[    0.000000]       .init : 0xc036f000 - 0xc0396000   ( 156 kB)\r\n'
b'[    0.000000]       .data : 0xc0396000 - 0xc03c3cc8   ( 184 kB)\r\n'
b'[    0.000000]        .bss : 0xc03c5000 - 0xc03ea5b8   ( 150 kB)\r\n'
b'[    0.000000] SLUB: HWalign=64, Order=0-3, MinObjects=0, CPUs=2, Nodes=1\r\n'
b'[    0.000000] Preemptible hierarchical RCU implementation.\r\n'
b'[    0.000000] \tBuild-time adjustment of leaf fanout to 32.\r\n'
b'[    0.000000] \tRCU restricting CPUs from NR_CPUS=4 to nr_cpu_ids=2.\r\n'
b'[    0.000000] RCU: Adjusting geometry for rcu_fanout_leaf=32, nr_cpu_ids=2\r\n'
b'[    0.000000] NR_IRQS:16 nr_irqs:16 16\r\n'
b'[    0.000000] ms_init_main_intc: np->name=ms_main_intc, parent=gic\r\n'
b'[    0.000000] ms_init_pm_intc: np->name=ms_pm_intc, parent=ms_main_intc\r\n'
b'[    0.000000] ss_init_gpi_intc: np->name=ms_gpi_intc, parent=ms_main_intc\r\n'
b'[    0.000000] Find CLK_ven_pll, hook ms_venpll_ops\r\n'
b'[    0.000000] Find CLK_cpupll_clk, hook ms_cpuclk_ops\r\n'
b'[    0.000000] arm_arch_timer: Architected cp15 timer(s) running at 6.00MHz (virt).\r\n'
b'[    0.000000] clocksource: arch_sys_counter: mask: 0xffffffffffffff max_cycles: 0x1623fa770, max_idle_ns: 440795202238 ns\r\n'
b'[    0.000006] sched_clock: 56 bits at 6MHz, resolution 166ns, wraps every 4398046511055ns\r\n'
b'[    0.000021] Switching to timer-based delay loop, resolution 166ns\r\n'
b'[    0.343270] console [ttyS0] enabled\r\n'
b'[    0.346752] Calibrating delay loop (skipped), value calculated using timer frequency.. 12.00 BogoMIPS (lpj=60000)\r\n'
b'[    0.357014] pid_max: default: 4096 minimum: 301\r\n'
b'[    0.361637] Mount-cache hash table entries: 1024 (order: 0, 4096 bytes)\r\n'
b'[    0.368170] Mountpoint-cache hash table entries: 1024 (order: 0, 4096 bytes)\r\n'
b'[    0.375869] CPU: Testing write buffer coherency: ok\r\n'
b'[    0.380824] CPU0: update cpu_capacity 1024\r\n'
b'[    0.384763] CPU0: thread -1, cpu 0, socket 0, mpidr 80000000\r\n'
b'[    0.390610] Setting up static identity map for 0x20008240 - 0x20008270\r\n'
b'[    0.590781] [infinity6e_boot_secondary]\r\n'
b'[    0.594527] CPU1: update cpu_capacity 1024\r\n'
b'[    0.594534] CPU1: thread -1, cpu 1, socket 0, mpidr 80000001\r\n'
b'[    0.594623] Brought up 2 CPUs\r\n'
b'[    0.607178] SMP: Total of 2 processors activated (24.00 BogoMIPS).\r\n'
b'[    0.613354] CPU: All CPU(s) started in SVC mode.\r\n'
b'[    0.618690] devtmpfs: initialized\r\n'
b'[    0.639776] VFP support v0.3: implementor 41 architecture 2 part 30 variant 7 rev 5\r\n'
b'[    0.647712] clocksource: jiffies: mask: 0xffffffff max_cycles: 0xffffffff, max_idle_ns: 19112604462750000 ns\r\n'
b'[    0.657455] futex hash table entries: 16 (order: -2, 1024 bytes)\r\n'
b'[    0.664232] NET: Registered protocol family 16\r\n'
b'[    0.669200] DMA: preallocated 256 KiB pool for atomic coherent allocations\r\n'
b'[    0.678057] \r\n'
b'[    0.678057] \r\n'
b'[    0.678057] Version : MVX4##I6E#g941d256KL_LX409##[BR:HEAD]#XVM\r\n'
b'[    0.678057] \r\n'
b'[    0.705261] GPIO: probe end[    0.710794] [Padmux]reset PAD46(reg 0x103c00:60; mask0x180) t0 FUART_MODE_1 (org: EJ_MODE_1)\r\n'
b'[    0.719197] [Padmux]reset PAD56(reg 0x103c00:2c; mask0x8) t0 SD1_MODE_1 (org: GPIO)\r\n'
b'[    0.727285] hw-breakpoint: found 5 (+1 reserved) breakpoint and 4 watchpoint registers.\r\n'
b'[    0.735168] hw-breakpoint: maximum watchpoint size is 8 bytes.\r\n'
b'[    0.796141] Linux video capture interface: v2.00\r\n'
b'[    0.804442] Advanced Linux Sound Architecture Driver Initialized.\r\n'
b'[    0.811802] clocksource: Switched to clocksource arch_sys_counter\r\n'
b'[    0.820081] NET: Registered protocol family 2\r\n'
b'[    0.825078] TCP established hash table entries: 2048 (order: 1, 8192 bytes)\r\n'
b'[    0.831987] TCP bind hash table entries: 2048 (order: 3, 40960 bytes)\r\n'
b'[    0.838382] TCP: Hash tables configured (established 2048 bind 2048)\r\n'
b'[    0.844774] UDP hash table entries: 128 (order: 0, 6144 bytes)\r\n'
b'[    0.850526] UDP-Lite hash table entries: 128 (order: 0, 6144 bytes)\r\n'
b'[    0.856985] NET: Registered protocol family 1\r\n'
b'[    0.861536] hw perfevents: enabled with armv7_cortex_a7 PMU driver, 5 counters available\r\n'
b'[    0.872514] workingset: timestamp_bits=30 max_order=15 bucket_order=0\r\n'
b'[    0.889406] squashfs: version 4.0 (2009/01/31) Phillip Lougher\r\n'
b'[    0.895126] jffs2: version 2.2. \xc2\xa9 2001-2006 Red Hat, Inc.\r\n'
b'[    0.904884] io scheduler noop registered\r\n'
b'[    0.908651] io scheduler deadline registered (default)\r\n'
b'[    0.914067] Infinity6e PHY probe, base:fd2a4600\r\n'
b'[    0.929369] loop: module loaded\r\n'
b'[    0.933709] libphy: Fixed MDIO Bus: probed\r\n'
b'[    0.937907] i2c /dev entries driver\r\n'
b'[    0.942656] device-mapper: uevent: version 1.0.3\r\n'
b'[    0.947668] device-mapper: ioctl: 4.35.0-ioctl (2016-06-23) initialised: dm-devel@redhat.com\r\n'
b'[    0.956243] leds_pwm soc:pwmleds: unable to request PWM for camera: -517\r\n'
b'[    0.963141] 1f221000.uart0: ttyS0 at MMIO 0x0 (irq = 45, base_baud = 10800000) is a unknown\r\n'
b'[    0.971831] 1f221200.uart1: ttyS1 at MMIO 0x0 (irq = 47, base_baud = 10800000) is a unknown\r\n'
b'[    0.980655] 1f220400.uart2: ttyS2 at MMIO 0x0 (irq = 49, base_baud = 10800000) is a unknown\r\n'
b'[    0.989686] [MS_PM_INTC] hw:9 -> v:72\r\n'
b'[    0.993527] [MS_PM_INTC] hw:10 -> v:73\r\n'
b'[    0.998205] MSYS: DMEM request: [emac0_buff]:0x00000812\r\n'
b'[    1.003372] MSYS: DMEM request: [emac0_buff]:0x00000812 success, CPU phy:@0x25C46000, virt:@0xC5C46000\r\n'
b'[    1.013519] libphy: mdio: probed\r\n'
b'[    1.016597] mdio_bus mdio-bus@emac0: /soc/emac0/mdio-bus/ethernet-phy@0 has invalid PHY address\r\n'
b'[    1.025328] mdio_bus mdio-bus@emac0: scan phy ethernet-phy at address 0\r\n'
b'[    1.032364] mdio_bus mdio-bus@emac0: scan phy ethernet-phy at address 1\r\n'
b'[    1.038839] mdio_bus mdio-bus@emac0: scan phy ethernet-phy at address 2\r\n'
b'[    1.045481] mdio_bus mdio-bus@emac0: scan phy ethernet-phy at address 3\r\n'
b'[    1.052080] mdio_bus mdio-bus@emac0: scan phy ethernet-phy at address 4\r\n'
b'[    1.058681] mdio_bus mdio-bus@emac0: scan phy ethernet-phy at address 5\r\n'
b'[    1.065311] mdio_bus mdio-bus@emac0: scan phy ethernet-phy at address 6\r\n'
b'[    1.071928] mdio_bus mdio-bus@emac0: scan phy ethernet-phy at address 7\r\n'
b'[    1.078525] mdio_bus mdio-bus@emac0: scan phy ethernet-phy at address 8\r\n'
b'[    1.085155] mdio_bus mdio-bus@emac0: scan phy ethernet-phy at address 9\r\n'
b'[    1.091755] mdio_bus mdio-bus@emac0: scan phy ethernet-phy at address 10\r\n'
b'[    1.098469] mdio_bus mdio-bus@emac0: scan phy ethernet-phy at address 11\r\n'
b'[    1.105173] mdio_bus mdio-bus@emac0: scan phy ethernet-phy at address 12\r\n'
b'[    1.111880] mdio_bus mdio-bus@emac0: scan phy ethernet-phy at address 13\r\n'
b'[    1.118562] mdio_bus mdio-bus@emac0: scan phy ethernet-phy at address 14\r\n'
b'[    1.125279] mdio_bus mdio-bus@emac0: scan phy ethernet-phy at address 15\r\n'
b'[    1.131984] mdio_bus mdio-bus@emac0: scan phy ethernet-phy at address 16\r\n'
b'[    1.138668] mdio_bus mdio-bus@emac0: scan phy ethernet-phy at address 17\r\n'
b'[    1.145386] mdio_bus mdio-bus@emac0: scan phy ethernet-phy at address 18\r\n'
b'[    1.152086] mdio_bus mdio-bus@emac0: scan phy ethernet-phy at address 19\r\n'
b'[    1.158773] mdio_bus mdio-bus@emac0: scan phy ethernet-phy at address 20\r\n'
b'[    1.165489] mdio_bus mdio-bus@emac0: scan phy ethernet-phy at address 21\r\n'
b'[    1.172193] mdio_bus mdio-bus@emac0: scan phy ethernet-phy at address 22\r\n'
b'[    1.178879] mdio_bus mdio-bus@emac0: scan phy ethernet-phy at address 23\r\n'
b'[    1.185595] mdio_bus mdio-bus@emac0: scan phy ethernet-phy at address 24\r\n'
b'[    1.192297] mdio_bus mdio-bus@emac0: scan phy ethernet-phy at address 25\r\n'
b'[    1.198984] mdio_bus mdio-bus@emac0: scan phy ethernet-phy at address 26\r\n'
b'[    1.205701] mdio_bus mdio-bus@emac0: scan phy ethernet-phy at address 27\r\n'
b'[    1.212402] mdio_bus mdio-bus@emac0: scan phy ethernet-phy at address 28\r\n'
b'[    1.219090] mdio_bus mdio-bus@emac0: scan phy ethernet-phy at address 29\r\n'
b'[    1.225806] mdio_bus mdio-bus@emac0: scan phy ethernet-phy at address 30\r\n'
b'[    1.232508] mdio_bus mdio-bus@emac0: scan phy ethernet-phy at address 31\r\n'
b'[    1.239271] [emac_phy_connect][3328] connected mac emac0 to PHY at mdio-bus@emac0:00 [uid=11112222, driver=SStar 10/100 Ethernet Phy]\r\n'
b'[    1.252916] ms_rtcpwc 1f006800.rtcpwc: rtc core: registered 1f006800.rtcpwc as rtc0\r\n'
b'[    1.262854] [ms_cpufreq_init] Current clk=796917760\r\n'
b'[    1.268493] [i6e][pwm] use ms_pwm->group_data\r\n'
b'[    1.272967] [NOTICE]pwm-isr(62) success. If not i6e or i6b0, pls confirm it on .dtsi\r\n'
b'[    1.280769] mstar_spinand_probe: mstar_spinand enableClock\r\n'
b'[    1.286120] MSYS: DMEM request: [BDMA]:0x00000840\r\n'
